instr 0: 0
instr 1: 0
instr 2: 0
instr 3: 0
instr 4: -127
instr 5: -126
instr 6: -127
instr 7: -113
instr 8: -122
instr 9: -121
instr 10: -123
instr 11: -128
instr 12: -126
instr 13: -115
instr 14: -122
instr 15: -126
instr 16: -125
instr 17: -121
instr 18: -126
instr 19: -123
instr 20: -126
instr 21: -124
instr 22: -128
instr 23: -128
instr 24: -123
instr 25: -123
instr 26: -128
instr 27: -128
instr 28: -127
instr 29: -127
instr 30: -128
instr 31: -125
instr 32: -120
instr 33: -126
instr 34: -126
instr 35: -120
instr 36: -122
instr 37: -119
instr 38: -126
instr 39: -122
instr 40: -124
instr 41: -128
instr 42: -128
instr 43: -127
instr 44: -128
instr 45: -128
instr 46: -119
instr 47: -124
instr 48: -126
instr 49: -121
instr 50: -127
instr 51: -127
instr 52: -120
instr 53: -119
instr 54: -125
instr 55: -115
instr 56: -127
instr 57: -128
instr 58: -125
instr 59: -126
instr 60: -128
instr 61: -123
instr 62: -127
instr 63: -122
instr 64: -124
instr 65: -105
instr 66: -127
instr 67: -124
instr 68: -123
instr 69: -126
instr 70: -125
instr 71: -125
instr 72: -124
instr 73: -123
instr 74: -123
instr 75: -121
instr 76: -125
instr 77: -127
instr 78: -124
instr 79: -119
instr 80: -126
instr 81: -110
instr 82: -126
instr 83: -125
instr 84: -122
instr 85: -119
instr 86: -127
instr 87: -125
instr 88: -127
instr 89: -125
instr 90: -125
instr 91: -128
instr 92: -123
instr 93: -126
instr 94: -127
instr 95: -125
instr 96: -123
instr 97: -127
instr 98: -126
instr 99: -126
instr 100: -115
instr 101: -123
instr 102: -122
instr 103: -128
instr 104: -124
instr 105: -124
instr 106: -124
instr 107: -124
instr 108: -127
instr 109: -124
instr 110: -123
instr 111: -124
instr 112: -120
instr 113: -116
instr 114: -128
instr 115: -126
instr 116: -126
instr 117: -125
instr 118: -125
instr 119: -128
instr 120: -128
instr 121: -126
instr 122: -126
instr 123: -124
instr 124: -122
instr 125: -120
instr 126: -125
instr 127: -124
instr 128: -117
instr 129: -119
instr 130: -127
instr 131: -126
instr 132: -128
instr 133: -125
instr 134: -128
instr 135: -122
instr 136: -128
instr 137: -124
instr 138: -123
instr 139: -128
instr 140: -127
instr 141: -127
instr 142: -126
instr 143: -128
instr 144: -124
instr 145: -126
instr 146: -126
instr 147: -128
instr 148: -126
instr 149: -128
instr 150: -126
instr 151: -122
instr 152: -127
instr 153: -127
instr 154: -128
instr 155: -128
instr 156: -118
instr 157: -128
instr 158: -124
instr 159: -124
instr 160: -123
instr 161: -123
instr 162: -123
instr 163: -114
instr 164: -121
instr 165: -126
instr 166: -126
instr 167: -125
instr 168: -128
instr 169: -116
instr 170: -128
instr 171: -128
instr 172: -127
instr 173: -125
instr 174: -128
instr 175: -125
instr 176: -118
instr 177: -121
instr 178: -117
instr 179: -126
instr 180: -127
instr 181: -124
instr 182: -122
instr 183: -128
instr 184: -128
instr 185: -125
instr 186: -122
instr 187: -125
instr 188: -126
instr 189: -127
instr 190: -127
instr 191: -125
instr 192: -126
instr 193: -125
instr 194: -124
instr 195: -125
instr 196: -127
instr 197: -126
instr 198: -122
instr 199: -121
instr 200: -116
instr 201: -122
instr 202: -119
instr 203: -123
instr 204: -122
instr 205: -127
instr 206: -128
instr 207: -128
instr 208: -124
instr 209: -124
instr 210: -124
instr 211: -126
instr 212: -128
instr 213: -113
instr 214: -128
instr 215: -112
instr 216: -124
instr 217: -116
instr 218: -126
instr 219: -127
instr 220: -125
instr 221: -126
instr 222: -101
instr 223: -122
instr 224: -124
instr 225: -119
instr 226: -124
instr 227: -127
instr 228: -123
instr 229: -124
instr 230: -124
instr 231: -124
instr 232: -120
instr 233: -120
instr 234: -110
instr 235: -127
instr 236: -126
instr 237: -126
instr 238: -114
instr 239: -117
instr 240: -127
instr 241: -126
instr 242: -124
instr 243: -126
instr 244: -123
instr 245: -120
instr 246: -124
instr 247: -108
instr 248: -121
instr 249: -122
instr 250: -128
instr 251: -124
instr 252: -124
instr 253: -123
instr 254: -123
instr 255: -116
instr 256: -112
instr 257: -116
instr 258: -126
instr 259: -128
instr 260: -115
instr 261: -128
instr 262: -128
instr 263: -118
instr 264: -128
instr 265: -125
instr 266: -119
instr 267: -125
instr 268: -124
instr 269: -125
instr 270: -123
instr 271: -126
instr 272: -128
instr 273: -127
instr 274: -125
instr 275: -113
instr 276: -126
instr 277: -127
instr 278: -128
instr 279: -128
instr 280: -116
instr 281: -117
instr 282: -126
instr 283: -128
instr 284: -127
instr 285: -128
instr 286: -124
instr 287: -120
instr 288: -124
instr 289: -123
instr 290: -127
instr 291: -125
instr 292: -119
instr 293: -107
instr 294: -125
instr 295: -118
instr 296: -124
instr 297: -128
instr 298: -112
instr 299: -119
instr 300: -127
instr 301: -121
instr 302: -123
instr 303: -128
instr 304: -128
instr 305: -127
instr 306: -127
instr 307: -116
instr 308: -127
instr 309: -119
instr 310: -124
instr 311: -124
instr 312: -118
instr 313: -119
instr 314: -126
instr 315: -125
instr 316: -128
instr 317: -125
instr 318: -124
instr 319: -110
instr 320: -126
instr 321: -126
instr 322: -120
instr 323: -126
instr 324: -121
instr 325: -121
instr 326: -103
instr 327: -128
instr 328: -126
instr 329: -123
instr 330: -128
instr 331: -127
instr 332: -128
instr 333: -125
instr 334: -128
instr 335: -113
instr 336: -125
instr 337: -122
instr 338: -128
instr 339: -126
instr 340: -122
instr 341: -90
instr 342: -125
instr 343: -109
instr 344: -126
instr 345: -124
instr 346: -126
instr 347: -120
instr 348: -119
instr 349: -128
instr 350: -107
instr 351: -128
instr 352: -125
instr 353: -116
instr 354: -128
instr 355: -125
instr 356: -128
instr 357: -124
instr 358: -123
instr 359: -112
instr 360: -125
instr 361: -127
instr 362: -124
instr 363: -126
instr 364: -127
instr 365: -128
instr 366: -126
instr 367: -124
instr 368: -128
instr 369: -128
instr 370: -127
instr 371: -128
instr 372: -125
instr 373: -120
instr 374: -125
instr 375: -128
instr 376: -128
instr 377: -128
instr 378: -123
instr 379: -127
instr 380: -126
instr 381: -127
instr 382: -126
instr 383: -128
instr 384: -119
instr 385: -128
instr 386: -127
instr 387: -118
instr 388: -126
instr 389: -124
instr 390: -112
instr 391: -123
instr 392: -119
instr 393: -128
instr 394: -126
instr 395: -124
instr 396: -115
instr 397: -123
instr 398: -117
instr 399: -121
instr 400: -123
instr 401: -124
instr 402: -119
instr 403: -123
instr 404: -128
instr 405: -124
instr 406: -128
instr 407: -105
instr 408: -118
instr 409: -126
instr 410: -117
instr 411: -127
instr 412: -116
instr 413: -127
instr 414: -128
instr 415: -126
instr 416: -117
instr 417: -125
instr 418: -122
instr 419: -117
instr 420: -126
instr 421: -128
instr 422: -125
instr 423: -127
instr 424: -124
instr 425: -127
instr 426: -124
instr 427: -127
instr 428: -127
instr 429: -127
instr 430: -127
instr 431: -128
instr 432: -124
instr 433: -124
instr 434: -119
instr 435: -126
instr 436: -128
instr 437: -122
instr 438: -102
instr 439: -123
instr 440: -119
instr 441: -127
instr 442: -100
instr 443: -119
instr 444: -117
instr 445: -122
instr 446: -128
instr 447: -112
instr 448: -126
instr 449: -127
instr 450: -128
instr 451: -117
instr 452: -126
instr 453: -125
instr 454: -124
instr 455: -119
instr 456: -127
instr 457: -126
instr 458: -126
instr 459: -126
instr 460: -122
instr 461: -124
instr 462: -124
instr 463: -126
instr 464: -125
instr 465: -122
instr 466: -124
instr 467: -128
instr 468: -127
instr 469: -117
instr 470: -125
instr 471: -124
instr 472: -125
instr 473: -128
instr 474: -126
instr 475: -116
instr 476: -125
instr 477: -118
instr 478: -112
instr 479: -114
instr 480: -117
instr 481: -127
instr 482: -121
instr 483: -128
instr 484: -122
instr 485: -122
instr 486: -128
instr 487: -124
instr 488: -125
instr 489: -126
instr 490: -125
instr 491: -123
instr 492: -112
instr 493: -127
instr 494: -124
instr 495: -121
instr 496: -123
instr 497: -126
instr 498: -128
instr 499: -125
instr 500: -127
instr 501: -119
instr 502: -125
instr 503: -109
instr 504: -127
instr 505: -127
instr 506: -113
instr 507: -116
instr 508: -124
instr 509: -105
instr 510: -127
instr 511: -128
instr 512: -126
instr 513: -124
instr 514: -125
instr 515: -128
instr 516: -124
instr 517: -123
instr 518: -120
instr 519: -128
instr 520: -125
instr 521: -121
instr 522: -120
instr 523: -128
instr 524: -125
instr 525: -110
instr 526: -125
instr 527: -124
instr 528: -128
instr 529: -120
instr 530: -125
instr 531: -122
instr 532: -107
instr 533: -117
instr 534: -121
instr 535: -125
instr 536: -122
instr 537: -124
instr 538: -121
instr 539: -109
instr 540: -120
instr 541: -124
instr 542: -109
instr 543: -128
instr 544: -128
instr 545: -100
instr 546: -124
instr 547: -124
instr 548: -125
instr 549: -128
instr 550: -127
instr 551: -125
instr 552: -119
instr 553: -126
instr 554: -115
instr 555: -125
instr 556: -126
instr 557: -118
instr 558: -127
instr 559: -125
instr 560: -125
instr 561: -124
instr 562: -127
instr 563: -126
instr 564: -106
instr 565: -126
instr 566: -125
instr 567: -123
instr 568: -128
instr 569: -128
instr 570: -127
instr 571: -126
instr 572: -121
instr 573: -124
instr 574: -126
instr 575: -124
instr 576: -123
instr 577: -128
instr 578: -126
instr 579: -120
instr 580: -104
instr 581: -125
instr 582: -112
instr 583: -119
instr 584: -113
instr 585: -128
instr 586: -128
instr 587: -127
instr 588: -114
instr 589: -128
instr 590: -112
instr 591: -118
instr 592: -125
instr 593: -127
instr 594: -123
instr 595: -114
instr 596: -120
instr 597: -123
instr 598: -127
instr 599: -117
instr 600: -127
instr 601: -115
instr 602: -125
instr 603: -126
instr 604: -121
instr 605: -124
instr 606: -114
instr 607: -113
instr 608: -128
instr 609: -123
instr 610: -126
instr 611: -114
instr 612: -125
instr 613: -119
instr 614: -128
instr 615: -124
instr 616: -127
instr 617: -122
instr 618: -127
instr 619: -123
instr 620: -123
instr 621: -122
instr 622: -125
instr 623: -123
instr 624: -127
instr 625: -110
instr 626: -128
instr 627: -125
instr 628: -122
instr 629: -123
instr 630: -122
instr 631: -126
instr 632: -125
instr 633: -125
instr 634: -128
instr 635: -128
instr 636: -128
instr 637: -124
instr 638: -126
instr 639: -128
instr 640: -124
instr 641: -115
instr 642: -126
instr 643: -126
instr 644: -128
instr 645: -127
instr 646: -127
instr 647: -127
instr 648: -114
instr 649: -128
instr 650: -108
instr 651: -126
instr 652: -127
instr 653: -117
instr 654: -126
instr 655: -127
instr 656: -128
instr 657: -122
instr 658: -121
instr 659: -126
instr 660: -105
instr 661: -114
instr 662: -122
instr 663: -127
instr 664: -124
instr 665: -118
instr 666: -128
instr 667: -127
instr 668: -121
instr 669: -126
instr 670: -127
instr 671: -125
instr 672: -127
instr 673: -128
instr 674: -115
instr 675: -126
instr 676: -128
instr 677: -125
instr 678: -127
instr 679: -121
instr 680: -126
instr 681: -125
instr 682: -123
instr 683: -121
instr 684: -125
instr 685: -128
instr 686: -123
instr 687: -124
instr 688: -126
instr 689: -127
instr 690: -114
instr 691: -124
instr 692: -126
instr 693: -123
instr 694: -112
instr 695: -125
instr 696: -104
instr 697: -125
instr 698: -127
instr 699: -126
instr 700: -124
instr 701: -122
instr 702: -116
instr 703: -124
instr 704: -125
instr 705: -125
instr 706: -127
instr 707: -127
instr 708: -128
instr 709: -96
instr 710: -110
instr 711: -128
instr 712: -122
instr 713: -127
instr 714: -124
instr 715: -127
instr 716: -125
instr 717: -128
instr 718: -119
instr 719: -128
instr 720: -123
instr 721: -128
instr 722: -127
instr 723: -126
instr 724: -127
instr 725: -128
instr 726: -126
instr 727: -127
instr 728: -124
instr 729: -120
instr 730: -123
instr 731: -126
instr 732: -128
instr 733: -128
instr 734: -121
instr 735: -127
instr 736: -116
instr 737: -117
instr 738: -122
instr 739: -127
instr 740: -128
instr 741: -121
instr 742: -125
instr 743: -126
instr 744: -127
instr 745: -125
instr 746: -122
instr 747: -123
instr 748: -127
instr 749: -125
instr 750: -120
instr 751: -116
instr 752: -128
instr 753: -128
instr 754: -128
instr 755: -128
instr 756: -128
instr 757: -123
instr 758: -124
instr 759: -128
instr 760: -128
instr 761: -128
instr 762: -126
instr 763: -128
instr 764: -128
instr 765: -117
instr 766: -127
instr 767: -127
instr 768: -127
instr 769: -127
instr 770: -126
instr 771: -119
instr 772: -128
instr 773: -123
instr 774: -118
instr 775: -128
instr 776: -121
instr 777: -128
instr 778: -128
instr 779: -120
instr 780: -128
instr 781: -112
instr 782: -127
instr 783: -125
instr 784: -118
instr 785: -127
instr 786: -128
instr 787: -127
instr 788: -128
instr 789: -126
instr 790: -124
instr 791: -127
instr 792: -121
instr 793: -128
instr 794: -120
instr 795: -116
instr 796: -126
instr 797: -121
instr 798: -126
instr 799: -120
instr 800: -126
instr 801: -124
instr 802: -128
instr 803: -123
instr 804: -124
instr 805: -128
instr 806: -103
instr 807: -108
instr 808: -125
instr 809: -125
instr 810: -119
instr 811: -125
instr 812: -125
instr 813: -127
instr 814: -115
instr 815: -128
instr 816: -124
instr 817: -125
instr 818: -128
instr 819: -124
instr 820: -124
instr 821: -126
instr 822: -127
instr 823: -126
instr 824: -124
instr 825: -125
instr 826: -117
instr 827: -122
instr 828: -122
instr 829: -123
instr 830: -121
instr 831: -127
instr 832: -126
instr 833: -125
instr 834: -126
instr 835: -128
instr 836: -127
instr 837: -119
instr 838: -124
instr 839: -126
instr 840: -125
instr 841: -127
instr 842: -121
instr 843: -126
instr 844: -128
instr 845: -121
instr 846: -111
instr 847: -128
instr 848: -128
instr 849: -118
instr 850: -128
instr 851: -122
instr 852: -128
instr 853: -124
instr 854: -125
instr 855: -124
instr 856: -112
instr 857: -122
instr 858: -128
instr 859: -120
instr 860: -103
instr 861: -118
instr 862: -109
instr 863: -119
instr 864: -112
instr 865: -114
instr 866: -128
instr 867: -123
instr 868: -128
instr 869: -123
instr 870: -124
instr 871: -128
instr 872: -126
instr 873: -128
instr 874: -122
instr 875: -122
instr 876: -120
instr 877: -124
instr 878: -126
instr 879: -125
instr 880: -123
instr 881: -126
instr 882: -127
instr 883: -126
instr 884: -119
instr 885: -124
instr 886: -127
instr 887: -128
instr 888: -127
instr 889: -115
instr 890: -120
instr 891: -126
instr 892: -122
instr 893: -122
instr 894: -121
instr 895: -125
instr 896: -123
instr 897: -121
instr 898: -118
instr 899: -124
instr 900: -121
instr 901: -126
instr 902: -125
instr 903: -127
instr 904: -122
instr 905: -125
instr 906: -122
instr 907: -128
instr 908: -119
instr 909: -122
instr 910: -124
instr 911: -122
instr 912: -128
instr 913: -120
instr 914: -108
instr 915: -126
instr 916: -122
instr 917: -124
instr 918: -124
instr 919: -123
instr 920: -122
instr 921: -120
instr 922: -114
instr 923: -121
instr 924: -127
instr 925: -128
instr 926: -126
instr 927: -124
instr 928: -125
instr 929: -124
instr 930: -127
instr 931: -128
instr 932: -119
instr 933: -123
instr 934: -122
instr 935: -128
instr 936: -127
instr 937: -127
instr 938: -127
instr 939: -125
instr 940: -123
instr 941: -126
instr 942: -106
instr 943: -127
instr 944: -123
instr 945: -124
instr 946: -126
instr 947: -126
instr 948: -126
instr 949: -126
instr 950: -122
instr 951: -128
instr 952: -127
instr 953: -128
instr 954: -124
instr 955: -126
instr 956: -125
instr 957: -121
instr 958: -124
instr 959: -125
instr 960: -128
instr 961: -123
instr 962: -122
instr 963: -126
instr 964: -115
instr 965: -124
instr 966: -128
instr 967: -128
instr 968: -127
instr 969: -108
instr 970: -122
instr 971: -116
instr 972: -116
instr 973: -128
instr 974: -128
instr 975: -119
instr 976: -128
instr 977: -126
instr 978: -118
instr 979: -119
instr 980: -125
instr 981: -125
instr 982: -128
instr 983: -128
instr 984: -125
instr 985: -127
instr 986: -126
instr 987: -127
instr 988: -123
instr 989: -128
instr 990: -118
instr 991: -123
instr 992: -128
instr 993: -117
instr 994: -124
instr 995: -128
instr 996: -127
instr 997: -128
instr 998: -114
instr 999: -124
instr 1000: -125
instr 1001: -117
instr 1002: -120
instr 1003: -128
