instr 0: 0
instr 1: 0
instr 2: 0
instr 3: 0
instr 4: -125
instr 5: -121
instr 6: -122
instr 7: -126
instr 8: -128
instr 9: -127
instr 10: -121
instr 11: -127
instr 12: -124
instr 13: -120
instr 14: -128
instr 15: -125
instr 16: -115
instr 17: -123
instr 18: -119
instr 19: -127
instr 20: -123
instr 21: -125
instr 22: -126
instr 23: -128
instr 24: -128
instr 25: -121
instr 26: -122
instr 27: -124
instr 28: -126
instr 29: -124
instr 30: -128
instr 31: -124
instr 32: -127
instr 33: -124
instr 34: -122
instr 35: -127
instr 36: -122
instr 37: -128
instr 38: -125
instr 39: -118
instr 40: -128
instr 41: -128
instr 42: -128
instr 43: -123
instr 44: -123
instr 45: -126
instr 46: -115
instr 47: -120
instr 48: -126
instr 49: -124
instr 50: -128
instr 51: -128
instr 52: -127
instr 53: -128
instr 54: -128
instr 55: -128
instr 56: -120
instr 57: -115
instr 58: -125
instr 59: -118
instr 60: -114
instr 61: -125
instr 62: -117
instr 63: -119
instr 64: -124
instr 65: -124
instr 66: -126
instr 67: -122
instr 68: -124
instr 69: -126
instr 70: -126
instr 71: -124
instr 72: -128
instr 73: -128
instr 74: -127
instr 75: -128
instr 76: -123
instr 77: -128
instr 78: -128
instr 79: -124
instr 80: -128
instr 81: -123
instr 82: -126
instr 83: -124
instr 84: -116
instr 85: -126
instr 86: -111
instr 87: -123
instr 88: -125
instr 89: -128
instr 90: -123
instr 91: -127
instr 92: -125
instr 93: -127
instr 94: -128
instr 95: -126
instr 96: -128
instr 97: -125
instr 98: -127
instr 99: -120
instr 100: -117
instr 101: -126
instr 102: -124
instr 103: -124
instr 104: -124
instr 105: -122
instr 106: -125
instr 107: -125
instr 108: -126
instr 109: -123
instr 110: -122
instr 111: -125
instr 112: -124
instr 113: -126
instr 114: -127
instr 115: -128
instr 116: -125
instr 117: -127
instr 118: -127
instr 119: -128
instr 120: -128
instr 121: -123
instr 122: -125
instr 123: -115
instr 124: -128
instr 125: -126
instr 126: -114
instr 127: -127
instr 128: -126
instr 129: -127
instr 130: -128
instr 131: -126
instr 132: -124
instr 133: -128
instr 134: -123
instr 135: -127
instr 136: -125
instr 137: -117
instr 138: -97
instr 139: -127
instr 140: -121
instr 141: -117
instr 142: -124
instr 143: -122
instr 144: -127
instr 145: -126
instr 146: -126
instr 147: -126
instr 148: -126
instr 149: -126
instr 150: -125
instr 151: -126
instr 152: -123
instr 153: -127
instr 154: -121
instr 155: -128
instr 156: -128
instr 157: -118
instr 158: -128
instr 159: -122
instr 160: -123
instr 161: -118
instr 162: -123
instr 163: -127
instr 164: -128
instr 165: -124
instr 166: -125
instr 167: -126
instr 168: -127
instr 169: -119
instr 170: -125
instr 171: -120
instr 172: -125
instr 173: -121
instr 174: -127
instr 175: -120
instr 176: -124
instr 177: -127
instr 178: -127
instr 179: -126
instr 180: -128
instr 181: -122
instr 182: -126
instr 183: -126
instr 184: -127
instr 185: -127
instr 186: -126
instr 187: -126
instr 188: -120
instr 189: -126
instr 190: -121
instr 191: -122
instr 192: -120
instr 193: -126
instr 194: -126
instr 195: -120
instr 196: -124
instr 197: -120
instr 198: -122
instr 199: -114
instr 200: -125
instr 201: -117
instr 202: -121
instr 203: -127
instr 204: -123
instr 205: -126
instr 206: -128
instr 207: -118
instr 208: -128
instr 209: -128
instr 210: -127
instr 211: -127
instr 212: -122
instr 213: -123
instr 214: -128
instr 215: -126
instr 216: -122
instr 217: -120
instr 218: -118
instr 219: -124
instr 220: -127
instr 221: -127
instr 222: -127
instr 223: -128
instr 224: -121
instr 225: -127
instr 226: -124
instr 227: -126
instr 228: -128
instr 229: -126
instr 230: -122
instr 231: -125
instr 232: -124
instr 233: -128
instr 234: -125
instr 235: -128
instr 236: -127
instr 237: -127
instr 238: -127
instr 239: -121
instr 240: -128
instr 241: -126
instr 242: -128
instr 243: -125
instr 244: -127
instr 245: -125
instr 246: -128
instr 247: -126
instr 248: -123
instr 249: -125
instr 250: -127
instr 251: -126
instr 252: -127
instr 253: -126
instr 254: -128
instr 255: -128
instr 256: -123
instr 257: -119
instr 258: -128
instr 259: -128
instr 260: -122
instr 261: -128
instr 262: -127
instr 263: -125
instr 264: -125
instr 265: -125
instr 266: -123
instr 267: -125
instr 268: -127
instr 269: -127
instr 270: -125
instr 271: -124
instr 272: -123
instr 273: -128
instr 274: -122
instr 275: -124
instr 276: -125
instr 277: -126
instr 278: -128
instr 279: -126
instr 280: -127
instr 281: -128
instr 282: -125
instr 283: -124
instr 284: -109
instr 285: -126
instr 286: -126
instr 287: -114
instr 288: -123
instr 289: -127
instr 290: -123
instr 291: -128
instr 292: -128
instr 293: -128
instr 294: -128
instr 295: -126
instr 296: -128
instr 297: -118
instr 298: -128
instr 299: -116
instr 300: -127
instr 301: -126
instr 302: -124
instr 303: -121
instr 304: -125
instr 305: -125
instr 306: -127
instr 307: -128
instr 308: -128
instr 309: -124
instr 310: -127
instr 311: -128
instr 312: -128
instr 313: -127
instr 314: -121
instr 315: -128
instr 316: -123
instr 317: -120
instr 318: -128
instr 319: -126
instr 320: -126
instr 321: -120
instr 322: -124
instr 323: -125
instr 324: -125
instr 325: -128
instr 326: -106
instr 327: -122
instr 328: -126
instr 329: -118
instr 330: -124
instr 331: -128
instr 332: -128
instr 333: -125
instr 334: -123
instr 335: -113
instr 336: -116
instr 337: -128
instr 338: -127
instr 339: -121
instr 340: -126
instr 341: -120
instr 342: -120
instr 343: -121
instr 344: -126
instr 345: -123
instr 346: -128
instr 347: -128
instr 348: -124
instr 349: -122
instr 350: -126
instr 351: -118
instr 352: -125
instr 353: -123
instr 354: -119
instr 355: -123
instr 356: -128
instr 357: -118
instr 358: -128
instr 359: -127
instr 360: -117
instr 361: -127
instr 362: -128
instr 363: -128
instr 364: -119
instr 365: -107
instr 366: -124
instr 367: -128
instr 368: -124
instr 369: -125
instr 370: -123
instr 371: -128
instr 372: -125
instr 373: -128
instr 374: -126
instr 375: -127
instr 376: -127
instr 377: -127
instr 378: -128
instr 379: -122
instr 380: -127
instr 381: -127
instr 382: -127
instr 383: -123
instr 384: -127
instr 385: -128
instr 386: -126
instr 387: -127
instr 388: -123
instr 389: -116
instr 390: -127
instr 391: -108
instr 392: -126
instr 393: -126
instr 394: -127
instr 395: -127
instr 396: -125
instr 397: -124
instr 398: -124
instr 399: -121
instr 400: -117
instr 401: -128
instr 402: -124
instr 403: -119
instr 404: -126
instr 405: -127
instr 406: -121
instr 407: -127
instr 408: -128
instr 409: -127
instr 410: -128
instr 411: -125
instr 412: -124
instr 413: -128
instr 414: -127
instr 415: -128
instr 416: -128
instr 417: -127
instr 418: -122
instr 419: -127
instr 420: -128
instr 421: -128
instr 422: -124
instr 423: -128
instr 424: -128
instr 425: -126
instr 426: -128
instr 427: -128
instr 428: -127
instr 429: -127
instr 430: -128
instr 431: -128
instr 432: -125
instr 433: -124
instr 434: -128
instr 435: -122
instr 436: -116
instr 437: -128
instr 438: -118
instr 439: -125
instr 440: -121
instr 441: -115
instr 442: -126
instr 443: -127
instr 444: -120
instr 445: -125
instr 446: -127
instr 447: -125
instr 448: -119
instr 449: -128
instr 450: -109
instr 451: -119
instr 452: -120
instr 453: -128
instr 454: -115
instr 455: -128
instr 456: -124
instr 457: -121
instr 458: -128
instr 459: -122
instr 460: -118
instr 461: -127
instr 462: -128
instr 463: -128
instr 464: -123
instr 465: -127
instr 466: -117
instr 467: -127
instr 468: -125
instr 469: -117
instr 470: -122
instr 471: -120
instr 472: -125
instr 473: -127
instr 474: -120
instr 475: -127
instr 476: -128
instr 477: -121
instr 478: -116
instr 479: -113
instr 480: -123
instr 481: -125
instr 482: -120
instr 483: -128
instr 484: -121
instr 485: -115
instr 486: -125
instr 487: -126
instr 488: -124
instr 489: -126
instr 490: -120
instr 491: -127
instr 492: -127
instr 493: -125
instr 494: -128
instr 495: -128
instr 496: -122
instr 497: -128
instr 498: -124
instr 499: -122
instr 500: -122
instr 501: -128
instr 502: -123
instr 503: -120
instr 504: -122
instr 505: -126
instr 506: -127
instr 507: -127
instr 508: -128
instr 509: -128
instr 510: -127
instr 511: -128
instr 512: -123
instr 513: -128
instr 514: -117
instr 515: -128
instr 516: -127
instr 517: -124
instr 518: -128
instr 519: -127
instr 520: -119
instr 521: -125
instr 522: -128
instr 523: -128
instr 524: -125
instr 525: -122
instr 526: -123
instr 527: -127
instr 528: -128
instr 529: -124
instr 530: -128
instr 531: -128
instr 532: -125
instr 533: -128
instr 534: -128
instr 535: -125
instr 536: -125
instr 537: -126
instr 538: -127
instr 539: -126
instr 540: -127
instr 541: -122
instr 542: -114
instr 543: -128
instr 544: -115
instr 545: -126
instr 546: -119
instr 547: -128
instr 548: -125
instr 549: -123
instr 550: -127
instr 551: -127
instr 552: -128
instr 553: -128
instr 554: -117
instr 555: -127
instr 556: -128
instr 557: -125
instr 558: -128
instr 559: -112
instr 560: -126
instr 561: -127
instr 562: -126
instr 563: -127
instr 564: -124
instr 565: -116
instr 566: -126
instr 567: -123
instr 568: -124
instr 569: -120
instr 570: -126
instr 571: -128
instr 572: -128
instr 573: -128
instr 574: -124
instr 575: -126
instr 576: -125
instr 577: -120
instr 578: -125
instr 579: -122
instr 580: -121
instr 581: -125
instr 582: -126
instr 583: -123
instr 584: -121
instr 585: -128
instr 586: -119
instr 587: -124
instr 588: -125
instr 589: -119
instr 590: -127
instr 591: -126
instr 592: -122
instr 593: -125
instr 594: -127
instr 595: -128
instr 596: -128
instr 597: -125
instr 598: -123
instr 599: -128
instr 600: -125
instr 601: -128
instr 602: -123
instr 603: -128
instr 604: -128
instr 605: -128
instr 606: -121
instr 607: -121
instr 608: -126
instr 609: -125
instr 610: -126
instr 611: -126
instr 612: -128
instr 613: -123
instr 614: -128
instr 615: -127
instr 616: -127
instr 617: -125
instr 618: -125
instr 619: -128
instr 620: -123
instr 621: -122
instr 622: -121
instr 623: -127
instr 624: -124
instr 625: -128
instr 626: -127
instr 627: -122
instr 628: -128
instr 629: -118
instr 630: -127
instr 631: -127
instr 632: -126
instr 633: -126
instr 634: -123
instr 635: -127
instr 636: -125
instr 637: -124
instr 638: -126
instr 639: -128
instr 640: -127
instr 641: -127
instr 642: -127
instr 643: -126
instr 644: -121
instr 645: -125
instr 646: -128
instr 647: -122
instr 648: -125
instr 649: -128
instr 650: -128
instr 651: -126
instr 652: -127
instr 653: -128
instr 654: -128
instr 655: -125
instr 656: -123
instr 657: -128
instr 658: -115
instr 659: -125
instr 660: -113
instr 661: -127
instr 662: -119
instr 663: -101
instr 664: -123
instr 665: -126
instr 666: -127
instr 667: -127
instr 668: -128
instr 669: -125
instr 670: -126
instr 671: -128
instr 672: -121
instr 673: -125
instr 674: -123
instr 675: -126
instr 676: -127
instr 677: -122
instr 678: -109
instr 679: -123
instr 680: -122
instr 681: -125
instr 682: -123
instr 683: -123
instr 684: -126
instr 685: -124
instr 686: -124
instr 687: -127
instr 688: -127
instr 689: -124
instr 690: -123
instr 691: -128
instr 692: -126
instr 693: -127
instr 694: -122
instr 695: -122
instr 696: -112
instr 697: -121
instr 698: -126
instr 699: -119
instr 700: -116
instr 701: -128
instr 702: -128
instr 703: -128
instr 704: -127
instr 705: -109
instr 706: -125
instr 707: -127
instr 708: -128
instr 709: -126
instr 710: -127
instr 711: -126
instr 712: -124
instr 713: -128
instr 714: -123
instr 715: -127
instr 716: -128
instr 717: -126
instr 718: -128
instr 719: -123
instr 720: -122
instr 721: -124
instr 722: -125
instr 723: -127
instr 724: -128
instr 725: -127
instr 726: -128
instr 727: -126
instr 728: -127
instr 729: -126
instr 730: -128
instr 731: -126
instr 732: -110
instr 733: -128
instr 734: -125
instr 735: -128
instr 736: -127
instr 737: -123
instr 738: -128
instr 739: -122
instr 740: -122
instr 741: -124
instr 742: -126
instr 743: -125
instr 744: -125
instr 745: -127
instr 746: -120
instr 747: -122
instr 748: -123
instr 749: -125
instr 750: -128
instr 751: -127
instr 752: -126
instr 753: -124
instr 754: -127
instr 755: -128
instr 756: -119
instr 757: -127
instr 758: -128
instr 759: -128
instr 760: -128
instr 761: -120
instr 762: -124
instr 763: -125
instr 764: -121
instr 765: -122
instr 766: -127
instr 767: -128
instr 768: -123
instr 769: -120
instr 770: -127
instr 771: -122
instr 772: -123
instr 773: -126
instr 774: -123
instr 775: -126
instr 776: -125
instr 777: -126
instr 778: -126
instr 779: -121
instr 780: -128
instr 781: -121
instr 782: -126
instr 783: -123
instr 784: -126
instr 785: -127
instr 786: -125
instr 787: -123
instr 788: -120
instr 789: -119
instr 790: -128
instr 791: -128
instr 792: -126
instr 793: -124
instr 794: -123
instr 795: -128
instr 796: -124
instr 797: -126
instr 798: -128
instr 799: -123
instr 800: -127
instr 801: -128
instr 802: -127
instr 803: -126
instr 804: -127
instr 805: -124
instr 806: -128
instr 807: -125
instr 808: -126
instr 809: -123
instr 810: -127
instr 811: -125
instr 812: -127
instr 813: -127
instr 814: -125
instr 815: -122
instr 816: -126
instr 817: -125
instr 818: -119
instr 819: -123
instr 820: -127
instr 821: -127
instr 822: -114
instr 823: -128
instr 824: -127
instr 825: -128
instr 826: -121
instr 827: -128
instr 828: -125
instr 829: -121
instr 830: -127
instr 831: -118
instr 832: -126
instr 833: -110
instr 834: -111
instr 835: -127
instr 836: -126
instr 837: -126
instr 838: -127
instr 839: -125
instr 840: -121
instr 841: -124
instr 842: -126
instr 843: -122
instr 844: -125
instr 845: -121
instr 846: -121
instr 847: -128
instr 848: -127
instr 849: -127
instr 850: -128
instr 851: -127
instr 852: -121
instr 853: -127
instr 854: -121
instr 855: -126
instr 856: -127
instr 857: -121
instr 858: -127
instr 859: -127
instr 860: -126
instr 861: -128
instr 862: -128
instr 863: -125
instr 864: -127
instr 865: -126
instr 866: -125
instr 867: -121
instr 868: -124
instr 869: -126
instr 870: -126
instr 871: -126
instr 872: -127
instr 873: -126
instr 874: -127
instr 875: -119
instr 876: -127
instr 877: -124
instr 878: -124
instr 879: -125
instr 880: -126
instr 881: -125
instr 882: -127
instr 883: -128
instr 884: -128
instr 885: -122
instr 886: -126
instr 887: -124
instr 888: -127
instr 889: -127
instr 890: -125
instr 891: -127
instr 892: -123
instr 893: -122
instr 894: -127
instr 895: -126
instr 896: -121
instr 897: -127
instr 898: -125
instr 899: -127
instr 900: -114
instr 901: -126
instr 902: -128
instr 903: -122
instr 904: -124
instr 905: -123
instr 906: -114
instr 907: -125
instr 908: -116
instr 909: -127
instr 910: -125
instr 911: -122
instr 912: -126
instr 913: -126
instr 914: -128
instr 915: -127
instr 916: -126
instr 917: -123
instr 918: -125
instr 919: -128
instr 920: -122
instr 921: -127
instr 922: -127
instr 923: -128
instr 924: -120
instr 925: -123
instr 926: -119
instr 927: -124
instr 928: -128
instr 929: -123
instr 930: -116
instr 931: -122
instr 932: -127
instr 933: -121
instr 934: -125
instr 935: -128
instr 936: -115
instr 937: -126
instr 938: -126
instr 939: -126
instr 940: -118
instr 941: -126
instr 942: -101
instr 943: -127
instr 944: -128
instr 945: -126
instr 946: -128
instr 947: -121
instr 948: -124
instr 949: -119
instr 950: -123
instr 951: -126
instr 952: -124
instr 953: -124
instr 954: -127
instr 955: -123
instr 956: -128
instr 957: -128
instr 958: -127
instr 959: -127
instr 960: -128
instr 961: -123
instr 962: -105
instr 963: -117
instr 964: -128
instr 965: -125
instr 966: -121
instr 967: -127
instr 968: -128
instr 969: -125
instr 970: -120
instr 971: -121
instr 972: -128
instr 973: -127
instr 974: -126
instr 975: -123
instr 976: -121
instr 977: -114
instr 978: -125
instr 979: -123
instr 980: -126
instr 981: -127
instr 982: -124
instr 983: -125
instr 984: -128
instr 985: -123
instr 986: -126
instr 987: -123
instr 988: -120
instr 989: -127
instr 990: -127
instr 991: -123
instr 992: -128
instr 993: -127
instr 994: -123
instr 995: -126
instr 996: -119
instr 997: -123
instr 998: -128
instr 999: -128
instr 1000: -125
instr 1001: -122
instr 1002: -125
instr 1003: -127
