instr 0: 0
instr 1: 0
instr 2: 0
instr 3: 0
instr 4: 7
instr 5: 8
instr 6: 7
