instr 0: 0
instr 1: 0
instr 2: 0
instr 3: 0
instr 4: 32381
instr 5: 31720
instr 6: 32126
instr 7: 32649
instr 8: 32043
instr 9: 31118
instr 10: 32228
instr 11: 31135
instr 12: 32475
instr 13: 32053
instr 14: 30608
instr 15: 30689
instr 16: 32605
instr 17: 32651
instr 18: 30784
instr 19: 31727
instr 20: 32545
instr 21: 32710
instr 22: 32295
instr 23: 30477
instr 24: 30605
instr 25: 32241
instr 26: 32141
instr 27: 31415
instr 28: 32665
instr 29: 30752
instr 30: 32275
instr 31: 32050
instr 32: 31667
instr 33: 32143
instr 34: 32518
instr 35: 32389
instr 36: 31229
instr 37: 32488
instr 38: 32043
instr 39: 31883
instr 40: 32675
instr 41: 31423
instr 42: 31860
instr 43: 32564
instr 44: 30901
instr 45: 32173
instr 46: 28632
instr 47: 32711
instr 48: 31881
instr 49: 32248
instr 50: 31591
instr 51: 30962
instr 52: 32042
instr 53: 32236
instr 54: 31482
instr 55: 31869
instr 56: 32541
instr 57: 32581
instr 58: 32596
instr 59: 31577
instr 60: 28811
instr 61: 32604
instr 62: 32311
instr 63: 31820
instr 64: 32646
instr 65: 32756
instr 66: 31544
instr 67: 32692
instr 68: 32465
instr 69: 32514
instr 70: 32725
instr 71: 31633
instr 72: 31767
instr 73: 31905
instr 74: 32716
instr 75: 32215
instr 76: 31387
instr 77: 31658
instr 78: 31876
instr 79: 30448
instr 80: 32406
instr 81: 30844
instr 82: 32601
instr 83: 30808
instr 84: 32730
instr 85: 30186
instr 86: 31700
instr 87: 30881
instr 88: 30955
instr 89: 29601
instr 90: 31887
instr 91: 32719
instr 92: 31611
instr 93: 32252
instr 94: 32323
instr 95: 32654
instr 96: 32662
instr 97: 32644
instr 98: 32455
instr 99: 31881
instr 100: 31068
instr 101: 32214
instr 102: 32014
instr 103: 29919
instr 104: 29923
instr 105: 32497
instr 106: 32158
instr 107: 31945
instr 108: 29409
instr 109: 32052
instr 110: 30758
instr 111: 32342
instr 112: 32498
instr 113: 31824
instr 114: 31132
instr 115: 31975
instr 116: 31936
instr 117: 32679
instr 118: 32671
instr 119: 31965
instr 120: 29022
instr 121: 31993
instr 122: 30462
instr 123: 30899
instr 124: 30282
instr 125: 32379
instr 126: 32204
instr 127: 32215
instr 128: 32482
instr 129: 31611
instr 130: 32225
instr 131: 28507
instr 132: 32420
instr 133: 32452
instr 134: 29925
instr 135: 32203
instr 136: 31940
instr 137: 32413
instr 138: 32043
instr 139: 32245
instr 140: 32103
instr 141: 31785
instr 142: 32163
instr 143: 32457
instr 144: 32628
instr 145: 32615
instr 146: 32357
instr 147: 32663
instr 148: 32682
instr 149: 31389
instr 150: 32638
instr 151: 30406
instr 152: 31772
instr 153: 32332
instr 154: 30433
instr 155: 31466
instr 156: 31172
instr 157: 31355
instr 158: 32431
instr 159: 30556
instr 160: 30579
instr 161: 32683
instr 162: 32479
instr 163: 32331
instr 164: 32328
instr 165: 32171
instr 166: 30926
instr 167: 31453
instr 168: 32259
instr 169: 31964
instr 170: 32296
instr 171: 32315
instr 172: 32747
instr 173: 32354
instr 174: 31222
instr 175: 31003
instr 176: 32657
instr 177: 31446
instr 178: 30697
instr 179: 32748
instr 180: 30394
instr 181: 32325
instr 182: 31701
instr 183: 29444
instr 184: 32358
instr 185: 31918
instr 186: 28139
instr 187: 31848
instr 188: 32194
instr 189: 31417
instr 190: 32356
instr 191: 31518
instr 192: 31947
instr 193: 32134
instr 194: 32277
instr 195: 31963
instr 196: 31458
instr 197: 31857
instr 198: 31133
instr 199: 32735
instr 200: 32664
instr 201: 32310
instr 202: 32261
instr 203: 32596
instr 204: 31492
instr 205: 32429
instr 206: 32470
instr 207: 32566
instr 208: 32649
instr 209: 32607
instr 210: 31568
instr 211: 32737
instr 212: 32506
instr 213: 32391
instr 214: 31882
instr 215: 32037
instr 216: 32472
instr 217: 32724
instr 218: 31956
instr 219: 31521
instr 220: 32590
instr 221: 32619
instr 222: 32426
instr 223: 32709
instr 224: 29202
instr 225: 32732
instr 226: 30647
instr 227: 31072
instr 228: 32150
instr 229: 32350
instr 230: 31141
instr 231: 31764
instr 232: 32298
instr 233: 31996
instr 234: 32349
instr 235: 32043
instr 236: 32350
instr 237: 32641
instr 238: 32110
instr 239: 31750
instr 240: 31989
instr 241: 30916
instr 242: 31327
instr 243: 31986
instr 244: 32252
instr 245: 32491
instr 246: 32512
instr 247: 31534
instr 248: 32724
instr 249: 31945
instr 250: 32742
instr 251: 32322
instr 252: 31869
instr 253: 31479
instr 254: 30788
instr 255: 31183
instr 256: 32721
instr 257: 31389
instr 258: 31649
instr 259: 30316
instr 260: 32393
instr 261: 31326
instr 262: 32525
instr 263: 30657
instr 264: 32100
instr 265: 28859
instr 266: 31261
instr 267: 32523
instr 268: 32597
instr 269: 30768
instr 270: 29509
instr 271: 32639
instr 272: 30392
instr 273: 31355
instr 274: 32493
instr 275: 31733
instr 276: 32504
instr 277: 32370
instr 278: 31746
instr 279: 32124
instr 280: 32184
instr 281: 31177
instr 282: 31999
instr 283: 31675
instr 284: 31921
instr 285: 30165
instr 286: 32722
instr 287: 32496
instr 288: 30169
instr 289: 32218
instr 290: 31892
instr 291: 32492
instr 292: 31365
instr 293: 28531
instr 294: 29689
instr 295: 31330
instr 296: 31966
instr 297: 31733
instr 298: 32227
instr 299: 30464
instr 300: 32302
instr 301: 29455
instr 302: 28883
instr 303: 32312
instr 304: 32625
instr 305: 32422
instr 306: 32586
instr 307: 31364
instr 308: 32717
instr 309: 31968
instr 310: 32754
instr 311: 31566
instr 312: 32681
instr 313: 29965
instr 314: 32439
instr 315: 31220
instr 316: 32500
instr 317: 32627
instr 318: 31990
instr 319: 32699
instr 320: 32172
instr 321: 32680
instr 322: 28151
instr 323: 32192
instr 324: 31704
instr 325: 32486
instr 326: 31902
instr 327: 32004
instr 328: 32459
instr 329: 32498
instr 330: 28462
instr 331: 32203
instr 332: 32200
instr 333: 28686
instr 334: 30346
instr 335: 29362
instr 336: 31541
instr 337: 32141
instr 338: 32435
instr 339: 32440
instr 340: 31695
instr 341: 32180
instr 342: 32062
instr 343: 32449
instr 344: 32008
instr 345: 31469
instr 346: 32508
instr 347: 31110
instr 348: 32303
instr 349: 31678
instr 350: 32359
instr 351: 31447
instr 352: 32632
instr 353: 31083
instr 354: 30461
instr 355: 30717
instr 356: 31150
instr 357: 32422
instr 358: 31834
instr 359: 32130
instr 360: 31912
instr 361: 29425
instr 362: 31186
instr 363: 32315
instr 364: 32732
instr 365: 31674
instr 366: 32445
instr 367: 32562
instr 368: 32708
instr 369: 32131
instr 370: 31760
instr 371: 32406
instr 372: 32611
instr 373: 30494
instr 374: 32277
instr 375: 28866
instr 376: 32329
instr 377: 31769
instr 378: 32590
instr 379: 31643
instr 380: 30499
instr 381: 32141
instr 382: 32387
instr 383: 31436
instr 384: 32661
instr 385: 32745
instr 386: 31965
instr 387: 29819
instr 388: 32007
instr 389: 31270
instr 390: 32448
instr 391: 32070
instr 392: 30464
instr 393: 30803
instr 394: 32566
instr 395: 32370
instr 396: 31542
instr 397: 31838
instr 398: 31144
instr 399: 32731
instr 400: 32629
instr 401: 31275
instr 402: 32684
instr 403: 32554
instr 404: 32700
instr 405: 30653
instr 406: 28796
instr 407: 32009
instr 408: 31397
instr 409: 32743
instr 410: 30029
instr 411: 32291
instr 412: 32439
instr 413: 31163
instr 414: 32758
instr 415: 32708
instr 416: 32697
instr 417: 32596
instr 418: 32641
instr 419: 32643
instr 420: 32400
instr 421: 31557
instr 422: 32438
instr 423: 32140
instr 424: 29941
instr 425: 32750
instr 426: 32351
instr 427: 32355
instr 428: 31484
instr 429: 31263
instr 430: 32572
instr 431: 30684
instr 432: 30962
instr 433: 31912
instr 434: 32683
instr 435: 30066
instr 436: 31672
instr 437: 32020
instr 438: 32721
instr 439: 32053
instr 440: 30715
instr 441: 32343
instr 442: 32713
instr 443: 31347
instr 444: 32685
instr 445: 31505
instr 446: 30475
instr 447: 32754
instr 448: 32566
instr 449: 32358
instr 450: 31132
instr 451: 31348
instr 452: 32596
instr 453: 31691
instr 454: 31031
instr 455: 32510
instr 456: 31397
instr 457: 31802
instr 458: 32698
instr 459: 32522
instr 460: 28760
instr 461: 32527
instr 462: 32414
instr 463: 31437
instr 464: 32042
instr 465: 32652
instr 466: 32203
instr 467: 31519
instr 468: 31889
instr 469: 31833
instr 470: 31752
instr 471: 32573
instr 472: 32672
instr 473: 30006
instr 474: 31566
instr 475: 31692
instr 476: 32030
instr 477: 31147
instr 478: 32430
instr 479: 32119
instr 480: 30558
instr 481: 32272
instr 482: 31183
instr 483: 29365
instr 484: 32711
instr 485: 32557
instr 486: 31864
instr 487: 28882
instr 488: 32409
instr 489: 32315
instr 490: 32477
instr 491: 32357
instr 492: 31813
instr 493: 32452
instr 494: 29319
instr 495: 29948
instr 496: 32622
instr 497: 31892
instr 498: 31738
instr 499: 30016
instr 500: 32178
instr 501: 32293
instr 502: 32503
instr 503: 30548
instr 504: 31962
instr 505: 32307
instr 506: 29974
instr 507: 30735
instr 508: 32015
instr 509: 32171
instr 510: 28652
instr 511: 32630
instr 512: 31215
instr 513: 31280
instr 514: 32650
instr 515: 32703
instr 516: 32527
instr 517: 31222
instr 518: 32448
instr 519: 32217
instr 520: 30029
instr 521: 32554
instr 522: 32231
instr 523: 32631
instr 524: 32018
instr 525: 31328
instr 526: 29175
instr 527: 29094
instr 528: 29324
instr 529: 31658
instr 530: 30882
instr 531: 32448
instr 532: 31474
instr 533: 32214
instr 534: 32762
instr 535: 32020
instr 536: 31837
instr 537: 32022
instr 538: 31842
instr 539: 30369
instr 540: 31694
instr 541: 32727
instr 542: 31903
instr 543: 31708
instr 544: 32405
instr 545: 32300
instr 546: 31659
instr 547: 32412
instr 548: 31488
instr 549: 32382
instr 550: 32531
instr 551: 32635
instr 552: 32717
instr 553: 32612
instr 554: 32435
instr 555: 32147
instr 556: 31654
instr 557: 32688
instr 558: 29425
instr 559: 31865
instr 560: 32215
instr 561: 30828
instr 562: 30967
instr 563: 32767
instr 564: 32413
instr 565: 32741
instr 566: 30242
instr 567: 31951
instr 568: 29962
instr 569: 31433
instr 570: 32700
instr 571: 32214
instr 572: 31600
instr 573: 29487
instr 574: 32507
instr 575: 32190
instr 576: 31676
instr 577: 28552
instr 578: 31540
instr 579: 32170
instr 580: 32629
instr 581: 32731
instr 582: 30157
instr 583: 32727
instr 584: 32697
instr 585: 32299
instr 586: 31551
instr 587: 32235
instr 588: 32042
instr 589: 32082
instr 590: 32042
instr 591: 32684
instr 592: 32223
instr 593: 31763
instr 594: 30846
instr 595: 32662
instr 596: 30610
instr 597: 31443
instr 598: 30449
instr 599: 31645
instr 600: 32498
instr 601: 30826
instr 602: 32544
instr 603: 30837
instr 604: 32541
instr 605: 32353
instr 606: 32509
instr 607: 32115
instr 608: 31524
instr 609: 32458
instr 610: 30581
instr 611: 32518
instr 612: 30921
instr 613: 31772
instr 614: 31358
instr 615: 29665
instr 616: 31476
instr 617: 29528
instr 618: 32722
instr 619: 32670
instr 620: 32673
instr 621: 31423
instr 622: 32213
instr 623: 32565
instr 624: 32433
instr 625: 32138
instr 626: 30411
instr 627: 32666
instr 628: 29533
instr 629: 31203
instr 630: 29836
instr 631: 31422
instr 632: 32316
instr 633: 31805
instr 634: 32589
instr 635: 31478
instr 636: 30694
instr 637: 32372
instr 638: 32156
instr 639: 32248
instr 640: 30381
instr 641: 31975
instr 642: 31328
instr 643: 32446
instr 644: 31976
instr 645: 32496
instr 646: 32296
instr 647: 29724
instr 648: 31003
instr 649: 32378
instr 650: 32174
instr 651: 32179
instr 652: 30649
instr 653: 32255
instr 654: 31524
instr 655: 32316
instr 656: 31922
instr 657: 31610
instr 658: 31159
instr 659: 31964
instr 660: 32449
instr 661: 32325
instr 662: 32039
instr 663: 30603
instr 664: 30740
instr 665: 32065
instr 666: 31773
instr 667: 32450
instr 668: 32250
instr 669: 32453
instr 670: 32528
instr 671: 32564
instr 672: 31799
instr 673: 32104
instr 674: 32544
instr 675: 28526
instr 676: 32046
instr 677: 32078
instr 678: 30533
instr 679: 31730
instr 680: 32246
instr 681: 31773
instr 682: 32055
instr 683: 32761
instr 684: 31691
instr 685: 30698
instr 686: 31976
instr 687: 30527
instr 688: 32718
instr 689: 32752
instr 690: 32347
instr 691: 29827
instr 692: 29670
instr 693: 32455
instr 694: 32478
instr 695: 32298
instr 696: 32351
instr 697: 32314
instr 698: 32246
instr 699: 32205
instr 700: 29815
instr 701: 31468
instr 702: 31666
instr 703: 31586
instr 704: 31970
instr 705: 30268
instr 706: 31016
instr 707: 31431
instr 708: 32515
instr 709: 30940
instr 710: 31911
instr 711: 32122
instr 712: 32428
instr 713: 31073
instr 714: 32474
instr 715: 32149
instr 716: 31148
instr 717: 29356
instr 718: 30568
instr 719: 32598
instr 720: 32327
instr 721: 27919
instr 722: 31269
instr 723: 31765
instr 724: 32333
instr 725: 32480
instr 726: 32504
instr 727: 31349
instr 728: 32499
instr 729: 31656
instr 730: 29727
instr 731: 31522
instr 732: 31356
instr 733: 31947
instr 734: 29011
instr 735: 31788
instr 736: 32041
instr 737: 32486
instr 738: 32659
instr 739: 31362
instr 740: 29678
instr 741: 32407
instr 742: 32373
instr 743: 31112
instr 744: 30328
instr 745: 32419
instr 746: 31403
instr 747: 32475
instr 748: 31240
instr 749: 30352
instr 750: 32614
instr 751: 31788
instr 752: 30206
instr 753: 32513
instr 754: 31936
instr 755: 32339
instr 756: 31115
instr 757: 31691
instr 758: 29189
instr 759: 31992
instr 760: 31101
instr 761: 28267
instr 762: 30637
instr 763: 31137
instr 764: 32155
instr 765: 32444
instr 766: 30390
instr 767: 32543
instr 768: 30315
instr 769: 29910
instr 770: 32711
instr 771: 32339
instr 772: 31331
instr 773: 31380
instr 774: 32431
instr 775: 32132
instr 776: 32413
instr 777: 31479
instr 778: 30665
instr 779: 31088
instr 780: 29050
instr 781: 32120
instr 782: 31975
instr 783: 31775
instr 784: 31016
instr 785: 30819
instr 786: 32658
instr 787: 32533
instr 788: 30718
instr 789: 30549
instr 790: 32298
instr 791: 32244
instr 792: 32092
instr 793: 31311
instr 794: 32423
instr 795: 32324
instr 796: 32302
instr 797: 32701
instr 798: 32222
instr 799: 32119
instr 800: 31243
instr 801: 32610
instr 802: 32764
instr 803: 32198
instr 804: 27252
instr 805: 32211
instr 806: 32574
instr 807: 31936
instr 808: 32634
instr 809: 31401
instr 810: 31587
instr 811: 31644
instr 812: 32513
instr 813: 31657
instr 814: 32691
instr 815: 32201
instr 816: 32705
instr 817: 28540
instr 818: 30748
instr 819: 31552
instr 820: 31378
instr 821: 31791
instr 822: 31154
instr 823: 31687
instr 824: 31735
instr 825: 32000
instr 826: 32715
instr 827: 32519
instr 828: 31591
instr 829: 32436
instr 830: 31215
instr 831: 32617
instr 832: 32484
instr 833: 32180
instr 834: 31006
instr 835: 31065
instr 836: 32089
instr 837: 32730
instr 838: 32049
instr 839: 32696
instr 840: 31535
instr 841: 31959
instr 842: 32308
instr 843: 30894
instr 844: 30153
instr 845: 31978
instr 846: 26033
instr 847: 29426
instr 848: 32767
instr 849: 32436
instr 850: 32501
instr 851: 31212
instr 852: 32637
instr 853: 32008
instr 854: 30239
instr 855: 30961
instr 856: 32405
instr 857: 32284
instr 858: 31384
instr 859: 30747
instr 860: 32328
instr 861: 32518
instr 862: 32720
instr 863: 32731
instr 864: 32615
instr 865: 32632
instr 866: 32539
instr 867: 31838
instr 868: 31872
instr 869: 32524
instr 870: 31380
instr 871: 32567
instr 872: 31913
instr 873: 32250
instr 874: 31972
instr 875: 32050
instr 876: 32237
instr 877: 32505
instr 878: 28592
instr 879: 31736
instr 880: 32381
instr 881: 32374
instr 882: 31724
instr 883: 29803
instr 884: 31520
instr 885: 30574
instr 886: 32646
instr 887: 31706
instr 888: 27979
instr 889: 32165
instr 890: 30161
instr 891: 32710
instr 892: 32065
instr 893: 32598
instr 894: 32499
instr 895: 31966
instr 896: 32200
instr 897: 30397
instr 898: 30358
instr 899: 30710
instr 900: 32319
instr 901: 32386
instr 902: 32734
instr 903: 29964
instr 904: 32599
instr 905: 31297
instr 906: 30729
instr 907: 30838
instr 908: 30817
instr 909: 31269
instr 910: 31984
instr 911: 31734
instr 912: 32398
instr 913: 32102
instr 914: 32306
instr 915: 31089
instr 916: 30986
instr 917: 30826
instr 918: 32675
instr 919: 32462
instr 920: 31504
instr 921: 28868
instr 922: 32460
instr 923: 32609
instr 924: 31983
instr 925: 32006
instr 926: 32389
instr 927: 32585
instr 928: 32720
instr 929: 31052
instr 930: 31868
instr 931: 32244
instr 932: 31000
instr 933: 32303
instr 934: 29840
instr 935: 32555
instr 936: 31877
instr 937: 30097
instr 938: 31676
instr 939: 31533
instr 940: 30760
instr 941: 31450
instr 942: 32291
instr 943: 31369
instr 944: 32211
instr 945: 31977
instr 946: 32394
instr 947: 32120
instr 948: 30279
instr 949: 31832
instr 950: 32499
instr 951: 32709
instr 952: 31565
instr 953: 32724
instr 954: 32135
instr 955: 31852
instr 956: 32330
instr 957: 32652
instr 958: 29629
instr 959: 31465
instr 960: 31621
instr 961: 32196
instr 962: 32137
instr 963: 32665
instr 964: 32146
instr 965: 31136
instr 966: 31358
instr 967: 30761
instr 968: 31932
instr 969: 31135
instr 970: 32693
instr 971: 26921
instr 972: 32614
instr 973: 29400
instr 974: 32153
instr 975: 32575
instr 976: 30213
instr 977: 32165
instr 978: 32349
instr 979: 32176
instr 980: 32263
instr 981: 30193
instr 982: 31490
instr 983: 29075
instr 984: 31355
instr 985: 32180
instr 986: 31939
instr 987: 30544
instr 988: 31838
instr 989: 32629
instr 990: 32467
instr 991: 31865
instr 992: 31020
instr 993: 32516
instr 994: 32756
instr 995: 31058
instr 996: 32491
instr 997: 32379
instr 998: 32212
instr 999: 32674
instr 1000: 32017
instr 1001: 32312
instr 1002: 32053
instr 1003: 32098
