instr 0: 0
instr 1: 0
instr 2: 0
instr 3: 0
instr 4: 116
instr 5: 103
instr 6: 123
instr 7: 125
instr 8: 108
instr 9: 115
instr 10: 125
instr 11: 123
instr 12: 107
instr 13: 123
instr 14: 127
instr 15: 115
instr 16: 126
instr 17: 122
instr 18: 127
instr 19: 117
instr 20: 118
instr 21: 124
instr 22: 123
instr 23: 124
instr 24: 104
instr 25: 122
instr 26: 127
instr 27: 127
instr 28: 127
instr 29: 127
instr 30: 122
instr 31: 123
instr 32: 122
instr 33: 123
instr 34: 125
instr 35: 124
instr 36: 118
instr 37: 123
instr 38: 122
instr 39: 116
instr 40: 125
instr 41: 125
instr 42: 127
instr 43: 123
instr 44: 125
instr 45: 122
instr 46: 119
instr 47: 115
instr 48: 123
instr 49: 126
instr 50: 127
instr 51: 127
instr 52: 127
instr 53: 125
instr 54: 125
instr 55: 120
instr 56: 126
instr 57: 126
instr 58: 112
instr 59: 127
instr 60: 123
instr 61: 126
instr 62: 119
instr 63: 125
instr 64: 117
instr 65: 123
instr 66: 118
instr 67: 126
instr 68: 127
instr 69: 122
instr 70: 127
instr 71: 125
instr 72: 120
instr 73: 120
instr 74: 116
instr 75: 123
instr 76: 124
instr 77: 127
instr 78: 119
instr 79: 124
instr 80: 124
instr 81: 127
instr 82: 127
instr 83: 125
instr 84: 127
instr 85: 123
instr 86: 126
instr 87: 127
instr 88: 124
instr 89: 127
instr 90: 123
instr 91: 115
instr 92: 127
instr 93: 120
instr 94: 120
instr 95: 124
instr 96: 122
instr 97: 123
instr 98: 127
instr 99: 126
instr 100: 114
instr 101: 127
instr 102: 125
instr 103: 126
instr 104: 125
instr 105: 126
instr 106: 123
instr 107: 126
instr 108: 117
instr 109: 122
instr 110: 127
instr 111: 120
instr 112: 124
instr 113: 127
instr 114: 126
instr 115: 120
instr 116: 125
instr 117: 113
instr 118: 126
instr 119: 126
instr 120: 106
instr 121: 122
instr 122: 124
instr 123: 126
instr 124: 120
instr 125: 126
instr 126: 127
instr 127: 127
instr 128: 127
instr 129: 127
instr 130: 118
instr 131: 117
instr 132: 122
instr 133: 118
instr 134: 124
instr 135: 111
instr 136: 127
instr 137: 120
instr 138: 127
instr 139: 121
instr 140: 123
instr 141: 119
instr 142: 123
instr 143: 125
instr 144: 119
instr 145: 125
instr 146: 124
instr 147: 124
instr 148: 111
instr 149: 124
instr 150: 127
instr 151: 127
instr 152: 119
instr 153: 127
instr 154: 127
instr 155: 122
instr 156: 126
instr 157: 125
instr 158: 122
instr 159: 124
instr 160: 126
instr 161: 124
instr 162: 126
instr 163: 126
instr 164: 123
instr 165: 127
instr 166: 125
instr 167: 116
instr 168: 123
instr 169: 127
instr 170: 122
instr 171: 119
instr 172: 126
instr 173: 125
instr 174: 127
instr 175: 126
instr 176: 124
instr 177: 127
instr 178: 123
instr 179: 127
instr 180: 127
instr 181: 122
instr 182: 121
instr 183: 126
instr 184: 125
instr 185: 117
instr 186: 126
instr 187: 120
instr 188: 123
instr 189: 118
instr 190: 125
instr 191: 123
instr 192: 124
instr 193: 121
instr 194: 127
instr 195: 124
instr 196: 111
instr 197: 122
instr 198: 124
instr 199: 108
instr 200: 116
instr 201: 123
instr 202: 118
instr 203: 110
instr 204: 127
instr 205: 126
instr 206: 118
instr 207: 120
instr 208: 126
instr 209: 125
instr 210: 126
instr 211: 121
instr 212: 127
instr 213: 125
instr 214: 120
instr 215: 104
instr 216: 125
instr 217: 126
instr 218: 124
instr 219: 126
instr 220: 121
instr 221: 123
instr 222: 121
instr 223: 127
instr 224: 127
instr 225: 113
instr 226: 113
instr 227: 121
instr 228: 116
instr 229: 107
instr 230: 126
instr 231: 123
instr 232: 121
instr 233: 125
instr 234: 123
instr 235: 127
instr 236: 120
instr 237: 120
instr 238: 111
instr 239: 125
instr 240: 127
instr 241: 126
instr 242: 118
instr 243: 122
instr 244: 124
instr 245: 126
instr 246: 124
instr 247: 123
instr 248: 122
instr 249: 125
instr 250: 122
instr 251: 124
instr 252: 127
instr 253: 122
instr 254: 119
instr 255: 127
instr 256: 115
instr 257: 124
instr 258: 124
instr 259: 126
instr 260: 125
instr 261: 122
instr 262: 127
instr 263: 127
instr 264: 114
instr 265: 123
instr 266: 126
instr 267: 124
instr 268: 127
instr 269: 125
instr 270: 124
instr 271: 125
instr 272: 127
instr 273: 118
instr 274: 125
instr 275: 123
instr 276: 115
instr 277: 112
instr 278: 121
instr 279: 124
instr 280: 118
instr 281: 124
instr 282: 127
instr 283: 127
instr 284: 126
instr 285: 126
instr 286: 122
instr 287: 117
instr 288: 120
instr 289: 109
instr 290: 112
instr 291: 126
instr 292: 120
instr 293: 125
instr 294: 125
instr 295: 124
instr 296: 123
instr 297: 125
instr 298: 108
instr 299: 122
instr 300: 107
instr 301: 117
instr 302: 119
instr 303: 119
instr 304: 119
instr 305: 123
instr 306: 122
instr 307: 127
instr 308: 126
instr 309: 119
instr 310: 127
instr 311: 121
instr 312: 113
instr 313: 114
instr 314: 127
instr 315: 126
instr 316: 126
instr 317: 118
instr 318: 119
instr 319: 115
instr 320: 127
instr 321: 124
instr 322: 124
instr 323: 112
instr 324: 118
instr 325: 115
instr 326: 118
instr 327: 126
instr 328: 125
instr 329: 111
instr 330: 118
instr 331: 124
instr 332: 124
instr 333: 123
instr 334: 121
instr 335: 126
instr 336: 123
instr 337: 127
instr 338: 127
instr 339: 127
instr 340: 122
instr 341: 126
instr 342: 118
instr 343: 123
instr 344: 121
instr 345: 121
instr 346: 126
instr 347: 127
instr 348: 115
instr 349: 115
instr 350: 122
instr 351: 125
instr 352: 121
instr 353: 119
instr 354: 114
instr 355: 123
instr 356: 127
instr 357: 125
instr 358: 126
instr 359: 120
instr 360: 106
instr 361: 124
instr 362: 127
instr 363: 121
instr 364: 124
instr 365: 119
instr 366: 125
instr 367: 127
instr 368: 127
instr 369: 123
instr 370: 125
instr 371: 127
instr 372: 127
instr 373: 122
instr 374: 122
instr 375: 102
instr 376: 122
instr 377: 119
instr 378: 123
instr 379: 107
instr 380: 127
instr 381: 123
instr 382: 120
instr 383: 123
instr 384: 120
instr 385: 124
instr 386: 121
instr 387: 124
instr 388: 127
instr 389: 119
instr 390: 123
instr 391: 111
instr 392: 127
instr 393: 127
instr 394: 125
instr 395: 122
instr 396: 124
instr 397: 127
instr 398: 126
instr 399: 116
instr 400: 125
instr 401: 123
instr 402: 120
instr 403: 117
instr 404: 125
instr 405: 125
instr 406: 121
instr 407: 127
instr 408: 126
instr 409: 126
instr 410: 125
instr 411: 120
instr 412: 127
instr 413: 119
instr 414: 127
instr 415: 121
instr 416: 118
instr 417: 126
instr 418: 126
instr 419: 125
instr 420: 124
instr 421: 125
instr 422: 126
instr 423: 100
instr 424: 123
instr 425: 123
instr 426: 125
instr 427: 125
instr 428: 126
instr 429: 121
instr 430: 110
instr 431: 125
instr 432: 125
instr 433: 127
instr 434: 124
instr 435: 121
instr 436: 116
instr 437: 123
instr 438: 126
instr 439: 125
instr 440: 127
instr 441: 126
instr 442: 126
instr 443: 122
instr 444: 127
instr 445: 114
instr 446: 127
instr 447: 125
instr 448: 118
instr 449: 124
instr 450: 127
instr 451: 124
instr 452: 125
instr 453: 119
instr 454: 118
instr 455: 125
instr 456: 114
instr 457: 124
instr 458: 123
instr 459: 127
instr 460: 126
instr 461: 126
instr 462: 123
instr 463: 126
instr 464: 127
instr 465: 115
instr 466: 116
instr 467: 100
instr 468: 121
instr 469: 127
instr 470: 126
instr 471: 121
instr 472: 121
instr 473: 125
instr 474: 123
instr 475: 122
instr 476: 122
instr 477: 124
instr 478: 124
instr 479: 119
instr 480: 122
instr 481: 120
instr 482: 116
instr 483: 125
instr 484: 127
instr 485: 124
instr 486: 121
instr 487: 127
instr 488: 123
instr 489: 127
instr 490: 127
instr 491: 123
instr 492: 127
instr 493: 127
instr 494: 127
instr 495: 111
instr 496: 124
instr 497: 113
instr 498: 119
instr 499: 126
instr 500: 126
instr 501: 114
instr 502: 120
instr 503: 122
instr 504: 112
instr 505: 116
instr 506: 122
instr 507: 116
instr 508: 121
instr 509: 126
instr 510: 127
instr 511: 119
instr 512: 127
instr 513: 127
instr 514: 116
instr 515: 126
instr 516: 117
instr 517: 123
instr 518: 126
instr 519: 127
instr 520: 127
instr 521: 126
instr 522: 124
instr 523: 121
instr 524: 122
instr 525: 125
instr 526: 122
instr 527: 125
instr 528: 125
instr 529: 117
instr 530: 112
instr 531: 127
instr 532: 125
instr 533: 124
instr 534: 126
instr 535: 123
instr 536: 127
instr 537: 127
instr 538: 125
instr 539: 121
instr 540: 117
instr 541: 123
instr 542: 118
instr 543: 126
instr 544: 127
instr 545: 125
instr 546: 125
instr 547: 124
instr 548: 118
instr 549: 114
instr 550: 120
instr 551: 120
instr 552: 125
instr 553: 117
instr 554: 127
instr 555: 124
instr 556: 122
instr 557: 115
instr 558: 127
instr 559: 119
instr 560: 119
instr 561: 123
instr 562: 127
instr 563: 118
instr 564: 109
instr 565: 119
instr 566: 125
instr 567: 126
instr 568: 100
instr 569: 123
instr 570: 117
instr 571: 126
instr 572: 119
instr 573: 127
instr 574: 114
instr 575: 114
instr 576: 126
instr 577: 124
instr 578: 126
instr 579: 124
instr 580: 127
instr 581: 126
instr 582: 125
instr 583: 122
instr 584: 127
instr 585: 123
instr 586: 123
instr 587: 123
instr 588: 121
instr 589: 126
instr 590: 125
instr 591: 127
instr 592: 125
instr 593: 123
instr 594: 121
instr 595: 119
instr 596: 127
instr 597: 118
instr 598: 122
instr 599: 124
instr 600: 115
instr 601: 121
instr 602: 120
instr 603: 120
instr 604: 127
instr 605: 121
instr 606: 126
instr 607: 117
instr 608: 125
instr 609: 126
instr 610: 123
instr 611: 120
instr 612: 117
instr 613: 114
instr 614: 122
instr 615: 125
instr 616: 124
instr 617: 125
instr 618: 115
instr 619: 120
instr 620: 122
instr 621: 125
instr 622: 110
instr 623: 126
instr 624: 126
instr 625: 121
instr 626: 126
instr 627: 127
instr 628: 127
instr 629: 124
instr 630: 124
instr 631: 122
instr 632: 127
instr 633: 114
instr 634: 122
instr 635: 120
instr 636: 112
instr 637: 124
instr 638: 118
instr 639: 122
instr 640: 125
instr 641: 121
instr 642: 112
instr 643: 125
instr 644: 125
instr 645: 126
instr 646: 112
instr 647: 124
instr 648: 123
instr 649: 113
instr 650: 125
instr 651: 117
instr 652: 119
instr 653: 108
instr 654: 121
instr 655: 124
instr 656: 122
instr 657: 121
instr 658: 119
instr 659: 127
instr 660: 117
instr 661: 125
instr 662: 119
instr 663: 101
instr 664: 120
instr 665: 126
instr 666: 111
instr 667: 123
instr 668: 112
instr 669: 124
instr 670: 116
instr 671: 126
instr 672: 127
instr 673: 121
instr 674: 115
instr 675: 123
instr 676: 122
instr 677: 125
instr 678: 119
instr 679: 126
instr 680: 116
instr 681: 124
instr 682: 127
instr 683: 127
instr 684: 118
instr 685: 109
instr 686: 127
instr 687: 126
instr 688: 127
instr 689: 122
instr 690: 127
instr 691: 127
instr 692: 127
instr 693: 122
instr 694: 126
instr 695: 127
instr 696: 127
instr 697: 118
instr 698: 127
instr 699: 127
instr 700: 127
instr 701: 123
instr 702: 105
instr 703: 126
instr 704: 126
instr 705: 126
instr 706: 125
instr 707: 118
instr 708: 126
instr 709: 127
instr 710: 124
instr 711: 126
instr 712: 126
instr 713: 127
instr 714: 123
instr 715: 122
instr 716: 124
instr 717: 127
instr 718: 126
instr 719: 127
instr 720: 125
instr 721: 127
instr 722: 121
instr 723: 118
instr 724: 120
instr 725: 123
instr 726: 125
instr 727: 112
instr 728: 125
instr 729: 116
instr 730: 119
instr 731: 125
instr 732: 127
instr 733: 125
instr 734: 123
instr 735: 124
instr 736: 114
instr 737: 123
instr 738: 125
instr 739: 125
instr 740: 127
instr 741: 124
instr 742: 122
instr 743: 115
instr 744: 127
instr 745: 127
instr 746: 127
instr 747: 126
instr 748: 126
instr 749: 126
instr 750: 126
instr 751: 123
instr 752: 122
instr 753: 125
instr 754: 120
instr 755: 127
instr 756: 126
instr 757: 123
instr 758: 126
instr 759: 125
instr 760: 126
instr 761: 121
instr 762: 125
instr 763: 124
instr 764: 121
instr 765: 116
instr 766: 127
instr 767: 127
instr 768: 126
instr 769: 123
instr 770: 123
instr 771: 125
instr 772: 127
instr 773: 127
instr 774: 127
instr 775: 119
instr 776: 124
instr 777: 119
instr 778: 125
instr 779: 122
instr 780: 121
instr 781: 122
instr 782: 124
instr 783: 120
instr 784: 126
instr 785: 121
instr 786: 126
instr 787: 126
instr 788: 127
instr 789: 127
instr 790: 127
instr 791: 127
instr 792: 124
instr 793: 127
instr 794: 126
instr 795: 125
instr 796: 127
instr 797: 115
instr 798: 127
instr 799: 127
instr 800: 127
instr 801: 127
instr 802: 126
instr 803: 123
instr 804: 120
instr 805: 127
instr 806: 121
instr 807: 124
instr 808: 125
instr 809: 124
instr 810: 123
instr 811: 117
instr 812: 114
instr 813: 120
instr 814: 125
instr 815: 122
instr 816: 121
instr 817: 125
instr 818: 127
instr 819: 120
instr 820: 127
instr 821: 114
instr 822: 125
instr 823: 122
instr 824: 121
instr 825: 126
instr 826: 126
instr 827: 126
instr 828: 113
instr 829: 127
instr 830: 125
instr 831: 123
instr 832: 121
instr 833: 127
instr 834: 126
instr 835: 127
instr 836: 115
instr 837: 127
instr 838: 101
instr 839: 113
instr 840: 126
instr 841: 109
instr 842: 126
instr 843: 124
instr 844: 127
instr 845: 127
instr 846: 121
instr 847: 122
instr 848: 111
instr 849: 126
instr 850: 127
instr 851: 120
instr 852: 124
instr 853: 123
instr 854: 126
instr 855: 126
instr 856: 126
instr 857: 125
instr 858: 116
instr 859: 118
instr 860: 123
instr 861: 121
instr 862: 118
instr 863: 122
instr 864: 126
instr 865: 117
instr 866: 127
instr 867: 126
instr 868: 126
instr 869: 121
instr 870: 126
instr 871: 127
instr 872: 123
instr 873: 121
instr 874: 124
instr 875: 125
instr 876: 124
instr 877: 122
instr 878: 127
instr 879: 127
instr 880: 120
instr 881: 124
instr 882: 116
instr 883: 120
instr 884: 115
instr 885: 127
instr 886: 118
instr 887: 121
instr 888: 125
instr 889: 125
instr 890: 108
instr 891: 114
instr 892: 105
instr 893: 125
instr 894: 125
instr 895: 125
instr 896: 116
instr 897: 124
instr 898: 126
instr 899: 126
instr 900: 126
instr 901: 119
instr 902: 125
instr 903: 124
instr 904: 127
instr 905: 116
instr 906: 127
instr 907: 127
instr 908: 122
instr 909: 125
instr 910: 122
instr 911: 119
instr 912: 124
instr 913: 123
instr 914: 116
instr 915: 125
instr 916: 121
instr 917: 126
instr 918: 124
instr 919: 127
instr 920: 126
instr 921: 122
instr 922: 127
instr 923: 125
instr 924: 125
instr 925: 127
instr 926: 127
instr 927: 127
instr 928: 126
instr 929: 124
instr 930: 127
instr 931: 114
instr 932: 97
instr 933: 127
instr 934: 122
instr 935: 126
instr 936: 127
instr 937: 121
instr 938: 123
instr 939: 126
instr 940: 121
instr 941: 127
instr 942: 127
instr 943: 123
instr 944: 115
instr 945: 124
instr 946: 122
instr 947: 111
instr 948: 113
instr 949: 123
instr 950: 122
instr 951: 121
instr 952: 120
instr 953: 121
instr 954: 124
instr 955: 126
instr 956: 126
instr 957: 124
instr 958: 126
instr 959: 127
instr 960: 127
instr 961: 117
instr 962: 107
instr 963: 125
instr 964: 122
instr 965: 127
instr 966: 123
instr 967: 124
instr 968: 126
instr 969: 126
instr 970: 120
instr 971: 123
instr 972: 119
instr 973: 126
instr 974: 121
instr 975: 125
instr 976: 122
instr 977: 109
instr 978: 127
instr 979: 122
instr 980: 122
instr 981: 124
instr 982: 124
instr 983: 122
instr 984: 127
instr 985: 121
instr 986: 120
instr 987: 119
instr 988: 126
instr 989: 125
instr 990: 127
instr 991: 126
instr 992: 124
instr 993: 125
instr 994: 125
instr 995: 111
instr 996: 126
instr 997: 126
instr 998: 119
instr 999: 122
instr 1000: 126
instr 1001: 127
instr 1002: 124
instr 1003: 125
