instr 0: 0
instr 1: 0
instr 2: 0
instr 3: 0
instr 4: 31725
instr 5: 31595
instr 6: 32733
instr 7: 32492
instr 8: 32555
instr 9: 30764
instr 10: 32466
instr 11: 32574
instr 12: 31954
instr 13: 32673
instr 14: 31909
instr 15: 31957
instr 16: 32759
instr 17: 27129
instr 18: 31902
instr 19: 29020
instr 20: 32242
instr 21: 30556
instr 22: 31438
instr 23: 31055
instr 24: 31157
instr 25: 32476
instr 26: 32762
instr 27: 31888
instr 28: 32265
instr 29: 32597
instr 30: 30945
instr 31: 31417
instr 32: 32101
instr 33: 32546
instr 34: 32558
instr 35: 30850
instr 36: 32471
instr 37: 31864
instr 38: 30428
instr 39: 32659
instr 40: 32559
instr 41: 31773
instr 42: 32620
instr 43: 31980
instr 44: 32147
instr 45: 32592
instr 46: 31663
instr 47: 32634
instr 48: 32695
instr 49: 32496
instr 50: 32226
instr 51: 32665
instr 52: 31614
instr 53: 31258
instr 54: 32022
instr 55: 32271
instr 56: 31284
instr 57: 32641
instr 58: 30509
instr 59: 32507
instr 60: 30693
instr 61: 32266
instr 62: 32660
instr 63: 32546
instr 64: 32592
instr 65: 32298
instr 66: 32538
instr 67: 31658
instr 68: 32503
instr 69: 31855
instr 70: 30243
instr 71: 32135
instr 72: 32337
instr 73: 32026
instr 74: 32214
instr 75: 31002
instr 76: 30719
instr 77: 31157
instr 78: 32752
instr 79: 29606
instr 80: 29326
instr 81: 32012
instr 82: 32115
instr 83: 32171
instr 84: 32320
instr 85: 31460
instr 86: 31569
instr 87: 29278
instr 88: 31634
instr 89: 32147
instr 90: 32466
instr 91: 32745
instr 92: 31934
instr 93: 32711
instr 94: 30537
instr 95: 32648
instr 96: 31232
instr 97: 31758
instr 98: 32598
instr 99: 32622
instr 100: 31189
instr 101: 30657
instr 102: 32747
instr 103: 31593
instr 104: 31967
instr 105: 32092
instr 106: 32766
instr 107: 31546
instr 108: 30452
instr 109: 31928
instr 110: 32734
instr 111: 30414
instr 112: 31428
instr 113: 32349
instr 114: 28016
instr 115: 31388
instr 116: 32751
instr 117: 31864
instr 118: 32740
instr 119: 32147
instr 120: 30450
instr 121: 27100
instr 122: 32430
instr 123: 30957
instr 124: 31794
instr 125: 32629
instr 126: 31035
instr 127: 32566
instr 128: 31144
instr 129: 30567
instr 130: 32749
instr 131: 29608
instr 132: 32205
instr 133: 30488
instr 134: 32686
instr 135: 32437
instr 136: 31060
instr 137: 29465
instr 138: 32748
instr 139: 30095
instr 140: 30218
instr 141: 32081
instr 142: 32666
instr 143: 31282
instr 144: 31388
instr 145: 31707
instr 146: 31788
instr 147: 28665
instr 148: 31573
instr 149: 32336
instr 150: 31193
instr 151: 31784
instr 152: 32285
instr 153: 31930
instr 154: 32547
instr 155: 29898
instr 156: 28313
instr 157: 28424
instr 158: 32059
instr 159: 32583
instr 160: 30845
instr 161: 32061
instr 162: 32763
instr 163: 29753
instr 164: 30517
instr 165: 32733
instr 166: 32646
instr 167: 31330
instr 168: 32581
instr 169: 31796
instr 170: 30728
instr 171: 32700
instr 172: 31018
instr 173: 31765
instr 174: 31506
instr 175: 31917
instr 176: 32181
instr 177: 32318
instr 178: 31178
instr 179: 31833
instr 180: 29542
instr 181: 32503
instr 182: 32124
instr 183: 32140
instr 184: 31013
instr 185: 31351
instr 186: 32241
instr 187: 30481
instr 188: 30634
instr 189: 30978
instr 190: 30557
instr 191: 32700
instr 192: 27180
instr 193: 32466
instr 194: 31406
instr 195: 31342
instr 196: 32432
instr 197: 31844
instr 198: 32385
instr 199: 30063
instr 200: 31632
instr 201: 31460
instr 202: 27482
instr 203: 30494
instr 204: 32305
instr 205: 32273
instr 206: 31471
instr 207: 31091
instr 208: 32395
instr 209: 31243
instr 210: 32008
instr 211: 32335
instr 212: 30972
instr 213: 32767
instr 214: 32622
instr 215: 30222
instr 216: 32256
instr 217: 31221
instr 218: 32326
instr 219: 29255
instr 220: 31093
instr 221: 32231
instr 222: 30922
instr 223: 31490
instr 224: 29350
instr 225: 31820
instr 226: 30813
instr 227: 30002
instr 228: 29938
instr 229: 32415
instr 230: 32713
instr 231: 31417
instr 232: 32617
instr 233: 32725
instr 234: 30816
instr 235: 29558
instr 236: 32057
instr 237: 30843
instr 238: 32732
instr 239: 31043
instr 240: 32254
instr 241: 32125
instr 242: 31497
instr 243: 31584
instr 244: 31609
instr 245: 32430
instr 246: 30240
instr 247: 30342
instr 248: 32672
instr 249: 31370
instr 250: 32303
instr 251: 30825
instr 252: 30599
instr 253: 29683
instr 254: 29287
instr 255: 31725
instr 256: 32276
instr 257: 30945
instr 258: 32103
instr 259: 30578
instr 260: 30165
instr 261: 31056
instr 262: 31521
instr 263: 32662
instr 264: 31474
instr 265: 31117
instr 266: 32280
instr 267: 32752
instr 268: 30892
instr 269: 32347
instr 270: 32712
instr 271: 29290
instr 272: 31676
instr 273: 31663
instr 274: 32501
instr 275: 32674
instr 276: 32130
instr 277: 28897
instr 278: 30704
instr 279: 31939
instr 280: 32463
instr 281: 31395
instr 282: 32576
instr 283: 32389
instr 284: 32696
instr 285: 30659
instr 286: 32391
instr 287: 32574
instr 288: 30660
instr 289: 32500
instr 290: 32678
instr 291: 32522
instr 292: 29790
instr 293: 31429
instr 294: 30987
instr 295: 31865
instr 296: 31748
instr 297: 32259
instr 298: 31883
instr 299: 25936
instr 300: 32236
instr 301: 32510
instr 302: 31800
instr 303: 31810
instr 304: 30859
instr 305: 30057
instr 306: 31935
instr 307: 30034
instr 308: 30183
instr 309: 27889
instr 310: 32234
instr 311: 31729
instr 312: 31571
instr 313: 31952
instr 314: 32476
instr 315: 32667
instr 316: 30175
instr 317: 32355
instr 318: 31176
instr 319: 32200
instr 320: 30043
instr 321: 25441
instr 322: 31880
instr 323: 32321
instr 324: 31249
instr 325: 30397
instr 326: 31766
instr 327: 31727
instr 328: 32515
instr 329: 31945
instr 330: 31662
instr 331: 31838
instr 332: 32698
instr 333: 19968
instr 334: 30926
instr 335: 32713
instr 336: 31495
instr 337: 30673
instr 338: 26474
instr 339: 32670
instr 340: 32749
instr 341: 32662
instr 342: 32461
instr 343: 30861
instr 344: 32628
instr 345: 28721
instr 346: 32103
instr 347: 31596
instr 348: 32357
instr 349: 29847
instr 350: 31450
instr 351: 28248
instr 352: 32468
instr 353: 32663
instr 354: 30741
instr 355: 32676
instr 356: 31955
instr 357: 28128
instr 358: 30753
instr 359: 30149
instr 360: 31359
instr 361: 32293
instr 362: 30951
instr 363: 32026
instr 364: 32327
instr 365: 32165
instr 366: 32126
instr 367: 31716
instr 368: 32085
instr 369: 28058
instr 370: 32694
instr 371: 31716
instr 372: 31946
instr 373: 25645
instr 374: 30722
instr 375: 31266
instr 376: 32577
instr 377: 30275
instr 378: 29404
instr 379: 32654
instr 380: 32374
instr 381: 29764
instr 382: 31963
instr 383: 32474
instr 384: 32563
instr 385: 32379
instr 386: 30469
instr 387: 32460
instr 388: 32465
instr 389: 32678
instr 390: 31692
instr 391: 31532
instr 392: 32661
instr 393: 32475
instr 394: 31993
instr 395: 32386
instr 396: 30765
instr 397: 32437
instr 398: 27557
instr 399: 32668
instr 400: 32661
instr 401: 31597
instr 402: 31167
instr 403: 30128
instr 404: 29437
instr 405: 30975
instr 406: 28137
instr 407: 29071
instr 408: 31956
instr 409: 29595
instr 410: 28112
instr 411: 32330
instr 412: 31155
instr 413: 29472
instr 414: 32443
instr 415: 32511
instr 416: 32705
instr 417: 31983
instr 418: 29733
instr 419: 31786
instr 420: 32207
instr 421: 30140
instr 422: 32247
instr 423: 32578
instr 424: 32254
instr 425: 32630
instr 426: 30729
instr 427: 30886
instr 428: 32226
instr 429: 32613
instr 430: 31607
instr 431: 29874
instr 432: 32459
instr 433: 29223
instr 434: 32407
instr 435: 32542
instr 436: 32558
instr 437: 31627
instr 438: 31829
instr 439: 29924
instr 440: 32710
instr 441: 30850
instr 442: 32508
instr 443: 32125
instr 444: 32572
instr 445: 32053
instr 446: 31565
instr 447: 31836
instr 448: 30657
instr 449: 31831
instr 450: 32579
instr 451: 32593
instr 452: 30410
instr 453: 31914
instr 454: 30302
instr 455: 31621
instr 456: 32476
instr 457: 30421
instr 458: 31710
instr 459: 32218
instr 460: 31032
instr 461: 31361
instr 462: 31217
instr 463: 32109
instr 464: 32317
instr 465: 32707
instr 466: 32717
instr 467: 32741
instr 468: 32476
instr 469: 31392
instr 470: 32173
instr 471: 32563
instr 472: 31234
instr 473: 28960
instr 474: 31760
instr 475: 32750
instr 476: 31122
instr 477: 31009
instr 478: 32077
instr 479: 31699
instr 480: 26177
instr 481: 31108
instr 482: 31255
instr 483: 32400
instr 484: 32534
instr 485: 30838
instr 486: 32721
instr 487: 30666
instr 488: 31001
instr 489: 32700
instr 490: 32489
instr 491: 29361
instr 492: 32691
instr 493: 32584
instr 494: 30538
instr 495: 31875
instr 496: 31718
instr 497: 32204
instr 498: 31990
instr 499: 29529
instr 500: 31353
instr 501: 28873
instr 502: 32137
instr 503: 31629
instr 504: 32312
instr 505: 29525
instr 506: 31989
instr 507: 32266
instr 508: 32281
instr 509: 29287
instr 510: 32638
instr 511: 31915
instr 512: 31364
instr 513: 27958
instr 514: 32523
instr 515: 29461
instr 516: 32427
instr 517: 32404
instr 518: 32256
instr 519: 32307
instr 520: 31721
instr 521: 32226
instr 522: 32638
instr 523: 31002
instr 524: 31721
instr 525: 28890
instr 526: 31985
instr 527: 32640
instr 528: 31931
instr 529: 32692
instr 530: 32600
instr 531: 32040
instr 532: 29509
instr 533: 32764
instr 534: 29654
instr 535: 31336
instr 536: 32573
instr 537: 32075
instr 538: 32080
instr 539: 29854
instr 540: 31094
instr 541: 31425
instr 542: 32165
instr 543: 29209
instr 544: 30287
instr 545: 32259
instr 546: 26458
instr 547: 31307
instr 548: 31657
instr 549: 32508
instr 550: 32457
instr 551: 32724
instr 552: 32576
instr 553: 32365
instr 554: 30058
instr 555: 31918
instr 556: 31759
instr 557: 32596
instr 558: 30860
instr 559: 32679
instr 560: 31575
instr 561: 31167
instr 562: 30523
instr 563: 31918
instr 564: 29008
instr 565: 31885
instr 566: 32300
instr 567: 30111
instr 568: 31758
instr 569: 31859
instr 570: 31516
instr 571: 32610
instr 572: 32581
instr 573: 31098
instr 574: 29991
instr 575: 32320
instr 576: 28611
instr 577: 31650
instr 578: 30080
instr 579: 30037
instr 580: 30536
instr 581: 32516
instr 582: 30550
instr 583: 31846
instr 584: 29486
instr 585: 29737
instr 586: 32413
instr 587: 28058
instr 588: 32581
instr 589: 32719
instr 590: 29646
instr 591: 29371
instr 592: 32552
instr 593: 31279
instr 594: 29554
instr 595: 30739
instr 596: 31429
instr 597: 30191
instr 598: 30495
instr 599: 32737
instr 600: 32534
instr 601: 32640
instr 602: 32645
instr 603: 32425
instr 604: 31685
instr 605: 32073
instr 606: 32467
instr 607: 32763
instr 608: 30488
instr 609: 31696
instr 610: 32388
instr 611: 31877
instr 612: 29356
instr 613: 32178
instr 614: 29125
instr 615: 32133
instr 616: 32639
instr 617: 30705
instr 618: 31192
instr 619: 30925
instr 620: 29435
instr 621: 32327
instr 622: 31311
instr 623: 31115
instr 624: 27451
instr 625: 31979
instr 626: 32493
instr 627: 29449
instr 628: 31664
instr 629: 27802
instr 630: 30649
instr 631: 31460
instr 632: 32040
instr 633: 31268
instr 634: 32004
instr 635: 32376
instr 636: 30680
instr 637: 32231
instr 638: 32437
instr 639: 31343
instr 640: 31039
instr 641: 32213
instr 642: 31569
instr 643: 30955
instr 644: 28876
instr 645: 32345
instr 646: 31009
instr 647: 30316
instr 648: 32623
instr 649: 31960
instr 650: 32115
instr 651: 27394
instr 652: 32651
instr 653: 32580
instr 654: 32713
instr 655: 27710
instr 656: 24241
instr 657: 31463
instr 658: 31123
instr 659: 27212
instr 660: 31734
instr 661: 30622
instr 662: 32657
instr 663: 32739
instr 664: 32632
instr 665: 32459
instr 666: 30217
instr 667: 31706
instr 668: 31933
instr 669: 31233
instr 670: 32127
instr 671: 31067
instr 672: 32599
instr 673: 30525
instr 674: 32027
instr 675: 32346
instr 676: 32208
instr 677: 31643
instr 678: 32696
instr 679: 32758
instr 680: 31420
instr 681: 32160
instr 682: 31884
instr 683: 31171
instr 684: 31946
instr 685: 32239
instr 686: 29470
instr 687: 32387
instr 688: 32303
instr 689: 28021
instr 690: 30379
instr 691: 31974
instr 692: 32574
instr 693: 28957
instr 694: 31809
instr 695: 29746
instr 696: 32252
instr 697: 32453
instr 698: 32536
instr 699: 31350
instr 700: 30350
instr 701: 31915
instr 702: 29992
instr 703: 31576
instr 704: 30495
instr 705: 32720
instr 706: 32514
instr 707: 32043
instr 708: 32266
instr 709: 31912
instr 710: 32512
instr 711: 29345
instr 712: 31749
instr 713: 31708
instr 714: 31409
instr 715: 30623
instr 716: 28480
instr 717: 32763
instr 718: 30766
instr 719: 29620
instr 720: 32719
instr 721: 32562
instr 722: 32602
instr 723: 32080
instr 724: 31861
instr 725: 31852
instr 726: 30517
instr 727: 32418
instr 728: 31901
instr 729: 32242
instr 730: 31203
instr 731: 28253
instr 732: 31399
instr 733: 32040
instr 734: 31893
instr 735: 31759
instr 736: 32648
instr 737: 32282
instr 738: 32584
instr 739: 31518
instr 740: 25264
instr 741: 31590
instr 742: 32384
instr 743: 32282
instr 744: 30555
instr 745: 29997
instr 746: 30750
instr 747: 30019
instr 748: 29428
instr 749: 32451
instr 750: 29294
instr 751: 30709
instr 752: 32061
instr 753: 31420
instr 754: 29077
instr 755: 29956
instr 756: 31879
instr 757: 30552
instr 758: 31637
instr 759: 31982
instr 760: 31949
instr 761: 32390
instr 762: 32706
instr 763: 31871
instr 764: 30577
instr 765: 31667
instr 766: 30277
instr 767: 31830
instr 768: 31508
instr 769: 30898
instr 770: 32416
instr 771: 31873
instr 772: 30887
instr 773: 32678
instr 774: 31754
instr 775: 32309
instr 776: 32235
instr 777: 31191
instr 778: 31468
instr 779: 31488
instr 780: 32088
instr 781: 28149
instr 782: 32576
instr 783: 32233
instr 784: 31054
instr 785: 31955
instr 786: 31491
instr 787: 32290
instr 788: 32119
instr 789: 32448
instr 790: 32694
instr 791: 32612
instr 792: 32478
instr 793: 30812
instr 794: 31855
instr 795: 29441
instr 796: 31799
instr 797: 31709
instr 798: 32608
instr 799: 32322
instr 800: 31927
instr 801: 31701
instr 802: 28844
instr 803: 32061
instr 804: 29139
instr 805: 29429
instr 806: 32566
instr 807: 31851
instr 808: 32587
instr 809: 32736
instr 810: 32625
instr 811: 31329
instr 812: 31360
instr 813: 32036
instr 814: 29085
instr 815: 32171
instr 816: 28976
instr 817: 29569
instr 818: 31265
instr 819: 31208
instr 820: 32145
instr 821: 32752
instr 822: 32560
instr 823: 29902
instr 824: 30966
instr 825: 32203
instr 826: 32507
instr 827: 32399
instr 828: 32165
instr 829: 30689
instr 830: 32656
instr 831: 32505
instr 832: 32692
instr 833: 31268
instr 834: 30138
instr 835: 30799
instr 836: 32353
instr 837: 32645
instr 838: 32307
instr 839: 32400
instr 840: 31205
instr 841: 31275
instr 842: 31598
instr 843: 30748
instr 844: 31463
instr 845: 32086
instr 846: 29648
instr 847: 31705
instr 848: 30928
instr 849: 30886
instr 850: 32111
instr 851: 31023
instr 852: 32484
instr 853: 32595
instr 854: 31803
instr 855: 29743
instr 856: 32459
instr 857: 28347
instr 858: 31531
instr 859: 32361
instr 860: 29397
instr 861: 31281
instr 862: 28827
instr 863: 31999
instr 864: 31803
instr 865: 32228
instr 866: 31085
instr 867: 31858
instr 868: 32699
instr 869: 32693
instr 870: 32664
instr 871: 31986
instr 872: 29089
instr 873: 31815
instr 874: 32294
instr 875: 32260
instr 876: 29796
instr 877: 32149
instr 878: 28639
instr 879: 31514
instr 880: 32438
instr 881: 31780
instr 882: 32694
instr 883: 32502
instr 884: 27735
instr 885: 31995
instr 886: 32439
instr 887: 32638
instr 888: 32191
instr 889: 32408
instr 890: 32482
instr 891: 30556
instr 892: 32128
instr 893: 30351
instr 894: 29457
instr 895: 32356
instr 896: 32570
instr 897: 32638
instr 898: 32414
instr 899: 32603
instr 900: 32748
instr 901: 29232
instr 902: 32649
instr 903: 32579
instr 904: 31368
instr 905: 30870
instr 906: 29349
instr 907: 31141
instr 908: 31341
instr 909: 31126
instr 910: 32109
instr 911: 29908
instr 912: 31155
instr 913: 32435
instr 914: 31792
instr 915: 31230
instr 916: 32147
instr 917: 27570
instr 918: 32742
instr 919: 29867
instr 920: 31359
instr 921: 31911
instr 922: 31931
instr 923: 32713
instr 924: 32618
instr 925: 32043
instr 926: 31197
instr 927: 32085
instr 928: 31969
instr 929: 32762
instr 930: 32264
instr 931: 31679
instr 932: 32002
instr 933: 31614
instr 934: 31320
instr 935: 31122
instr 936: 31596
instr 937: 30428
instr 938: 32304
instr 939: 31860
instr 940: 32689
instr 941: 32736
instr 942: 28017
instr 943: 30821
instr 944: 32597
instr 945: 30593
instr 946: 32762
instr 947: 31161
instr 948: 32406
instr 949: 30899
instr 950: 32208
instr 951: 32145
instr 952: 31687
instr 953: 32473
instr 954: 32437
instr 955: 31966
instr 956: 30675
instr 957: 29942
instr 958: 31951
instr 959: 32570
instr 960: 32613
instr 961: 32151
instr 962: 32515
instr 963: 32376
instr 964: 31268
instr 965: 32664
instr 966: 32411
instr 967: 32088
instr 968: 31374
instr 969: 32254
instr 970: 31729
instr 971: 28682
instr 972: 32447
instr 973: 31702
instr 974: 32281
instr 975: 31034
instr 976: 32431
instr 977: 31494
instr 978: 31459
instr 979: 31914
instr 980: 31400
instr 981: 30854
instr 982: 32285
instr 983: 32748
instr 984: 30602
instr 985: 32140
instr 986: 31322
instr 987: 32248
instr 988: 27848
instr 989: 32381
instr 990: 28964
instr 991: 32678
instr 992: 32642
instr 993: 32357
instr 994: 32031
instr 995: 32438
instr 996: 32440
instr 997: 31849
instr 998: 32282
instr 999: 32641
instr 1000: 31616
instr 1001: 31018
instr 1002: 32556
instr 1003: 32082
