instr 0: 0
instr 1: 0
instr 2: 0
instr 3: 0
instr 4: -24446
instr 5: -24790
instr 6: -20292
instr 7: -22190
instr 8: -19191
instr 9: 102
instr 10: -28959
instr 11: -28675
instr 12: -28694
instr 13: -26690
instr 14: -15382
instr 15: -26201
instr 16: -28297
instr 17: -30794
instr 18: -29254
instr 19: -23835
instr 20: -32349
instr 21: -25324
instr 22: -32274
instr 23: -25549
instr 24: -24875
instr 25: -28052
instr 26: -31161
instr 27: -30927
instr 28: -31369
instr 29: -31453
instr 30: -24149
instr 31: -32127
instr 32: -21771
instr 33: -31337
instr 34: -31850
instr 35: -25719
instr 36: -27799
instr 37: -23513
instr 38: -28012
instr 39: -22738
instr 40: -32248
instr 41: -31617
instr 42: -28477
instr 43: -30675
instr 44: -26355
instr 45: -26637
instr 46: -30397
instr 47: -29946
instr 48: -29705
instr 49: -27820
instr 50: -32333
instr 51: -26105
instr 52: -27094
instr 53: -26954
instr 54: -29618
instr 55: -31513
instr 56: -30661
instr 57: -20742
instr 58: -31224
instr 59: -23376
instr 60: -31736
instr 61: -23459
instr 62: -28087
instr 63: -25936
instr 64: -29517
instr 65: -30360
instr 66: -31036
instr 67: -27658
instr 68: -26110
instr 69: -31486
instr 70: -29096
instr 71: -28440
instr 72: -31293
instr 73: -32024
instr 74: -32050
instr 75: -32051
instr 76: -32413
instr 77: -27894
instr 78: -19834
instr 79: -31760
instr 80: -19923
instr 81: -30352
instr 82: -32498
instr 83: -18487
instr 84: -27606
instr 85: -32173
instr 86: -29790
instr 87: -28281
instr 88: -28524
instr 89: 2831
instr 90: -18780
instr 91: -20250
instr 92: -3213
instr 93: -27596
instr 94: -24468
instr 95: -29189
instr 96: -29875
instr 97: -30998
instr 98: -31853
instr 99: -30007
instr 100: -32299
instr 101: -28860
instr 102: -23308
instr 103: -14915
instr 104: -32064
instr 105: -29348
instr 106: -31963
instr 107: -21948
instr 108: -27119
instr 109: -21342
instr 110: -31808
instr 111: -28942
instr 112: -31200
instr 113: -24888
instr 114: -26499
instr 115: -32375
instr 116: -27401
instr 117: -28933
instr 118: -26366
instr 119: -26105
instr 120: -25568
instr 121: -21820
instr 122: -11630
instr 123: -32498
instr 124: -26897
instr 125: -21071
instr 126: -32307
instr 127: -17298
instr 128: -29436
instr 129: -28853
instr 130: -22272
instr 131: -26374
instr 132: -17212
instr 133: -25978
instr 134: -25614
instr 135: -29465
instr 136: -29430
instr 137: -13980
instr 138: -28470
instr 139: -27194
instr 140: -31246
instr 141: -28313
instr 142: -32326
instr 143: -26322
instr 144: -32602
instr 145: -26127
instr 146: -22827
instr 147: -28786
instr 148: -31382
instr 149: -28099
instr 150: -31385
instr 151: -21536
instr 152: -26385
instr 153: -32149
instr 154: -30233
instr 155: -18869
instr 156: -27249
instr 157: -30968
instr 158: -17447
instr 159: -26854
instr 160: -31123
instr 161: -25958
instr 162: -18005
instr 163: -22378
instr 164: -27999
instr 165: -30238
instr 166: -19679
instr 167: -31048
instr 168: -31172
instr 169: -28643
instr 170: -26848
instr 171: -30993
instr 172: -32768
instr 173: -9120
instr 174: -31666
instr 175: -30343
instr 176: -28184
instr 177: -26818
instr 178: -30118
instr 179: -27945
instr 180: -21576
instr 181: -31882
instr 182: -27590
instr 183: -30278
instr 184: -28039
instr 185: -26062
instr 186: -29746
instr 187: -32492
instr 188: -29398
instr 189: -28326
instr 190: -31565
instr 191: -29993
instr 192: -26021
instr 193: -31207
instr 194: -31223
instr 195: -28661
instr 196: -9025
instr 197: -28303
instr 198: -25321
instr 199: -28970
instr 200: -21385
instr 201: -31289
instr 202: -29987
instr 203: -32153
instr 204: -20929
instr 205: -31220
instr 206: -32529
instr 207: -26021
instr 208: -31863
instr 209: -31376
instr 210: -28525
instr 211: -21548
instr 212: -28678
instr 213: -29647
instr 214: -29206
instr 215: -26667
instr 216: -17318
instr 217: -32061
instr 218: -21494
instr 219: -31812
instr 220: -9962
instr 221: -26937
instr 222: -24277
instr 223: -22005
instr 224: -32258
instr 225: -29793
instr 226: -30001
instr 227: -22079
instr 228: -24332
instr 229: -29895
instr 230: -32180
instr 231: -32466
instr 232: -22336
instr 233: -25170
instr 234: -26238
instr 235: -27079
instr 236: -28608
instr 237: -30233
instr 238: -23857
instr 239: -21779
instr 240: -23632
instr 241: -18123
instr 242: -26373
instr 243: -18106
instr 244: -30110
instr 245: -31326
instr 246: -18197
instr 247: -21724
instr 248: -22277
instr 249: -23847
instr 250: -30658
instr 251: -30887
instr 252: -26466
instr 253: -31578
instr 254: -3486
instr 255: -287
instr 256: -28392
instr 257: -24800
instr 258: -30357
instr 259: -32558
instr 260: -29771
instr 261: -32199
instr 262: -31632
instr 263: -18144
instr 264: -30074
instr 265: -31098
instr 266: -26681
instr 267: -26040
instr 268: -27625
instr 269: -25315
instr 270: -26180
instr 271: -30688
instr 272: -28435
instr 273: -26230
instr 274: -21961
instr 275: -23186
instr 276: -30726
instr 277: -27583
instr 278: -27708
instr 279: -18284
instr 280: -32020
instr 281: -26793
instr 282: -29425
instr 283: -29215
instr 284: -25033
instr 285: -26751
instr 286: -20325
instr 287: -31717
instr 288: -30026
instr 289: -27114
instr 290: -30070
instr 291: -31040
instr 292: -21238
instr 293: -29183
instr 294: -26972
instr 295: -32362
instr 296: -30683
instr 297: -30253
instr 298: -31401
instr 299: -27007
instr 300: -28514
instr 301: -24709
instr 302: -32061
instr 303: -31016
instr 304: -29938
instr 305: -26475
instr 306: -22491
instr 307: -31144
instr 308: -28282
instr 309: -28340
instr 310: -16632
instr 311: -24683
instr 312: -23069
instr 313: -10690
instr 314: -25011
instr 315: -19024
instr 316: -32623
instr 317: -23137
instr 318: -28153
instr 319: -32071
instr 320: -31056
instr 321: -29589
instr 322: -28657
instr 323: 1553
instr 324: -12154
instr 325: -30755
instr 326: -30650
instr 327: -32011
instr 328: -32611
instr 329: -30791
instr 330: -26140
instr 331: -31795
instr 332: -25189
instr 333: -4216
instr 334: -31048
instr 335: -23470
instr 336: -23565
instr 337: -26128
instr 338: -28910
instr 339: -13764
instr 340: -30870
instr 341: -29080
instr 342: -27586
instr 343: -31276
instr 344: -29253
instr 345: -22876
instr 346: -30426
instr 347: -26814
instr 348: -27172
instr 349: -21481
instr 350: -32417
instr 351: -14978
instr 352: -31022
instr 353: -25442
instr 354: -32187
instr 355: -27731
instr 356: -19162
instr 357: -28133
instr 358: -27905
instr 359: -23249
instr 360: -29400
instr 361: -30235
instr 362: -31643
instr 363: -28866
instr 364: -28510
instr 365: -30533
instr 366: -20898
instr 367: -29042
instr 368: -18156
instr 369: -29937
instr 370: -30947
instr 371: -26701
instr 372: -28956
instr 373: -29136
instr 374: -30411
instr 375: -31730
instr 376: -22388
instr 377: -29728
instr 378: -30903
instr 379: -28940
instr 380: -30511
instr 381: -30283
instr 382: -30756
instr 383: -27792
instr 384: -26829
instr 385: -28854
instr 386: -27450
instr 387: -27151
instr 388: -28606
instr 389: -24046
instr 390: -24024
instr 391: -27639
instr 392: -21913
instr 393: -30360
instr 394: -20552
instr 395: -20574
instr 396: -16357
instr 397: -32767
instr 398: -29863
instr 399: -12912
instr 400: -25273
instr 401: -27724
instr 402: -30231
instr 403: -25323
instr 404: -30780
instr 405: -28585
instr 406: -32419
instr 407: -29344
instr 408: -31233
instr 409: -30272
instr 410: -17969
instr 411: -22700
instr 412: -29004
instr 413: -31095
instr 414: -30606
instr 415: -27063
instr 416: -24537
instr 417: -14956
instr 418: -25262
instr 419: -26541
instr 420: -28204
instr 421: -31617
instr 422: -30258
instr 423: -31916
instr 424: -27721
instr 425: -26522
instr 426: -16362
instr 427: -29024
instr 428: -27718
instr 429: -22301
instr 430: -28835
instr 431: -15837
instr 432: -26953
instr 433: -30296
instr 434: -31575
instr 435: -20712
instr 436: -31751
instr 437: -32655
instr 438: -30420
instr 439: -32738
instr 440: -25280
instr 441: -25376
instr 442: -24969
instr 443: -14619
instr 444: -28355
instr 445: -32742
instr 446: -30102
instr 447: -31546
instr 448: -20270
instr 449: -19882
instr 450: -9154
instr 451: -31844
instr 452: -16769
instr 453: -28596
instr 454: -32544
instr 455: -29900
instr 456: -15276
instr 457: -27208
instr 458: -20519
instr 459: -31810
instr 460: -16619
instr 461: -29429
instr 462: -32586
instr 463: -31806
instr 464: -19945
instr 465: -25690
instr 466: -30555
instr 467: -29557
instr 468: -25673
instr 469: -30802
instr 470: -26681
instr 471: -29006
instr 472: -28487
instr 473: -31087
instr 474: -19735
instr 475: -29047
instr 476: -21400
instr 477: -23464
instr 478: -20864
instr 479: -30244
instr 480: -19179
instr 481: -31798
instr 482: -32017
instr 483: -28607
instr 484: -31949
instr 485: -25879
instr 486: -28126
instr 487: -17393
instr 488: -27420
instr 489: -23948
instr 490: -31193
instr 491: -32420
instr 492: -30961
instr 493: -30896
instr 494: -32678
instr 495: -27904
instr 496: -32728
instr 497: -27541
instr 498: -32449
instr 499: -23107
instr 500: -15501
instr 501: -14538
instr 502: -31592
instr 503: -19137
instr 504: -26019
instr 505: -29470
instr 506: -30709
instr 507: -28298
instr 508: -18358
instr 509: -25580
instr 510: -32291
instr 511: -29883
instr 512: -21023
instr 513: -31847
instr 514: -24602
instr 515: -29242
instr 516: -31889
instr 517: -31328
instr 518: -21144
instr 519: -24120
instr 520: -29780
instr 521: -31813
instr 522: -30960
instr 523: -17010
instr 524: -17458
instr 525: -26529
instr 526: -19222
instr 527: -30330
instr 528: -28348
instr 529: -26563
instr 530: -23033
instr 531: -12969
instr 532: -10777
instr 533: -27483
instr 534: -22171
instr 535: -14633
instr 536: -22717
instr 537: -26195
instr 538: -26905
instr 539: -32650
instr 540: -22311
instr 541: -31605
instr 542: -26670
instr 543: -24394
instr 544: -32482
instr 545: -32209
instr 546: -29212
instr 547: -30013
instr 548: -29650
instr 549: -31437
instr 550: -26967
instr 551: -29760
instr 552: -30673
instr 553: -27341
instr 554: -30021
instr 555: -28934
instr 556: -32396
instr 557: -29333
instr 558: -30442
instr 559: -24404
instr 560: -27495
instr 561: -9884
instr 562: -30826
instr 563: -25870
instr 564: -29450
instr 565: -19559
instr 566: -31582
instr 567: -29178
instr 568: -29633
instr 569: -31617
instr 570: -7592
instr 571: -30450
instr 572: -28942
instr 573: -30890
instr 574: -12780
instr 575: -27691
instr 576: -26695
instr 577: -20259
instr 578: -32444
instr 579: -31772
instr 580: -30402
instr 581: -22233
instr 582: -18402
instr 583: -32403
instr 584: -28487
instr 585: -32444
instr 586: -31024
instr 587: -22454
instr 588: -30335
instr 589: -32047
instr 590: -19706
instr 591: -25641
instr 592: -32321
instr 593: -12730
instr 594: -29307
instr 595: -28645
instr 596: -27185
instr 597: -32132
instr 598: -25651
instr 599: -25919
instr 600: -27799
instr 601: -32630
instr 602: -26376
instr 603: -19519
instr 604: -27262
instr 605: -29889
instr 606: -26289
instr 607: -23492
instr 608: -28501
instr 609: -32603
instr 610: -24276
instr 611: -22412
instr 612: -28016
instr 613: -31165
instr 614: -30254
instr 615: -31846
instr 616: -26481
instr 617: -10843
instr 618: -18120
instr 619: -27384
instr 620: -31280
instr 621: -32542
instr 622: -27815
instr 623: -24258
instr 624: -30070
instr 625: -31365
instr 626: -29579
instr 627: -25210
instr 628: -32717
instr 629: -32295
instr 630: -32263
instr 631: -29242
instr 632: -32575
instr 633: -28076
instr 634: -27102
instr 635: -26536
instr 636: -23295
instr 637: -31803
instr 638: -27781
instr 639: -27510
instr 640: -18684
instr 641: -26809
instr 642: -31712
instr 643: -31671
instr 644: -27284
instr 645: -30671
instr 646: -26647
instr 647: -27949
instr 648: -29858
instr 649: -29154
instr 650: -27261
instr 651: -27422
instr 652: -25679
instr 653: -25688
instr 654: -22832
instr 655: -30217
instr 656: -28014
instr 657: -27898
instr 658: -30479
instr 659: -31244
instr 660: -31742
instr 661: -29448
instr 662: -24672
instr 663: -20848
instr 664: -32617
instr 665: -27646
instr 666: -29620
instr 667: -22284
instr 668: -19467
instr 669: -30383
instr 670: -30962
instr 671: -19029
instr 672: -27964
instr 673: -26548
instr 674: -29854
instr 675: -32319
instr 676: -32489
instr 677: -28775
instr 678: -31515
instr 679: -30546
instr 680: -24670
instr 681: -29558
instr 682: -26847
instr 683: -20046
instr 684: -29215
instr 685: -19740
instr 686: -31499
instr 687: -30321
instr 688: -2426
instr 689: -23212
instr 690: -27347
instr 691: -24972
instr 692: -28123
instr 693: -18276
instr 694: -26926
instr 695: -25416
instr 696: -21277
instr 697: -30080
instr 698: -29655
instr 699: -31398
instr 700: -31134
instr 701: -31129
instr 702: -30712
instr 703: -21972
instr 704: -25133
instr 705: -30786
instr 706: -27608
instr 707: -32646
instr 708: -23933
instr 709: -22848
instr 710: -32763
instr 711: -16354
instr 712: -21007
instr 713: -21892
instr 714: -17748
instr 715: -26547
instr 716: -19800
instr 717: -15910
instr 718: -29013
instr 719: -12665
instr 720: -28785
instr 721: -25407
instr 722: -26817
instr 723: -30874
instr 724: -31387
instr 725: -23932
instr 726: -30687
instr 727: -19650
instr 728: -26519
instr 729: -26379
instr 730: -19060
instr 731: -31715
instr 732: -19252
instr 733: -31240
instr 734: -28492
instr 735: -32038
instr 736: -26694
instr 737: -26508
instr 738: -29659
instr 739: -31234
instr 740: -30217
instr 741: -29481
instr 742: -22201
instr 743: -27873
instr 744: -28529
instr 745: -31497
instr 746: -26758
instr 747: -22662
instr 748: -32745
instr 749: -30940
instr 750: -32363
instr 751: -6629
instr 752: -30521
instr 753: -30240
instr 754: -28861
instr 755: -16353
instr 756: -29360
instr 757: -31755
instr 758: -30645
instr 759: -30190
instr 760: -28784
instr 761: -30342
instr 762: -32543
instr 763: -32125
instr 764: -23593
instr 765: -30097
instr 766: -25158
instr 767: -31912
instr 768: -30368
instr 769: -13194
instr 770: -20470
instr 771: -30793
instr 772: -23651
instr 773: -15910
instr 774: -30697
instr 775: -19422
instr 776: -31713
instr 777: -28764
instr 778: -32007
instr 779: -27367
instr 780: -25893
instr 781: -31363
instr 782: -29106
instr 783: -29781
instr 784: -18066
instr 785: -28890
instr 786: -32056
instr 787: -27299
instr 788: -28265
instr 789: -32201
instr 790: -22174
instr 791: -29015
instr 792: -11546
instr 793: -31134
instr 794: -25187
instr 795: -31404
instr 796: -26785
instr 797: 4720
instr 798: -29639
instr 799: -30059
instr 800: -25902
instr 801: -24566
instr 802: -11918
instr 803: -20118
instr 804: -27862
instr 805: -29988
instr 806: -22767
instr 807: -26546
instr 808: -9496
instr 809: -28791
instr 810: -21998
instr 811: -26830
instr 812: -28172
instr 813: -30784
instr 814: -29335
instr 815: -29726
instr 816: -32177
instr 817: -31574
instr 818: -30518
instr 819: -25330
instr 820: -27085
instr 821: -24666
instr 822: -29817
instr 823: -25656
instr 824: -32684
instr 825: -24369
instr 826: -29865
instr 827: -22946
instr 828: -32075
instr 829: -31795
instr 830: -31931
instr 831: -27101
instr 832: -27866
instr 833: -13597
instr 834: -8411
instr 835: -29178
instr 836: -24122
instr 837: -30941
instr 838: -21745
instr 839: -31408
instr 840: -25013
instr 841: -32170
instr 842: -31345
instr 843: -4917
instr 844: -29016
instr 845: -28853
instr 846: -23710
instr 847: -30693
instr 848: -25642
instr 849: -30304
instr 850: -23964
instr 851: -21166
instr 852: -25546
instr 853: -29742
instr 854: -31350
instr 855: -21266
instr 856: -21416
instr 857: -31039
instr 858: -31496
instr 859: -17482
instr 860: -27162
instr 861: -30012
instr 862: -25316
instr 863: -31515
instr 864: -27270
instr 865: -26971
instr 866: -29701
instr 867: -29686
instr 868: -26560
instr 869: -26550
instr 870: -29976
instr 871: -25786
instr 872: -27903
instr 873: -31776
instr 874: -32337
instr 875: -29856
instr 876: -30618
instr 877: 5356
instr 878: -31468
instr 879: -31925
instr 880: -32327
instr 881: -26265
instr 882: -32081
instr 883: -21432
instr 884: -31399
instr 885: -26110
instr 886: -22612
instr 887: -28011
instr 888: -17147
instr 889: -13766
instr 890: -28880
instr 891: -10945
instr 892: -28187
instr 893: -26954
instr 894: -32323
instr 895: -27218
instr 896: -30242
instr 897: -31177
instr 898: -22888
instr 899: -32252
instr 900: -32102
instr 901: -26147
instr 902: -28773
instr 903: -31740
instr 904: -23713
instr 905: -31922
instr 906: -19687
instr 907: -30749
instr 908: -28561
instr 909: -24495
instr 910: -25115
instr 911: -30471
instr 912: -31603
instr 913: -8565
instr 914: -14339
instr 915: -27230
instr 916: -26967
instr 917: -29796
instr 918: -31657
instr 919: -29563
instr 920: -26298
instr 921: -29988
instr 922: -15529
instr 923: -20042
instr 924: -27989
instr 925: -22570
instr 926: -19564
instr 927: -21861
instr 928: -24906
instr 929: -16018
instr 930: -27233
instr 931: -29496
instr 932: -25304
instr 933: -25029
instr 934: -20149
instr 935: -19865
instr 936: -26776
instr 937: -31897
instr 938: -30872
instr 939: -28823
instr 940: -28070
instr 941: -28665
instr 942: -13818
instr 943: -31759
instr 944: -32746
instr 945: -25147
instr 946: -27121
instr 947: -14349
instr 948: -32371
instr 949: -27049
instr 950: -15499
instr 951: -26891
instr 952: -32664
instr 953: -31119
instr 954: -28749
instr 955: -25249
instr 956: -13948
instr 957: -30820
instr 958: -32488
instr 959: -32255
instr 960: -20661
instr 961: -30317
instr 962: -27352
instr 963: -27949
instr 964: -31680
instr 965: -27048
instr 966: -27734
instr 967: -22847
instr 968: -30750
instr 969: -25999
instr 970: -10580
instr 971: -26070
instr 972: -24050
instr 973: -29083
instr 974: -8917
instr 975: -23421
instr 976: -31703
instr 977: -28031
instr 978: -26341
instr 979: -30916
instr 980: -31076
instr 981: -32619
instr 982: -28904
instr 983: -21765
instr 984: -19646
instr 985: -29984
instr 986: -15704
instr 987: -28655
instr 988: -30798
instr 989: -28538
instr 990: -27096
instr 991: -25724
instr 992: -32101
instr 993: -17519
instr 994: -30241
instr 995: -31286
instr 996: -32450
instr 997: -30773
instr 998: -18657
instr 999: -30437
instr 1000: -28323
instr 1001: -29134
instr 1002: -12669
instr 1003: -31838
