instr 0: 0
instr 1: 0
instr 2: 0
instr 3: 0
instr 4: 6041
instr 5: -7097
instr 6: -8854
instr 7: -27919
instr 8: -28740
instr 9: 1722
instr 10: -19600
instr 11: -25444
instr 12: -26548
instr 13: -18339
instr 14: -30351
instr 15: -20518
instr 16: -6183
instr 17: -18466
instr 18: -32400
instr 19: 3707
instr 20: 815
instr 21: -14264
instr 22: -29572
instr 23: -30770
instr 24: -27125
instr 25: 4086
instr 26: -30284
instr 27: -15224
instr 28: -32685
instr 29: -30330
instr 30: 12842
instr 31: -27541
instr 32: -21381
instr 33: 13868
instr 34: -31071
instr 35: -31469
instr 36: -20124
instr 37: -5597
instr 38: -27665
instr 39: -26290
instr 40: -2434
instr 41: -4776
instr 42: -21786
instr 43: -13627
instr 44: 4775
instr 45: -30577
instr 46: -13416
instr 47: -13148
instr 48: -15840
instr 49: -13081
instr 50: -26306
instr 51: -13011
instr 52: -19056
instr 53: -27937
instr 54: -25382
instr 55: -32442
instr 56: -29663
instr 57: -26486
instr 58: -12150
instr 59: -18731
instr 60: -9430
instr 61: -29344
instr 62: -29024
instr 63: -20531
instr 64: -28337
instr 65: -27961
instr 66: -13870
instr 67: -31574
instr 68: -17712
instr 69: -23260
instr 70: -791
instr 71: -28525
instr 72: -10121
instr 73: -29385
instr 74: -23624
instr 75: -24430
instr 76: -4017
instr 77: -31528
instr 78: -23706
instr 79: -15510
instr 80: -26485
instr 81: -25286
instr 82: -1841
instr 83: -29604
instr 84: -27434
instr 85: -28613
instr 86: -23185
instr 87: -14719
instr 88: -26964
instr 89: -27510
instr 90: -22440
instr 91: -20713
instr 92: -29241
instr 93: -14675
instr 94: -6076
instr 95: -20888
instr 96: -4201
instr 97: -28821
instr 98: -11950
instr 99: -28997
instr 100: -32228
instr 101: -656
instr 102: -32309
instr 103: -17380
instr 104: -31138
instr 105: -6814
instr 106: -21496
instr 107: -30695
instr 108: 8941
instr 109: -663
instr 110: -8584
instr 111: -22152
instr 112: -29187
instr 113: 13521
instr 114: -29675
instr 115: -21753
instr 116: -22692
instr 117: 12026
instr 118: -22763
instr 119: -17150
instr 120: -23339
instr 121: -21002
instr 122: -10273
instr 123: -21771
instr 124: 5978
instr 125: -6596
instr 126: -8498
instr 127: -19622
instr 128: -27722
instr 129: -27920
instr 130: -22673
instr 131: -31941
instr 132: 11613
instr 133: -31915
instr 134: -9137
instr 135: -11354
instr 136: 5913
instr 137: -29278
instr 138: -22902
instr 139: -28020
instr 140: -30959
instr 141: -31903
instr 142: 2425
instr 143: -16201
instr 144: -32214
instr 145: -20073
instr 146: -18125
instr 147: -28130
instr 148: -27740
instr 149: -9744
instr 150: -18452
instr 151: -6816
instr 152: -32645
instr 153: -12709
instr 154: -6876
instr 155: -28000
instr 156: -27138
instr 157: -32696
instr 158: -8685
instr 159: -23457
instr 160: -15303
instr 161: -24527
instr 162: -27543
instr 163: -18072
instr 164: -2655
instr 165: -21544
instr 166: -13689
instr 167: -8874
instr 168: -27427
instr 169: -19497
instr 170: 15489
instr 171: -28138
instr 172: -31154
instr 173: -27843
instr 174: -13641
instr 175: -31347
instr 176: -21877
instr 177: -17794
instr 178: -10505
instr 179: 1742
instr 180: -5594
instr 181: -9113
instr 182: -15644
instr 183: -16517
instr 184: -28968
instr 185: -20865
instr 186: -22331
instr 187: -26852
instr 188: -28557
instr 189: -25788
instr 190: -29126
instr 191: -27432
instr 192: -24091
instr 193: -20665
instr 194: -19488
instr 195: -28872
instr 196: -32541
instr 197: -25964
instr 198: -27282
instr 199: -25011
instr 200: -28147
instr 201: -24542
instr 202: -9327
instr 203: -31080
instr 204: -2083
instr 205: -31824
instr 206: -22889
instr 207: -28810
instr 208: -27970
instr 209: -7861
instr 210: -8615
instr 211: -32650
instr 212: -20055
instr 213: -16008
instr 214: -26492
instr 215: -11266
instr 216: -31816
instr 217: -28295
instr 218: -19268
instr 219: -27279
instr 220: -28052
instr 221: -24061
instr 222: -29121
instr 223: -10704
instr 224: -29890
instr 225: -26837
instr 226: -7630
instr 227: -19709
instr 228: -23152
instr 229: -19392
instr 230: -32051
instr 231: -31201
instr 232: -15610
instr 233: -24905
instr 234: -15129
instr 235: -12804
instr 236: -31263
instr 237: -21289
instr 238: -32393
instr 239: -20319
instr 240: -19491
instr 241: -22274
instr 242: -27959
instr 243: -26664
instr 244: -28345
instr 245: -6260
instr 246: -31592
instr 247: -18003
instr 248: -14805
instr 249: -28457
instr 250: -21492
instr 251: -29887
instr 252: -32403
instr 253: -21656
instr 254: -13556
instr 255: -27916
instr 256: -20920
instr 257: -31014
instr 258: -26254
instr 259: -28533
instr 260: -21714
instr 261: -9538
instr 262: -18862
instr 263: -20871
instr 264: -27028
instr 265: -20458
instr 266: -25781
instr 267: -24294
instr 268: -17991
instr 269: -22586
instr 270: -32320
instr 271: -12149
instr 272: -28821
instr 273: -23909
instr 274: -29105
instr 275: -18997
instr 276: -22194
instr 277: -25687
instr 278: -22945
instr 279: -32261
instr 280: -26523
instr 281: -30988
instr 282: -27160
instr 283: -30598
instr 284: 2310
instr 285: -27274
instr 286: 7645
instr 287: -27863
instr 288: -27404
instr 289: -17457
instr 290: -30773
instr 291: -32710
instr 292: -28382
instr 293: -16512
instr 294: -10610
instr 295: -29369
instr 296: -16781
instr 297: -15222
instr 298: -21793
instr 299: -1607
instr 300: -1988
instr 301: -29560
instr 302: -3412
instr 303: -29766
instr 304: -21982
instr 305: 474
instr 306: -26761
instr 307: -11119
instr 308: -16710
instr 309: -31815
instr 310: -13243
instr 311: -26056
instr 312: -28926
instr 313: -23660
instr 314: -12624
instr 315: -7880
instr 316: -31103
instr 317: 4411
instr 318: -28291
instr 319: -32014
instr 320: -22857
instr 321: -31241
instr 322: -21783
instr 323: -24651
instr 324: -26807
instr 325: -4152
instr 326: -17448
instr 327: -30919
instr 328: -25373
instr 329: -436
instr 330: -17253
instr 331: -8014
instr 332: -17707
instr 333: -22763
instr 334: -26429
instr 335: -21053
instr 336: -17869
instr 337: -31927
instr 338: -19401
instr 339: -25962
instr 340: -26739
instr 341: -30570
instr 342: -27226
instr 343: -22705
instr 344: -23600
instr 345: -10767
instr 346: -26478
instr 347: -29368
instr 348: -32104
instr 349: -19059
instr 350: -29285
instr 351: -8505
instr 352: -18714
instr 353: -25688
instr 354: -25030
instr 355: -24749
instr 356: -3739
instr 357: -14348
instr 358: -15929
instr 359: -25018
instr 360: -17563
instr 361: -28037
instr 362: -16475
instr 363: -31087
instr 364: -13909
instr 365: 1493
instr 366: -14001
instr 367: -24964
instr 368: -22742
instr 369: -25100
instr 370: -31280
instr 371: -23384
instr 372: -29000
instr 373: -26797
instr 374: -28491
instr 375: -13626
instr 376: -31240
instr 377: -29821
instr 378: -28774
instr 379: -18265
instr 380: -24722
instr 381: -8500
instr 382: -19985
instr 383: -29146
instr 384: -3559
instr 385: -28449
instr 386: -24797
instr 387: -11891
instr 388: -25633
instr 389: 16895
instr 390: -26744
instr 391: -32731
instr 392: -21261
instr 393: -19740
instr 394: -29026
instr 395: -9197
instr 396: -21733
instr 397: -20513
instr 398: -30743
instr 399: -11530
instr 400: -27956
instr 401: 10767
instr 402: -16549
instr 403: -24018
instr 404: -15902
instr 405: -12055
instr 406: -25854
instr 407: -25507
instr 408: -29339
instr 409: -27749
instr 410: -25987
instr 411: -13590
instr 412: -13962
instr 413: -20199
instr 414: 11489
instr 415: -22488
instr 416: -15691
instr 417: -18709
instr 418: -21666
instr 419: -24877
instr 420: -19894
instr 421: -28354
instr 422: -28616
instr 423: -2037
instr 424: -22100
instr 425: -17675
instr 426: -5964
instr 427: -27605
instr 428: -13571
instr 429: -25415
instr 430: -31195
instr 431: -30409
instr 432: -23122
instr 433: -27459
instr 434: -29347
instr 435: -23784
instr 436: -27971
instr 437: -25706
instr 438: -8873
instr 439: -31858
instr 440: -16158
instr 441: -22933
instr 442: 670
instr 443: -15876
instr 444: -18175
instr 445: -9036
instr 446: -21848
instr 447: -28965
instr 448: -25815
instr 449: -22606
instr 450: -13648
instr 451: -25456
instr 452: -16479
instr 453: -22245
instr 454: 1598
instr 455: -31046
instr 456: -21266
instr 457: -26828
instr 458: -25397
instr 459: -11968
instr 460: -31955
instr 461: -28116
instr 462: -22635
instr 463: -14640
instr 464: -6083
instr 465: 4931
instr 466: -27346
instr 467: -22186
instr 468: -23084
instr 469: -15504
instr 470: -28108
instr 471: -29159
instr 472: -7407
instr 473: -5314
instr 474: 4288
instr 475: -30389
instr 476: -16056
instr 477: -20805
instr 478: -25815
instr 479: -24018
instr 480: -18427
instr 481: -11944
instr 482: -30255
instr 483: -32005
instr 484: 1992
instr 485: -27136
instr 486: -20265
instr 487: -31832
instr 488: -26213
instr 489: -3081
instr 490: -6280
instr 491: -17292
instr 492: -32131
instr 493: -14000
instr 494: -28536
instr 495: -10983
instr 496: -5429
instr 497: -5307
instr 498: -24706
instr 499: -11194
instr 500: -22272
instr 501: -17926
instr 502: -18649
instr 503: -9356
instr 504: -23098
instr 505: -26942
instr 506: 3869
instr 507: -19994
instr 508: -26515
instr 509: -28377
instr 510: 1047
instr 511: -25023
instr 512: -32179
instr 513: -23514
instr 514: -27917
instr 515: -9614
instr 516: -16887
instr 517: -4680
instr 518: -27518
instr 519: -6498
instr 520: -24968
instr 521: -27736
instr 522: 1979
instr 523: -20760
instr 524: -29959
instr 525: -21554
instr 526: -22005
instr 527: -31357
instr 528: 440
instr 529: -30875
instr 530: -28406
instr 531: -20688
instr 532: -26231
instr 533: -21552
instr 534: -31986
instr 535: -21965
instr 536: -18135
instr 537: -26428
instr 538: -30916
instr 539: -27914
instr 540: -21793
instr 541: -26646
instr 542: -25687
instr 543: -29858
instr 544: 5016
instr 545: -29050
instr 546: -12643
instr 547: -12217
instr 548: -14387
instr 549: -22094
instr 550: -2377
instr 551: 1825
instr 552: -17250
instr 553: -9483
instr 554: -22285
instr 555: -23559
instr 556: -17581
instr 557: -31250
instr 558: -25159
instr 559: -15739
instr 560: -17237
instr 561: -26633
instr 562: -18438
instr 563: -23643
instr 564: -31526
instr 565: -19554
instr 566: -25321
instr 567: -17377
instr 568: -11850
instr 569: -18223
instr 570: -30581
instr 571: 3847
instr 572: -31338
instr 573: -27204
instr 574: -717
instr 575: -25080
instr 576: -13583
instr 577: -25826
instr 578: -28130
instr 579: -12369
instr 580: -20666
instr 581: -18337
instr 582: -20281
instr 583: -19978
instr 584: -18446
instr 585: -30357
instr 586: -9631
instr 587: -18247
instr 588: -28966
instr 589: -29794
instr 590: -26500
instr 591: -27862
instr 592: -23487
instr 593: -2894
instr 594: -20349
instr 595: -26144
instr 596: -16445
instr 597: -22276
instr 598: -20885
instr 599: -7994
instr 600: -31735
instr 601: -24918
instr 602: -27151
instr 603: -11067
instr 604: -25988
instr 605: -32582
instr 606: -32154
instr 607: -21512
instr 608: -26531
instr 609: -21751
instr 610: 3744
instr 611: -24892
instr 612: -10894
instr 613: -24943
instr 614: -24634
instr 615: -26785
instr 616: -8287
instr 617: -13923
instr 618: -32373
instr 619: -15185
instr 620: -25892
instr 621: -18195
instr 622: -5952
instr 623: -6884
instr 624: -20736
instr 625: -29975
instr 626: -8167
instr 627: -29986
instr 628: -31903
instr 629: -24899
instr 630: -31799
instr 631: -31503
instr 632: -20127
instr 633: 326
instr 634: -18240
instr 635: -32280
instr 636: 5403
instr 637: -21864
instr 638: -8127
instr 639: -17384
instr 640: 984
instr 641: -5446
instr 642: -11295
instr 643: 5297
instr 644: -26626
instr 645: -25161
instr 646: 4156
instr 647: -18168
instr 648: -4074
instr 649: -19296
instr 650: -8915
instr 651: -30366
instr 652: -25605
instr 653: -23068
instr 654: -30574
instr 655: -25892
instr 656: -13050
instr 657: -22478
instr 658: -14038
instr 659: -29144
instr 660: -27791
instr 661: -26009
instr 662: -26500
instr 663: -17670
instr 664: -14016
instr 665: -14273
instr 666: -31809
instr 667: -27628
instr 668: -13747
instr 669: -18268
instr 670: -27701
instr 671: -9293
instr 672: -29115
instr 673: -27681
instr 674: -30550
instr 675: -30116
instr 676: -15966
instr 677: 3227
instr 678: -28167
instr 679: -22470
instr 680: -16963
instr 681: -30417
instr 682: 6782
instr 683: -17122
instr 684: -31486
instr 685: -22202
instr 686: -26407
instr 687: -5798
instr 688: 3601
instr 689: -12356
instr 690: -27473
instr 691: -20284
instr 692: -23075
instr 693: -32207
instr 694: -22310
instr 695: -10132
instr 696: -28417
instr 697: -5049
instr 698: -32019
instr 699: -25864
instr 700: -26862
instr 701: -16111
instr 702: -17835
instr 703: -2114
instr 704: -15663
instr 705: -15023
instr 706: -27018
instr 707: -18110
instr 708: -18075
instr 709: -24836
instr 710: -31921
instr 711: -4887
instr 712: -27011
instr 713: -32193
instr 714: -21484
instr 715: -27671
instr 716: -30428
instr 717: -16552
instr 718: -6565
instr 719: -28328
instr 720: -10717
instr 721: -27522
instr 722: -13983
instr 723: -26799
instr 724: -31491
instr 725: -5282
instr 726: -20296
instr 727: -27203
instr 728: -29902
instr 729: -23454
instr 730: -26567
instr 731: -16711
instr 732: -14819
instr 733: -28065
instr 734: 123
instr 735: -12481
instr 736: -28733
instr 737: -22835
instr 738: -26666
instr 739: -30154
instr 740: -5840
instr 741: -17829
instr 742: -22730
instr 743: -27200
instr 744: -27102
instr 745: -15622
instr 746: -21136
instr 747: -954
instr 748: -20596
instr 749: -30848
instr 750: -21694
instr 751: -32363
instr 752: -20604
instr 753: -19900
instr 754: -27829
instr 755: -25793
instr 756: -9056
instr 757: -18414
instr 758: -10432
instr 759: -22383
instr 760: -26928
instr 761: -28273
instr 762: -7392
instr 763: -15550
instr 764: -6488
instr 765: -31148
instr 766: -16623
instr 767: -32338
instr 768: -18727
instr 769: -9700
instr 770: -12452
instr 771: 19386
instr 772: -5792
instr 773: -28146
instr 774: -15583
instr 775: -10303
instr 776: -19847
instr 777: -15453
instr 778: -22199
instr 779: -9749
instr 780: -5091
instr 781: -26439
instr 782: -22574
instr 783: -25672
instr 784: -17047
instr 785: 1972
instr 786: -22093
instr 787: -19094
instr 788: -28869
instr 789: -13339
instr 790: -32052
instr 791: -28832
instr 792: -15483
instr 793: 838
instr 794: -21955
instr 795: -17170
instr 796: -23612
instr 797: -26681
instr 798: -28724
instr 799: -10453
instr 800: -10172
instr 801: -24314
instr 802: -30619
instr 803: -26120
instr 804: -31235
instr 805: -14044
instr 806: 8977
instr 807: -26630
instr 808: -31150
instr 809: -5316
instr 810: -27824
instr 811: 712
instr 812: -10493
instr 813: -18567
instr 814: -30123
instr 815: -6519
instr 816: -15253
instr 817: -14396
instr 818: -17473
instr 819: -15231
instr 820: 2568
instr 821: -26672
instr 822: -7026
instr 823: -28527
instr 824: -20300
instr 825: -20280
instr 826: -25466
instr 827: 5641
instr 828: -6430
instr 829: -28129
instr 830: -26528
instr 831: -22491
instr 832: -29273
instr 833: -29194
instr 834: -31333
instr 835: -27623
instr 836: -10078
instr 837: -31900
instr 838: -19825
instr 839: -11526
instr 840: -29618
instr 841: -26842
instr 842: -31009
instr 843: -31805
instr 844: -18082
instr 845: -22422
instr 846: -29159
instr 847: -27329
instr 848: -10712
instr 849: -26939
instr 850: -7394
instr 851: -27236
instr 852: 7733
instr 853: -6333
instr 854: -17466
instr 855: -27697
instr 856: -32650
instr 857: -30625
instr 858: -28418
instr 859: -28480
instr 860: -30229
instr 861: -32636
instr 862: 6828
instr 863: -8970
instr 864: -29755
instr 865: -24909
instr 866: -24676
instr 867: 6341
instr 868: -15704
instr 869: -25146
instr 870: -12707
instr 871: -16232
instr 872: -13676
instr 873: 255
instr 874: -26473
instr 875: -28166
instr 876: -14727
instr 877: -2938
instr 878: -16779
instr 879: -12294
instr 880: -28762
instr 881: -14406
instr 882: 12633
instr 883: 488
instr 884: -27826
instr 885: -24565
instr 886: -25157
instr 887: -28613
instr 888: 4476
instr 889: -10635
instr 890: -30990
instr 891: -25744
instr 892: -7288
instr 893: -32737
instr 894: -22491
instr 895: -26075
instr 896: -28458
instr 897: -22277
instr 898: -30998
instr 899: -14469
instr 900: -16258
instr 901: -26552
instr 902: -31307
instr 903: -25323
instr 904: -31313
instr 905: -22543
instr 906: -5359
instr 907: -18783
instr 908: -10360
instr 909: -29263
instr 910: -17457
instr 911: -25651
instr 912: -26569
instr 913: -32215
instr 914: -6052
instr 915: -25168
instr 916: -23043
instr 917: -25890
instr 918: -9646
instr 919: -29965
instr 920: 2414
instr 921: 7947
instr 922: -25270
instr 923: 3152
instr 924: -27676
instr 925: -22561
instr 926: -27329
instr 927: -32580
instr 928: -31250
instr 929: -30042
instr 930: -11521
instr 931: 1661
instr 932: -32374
instr 933: -18826
instr 934: -31819
instr 935: 6185
instr 936: -24531
instr 937: -31570
instr 938: -10522
instr 939: -7079
instr 940: -23412
instr 941: -11145
instr 942: -19974
instr 943: -26718
instr 944: -25644
instr 945: -29893
instr 946: -32345
instr 947: -22462
instr 948: -29588
instr 949: -30842
instr 950: -15091
instr 951: -29537
instr 952: -32072
instr 953: -16315
instr 954: -27449
instr 955: -11416
instr 956: -27903
instr 957: -27966
instr 958: -12242
instr 959: -23578
instr 960: -4779
instr 961: -14411
instr 962: -1479
instr 963: 7032
instr 964: -16923
instr 965: -28854
instr 966: -17190
instr 967: -26575
instr 968: -25352
instr 969: -9274
instr 970: -28735
instr 971: -31532
instr 972: 8817
instr 973: -26748
instr 974: -13957
instr 975: -11912
instr 976: -6133
instr 977: -30052
instr 978: -9976
instr 979: -17638
instr 980: -22639
instr 981: -1924
instr 982: -27534
instr 983: -15696
instr 984: -18683
instr 985: -13555
instr 986: -6710
instr 987: -21739
instr 988: -26379
instr 989: -10386
instr 990: -312
instr 991: -27617
instr 992: -28212
instr 993: 8714
instr 994: -13394
instr 995: -22351
instr 996: -15831
instr 997: -17411
instr 998: -22619
instr 999: -6229
instr 1000: -24491
instr 1001: -26986
instr 1002: -27414
instr 1003: -21266
