instr 0: 0
instr 1: 0
instr 2: 0
instr 3: 0
instr 4: 14
instr 5: 15
instr 6: 13
instr 7: 15
instr 8: 8
instr 9: 7
instr 10: 9
instr 11: 12
instr 12: 12
instr 13: 14
instr 14: 12
instr 15: 15
instr 16: 15
instr 17: 14
instr 18: 7
instr 19: 15
instr 20: 11
instr 21: 15
instr 22: 11
instr 23: 15
instr 24: 9
instr 25: 13
instr 26: 10
instr 27: 10
instr 28: 10
instr 29: 13
instr 30: 15
instr 31: 15
instr 32: 15
instr 33: 14
instr 34: 11
instr 35: 15
instr 36: 14
instr 37: 11
instr 38: 13
instr 39: 10
instr 40: 11
instr 41: 14
instr 42: 12
instr 43: 14
instr 44: 8
instr 45: 9
instr 46: 10
instr 47: 13
instr 48: 15
instr 49: 6
instr 50: 12
instr 51: 12
instr 52: 15
instr 53: 15
instr 54: 15
instr 55: 13
instr 56: 13
instr 57: 15
instr 58: 14
instr 59: 15
instr 60: 12
instr 61: 13
instr 62: 13
instr 63: 13
instr 64: 14
instr 65: 10
instr 66: 13
instr 67: 11
instr 68: 12
instr 69: 15
instr 70: 10
instr 71: 15
instr 72: 13
instr 73: 12
instr 74: 13
instr 75: 11
instr 76: 15
instr 77: 15
instr 78: 14
instr 79: 11
instr 80: 15
instr 81: 15
instr 82: 12
instr 83: 12
instr 84: 11
instr 85: 15
instr 86: 9
instr 87: 12
instr 88: 15
instr 89: 13
instr 90: 13
instr 91: 9
instr 92: 15
instr 93: 13
instr 94: 4
instr 95: 12
instr 96: 8
instr 97: 14
instr 98: 15
instr 99: 15
instr 100: 15
instr 101: 15
instr 102: 11
instr 103: 10
instr 104: 13
instr 105: 12
instr 106: 14
instr 107: 13
instr 108: 15
instr 109: 12
instr 110: 15
instr 111: 14
instr 112: 8
instr 113: 11
instr 114: 14
instr 115: 10
instr 116: 14
instr 117: 7
instr 118: 11
instr 119: 14
instr 120: 8
instr 121: 11
instr 122: 13
instr 123: 15
instr 124: 15
instr 125: 15
instr 126: 11
instr 127: 14
instr 128: 11
instr 129: 12
instr 130: 13
instr 131: 9
instr 132: 15
instr 133: 12
instr 134: 15
instr 135: 7
instr 136: 14
instr 137: 12
instr 138: 12
instr 139: 10
instr 140: 14
instr 141: 14
instr 142: 11
instr 143: 15
instr 144: 7
instr 145: 14
instr 146: 12
instr 147: 15
instr 148: 13
instr 149: 15
instr 150: 8
instr 151: 8
instr 152: 8
instr 153: 15
instr 154: 15
instr 155: 14
instr 156: 15
instr 157: 15
instr 158: 12
instr 159: 12
instr 160: 15
instr 161: 13
instr 162: 12
instr 163: 14
instr 164: 10
instr 165: 11
instr 166: 13
instr 167: 13
instr 168: 15
instr 169: 12
instr 170: 9
instr 171: 9
instr 172: 14
instr 173: 9
instr 174: 15
instr 175: 15
instr 176: 13
instr 177: 10
instr 178: 12
instr 179: 15
instr 180: 12
instr 181: 12
instr 182: 12
instr 183: 9
instr 184: 14
instr 185: 13
instr 186: 13
instr 187: 14
instr 188: 13
instr 189: 15
instr 190: 12
instr 191: 12
instr 192: 12
instr 193: 15
instr 194: 6
instr 195: 13
instr 196: 15
instr 197: 11
instr 198: 12
instr 199: 15
instr 200: 8
instr 201: 15
instr 202: 6
instr 203: 7
instr 204: 13
instr 205: 13
instr 206: 14
instr 207: 13
instr 208: 11
instr 209: 6
instr 210: 8
instr 211: 11
instr 212: 14
instr 213: 11
instr 214: 9
instr 215: 10
instr 216: 14
instr 217: 15
instr 218: 13
instr 219: 7
instr 220: 12
instr 221: 14
instr 222: 13
instr 223: 13
instr 224: 8
instr 225: 15
instr 226: 11
instr 227: 15
instr 228: 14
instr 229: 8
instr 230: 8
instr 231: 10
instr 232: 9
instr 233: 14
instr 234: 15
instr 235: 15
instr 236: 14
instr 237: 13
instr 238: 11
instr 239: 11
instr 240: 12
instr 241: 8
instr 242: 14
instr 243: 9
instr 244: 14
instr 245: 15
instr 246: 15
instr 247: 10
instr 248: 6
instr 249: 4
instr 250: 15
instr 251: 14
instr 252: 15
instr 253: 12
instr 254: 15
instr 255: 8
instr 256: 15
instr 257: 6
instr 258: 15
instr 259: 14
instr 260: 15
instr 261: 9
instr 262: 9
instr 263: 9
instr 264: 10
instr 265: 14
instr 266: 13
instr 267: 14
instr 268: 13
instr 269: 14
instr 270: 11
instr 271: 14
instr 272: 12
instr 273: 10
instr 274: 15
instr 275: 12
instr 276: 11
instr 277: 14
instr 278: 7
instr 279: 9
instr 280: 13
instr 281: 14
instr 282: 8
instr 283: 9
instr 284: 14
instr 285: 15
instr 286: 14
instr 287: 12
instr 288: 15
instr 289: 12
instr 290: 7
instr 291: 13
instr 292: 15
instr 293: 10
instr 294: 15
instr 295: 12
instr 296: 8
instr 297: 14
instr 298: 15
instr 299: 13
instr 300: 6
instr 301: 15
instr 302: 13
instr 303: 13
instr 304: 14
instr 305: 15
instr 306: 12
instr 307: 14
instr 308: 11
instr 309: 15
instr 310: 14
instr 311: 15
instr 312: 10
instr 313: 14
instr 314: 13
instr 315: 7
instr 316: 8
instr 317: 15
instr 318: 15
instr 319: 15
instr 320: 12
instr 321: 10
instr 322: 11
instr 323: 15
instr 324: 12
instr 325: 14
instr 326: 12
instr 327: 12
instr 328: 8
instr 329: 6
instr 330: 8
instr 331: 14
instr 332: 6
instr 333: 12
instr 334: 14
instr 335: 8
instr 336: 12
instr 337: 14
instr 338: 11
instr 339: 12
instr 340: 5
instr 341: 6
instr 342: 14
instr 343: 15
instr 344: 15
instr 345: 15
instr 346: 14
instr 347: 8
instr 348: 14
instr 349: 11
instr 350: 13
instr 351: 7
instr 352: 15
instr 353: 13
instr 354: 15
instr 355: 11
instr 356: 15
instr 357: 11
instr 358: 10
instr 359: 14
instr 360: 15
instr 361: 15
instr 362: 11
instr 363: 11
instr 364: 12
instr 365: 9
instr 366: 15
instr 367: 8
instr 368: 12
instr 369: 14
instr 370: 13
instr 371: 14
instr 372: 9
instr 373: 5
instr 374: 13
instr 375: 15
instr 376: 15
instr 377: 15
instr 378: 15
instr 379: 13
instr 380: 15
instr 381: 12
instr 382: 13
instr 383: 11
instr 384: 12
instr 385: 4
instr 386: 12
instr 387: 12
instr 388: 7
instr 389: 9
instr 390: 9
instr 391: 14
instr 392: 11
instr 393: 12
instr 394: 15
instr 395: 15
instr 396: 12
instr 397: 13
instr 398: 13
instr 399: 3
instr 400: 15
instr 401: 15
instr 402: 7
instr 403: 8
instr 404: 8
instr 405: 10
instr 406: 12
instr 407: 10
instr 408: 15
instr 409: 11
instr 410: 13
instr 411: 14
instr 412: 11
instr 413: 14
instr 414: 14
instr 415: 15
instr 416: 14
instr 417: 15
instr 418: 13
instr 419: 9
instr 420: 8
instr 421: 14
instr 422: 12
instr 423: 10
instr 424: 15
instr 425: 15
instr 426: 15
instr 427: 3
instr 428: 15
instr 429: 10
instr 430: 11
instr 431: 5
instr 432: 15
instr 433: 13
instr 434: 11
instr 435: 7
instr 436: 15
instr 437: 14
instr 438: 10
instr 439: 15
instr 440: 11
instr 441: 15
instr 442: 12
instr 443: 12
instr 444: 13
instr 445: 10
instr 446: 14
instr 447: 15
instr 448: 15
instr 449: 12
instr 450: 15
instr 451: 12
instr 452: 15
instr 453: 13
instr 454: 10
instr 455: 15
instr 456: 13
instr 457: 9
instr 458: 14
instr 459: 12
instr 460: 14
instr 461: 10
instr 462: 12
instr 463: 13
instr 464: 13
instr 465: 12
instr 466: 14
instr 467: 15
instr 468: 14
instr 469: 14
instr 470: 14
instr 471: 14
instr 472: 15
instr 473: 9
instr 474: 14
instr 475: 12
instr 476: 8
instr 477: 9
instr 478: 15
instr 479: 13
instr 480: 15
instr 481: 15
instr 482: 15
instr 483: 11
instr 484: 13
instr 485: 6
instr 486: 8
instr 487: 11
instr 488: 13
instr 489: 13
instr 490: 15
instr 491: 13
instr 492: 12
instr 493: 8
instr 494: 14
instr 495: 15
instr 496: 13
instr 497: 14
instr 498: 15
instr 499: 15
instr 500: 4
instr 501: 14
instr 502: 6
instr 503: 12
instr 504: 12
instr 505: 12
instr 506: 11
instr 507: 13
instr 508: 14
instr 509: 15
instr 510: 7
instr 511: 10
instr 512: 14
instr 513: 10
instr 514: 10
instr 515: 10
instr 516: 13
instr 517: 14
instr 518: 14
instr 519: 12
instr 520: 15
instr 521: 13
instr 522: 11
instr 523: 11
instr 524: 14
instr 525: 14
instr 526: 14
instr 527: 15
instr 528: 14
instr 529: 14
instr 530: 13
instr 531: 13
instr 532: 15
instr 533: 14
instr 534: 13
instr 535: 12
instr 536: 15
instr 537: 14
instr 538: 10
instr 539: 12
instr 540: 10
instr 541: 11
instr 542: 15
instr 543: 13
instr 544: 6
instr 545: 8
instr 546: 12
instr 547: 14
instr 548: 15
instr 549: 10
instr 550: 13
instr 551: 12
instr 552: 15
instr 553: 13
instr 554: 14
instr 555: 11
instr 556: 10
instr 557: 15
instr 558: 15
instr 559: 15
instr 560: 11
instr 561: 13
instr 562: 7
instr 563: 13
instr 564: 9
instr 565: 13
instr 566: 14
instr 567: 11
instr 568: 15
instr 569: 14
instr 570: 15
instr 571: 14
instr 572: 13
instr 573: 12
instr 574: 12
instr 575: 14
instr 576: 14
instr 577: 13
instr 578: 9
instr 579: 15
instr 580: 10
instr 581: 15
instr 582: 3
instr 583: 6
instr 584: 13
instr 585: 15
instr 586: 8
instr 587: 12
instr 588: 11
instr 589: 15
instr 590: 11
instr 591: 15
instr 592: 15
instr 593: 14
instr 594: 15
instr 595: 9
instr 596: 15
instr 597: 14
instr 598: 14
instr 599: 11
instr 600: 7
instr 601: 13
instr 602: 9
instr 603: 14
instr 604: 15
instr 605: 15
instr 606: 15
instr 607: 5
instr 608: 10
instr 609: 9
instr 610: 12
instr 611: 14
instr 612: 14
instr 613: 9
instr 614: 12
instr 615: 11
instr 616: 14
instr 617: 13
instr 618: 12
instr 619: 14
instr 620: 14
instr 621: 13
instr 622: 10
instr 623: 14
instr 624: 14
instr 625: 7
instr 626: 12
instr 627: 7
instr 628: 15
instr 629: 13
instr 630: 13
instr 631: 11
instr 632: 14
instr 633: 12
instr 634: 15
instr 635: 13
instr 636: 7
instr 637: 7
instr 638: 15
instr 639: 13
instr 640: 13
instr 641: 14
instr 642: 7
instr 643: 15
instr 644: 15
instr 645: 15
instr 646: 15
instr 647: 15
instr 648: 14
instr 649: 13
instr 650: 14
instr 651: 15
instr 652: 14
instr 653: 15
instr 654: 12
instr 655: 15
instr 656: 9
instr 657: 9
instr 658: 8
instr 659: 12
instr 660: 14
instr 661: 13
instr 662: 8
instr 663: 11
instr 664: 14
instr 665: 6
instr 666: 14
instr 667: 13
instr 668: 14
instr 669: 15
instr 670: 13
instr 671: 15
instr 672: 13
instr 673: 15
instr 674: 12
instr 675: 12
instr 676: 13
instr 677: 8
instr 678: 13
instr 679: 15
instr 680: 12
instr 681: 13
instr 682: 14
instr 683: 13
instr 684: 13
instr 685: 13
instr 686: 14
instr 687: 11
instr 688: 11
instr 689: 9
instr 690: 13
instr 691: 11
instr 692: 14
instr 693: 13
instr 694: 12
instr 695: 12
instr 696: 14
instr 697: 12
instr 698: 13
instr 699: 3
instr 700: 13
instr 701: 11
instr 702: 14
instr 703: 10
instr 704: 15
instr 705: 15
instr 706: 8
instr 707: 11
instr 708: 14
instr 709: 9
instr 710: 12
instr 711: 13
instr 712: 15
instr 713: 12
instr 714: 13
instr 715: 11
instr 716: 15
instr 717: 15
instr 718: 12
instr 719: 13
instr 720: 10
instr 721: 12
instr 722: 15
instr 723: 15
instr 724: 11
instr 725: 15
instr 726: 9
instr 727: 10
instr 728: 14
instr 729: 14
instr 730: 13
instr 731: 14
instr 732: 14
instr 733: 12
instr 734: 15
instr 735: 15
instr 736: 9
instr 737: 13
instr 738: 13
instr 739: 12
instr 740: 15
instr 741: 15
instr 742: 11
instr 743: 14
instr 744: 12
instr 745: 11
instr 746: 14
instr 747: 10
instr 748: 12
instr 749: 9
instr 750: 15
instr 751: 13
instr 752: 14
instr 753: 14
instr 754: 15
instr 755: 15
instr 756: 15
instr 757: 13
instr 758: 12
instr 759: 15
instr 760: 10
instr 761: 11
instr 762: 12
instr 763: 12
instr 764: 13
instr 765: 15
instr 766: 13
instr 767: 15
instr 768: 15
instr 769: 12
instr 770: 10
instr 771: 13
instr 772: 15
instr 773: 9
instr 774: 13
instr 775: 15
instr 776: 15
instr 777: 12
instr 778: 15
instr 779: 6
instr 780: 15
instr 781: 13
instr 782: 10
instr 783: 13
instr 784: 13
instr 785: 7
instr 786: 5
instr 787: 9
instr 788: 10
instr 789: 10
instr 790: 13
instr 791: 11
instr 792: 8
instr 793: 11
instr 794: 11
instr 795: 9
instr 796: 8
instr 797: 11
instr 798: 11
instr 799: 8
instr 800: 10
instr 801: 13
instr 802: 13
instr 803: 14
instr 804: 12
instr 805: 15
instr 806: 6
instr 807: 15
instr 808: 15
instr 809: 15
instr 810: 14
instr 811: 8
instr 812: 14
instr 813: 7
instr 814: 9
instr 815: 15
instr 816: 13
instr 817: 12
instr 818: 13
instr 819: 13
instr 820: 15
instr 821: 11
instr 822: 12
instr 823: 15
instr 824: 13
instr 825: 14
instr 826: 6
instr 827: 12
instr 828: 5
instr 829: 15
instr 830: 10
instr 831: 15
instr 832: 13
instr 833: 15
instr 834: 12
instr 835: 12
instr 836: 12
instr 837: 15
instr 838: 14
instr 839: 12
instr 840: 13
instr 841: 12
instr 842: 11
instr 843: 14
instr 844: 15
instr 845: 15
instr 846: 14
instr 847: 14
instr 848: 15
instr 849: 12
instr 850: 15
instr 851: 10
instr 852: 9
instr 853: 14
instr 854: 13
instr 855: 12
instr 856: 15
instr 857: 11
instr 858: 12
instr 859: 13
instr 860: 12
instr 861: 6
instr 862: 13
instr 863: 13
instr 864: 3
instr 865: 11
instr 866: 12
instr 867: 13
instr 868: 14
instr 869: 14
instr 870: 13
instr 871: 7
instr 872: 14
instr 873: 11
instr 874: 15
instr 875: 15
instr 876: 13
instr 877: 9
instr 878: 15
instr 879: 15
instr 880: 13
instr 881: 15
instr 882: 15
instr 883: 13
instr 884: 11
instr 885: 15
instr 886: 13
instr 887: 14
instr 888: 14
instr 889: 11
instr 890: 14
instr 891: 13
instr 892: 4
instr 893: 11
instr 894: 9
instr 895: 14
instr 896: 12
instr 897: 15
instr 898: 14
instr 899: 4
instr 900: 15
instr 901: 13
instr 902: 14
instr 903: 15
instr 904: 15
instr 905: 15
instr 906: 15
instr 907: 12
instr 908: 12
instr 909: 10
instr 910: 13
instr 911: 11
instr 912: 12
instr 913: 14
instr 914: 9
instr 915: 11
instr 916: 15
instr 917: 15
instr 918: 15
instr 919: 11
instr 920: 15
instr 921: 14
instr 922: 14
instr 923: 15
instr 924: 11
instr 925: 12
instr 926: 13
instr 927: 15
instr 928: 14
instr 929: 9
instr 930: 10
instr 931: 12
instr 932: 13
instr 933: 14
instr 934: 11
instr 935: 15
instr 936: 14
instr 937: 14
instr 938: 2
instr 939: 14
instr 940: 14
instr 941: 12
instr 942: 8
instr 943: 11
instr 944: 14
instr 945: 15
instr 946: 8
instr 947: 14
instr 948: 12
instr 949: 13
instr 950: 10
instr 951: 15
instr 952: 12
instr 953: 14
instr 954: 15
instr 955: 14
instr 956: 9
instr 957: 12
instr 958: 14
instr 959: 15
instr 960: 14
instr 961: 13
instr 962: 14
instr 963: 15
instr 964: 13
instr 965: 9
instr 966: 13
instr 967: 6
instr 968: 15
instr 969: 12
instr 970: 14
instr 971: 12
instr 972: 14
instr 973: 15
instr 974: 11
instr 975: 8
instr 976: 15
instr 977: 12
instr 978: 13
instr 979: 6
instr 980: 15
instr 981: 15
instr 982: 13
instr 983: 15
instr 984: 13
instr 985: 10
instr 986: 11
instr 987: 12
instr 988: 15
instr 989: 13
instr 990: 14
instr 991: 11
instr 992: 14
instr 993: 15
instr 994: 15
instr 995: 11
instr 996: 12
instr 997: 14
instr 998: 12
instr 999: 9
instr 1000: 11
instr 1001: 15
instr 1002: 15
instr 1003: 5
