instr 0: 0
instr 1: 0
instr 2: 0
instr 3: 0
instr 4: 15
instr 5: -1
instr 6: 13
instr 7: 11
instr 8: 15
instr 9: 14
instr 10: 8
instr 11: 14
instr 12: 13
instr 13: 14
instr 14: 12
instr 15: 15
instr 16: 14
instr 17: 15
instr 18: 15
instr 19: 10
instr 20: 14
instr 21: 15
instr 22: 15
instr 23: 14
instr 24: 14
instr 25: 15
instr 26: 14
instr 27: 13
instr 28: 14
instr 29: 14
instr 30: 14
instr 31: 15
instr 32: 15
instr 33: 11
instr 34: 13
instr 35: 15
instr 36: 14
instr 37: 15
instr 38: 15
instr 39: 14
instr 40: 10
instr 41: 15
instr 42: 15
instr 43: 12
instr 44: 12
instr 45: 15
instr 46: 15
instr 47: 14
instr 48: 15
instr 49: 15
instr 50: 15
instr 51: 13
instr 52: 15
instr 53: 15
instr 54: 12
instr 55: 14
instr 56: 15
instr 57: 15
instr 58: 13
instr 59: 13
instr 60: 15
instr 61: 13
instr 62: 15
instr 63: 14
instr 64: 14
instr 65: 15
instr 66: 14
instr 67: 15
instr 68: 15
instr 69: 15
instr 70: 13
instr 71: 15
instr 72: 15
instr 73: 10
instr 74: 15
instr 75: 13
instr 76: 10
instr 77: 11
instr 78: 14
instr 79: 11
instr 80: 15
instr 81: 15
instr 82: 13
instr 83: 14
instr 84: 15
instr 85: 14
instr 86: 13
instr 87: 15
instr 88: 14
instr 89: 14
instr 90: 14
instr 91: 15
instr 92: 15
instr 93: 13
instr 94: 14
instr 95: 15
instr 96: 13
instr 97: 13
instr 98: 14
instr 99: 14
instr 100: 15
instr 101: 14
instr 102: 15
instr 103: 10
instr 104: 15
instr 105: 12
instr 106: 14
instr 107: 14
instr 108: 15
instr 109: 15
instr 110: 13
instr 111: 15
instr 112: 15
instr 113: 14
instr 114: 14
instr 115: 14
instr 116: 14
instr 117: 15
instr 118: 15
instr 119: 15
instr 120: 15
instr 121: 15
instr 122: 14
instr 123: 15
instr 124: 15
instr 125: 15
instr 126: 15
instr 127: 12
instr 128: 14
instr 129: 14
instr 130: 15
instr 131: 14
instr 132: 14
instr 133: 15
instr 134: 15
instr 135: 11
instr 136: 15
instr 137: 13
instr 138: 14
instr 139: 14
instr 140: 15
instr 141: 11
instr 142: 13
instr 143: 14
instr 144: 15
instr 145: 14
instr 146: 14
instr 147: 10
instr 148: 13
instr 149: 13
instr 150: 14
instr 151: 15
instr 152: 14
instr 153: 15
instr 154: 13
instr 155: 12
instr 156: 15
instr 157: 14
instr 158: 15
instr 159: 15
instr 160: 15
instr 161: 15
instr 162: 15
instr 163: 15
instr 164: 11
instr 165: 15
instr 166: 14
instr 167: 11
instr 168: 12
instr 169: 15
instr 170: 13
instr 171: 15
instr 172: 14
instr 173: 15
instr 174: 14
instr 175: 15
instr 176: 13
instr 177: 15
instr 178: 14
instr 179: 14
instr 180: 12
instr 181: 14
instr 182: 14
instr 183: 13
instr 184: 14
instr 185: 15
instr 186: 14
instr 187: 15
instr 188: 10
instr 189: 15
instr 190: 9
instr 191: 15
instr 192: 15
instr 193: 15
instr 194: 14
instr 195: 15
instr 196: 12
instr 197: 15
instr 198: 15
instr 199: 15
instr 200: 13
instr 201: 14
instr 202: 14
instr 203: 15
instr 204: 14
instr 205: 14
instr 206: 11
instr 207: 14
instr 208: 12
instr 209: 15
instr 210: 14
instr 211: 12
instr 212: 15
instr 213: 15
instr 214: 13
instr 215: 13
instr 216: 15
instr 217: 15
instr 218: 15
instr 219: 14
instr 220: 13
instr 221: 14
instr 222: 15
instr 223: 15
instr 224: 14
instr 225: 13
instr 226: 15
instr 227: 15
instr 228: 15
instr 229: 14
instr 230: 13
instr 231: 14
instr 232: 15
instr 233: 13
instr 234: 15
instr 235: 15
instr 236: 15
instr 237: 15
instr 238: 12
instr 239: 14
instr 240: 15
instr 241: 11
instr 242: 14
instr 243: 15
instr 244: 13
instr 245: 15
instr 246: 15
instr 247: 15
instr 248: 15
instr 249: 14
instr 250: 15
instr 251: 15
instr 252: 13
instr 253: 14
instr 254: 13
instr 255: 14
instr 256: 14
instr 257: 15
instr 258: 14
instr 259: 15
instr 260: 15
instr 261: 14
instr 262: 14
instr 263: 14
instr 264: 13
instr 265: 12
instr 266: 13
instr 267: 15
instr 268: 15
instr 269: 15
instr 270: 13
instr 271: 14
instr 272: 9
instr 273: 14
instr 274: 15
instr 275: 14
instr 276: 14
instr 277: 15
instr 278: 15
instr 279: 15
instr 280: 14
instr 281: 15
instr 282: 15
instr 283: 15
instr 284: 13
instr 285: 14
instr 286: 11
instr 287: 15
instr 288: 14
instr 289: 15
instr 290: 15
instr 291: 15
instr 292: 14
instr 293: 10
instr 294: 15
instr 295: 13
instr 296: 14
instr 297: 14
instr 298: 14
instr 299: 15
instr 300: 15
instr 301: 14
instr 302: 13
instr 303: 15
instr 304: 14
instr 305: 12
instr 306: 14
instr 307: 15
instr 308: 10
instr 309: 15
instr 310: 15
instr 311: 15
instr 312: 15
instr 313: 14
instr 314: 12
instr 315: 12
instr 316: 15
instr 317: 15
instr 318: 14
instr 319: 13
instr 320: 10
instr 321: 13
instr 322: 14
instr 323: 12
instr 324: 15
instr 325: 15
instr 326: 15
instr 327: 12
instr 328: 15
instr 329: 15
instr 330: 13
instr 331: 11
instr 332: 14
instr 333: 14
instr 334: 15
instr 335: 14
instr 336: 14
instr 337: 12
instr 338: 12
instr 339: 14
instr 340: 11
instr 341: 15
instr 342: 14
instr 343: 13
instr 344: 13
instr 345: 15
instr 346: 11
instr 347: 13
instr 348: 14
instr 349: 13
instr 350: 14
instr 351: 12
instr 352: 15
instr 353: 15
instr 354: 13
instr 355: 15
instr 356: 14
instr 357: 14
instr 358: 15
instr 359: 12
instr 360: 15
instr 361: 14
instr 362: 12
instr 363: 15
instr 364: 11
instr 365: 15
instr 366: 15
instr 367: 13
instr 368: 15
instr 369: 15
instr 370: 15
instr 371: 15
instr 372: 14
instr 373: 15
instr 374: 10
instr 375: 15
instr 376: 14
instr 377: 11
instr 378: 15
instr 379: 13
instr 380: 15
instr 381: 14
instr 382: 15
instr 383: 15
instr 384: 14
instr 385: 11
instr 386: 15
instr 387: 15
instr 388: 15
instr 389: 11
instr 390: 13
instr 391: 15
instr 392: 14
instr 393: 12
instr 394: 13
instr 395: 13
instr 396: 15
instr 397: 15
instr 398: 12
instr 399: 14
instr 400: 12
instr 401: 14
instr 402: 15
instr 403: 15
instr 404: 15
instr 405: 12
instr 406: 14
instr 407: 14
instr 408: 15
instr 409: 14
instr 410: 15
instr 411: 14
instr 412: 14
instr 413: 15
instr 414: 14
instr 415: 12
instr 416: 15
instr 417: 14
instr 418: 15
instr 419: 12
instr 420: 15
instr 421: 15
instr 422: 14
instr 423: 13
instr 424: 14
instr 425: 15
instr 426: 15
instr 427: 15
instr 428: 15
instr 429: 12
instr 430: 15
instr 431: 14
instr 432: 14
instr 433: 13
instr 434: 14
instr 435: 15
instr 436: 13
instr 437: 15
instr 438: 15
instr 439: 11
instr 440: 14
instr 441: 14
instr 442: 12
instr 443: 12
instr 444: 15
instr 445: 15
instr 446: 15
instr 447: 14
instr 448: 13
instr 449: 15
instr 450: 15
instr 451: 15
instr 452: 14
instr 453: 13
instr 454: 15
instr 455: 15
instr 456: 15
instr 457: 14
instr 458: 15
instr 459: 15
instr 460: 14
instr 461: 14
instr 462: 15
instr 463: 15
instr 464: 15
instr 465: 12
instr 466: 15
instr 467: 13
instr 468: 13
instr 469: 15
instr 470: 12
instr 471: 15
instr 472: 15
instr 473: 15
instr 474: 14
instr 475: 14
instr 476: 14
instr 477: 15
instr 478: 14
instr 479: 15
instr 480: 15
instr 481: 15
instr 482: 15
instr 483: 8
instr 484: 8
instr 485: 15
instr 486: 14
instr 487: 13
instr 488: 13
instr 489: 13
instr 490: 14
instr 491: 14
instr 492: 15
instr 493: 12
instr 494: 14
instr 495: 14
instr 496: 14
instr 497: 14
instr 498: 15
instr 499: 15
instr 500: 15
instr 501: 15
instr 502: 14
instr 503: 15
instr 504: 15
instr 505: 13
instr 506: 12
instr 507: 14
instr 508: 12
instr 509: 14
instr 510: 15
instr 511: 13
instr 512: 15
instr 513: 9
instr 514: 15
instr 515: 9
instr 516: 11
instr 517: 14
instr 518: 14
instr 519: 15
instr 520: 15
instr 521: 14
instr 522: 9
instr 523: 12
instr 524: 14
instr 525: 15
instr 526: 15
instr 527: 12
instr 528: 15
instr 529: 14
instr 530: 15
instr 531: 15
instr 532: 15
instr 533: 14
instr 534: 14
instr 535: 15
instr 536: 13
instr 537: 12
instr 538: 14
instr 539: 14
instr 540: 14
instr 541: 15
instr 542: 13
instr 543: 14
instr 544: 13
instr 545: 15
instr 546: 14
instr 547: 15
instr 548: 15
instr 549: 11
instr 550: 15
instr 551: 15
instr 552: 15
instr 553: 15
instr 554: 15
instr 555: 15
instr 556: 15
instr 557: 12
instr 558: 13
instr 559: 14
instr 560: 15
instr 561: 14
instr 562: 11
instr 563: 15
instr 564: 10
instr 565: 14
instr 566: 13
instr 567: 15
instr 568: 13
instr 569: 14
instr 570: 13
instr 571: 14
instr 572: 14
instr 573: 12
instr 574: 14
instr 575: 15
instr 576: 15
instr 577: 11
instr 578: 12
instr 579: 13
instr 580: 15
instr 581: 15
instr 582: 15
instr 583: 12
instr 584: 12
instr 585: 12
instr 586: 15
instr 587: 12
instr 588: 15
instr 589: 13
instr 590: 14
instr 591: 15
instr 592: 15
instr 593: 11
instr 594: 15
instr 595: 15
instr 596: 13
instr 597: 12
instr 598: 15
instr 599: 15
instr 600: 15
instr 601: 15
instr 602: 15
instr 603: 15
instr 604: 12
instr 605: 15
instr 606: 15
instr 607: 13
instr 608: 7
instr 609: 14
instr 610: 14
instr 611: 14
instr 612: 14
instr 613: 15
instr 614: 13
instr 615: 15
instr 616: 14
instr 617: 14
instr 618: 14
instr 619: 15
instr 620: 12
instr 621: 14
instr 622: 15
instr 623: 14
instr 624: 15
instr 625: 15
instr 626: 14
instr 627: 14
instr 628: 14
instr 629: 15
instr 630: 14
instr 631: 15
instr 632: 15
instr 633: 15
instr 634: 13
instr 635: 14
instr 636: 14
instr 637: 13
instr 638: 15
instr 639: 15
instr 640: 15
instr 641: 10
instr 642: 15
instr 643: 13
instr 644: 14
instr 645: 14
instr 646: 13
instr 647: 11
instr 648: 12
instr 649: 15
instr 650: 15
instr 651: 14
instr 652: 15
instr 653: 12
instr 654: 14
instr 655: 13
instr 656: 15
instr 657: 15
instr 658: 15
instr 659: 14
instr 660: 13
instr 661: 15
instr 662: 15
instr 663: 15
instr 664: 12
instr 665: 14
instr 666: 14
instr 667: 15
instr 668: 15
instr 669: 12
instr 670: 14
instr 671: 15
instr 672: 13
instr 673: 15
instr 674: 15
instr 675: 14
instr 676: 11
instr 677: 11
instr 678: 13
instr 679: 14
instr 680: 15
instr 681: 11
instr 682: 14
instr 683: 12
instr 684: 14
instr 685: 15
instr 686: 13
instr 687: 15
instr 688: 15
instr 689: 15
instr 690: 11
instr 691: 15
instr 692: 7
instr 693: 12
instr 694: 14
instr 695: 15
instr 696: 13
instr 697: 14
instr 698: 15
instr 699: 14
instr 700: 11
instr 701: 14
instr 702: 14
instr 703: 11
instr 704: 15
instr 705: 15
instr 706: 14
instr 707: 15
instr 708: 15
instr 709: 14
instr 710: 15
instr 711: 15
instr 712: 12
instr 713: 14
instr 714: 15
instr 715: 15
instr 716: 14
instr 717: 14
instr 718: 14
instr 719: 11
instr 720: 10
instr 721: 15
instr 722: 13
instr 723: 15
instr 724: 15
instr 725: 8
instr 726: 15
instr 727: 13
instr 728: 13
instr 729: 14
instr 730: 15
instr 731: 12
instr 732: 13
instr 733: 14
instr 734: 14
instr 735: 13
instr 736: 15
instr 737: 13
instr 738: 11
instr 739: 10
instr 740: 15
instr 741: 15
instr 742: 14
instr 743: 15
instr 744: 13
instr 745: 14
instr 746: 15
instr 747: 15
instr 748: 15
instr 749: 13
instr 750: 14
instr 751: 15
instr 752: 12
instr 753: 9
instr 754: 15
instr 755: 14
instr 756: 9
instr 757: 11
instr 758: 14
instr 759: 14
instr 760: 14
instr 761: 14
instr 762: 14
instr 763: 13
instr 764: 13
instr 765: 15
instr 766: 11
instr 767: 14
instr 768: 15
instr 769: 15
instr 770: 15
instr 771: 15
instr 772: 14
instr 773: 15
instr 774: 15
instr 775: 15
instr 776: 15
instr 777: 15
instr 778: 11
instr 779: 15
instr 780: 11
instr 781: 15
instr 782: 14
instr 783: 15
instr 784: 15
instr 785: 15
instr 786: 15
instr 787: 15
instr 788: 15
instr 789: 13
instr 790: 15
instr 791: 15
instr 792: 14
instr 793: 15
instr 794: 11
instr 795: 14
instr 796: 15
instr 797: 15
instr 798: 13
instr 799: 7
instr 800: 15
instr 801: 15
instr 802: 15
instr 803: 15
instr 804: 15
instr 805: 15
instr 806: 11
instr 807: 14
instr 808: 15
instr 809: 13
instr 810: 15
instr 811: 11
instr 812: 13
instr 813: 14
instr 814: 14
instr 815: 15
instr 816: 15
instr 817: 13
instr 818: 12
instr 819: 13
instr 820: 15
instr 821: 14
instr 822: 15
instr 823: 12
instr 824: 15
instr 825: 12
instr 826: 13
instr 827: 14
instr 828: 15
instr 829: 15
instr 830: 13
instr 831: 14
instr 832: 13
instr 833: 13
instr 834: 15
instr 835: 14
instr 836: 15
instr 837: 14
instr 838: 13
instr 839: 14
instr 840: 11
instr 841: 13
instr 842: 14
instr 843: 15
instr 844: 15
instr 845: 15
instr 846: 15
instr 847: 11
instr 848: 15
instr 849: 15
instr 850: 15
instr 851: 9
instr 852: 15
instr 853: 14
instr 854: 15
instr 855: 15
instr 856: 11
instr 857: 15
instr 858: 15
instr 859: 15
instr 860: 15
instr 861: 15
instr 862: 15
instr 863: 15
instr 864: 15
instr 865: 11
instr 866: 14
instr 867: 14
instr 868: 14
instr 869: 14
instr 870: 14
instr 871: 15
instr 872: 13
instr 873: 15
instr 874: 13
instr 875: 15
instr 876: 15
instr 877: 15
instr 878: 15
instr 879: 15
instr 880: 15
instr 881: 15
instr 882: 9
instr 883: 13
instr 884: 15
instr 885: 14
instr 886: 15
instr 887: 10
instr 888: 13
instr 889: 15
instr 890: 14
instr 891: 15
instr 892: 14
instr 893: 15
instr 894: 13
instr 895: 15
instr 896: 10
instr 897: 10
instr 898: 15
instr 899: 15
instr 900: 15
instr 901: 13
instr 902: 9
instr 903: 15
instr 904: 15
instr 905: 14
instr 906: 12
instr 907: 15
instr 908: 13
instr 909: 14
instr 910: 14
instr 911: 15
instr 912: 15
instr 913: 14
instr 914: 15
instr 915: 13
instr 916: 15
instr 917: 15
instr 918: 13
instr 919: 15
instr 920: 15
instr 921: 14
instr 922: 14
instr 923: 12
instr 924: 15
instr 925: 14
instr 926: 13
instr 927: 14
instr 928: 15
instr 929: 15
instr 930: 11
instr 931: 10
instr 932: 15
instr 933: 15
instr 934: 15
instr 935: 15
instr 936: 11
instr 937: 14
instr 938: 13
instr 939: 15
instr 940: 12
instr 941: 15
instr 942: 15
instr 943: 15
instr 944: 14
instr 945: 14
instr 946: 15
instr 947: 15
instr 948: 15
instr 949: 12
instr 950: 13
instr 951: 15
instr 952: 15
instr 953: 14
instr 954: 14
instr 955: 15
instr 956: 15
instr 957: 15
instr 958: 15
instr 959: 14
instr 960: 13
instr 961: 14
instr 962: 13
instr 963: 15
instr 964: 15
instr 965: 13
instr 966: 13
instr 967: 9
instr 968: 14
instr 969: 15
instr 970: 15
instr 971: 15
instr 972: 14
instr 973: 15
instr 974: 15
instr 975: 15
instr 976: 11
instr 977: 14
instr 978: 15
instr 979: 15
instr 980: 12
instr 981: 14
instr 982: 10
instr 983: 14
instr 984: 15
instr 985: 15
instr 986: 15
instr 987: 15
instr 988: 13
instr 989: 15
instr 990: 15
instr 991: 14
instr 992: 13
instr 993: 15
instr 994: 13
instr 995: 15
instr 996: 13
instr 997: 14
instr 998: 15
instr 999: 13
instr 1000: 13
instr 1001: 15
instr 1002: 15
instr 1003: 13
