instr 0: 0
instr 1: 0
instr 2: 0
instr 3: 0
instr 4: -32624
instr 5: -31623
instr 6: -31981
instr 7: -32133
instr 8: -30196
instr 9: -32482
instr 10: -32450
instr 11: -31534
instr 12: -32471
instr 13: -31639
instr 14: -32072
instr 15: -32506
instr 16: -32196
instr 17: -32597
instr 18: -31964
instr 19: -32441
instr 20: -31455
instr 21: -32496
instr 22: -30146
instr 23: -32668
instr 24: -32740
instr 25: -28637
instr 26: -32390
instr 27: -32557
instr 28: -31655
instr 29: -31985
instr 30: -31388
instr 31: -32406
instr 32: -26724
instr 33: -30569
instr 34: -32150
instr 35: -32149
instr 36: -31908
instr 37: -32570
instr 38: -31889
instr 39: -32581
instr 40: -32136
instr 41: -30045
instr 42: -32663
instr 43: -32058
instr 44: -31647
instr 45: -32200
instr 46: -32554
instr 47: -32509
instr 48: -30820
instr 49: -32081
instr 50: -31964
instr 51: -31819
instr 52: -32215
instr 53: -31761
instr 54: -32651
instr 55: -32245
instr 56: -30702
instr 57: -31304
instr 58: -32703
instr 59: -30101
instr 60: -30414
instr 61: -31237
instr 62: -32301
instr 63: -32459
instr 64: -32306
instr 65: -29517
instr 66: -32414
instr 67: -28072
instr 68: -31513
instr 69: -31153
instr 70: -31857
instr 71: -31975
instr 72: -31653
instr 73: -32253
instr 74: -32508
instr 75: -29535
instr 76: -32611
instr 77: -31933
instr 78: -32321
instr 79: -32379
instr 80: -32376
instr 81: -32582
instr 82: -32502
instr 83: -29071
instr 84: -31302
instr 85: -32278
instr 86: -32219
instr 87: -32094
instr 88: -31916
instr 89: -32543
instr 90: -32080
instr 91: -30628
instr 92: -32691
instr 93: -32111
instr 94: -31320
instr 95: -32724
instr 96: -31792
instr 97: -31928
instr 98: -28257
instr 99: -32429
instr 100: -32710
instr 101: -29437
instr 102: -32239
instr 103: -32548
instr 104: -32624
instr 105: -31054
instr 106: -30225
instr 107: -32541
instr 108: -29330
instr 109: -32053
instr 110: -31208
instr 111: -32096
instr 112: -29498
instr 113: -32669
instr 114: -32626
instr 115: -32600
instr 116: -32205
instr 117: -32712
instr 118: -32005
instr 119: -32612
instr 120: -31114
instr 121: -32527
instr 122: -31947
instr 123: -31798
instr 124: -29847
instr 125: -32380
instr 126: -31958
instr 127: -31686
instr 128: -30490
instr 129: -32490
instr 130: -32546
instr 131: -30844
instr 132: -32564
instr 133: -32501
instr 134: -32067
instr 135: -31590
instr 136: -31404
instr 137: -31985
instr 138: -32282
instr 139: -30371
instr 140: -31589
instr 141: -32244
instr 142: -32109
instr 143: -30417
instr 144: -31664
instr 145: -32673
instr 146: -31619
instr 147: -32671
instr 148: -32449
instr 149: -31040
instr 150: -32324
instr 151: -32022
instr 152: -32189
instr 153: -32517
instr 154: -31676
instr 155: -32521
instr 156: -32508
instr 157: -32722
instr 158: -32123
instr 159: -31044
instr 160: -29099
instr 161: -32235
instr 162: -32726
instr 163: -32531
instr 164: -32696
instr 165: -32052
instr 166: -32758
instr 167: -32391
instr 168: -31633
instr 169: -31755
instr 170: -29951
instr 171: -32633
instr 172: -31625
instr 173: -32194
instr 174: -32423
instr 175: -30411
instr 176: -32501
instr 177: -32707
instr 178: -31835
instr 179: -31209
instr 180: -32667
instr 181: -32326
instr 182: -32264
instr 183: -31277
instr 184: -30031
instr 185: -29907
instr 186: -31124
instr 187: -32017
instr 188: -32145
instr 189: -32028
instr 190: -31817
instr 191: -32414
instr 192: -31421
instr 193: -30771
instr 194: -32689
instr 195: -31932
instr 196: -32607
instr 197: -32135
instr 198: -32120
instr 199: -32287
instr 200: -31422
instr 201: -32199
instr 202: -31855
instr 203: -32042
instr 204: -32617
instr 205: -32754
instr 206: -31001
instr 207: -30983
instr 208: -32019
instr 209: -32435
instr 210: -32206
instr 211: -30223
instr 212: -32547
instr 213: -31783
instr 214: -32095
instr 215: -32699
instr 216: -32063
instr 217: -32407
instr 218: -32355
instr 219: -31833
instr 220: -32672
instr 221: -30750
instr 222: -32730
instr 223: -32058
instr 224: -32347
instr 225: -31052
instr 226: -30256
instr 227: -32472
instr 228: -31666
instr 229: -31504
instr 230: -32090
instr 231: -29552
instr 232: -30940
instr 233: -31296
instr 234: -32032
instr 235: -32653
instr 236: -32111
instr 237: -32059
instr 238: -30753
instr 239: -30781
instr 240: -32229
instr 241: -32320
instr 242: -31797
instr 243: -32375
instr 244: -32173
instr 245: -32152
instr 246: -31758
instr 247: -32005
instr 248: -32222
instr 249: -30423
instr 250: -32207
instr 251: -31936
instr 252: -32001
instr 253: -29295
instr 254: -30527
instr 255: -31901
instr 256: -32224
instr 257: -32499
instr 258: -31997
instr 259: -31968
instr 260: -32706
instr 261: -31327
instr 262: -31678
instr 263: -32453
instr 264: -32705
instr 265: -32512
instr 266: -32168
instr 267: -32660
instr 268: -31526
instr 269: -32295
instr 270: -27196
instr 271: -31528
instr 272: -31107
instr 273: -32394
instr 274: -32750
instr 275: -32726
instr 276: -31683
instr 277: -30428
instr 278: -28266
instr 279: -32206
instr 280: -32768
instr 281: -32666
instr 282: -32562
instr 283: -32204
instr 284: -32157
instr 285: -32207
instr 286: -32359
instr 287: -31870
instr 288: -31331
instr 289: -32046
instr 290: -32686
instr 291: -32717
instr 292: -30440
instr 293: -32635
instr 294: -31009
instr 295: -31490
instr 296: -29960
instr 297: -31656
instr 298: -32655
instr 299: -32506
instr 300: -31102
instr 301: -32192
instr 302: -32247
instr 303: -32624
instr 304: -29779
instr 305: -31846
instr 306: -32723
instr 307: -32332
instr 308: -31191
instr 309: -32391
instr 310: -32366
instr 311: -32245
instr 312: -31466
instr 313: -31228
instr 314: -31854
instr 315: -32760
instr 316: -30564
instr 317: -32314
instr 318: -32530
instr 319: -31911
instr 320: -31073
instr 321: -32079
instr 322: -32224
instr 323: -32238
instr 324: -31678
instr 325: -31325
instr 326: -32519
instr 327: -31705
instr 328: -31384
instr 329: -29447
instr 330: -32332
instr 331: -32514
instr 332: -32620
instr 333: -31291
instr 334: -32218
instr 335: -31223
instr 336: -31137
instr 337: -31674
instr 338: -32733
instr 339: -31264
instr 340: -31976
instr 341: -32742
instr 342: -32141
instr 343: -32690
instr 344: -31295
instr 345: -32521
instr 346: -29500
instr 347: -30767
instr 348: -32567
instr 349: -32141
instr 350: -30002
instr 351: -32074
instr 352: -32736
instr 353: -29937
instr 354: -32767
instr 355: -31584
instr 356: -30716
instr 357: -32306
instr 358: -31602
instr 359: -32269
instr 360: -31598
instr 361: -31256
instr 362: -31057
instr 363: -31814
instr 364: -32261
instr 365: -29719
instr 366: -32355
instr 367: -30667
instr 368: -30462
instr 369: -32101
instr 370: -30329
instr 371: -32448
instr 372: -32285
instr 373: -26603
instr 374: -31296
instr 375: -32530
instr 376: -32429
instr 377: -30097
instr 378: -32342
instr 379: -32134
instr 380: -31064
instr 381: -32498
instr 382: -32082
instr 383: -29673
instr 384: -30934
instr 385: -32303
instr 386: -32009
instr 387: -32118
instr 388: -31435
instr 389: -32494
instr 390: -32629
instr 391: -32463
instr 392: -28798
instr 393: -32593
instr 394: -32383
instr 395: -32600
instr 396: -30763
instr 397: -32507
instr 398: -30455
instr 399: -31416
instr 400: -31124
instr 401: -32478
instr 402: -32522
instr 403: -32190
instr 404: -32446
instr 405: -31963
instr 406: -30815
instr 407: -31486
instr 408: -32311
instr 409: -32499
instr 410: -30596
instr 411: -32716
instr 412: -30953
instr 413: -31486
instr 414: -31005
instr 415: -31789
instr 416: -32629
instr 417: -30305
instr 418: -31734
instr 419: -31594
instr 420: -32654
instr 421: -30981
instr 422: -32621
instr 423: -32767
instr 424: -32407
instr 425: -32243
instr 426: -32757
instr 427: -31221
instr 428: -30439
instr 429: -32010
instr 430: -32453
instr 431: -31815
instr 432: -31207
instr 433: -31289
instr 434: -30621
instr 435: -32602
instr 436: -32184
instr 437: -28927
instr 438: -32314
instr 439: -32216
instr 440: -31895
instr 441: -32073
instr 442: -32536
instr 443: -31928
instr 444: -30453
instr 445: -32709
instr 446: -32734
instr 447: -30638
instr 448: -31662
instr 449: -31586
instr 450: -32699
instr 451: -32541
instr 452: -31593
instr 453: -32471
instr 454: -32186
instr 455: -31249
instr 456: -32614
instr 457: -31755
instr 458: -31406
instr 459: -30156
instr 460: -30403
instr 461: -30206
instr 462: -28953
instr 463: -31329
instr 464: -32217
instr 465: -32511
instr 466: -31081
instr 467: -32037
instr 468: -32603
instr 469: -32493
instr 470: -32357
instr 471: -32630
instr 472: -32689
instr 473: -32288
instr 474: -30577
instr 475: -31994
instr 476: -27240
instr 477: -32765
instr 478: -32161
instr 479: -32605
instr 480: -32467
instr 481: -32602
instr 482: -32488
instr 483: -20540
instr 484: -32038
instr 485: -32711
instr 486: -32296
instr 487: -32571
instr 488: -32741
instr 489: -32444
instr 490: -31755
instr 491: -32587
instr 492: -32765
instr 493: -31547
instr 494: -31328
instr 495: -32402
instr 496: -32298
instr 497: -32055
instr 498: -29641
instr 499: -30914
instr 500: -32597
instr 501: -32726
instr 502: -30697
instr 503: -31244
instr 504: -32592
instr 505: -32438
instr 506: -31421
instr 507: -32365
instr 508: -32212
instr 509: -32604
instr 510: -32627
instr 511: -32283
instr 512: -32146
instr 513: -31749
instr 514: -31508
instr 515: -31397
instr 516: -30625
instr 517: -32603
instr 518: -32133
instr 519: -32615
instr 520: -32338
instr 521: -32753
instr 522: -31797
instr 523: -31839
instr 524: -32180
instr 525: -32738
instr 526: -30994
instr 527: -32532
instr 528: -32320
instr 529: -32605
instr 530: -32407
instr 531: -32259
instr 532: -32473
instr 533: -31656
instr 534: -30582
instr 535: -31744
instr 536: -32085
instr 537: -32572
instr 538: -32604
instr 539: -32655
instr 540: -32588
instr 541: -31634
instr 542: -30557
instr 543: -29965
instr 544: -32523
instr 545: -32065
instr 546: -30377
instr 547: -32569
instr 548: -32462
instr 549: -32737
instr 550: -31745
instr 551: -30325
instr 552: -31710
instr 553: -32767
instr 554: -30300
instr 555: -32692
instr 556: -31499
instr 557: -31608
instr 558: -29996
instr 559: -31909
instr 560: -31746
instr 561: -31866
instr 562: -32609
instr 563: -31952
instr 564: -32227
instr 565: -32046
instr 566: -31845
instr 567: -32542
instr 568: -32599
instr 569: -32600
instr 570: -29184
instr 571: -32346
instr 572: -31672
instr 573: -32703
instr 574: -32105
instr 575: -32271
instr 576: -31086
instr 577: -31087
instr 578: -31028
instr 579: -32376
instr 580: -28375
instr 581: -31581
instr 582: -28651
instr 583: -32288
instr 584: -32328
instr 585: -32679
instr 586: -32193
instr 587: -32677
instr 588: -32653
instr 589: -31280
instr 590: -31964
instr 591: -30193
instr 592: -31305
instr 593: -32712
instr 594: -32414
instr 595: -32712
instr 596: -31486
instr 597: -30972
instr 598: -32051
instr 599: -32619
instr 600: -32145
instr 601: -31026
instr 602: -31368
instr 603: -32748
instr 604: -31464
instr 605: -29862
instr 606: -32488
instr 607: -31410
instr 608: -32187
instr 609: -29580
instr 610: -30666
instr 611: -32101
instr 612: -30297
instr 613: -29284
instr 614: -32519
instr 615: -31316
instr 616: -32135
instr 617: -32476
instr 618: -31950
instr 619: -30416
instr 620: -30406
instr 621: -32441
instr 622: -31878
instr 623: -26949
instr 624: -31718
instr 625: -32366
instr 626: -32596
instr 627: -30627
instr 628: -32718
instr 629: -32088
instr 630: -32649
instr 631: -30397
instr 632: -31819
instr 633: -31881
instr 634: -30167
instr 635: -32736
instr 636: -32227
instr 637: -32724
instr 638: -31810
instr 639: -32147
instr 640: -30724
instr 641: -31608
instr 642: -32582
instr 643: -31522
instr 644: -31239
instr 645: -32210
instr 646: -32456
instr 647: -32318
instr 648: -30965
instr 649: -31726
instr 650: -32303
instr 651: -32633
instr 652: -32561
instr 653: -31132
instr 654: -32476
instr 655: -32014
instr 656: -32678
instr 657: -30770
instr 658: -30309
instr 659: -32683
instr 660: -32013
instr 661: -32399
instr 662: -31187
instr 663: -32228
instr 664: -32461
instr 665: -31716
instr 666: -30643
instr 667: -32288
instr 668: -32395
instr 669: -29624
instr 670: -31157
instr 671: -30618
instr 672: -32288
instr 673: -31434
instr 674: -32283
instr 675: -30857
instr 676: -31709
instr 677: -28772
instr 678: -32296
instr 679: -31190
instr 680: -32662
instr 681: -32051
instr 682: -32190
instr 683: -31680
instr 684: -31762
instr 685: -30042
instr 686: -32219
instr 687: -31612
instr 688: -30430
instr 689: -32219
instr 690: -32195
instr 691: -32413
instr 692: -30872
instr 693: -31305
instr 694: -32059
instr 695: -32726
instr 696: -31503
instr 697: -32521
instr 698: -31731
instr 699: -28852
instr 700: -31110
instr 701: -32597
instr 702: -32427
instr 703: -32445
instr 704: -32261
instr 705: -30628
instr 706: -32630
instr 707: -32602
instr 708: -32246
instr 709: -32708
instr 710: -32073
instr 711: -32756
instr 712: -31565
instr 713: -31716
instr 714: -31811
instr 715: -28557
instr 716: -32154
instr 717: -31174
instr 718: -32263
instr 719: -32606
instr 720: -32761
instr 721: -31894
instr 722: -31779
instr 723: -31653
instr 724: -32759
instr 725: -32362
instr 726: -32152
instr 727: -29277
instr 728: -31946
instr 729: -32636
instr 730: -32552
instr 731: -28893
instr 732: -31739
instr 733: -31179
instr 734: -32224
instr 735: -32685
instr 736: -31400
instr 737: -32323
instr 738: -32634
instr 739: -31950
instr 740: -32053
instr 741: -30838
instr 742: -32574
instr 743: -32405
instr 744: -31806
instr 745: -31136
instr 746: -31433
instr 747: -30621
instr 748: -32206
instr 749: -32749
instr 750: -30459
instr 751: -32081
instr 752: -31225
instr 753: -31912
instr 754: -31863
instr 755: -32726
instr 756: -30998
instr 757: -32630
instr 758: -32671
instr 759: -32460
instr 760: -31733
instr 761: -31723
instr 762: -32642
instr 763: -30891
instr 764: -29136
instr 765: -31771
instr 766: -31250
instr 767: -30301
instr 768: -29322
instr 769: -32692
instr 770: -31629
instr 771: -32376
instr 772: -30466
instr 773: -32739
instr 774: -30904
instr 775: -32417
instr 776: -31706
instr 777: -32074
instr 778: -31926
instr 779: -28994
instr 780: -32310
instr 781: -32152
instr 782: -27435
instr 783: -30611
instr 784: -29913
instr 785: -31838
instr 786: -30666
instr 787: -31823
instr 788: -32661
instr 789: -30530
instr 790: -31461
instr 791: -30853
instr 792: -32150
instr 793: -30715
instr 794: -32637
instr 795: -32302
instr 796: -31307
instr 797: -31645
instr 798: -29841
instr 799: -32069
instr 800: -32123
instr 801: -32394
instr 802: -32685
instr 803: -32120
instr 804: -30594
instr 805: -32198
instr 806: -32674
instr 807: -30111
instr 808: -32768
instr 809: -32760
instr 810: -31009
instr 811: -32648
instr 812: -30740
instr 813: -32215
instr 814: -30312
instr 815: -32476
instr 816: -32646
instr 817: -30836
instr 818: -31845
instr 819: -31187
instr 820: -32337
instr 821: -32185
instr 822: -27260
instr 823: -31305
instr 824: -32423
instr 825: -32155
instr 826: -32548
instr 827: -31160
instr 828: -29291
instr 829: -31578
instr 830: -32015
instr 831: -32452
instr 832: -32444
instr 833: -32422
instr 834: -32507
instr 835: -32720
instr 836: -30789
instr 837: -31342
instr 838: -32714
instr 839: -31046
instr 840: -31906
instr 841: -30626
instr 842: -32226
instr 843: -32734
instr 844: -31683
instr 845: -31186
instr 846: -32091
instr 847: -32513
instr 848: -32627
instr 849: -31893
instr 850: -32511
instr 851: -31724
instr 852: -32677
instr 853: -31396
instr 854: -30200
instr 855: -31128
instr 856: -32464
instr 857: -31839
instr 858: -31246
instr 859: -31901
instr 860: -31956
instr 861: -32715
instr 862: -31537
instr 863: -32254
instr 864: -31926
instr 865: -32106
instr 866: -31249
instr 867: -32363
instr 868: -29912
instr 869: -31703
instr 870: -32617
instr 871: -31893
instr 872: -32755
instr 873: -30647
instr 874: -28975
instr 875: -31948
instr 876: -32459
instr 877: -30707
instr 878: -31312
instr 879: -32156
instr 880: -29381
instr 881: -32380
instr 882: -32364
instr 883: -32501
instr 884: -32374
instr 885: -32489
instr 886: -32263
instr 887: -32477
instr 888: -32457
instr 889: -32625
instr 890: -31575
instr 891: -30856
instr 892: -30628
instr 893: -32237
instr 894: -32224
instr 895: -31569
instr 896: -32613
instr 897: -32268
instr 898: -30812
instr 899: -31961
instr 900: -32466
instr 901: -31787
instr 902: -31703
instr 903: -32679
instr 904: -32425
instr 905: -31294
instr 906: -32241
instr 907: -31914
instr 908: -31931
instr 909: -32768
instr 910: -31360
instr 911: -29747
instr 912: -31886
instr 913: -32421
instr 914: -32468
instr 915: -32329
instr 916: -31944
instr 917: -31239
instr 918: -31960
instr 919: -32666
instr 920: -29156
instr 921: -31383
instr 922: -32671
instr 923: -31783
instr 924: -32589
instr 925: -30822
instr 926: -32054
instr 927: -32758
instr 928: -30751
instr 929: -31689
instr 930: -32343
instr 931: -31783
instr 932: -32674
instr 933: -30036
instr 934: -31915
instr 935: -31760
instr 936: -31346
instr 937: -31890
instr 938: -32763
instr 939: -31748
instr 940: -31799
instr 941: -32046
instr 942: -31869
instr 943: -31209
instr 944: -31639
instr 945: -32657
instr 946: -32412
instr 947: -32195
instr 948: -32063
instr 949: -32684
instr 950: -30651
instr 951: -32053
instr 952: -29182
instr 953: -32493
instr 954: -29548
instr 955: -29499
instr 956: -32368
instr 957: -31822
instr 958: -31974
instr 959: -31955
instr 960: -29279
instr 961: -32634
instr 962: -32421
instr 963: -32636
instr 964: -32006
instr 965: -31674
instr 966: -32376
instr 967: -32556
instr 968: -32109
instr 969: -31059
instr 970: -32219
instr 971: -31251
instr 972: -32602
instr 973: -32457
instr 974: -32756
instr 975: -31444
instr 976: -30704
instr 977: -32292
instr 978: -32705
instr 979: -32082
instr 980: -30484
instr 981: -27943
instr 982: -32541
instr 983: -32336
instr 984: -31420
instr 985: -29524
instr 986: -30566
instr 987: -31836
instr 988: -29007
instr 989: -30681
instr 990: -31533
instr 991: -32129
instr 992: -29011
instr 993: -31744
instr 994: -32234
instr 995: -32545
instr 996: -32242
instr 997: -30001
instr 998: -31302
instr 999: -32636
instr 1000: -32711
instr 1001: -32604
instr 1002: -28997
instr 1003: -31313
