instr 0: 0
instr 1: 0
instr 2: 0
instr 3: 0
instr 4: -85
instr 5: -109
instr 6: -85
instr 7: -10
instr 8: -126
instr 9: -116
instr 10: -116
instr 11: -6
instr 12: -81
instr 13: -108
instr 14: -101
instr 15: 27
instr 16: -119
instr 17: -112
instr 18: 36
instr 19: -52
instr 20: -111
instr 21: -47
instr 22: -7
instr 23: -109
instr 24: -95
instr 25: -105
instr 26: -122
instr 27: -40
instr 28: -91
instr 29: -67
instr 30: -67
instr 31: -121
instr 32: -82
instr 33: -127
instr 34: -92
instr 35: -36
instr 36: 34
instr 37: -83
instr 38: -69
instr 39: -108
instr 40: -128
instr 41: -97
instr 42: -115
instr 43: -126
instr 44: -126
instr 45: -34
instr 46: -83
instr 47: -7
instr 48: 8
instr 49: 22
instr 50: -125
instr 51: -71
instr 52: -52
instr 53: -53
instr 54: -118
instr 55: -92
instr 56: -89
instr 57: -28
instr 58: -106
instr 59: -26
instr 60: -59
instr 61: -86
instr 62: -98
instr 63: -39
instr 64: -125
instr 65: -116
instr 66: -87
instr 67: -119
instr 68: -78
instr 69: -59
instr 70: -63
instr 71: -118
instr 72: -24
instr 73: -79
instr 74: -111
instr 75: -120
instr 76: -48
instr 77: -111
instr 78: -84
instr 79: -87
instr 80: -89
instr 81: -54
instr 82: -112
instr 83: -97
instr 84: -89
instr 85: -120
instr 86: -99
instr 87: -95
instr 88: -78
instr 89: -9
instr 90: -35
instr 91: -52
instr 92: -49
instr 93: -108
instr 94: -52
instr 95: -110
instr 96: -40
instr 97: -17
instr 98: -117
instr 99: -58
instr 100: -100
instr 101: -116
instr 102: 0
instr 103: -109
instr 104: -70
instr 105: -112
instr 106: -82
instr 107: -93
instr 108: -90
instr 109: -111
instr 110: -121
instr 111: -119
instr 112: -96
instr 113: -110
instr 114: -115
instr 115: -95
instr 116: -35
instr 117: -85
instr 118: -110
instr 119: -7
instr 120: -120
instr 121: -102
instr 122: -127
instr 123: -98
instr 124: -19
instr 125: 4
instr 126: -66
instr 127: -108
instr 128: -92
instr 129: -102
instr 130: -105
instr 131: -101
instr 132: -115
instr 133: -105
instr 134: -105
instr 135: -127
instr 136: -89
instr 137: -35
instr 138: -68
instr 139: -110
instr 140: -52
instr 141: -93
instr 142: -123
instr 143: -120
instr 144: 18
instr 145: -85
instr 146: -12
instr 147: -84
instr 148: -120
instr 149: -55
instr 150: -125
instr 151: 28
instr 152: -43
instr 153: -18
instr 154: -53
instr 155: -128
instr 156: -124
instr 157: -124
instr 158: -74
instr 159: -44
instr 160: -90
instr 161: -101
instr 162: -126
instr 163: -123
instr 164: -110
instr 165: -62
instr 166: -81
instr 167: -115
instr 168: -62
instr 169: -99
instr 170: -55
instr 171: -83
instr 172: -25
instr 173: -92
instr 174: -19
instr 175: -102
instr 176: -2
instr 177: -93
instr 178: -83
instr 179: -25
instr 180: -111
instr 181: -100
instr 182: -64
instr 183: -99
instr 184: -66
instr 185: -52
instr 186: -121
instr 187: -75
instr 188: -108
instr 189: -109
instr 190: -72
instr 191: -111
instr 192: 44
instr 193: -38
instr 194: -57
instr 195: -118
instr 196: -97
instr 197: -28
instr 198: -80
instr 199: -91
instr 200: -116
instr 201: -99
instr 202: -104
instr 203: -7
instr 204: -97
instr 205: -113
instr 206: -98
instr 207: -115
instr 208: -123
instr 209: -116
instr 210: -25
instr 211: -121
instr 212: -24
instr 213: -125
instr 214: -25
instr 215: -90
instr 216: -36
instr 217: 47
instr 218: 9
instr 219: 37
instr 220: -10
instr 221: -106
instr 222: -12
instr 223: -85
instr 224: -113
instr 225: -29
instr 226: -126
instr 227: -112
instr 228: -114
instr 229: -74
instr 230: -112
instr 231: -114
instr 232: -93
instr 233: -85
instr 234: -69
instr 235: -26
instr 236: -120
instr 237: -73
instr 238: -113
instr 239: -118
instr 240: -65
instr 241: -124
instr 242: -41
instr 243: -73
instr 244: -119
instr 245: -63
instr 246: -83
instr 247: -102
instr 248: -98
instr 249: -121
instr 250: -62
instr 251: -43
instr 252: -60
instr 253: -122
instr 254: -48
instr 255: -116
instr 256: -109
instr 257: -88
instr 258: -126
instr 259: -95
instr 260: 0
instr 261: 59
instr 262: -91
instr 263: -47
instr 264: -127
instr 265: -25
instr 266: -66
instr 267: -118
instr 268: -109
instr 269: -13
instr 270: -103
instr 271: -110
instr 272: -77
instr 273: -126
instr 274: -68
instr 275: -127
instr 276: -61
instr 277: -126
instr 278: -120
instr 279: -25
instr 280: -111
instr 281: -97
instr 282: -120
instr 283: 18
instr 284: -15
instr 285: -36
instr 286: -76
instr 287: -116
instr 288: -47
instr 289: -81
instr 290: -118
instr 291: -69
instr 292: -21
instr 293: 20
instr 294: -83
instr 295: -53
instr 296: -83
instr 297: -91
instr 298: -122
instr 299: 24
instr 300: -53
instr 301: -100
instr 302: -6
instr 303: -74
instr 304: 8
instr 305: -78
instr 306: 8
instr 307: -89
instr 308: -107
instr 309: -123
instr 310: -74
instr 311: -119
instr 312: -87
instr 313: -83
instr 314: -1
instr 315: -126
instr 316: -55
instr 317: -72
instr 318: -64
instr 319: -119
instr 320: -70
instr 321: -92
instr 322: -92
instr 323: -108
instr 324: 24
instr 325: -60
instr 326: -48
instr 327: -80
instr 328: -66
instr 329: -116
instr 330: -120
instr 331: -104
instr 332: -121
instr 333: -35
instr 334: -88
instr 335: -67
instr 336: -108
instr 337: -5
instr 338: -98
instr 339: -64
instr 340: -39
instr 341: -103
instr 342: -35
instr 343: -59
instr 344: -114
instr 345: -3
instr 346: -68
instr 347: -74
instr 348: 4
instr 349: -34
instr 350: -103
instr 351: -120
instr 352: -91
instr 353: -23
instr 354: -124
instr 355: -12
instr 356: -18
instr 357: -97
instr 358: -124
instr 359: -119
instr 360: -98
instr 361: -80
instr 362: -71
instr 363: -110
instr 364: -80
instr 365: -27
instr 366: -107
instr 367: -23
instr 368: -76
instr 369: -68
instr 370: -114
instr 371: -66
instr 372: -83
instr 373: -30
instr 374: 4
instr 375: -39
instr 376: -119
instr 377: -114
instr 378: -128
instr 379: -55
instr 380: -77
instr 381: -115
instr 382: -124
instr 383: -69
instr 384: -25
instr 385: -93
instr 386: -54
instr 387: -117
instr 388: -66
instr 389: -87
instr 390: -109
instr 391: -127
instr 392: -46
instr 393: -97
instr 394: -126
instr 395: -97
instr 396: -99
instr 397: -49
instr 398: -36
instr 399: -99
instr 400: -30
instr 401: -123
instr 402: -96
instr 403: -117
instr 404: -90
instr 405: -104
instr 406: -120
instr 407: -128
instr 408: -100
instr 409: -121
instr 410: -120
instr 411: -98
instr 412: -105
instr 413: -99
instr 414: -120
instr 415: -86
instr 416: -60
instr 417: -125
instr 418: -65
instr 419: -29
instr 420: -56
instr 421: 40
instr 422: -109
instr 423: -115
instr 424: -4
instr 425: -115
instr 426: -75
instr 427: 15
instr 428: -85
instr 429: -104
instr 430: -41
instr 431: -38
instr 432: -121
instr 433: -101
instr 434: -80
instr 435: -32
instr 436: -87
instr 437: -19
instr 438: -80
instr 439: -121
instr 440: -38
instr 441: -61
instr 442: -95
instr 443: -83
instr 444: -120
instr 445: -44
instr 446: -9
instr 447: -125
instr 448: -99
instr 449: -51
instr 450: -82
instr 451: -35
instr 452: -112
instr 453: -33
instr 454: -55
instr 455: -111
instr 456: -71
instr 457: -90
instr 458: -83
instr 459: -99
instr 460: -119
instr 461: -60
instr 462: -121
instr 463: -128
instr 464: -120
instr 465: -117
instr 466: -93
instr 467: 25
instr 468: -58
instr 469: -107
instr 470: -36
instr 471: -22
instr 472: -125
instr 473: -94
instr 474: -75
instr 475: -122
instr 476: 1
instr 477: -70
instr 478: -7
instr 479: -19
instr 480: -11
instr 481: -93
instr 482: -17
instr 483: -30
instr 484: -101
instr 485: -8
instr 486: -124
instr 487: -64
instr 488: -27
instr 489: -97
instr 490: -110
instr 491: 6
instr 492: -126
instr 493: -108
instr 494: -88
instr 495: -74
instr 496: -99
instr 497: -59
instr 498: -76
instr 499: -118
instr 500: -77
instr 501: -128
instr 502: -29
instr 503: -106
instr 504: -117
instr 505: -10
instr 506: -25
instr 507: -111
instr 508: -115
instr 509: -69
instr 510: -98
instr 511: -82
instr 512: -94
instr 513: -119
instr 514: -91
instr 515: -37
instr 516: -53
instr 517: -112
instr 518: -101
instr 519: -108
instr 520: -123
instr 521: -116
instr 522: -103
instr 523: -97
instr 524: -94
instr 525: -101
instr 526: -99
instr 527: -107
instr 528: -77
instr 529: -106
instr 530: -12
instr 531: -51
instr 532: -122
instr 533: -90
instr 534: -43
instr 535: -53
instr 536: -15
instr 537: -103
instr 538: -97
instr 539: -90
instr 540: -71
instr 541: -119
instr 542: -111
instr 543: -102
instr 544: -20
instr 545: -86
instr 546: -97
instr 547: -107
instr 548: -29
instr 549: -99
instr 550: -115
instr 551: -121
instr 552: -51
instr 553: -22
instr 554: -120
instr 555: -103
instr 556: -122
instr 557: -74
instr 558: -7
instr 559: -85
instr 560: -81
instr 561: -90
instr 562: -127
instr 563: -114
instr 564: -73
instr 565: -118
instr 566: -41
instr 567: -74
instr 568: -106
instr 569: -122
instr 570: 15
instr 571: -82
instr 572: -128
instr 573: 77
instr 574: -81
instr 575: -58
instr 576: -34
instr 577: -121
instr 578: -47
instr 579: -105
instr 580: -109
instr 581: -110
instr 582: -96
instr 583: -64
instr 584: -118
instr 585: -89
instr 586: -86
instr 587: -97
instr 588: -39
instr 589: -76
instr 590: -73
instr 591: -62
instr 592: -103
instr 593: -65
instr 594: -112
instr 595: -120
instr 596: -125
instr 597: 19
instr 598: -97
instr 599: -128
instr 600: -126
instr 601: -37
instr 602: -57
instr 603: -118
instr 604: -76
instr 605: -89
instr 606: 44
instr 607: -118
instr 608: -103
instr 609: -111
instr 610: -107
instr 611: -93
instr 612: -78
instr 613: -113
instr 614: -88
instr 615: -91
instr 616: -89
instr 617: -94
instr 618: -48
instr 619: -93
instr 620: -105
instr 621: -61
instr 622: -104
instr 623: -124
instr 624: -115
instr 625: -82
instr 626: -19
instr 627: -67
instr 628: -15
instr 629: -8
instr 630: -25
instr 631: -126
instr 632: -20
instr 633: -73
instr 634: -116
instr 635: -74
instr 636: -46
instr 637: -79
instr 638: -89
instr 639: -84
instr 640: -32
instr 641: -125
instr 642: -115
instr 643: -69
instr 644: -103
instr 645: -103
instr 646: -101
instr 647: -124
instr 648: -120
instr 649: -80
instr 650: -112
instr 651: -109
instr 652: -65
instr 653: -121
instr 654: -98
instr 655: -99
instr 656: -106
instr 657: -69
instr 658: -86
instr 659: -83
instr 660: -82
instr 661: -79
instr 662: -122
instr 663: -5
instr 664: -74
instr 665: 16
instr 666: -110
instr 667: -106
instr 668: 11
instr 669: -127
instr 670: -119
instr 671: -128
instr 672: -128
instr 673: -70
instr 674: -121
instr 675: -51
instr 676: -94
instr 677: -80
instr 678: -60
instr 679: 21
instr 680: -55
instr 681: -51
instr 682: -95
instr 683: -91
instr 684: -4
instr 685: -83
instr 686: -112
instr 687: -101
instr 688: -85
instr 689: -31
instr 690: -82
instr 691: -83
instr 692: -99
instr 693: -2
instr 694: -98
instr 695: -98
instr 696: -122
instr 697: -92
instr 698: -62
instr 699: -70
instr 700: -100
instr 701: -86
instr 702: -128
instr 703: -88
instr 704: -85
instr 705: -101
instr 706: -99
instr 707: -21
instr 708: -10
instr 709: -105
instr 710: -68
instr 711: 48
instr 712: -28
instr 713: -55
instr 714: -86
instr 715: -109
instr 716: -28
instr 717: -54
instr 718: -93
instr 719: -65
instr 720: -58
instr 721: -43
instr 722: -121
instr 723: -66
instr 724: -40
instr 725: -110
instr 726: -126
instr 727: -25
instr 728: -74
instr 729: -125
instr 730: -99
instr 731: -62
instr 732: -89
instr 733: -76
instr 734: -51
instr 735: -87
instr 736: 1
instr 737: -44
instr 738: -84
instr 739: -103
instr 740: -52
instr 741: 48
instr 742: -67
instr 743: -63
instr 744: -114
instr 745: 35
instr 746: 0
instr 747: -71
instr 748: -49
instr 749: -62
instr 750: -126
instr 751: -123
instr 752: -123
instr 753: -110
instr 754: -119
instr 755: -111
instr 756: -47
instr 757: -61
instr 758: -64
instr 759: -96
instr 760: -43
instr 761: -60
instr 762: -36
instr 763: -37
instr 764: -105
instr 765: 35
instr 766: -124
instr 767: -50
instr 768: 13
instr 769: 43
instr 770: -77
instr 771: -39
instr 772: -99
instr 773: -38
instr 774: -126
instr 775: -109
instr 776: -40
instr 777: -27
instr 778: 16
instr 779: -99
instr 780: -67
instr 781: -107
instr 782: -127
instr 783: -96
instr 784: -109
instr 785: -117
instr 786: -119
instr 787: -119
instr 788: -60
instr 789: -46
instr 790: -15
instr 791: -90
instr 792: -104
instr 793: -101
instr 794: -75
instr 795: -127
instr 796: -87
instr 797: -123
instr 798: -88
instr 799: -71
instr 800: -110
instr 801: -5
instr 802: -119
instr 803: -121
instr 804: 6
instr 805: -111
instr 806: -91
instr 807: -71
instr 808: -114
instr 809: -97
instr 810: -125
instr 811: -85
instr 812: -100
instr 813: -119
instr 814: 2
instr 815: -84
instr 816: -72
instr 817: -81
instr 818: -107
instr 819: -123
instr 820: -11
instr 821: -104
instr 822: -123
instr 823: -80
instr 824: -100
instr 825: -102
instr 826: -67
instr 827: -71
instr 828: -43
instr 829: -75
instr 830: -16
instr 831: -91
instr 832: -79
instr 833: -40
instr 834: -120
instr 835: -126
instr 836: -50
instr 837: -29
instr 838: -116
instr 839: -127
instr 840: -117
instr 841: -35
instr 842: -62
instr 843: -124
instr 844: -99
instr 845: -105
instr 846: -92
instr 847: 3
instr 848: -82
instr 849: -115
instr 850: -125
instr 851: -96
instr 852: -101
instr 853: -69
instr 854: 7
instr 855: -14
instr 856: -126
instr 857: -128
instr 858: 48
instr 859: -84
instr 860: -74
instr 861: -73
instr 862: -98
instr 863: -124
instr 864: -84
instr 865: -59
instr 866: -120
instr 867: -104
instr 868: -28
instr 869: 4
instr 870: -111
instr 871: -86
instr 872: -100
instr 873: -109
instr 874: -54
instr 875: -42
instr 876: -122
instr 877: -118
instr 878: -126
instr 879: -36
instr 880: -76
instr 881: -88
instr 882: -27
instr 883: -78
instr 884: -96
instr 885: -63
instr 886: -38
instr 887: -118
instr 888: -124
instr 889: -49
instr 890: -115
instr 891: -95
instr 892: -73
instr 893: 38
instr 894: -114
instr 895: -101
instr 896: -98
instr 897: -87
instr 898: -115
instr 899: -121
instr 900: -54
instr 901: -54
instr 902: 10
instr 903: -33
instr 904: -84
instr 905: -43
instr 906: -125
instr 907: -119
instr 908: -104
instr 909: -111
instr 910: -125
instr 911: -100
instr 912: -26
instr 913: -76
instr 914: -90
instr 915: -97
instr 916: -110
instr 917: -123
instr 918: -2
instr 919: -112
instr 920: -68
instr 921: -80
instr 922: -80
instr 923: -29
instr 924: -62
instr 925: -70
instr 926: -31
instr 927: -6
instr 928: -109
instr 929: -122
instr 930: -94
instr 931: -94
instr 932: 30
instr 933: -39
instr 934: -81
instr 935: -107
instr 936: -127
instr 937: -7
instr 938: -125
instr 939: -126
instr 940: 29
instr 941: -47
instr 942: -78
instr 943: -35
instr 944: -84
instr 945: -37
instr 946: -128
instr 947: -117
instr 948: 63
instr 949: -48
instr 950: -119
instr 951: -125
instr 952: -45
instr 953: -110
instr 954: 18
instr 955: -126
instr 956: -88
instr 957: -122
instr 958: -119
instr 959: -10
instr 960: -68
instr 961: -36
instr 962: -125
instr 963: -122
instr 964: 14
instr 965: -105
instr 966: -78
instr 967: -73
instr 968: -89
instr 969: 2
instr 970: -127
instr 971: -98
instr 972: -109
instr 973: -128
instr 974: -75
instr 975: -77
instr 976: -64
instr 977: -117
instr 978: -113
instr 979: -94
instr 980: -17
instr 981: -103
instr 982: -107
instr 983: -88
instr 984: -114
instr 985: -90
instr 986: -96
instr 987: -119
instr 988: -82
instr 989: -98
instr 990: 3
instr 991: -100
instr 992: -15
instr 993: -73
instr 994: -108
instr 995: -31
instr 996: -38
instr 997: -107
instr 998: -117
instr 999: -112
instr 1000: 4
instr 1001: -35
instr 1002: -28
instr 1003: -107
