instr 0: 0
instr 1: 0
instr 2: 0
instr 3: 0
instr 4: -32654
instr 5: -32601
instr 6: -30943
instr 7: -32191
instr 8: -29289
instr 9: -32244
instr 10: -32599
instr 11: -30535
instr 12: -30355
instr 13: -31782
instr 14: -32438
instr 15: -32439
instr 16: -31131
instr 17: -32346
instr 18: -32711
instr 19: -32067
instr 20: -32677
instr 21: -32724
instr 22: -32454
instr 23: -32186
instr 24: -31331
instr 25: -32434
instr 26: -30610
instr 27: -31448
instr 28: -32462
instr 29: -31326
instr 30: -29530
instr 31: -28711
instr 32: -32126
instr 33: -30018
instr 34: -31334
instr 35: -32327
instr 36: -27335
instr 37: -32480
instr 38: -30283
instr 39: -31942
instr 40: -31519
instr 41: -30982
instr 42: -31895
instr 43: -29603
instr 44: -31894
instr 45: -31299
instr 46: -31267
instr 47: -31756
instr 48: -32518
instr 49: -31560
instr 50: -26373
instr 51: -30472
instr 52: -29656
instr 53: -30564
instr 54: -30373
instr 55: -32731
instr 56: -30113
instr 57: -31936
instr 58: -32696
instr 59: -30928
instr 60: -32564
instr 61: -32056
instr 62: -31311
instr 63: -31635
instr 64: -32611
instr 65: -32732
instr 66: -30332
instr 67: -31522
instr 68: -32135
instr 69: -29276
instr 70: -32767
instr 71: -32122
instr 72: -31580
instr 73: -31833
instr 74: -30450
instr 75: -31065
instr 76: -31833
instr 77: -31051
instr 78: -32397
instr 79: -32443
instr 80: -31710
instr 81: -30951
instr 82: -31220
instr 83: -29691
instr 84: -32716
instr 85: -30608
instr 86: -29198
instr 87: -31667
instr 88: -32610
instr 89: -32713
instr 90: -31529
instr 91: -32339
instr 92: -31025
instr 93: -31420
instr 94: -32451
instr 95: -32307
instr 96: -31129
instr 97: -31913
instr 98: -29405
instr 99: -32573
instr 100: -28457
instr 101: -31471
instr 102: -31602
instr 103: -31328
instr 104: -31473
instr 105: -32516
instr 106: -32680
instr 107: -28603
instr 108: -32137
instr 109: -32084
instr 110: -32509
instr 111: -32276
instr 112: -31022
instr 113: -32369
instr 114: -31205
instr 115: -31964
instr 116: -32518
instr 117: -31061
instr 118: -31181
instr 119: -30732
instr 120: -30593
instr 121: -29073
instr 122: -32014
instr 123: -32629
instr 124: -32728
instr 125: -31783
instr 126: -32106
instr 127: -32589
instr 128: -31834
instr 129: -32573
instr 130: -31725
instr 131: -32731
instr 132: -32627
instr 133: -32760
instr 134: -31958
instr 135: -32206
instr 136: -32050
instr 137: -30714
instr 138: -32420
instr 139: -32360
instr 140: -32138
instr 141: -32042
instr 142: -30345
instr 143: -30524
instr 144: -32748
instr 145: -32310
instr 146: -31507
instr 147: -32718
instr 148: -32664
instr 149: -30639
instr 150: -31196
instr 151: -32264
instr 152: -32155
instr 153: -30911
instr 154: -30182
instr 155: -32222
instr 156: -32305
instr 157: -32485
instr 158: -31587
instr 159: -31434
instr 160: -32438
instr 161: -31864
instr 162: -32589
instr 163: -32071
instr 164: -32272
instr 165: -32083
instr 166: -30860
instr 167: -31314
instr 168: -31127
instr 169: -31618
instr 170: -29942
instr 171: -31682
instr 172: -32507
instr 173: -32523
instr 174: -32197
instr 175: -31749
instr 176: -32106
instr 177: -32214
instr 178: -31989
instr 179: -32124
instr 180: -32380
instr 181: -31296
instr 182: -29749
instr 183: -31695
instr 184: -31564
instr 185: -32511
instr 186: -29403
instr 187: -31866
instr 188: -26952
instr 189: -31974
instr 190: -30330
instr 191: -30087
instr 192: -32589
instr 193: -32654
instr 194: -32219
instr 195: -32581
instr 196: -32424
instr 197: -31225
instr 198: -32569
instr 199: -32715
instr 200: -32490
instr 201: -32606
instr 202: -31163
instr 203: -32098
instr 204: -32109
instr 205: -29586
instr 206: -31844
instr 207: -31754
instr 208: -30686
instr 209: -31973
instr 210: -32496
instr 211: -31546
instr 212: -32370
instr 213: -32443
instr 214: -32546
instr 215: -26083
instr 216: -30811
instr 217: -31588
instr 218: -31939
instr 219: -31844
instr 220: -31164
instr 221: -30862
instr 222: -32701
instr 223: -32584
instr 224: -30010
instr 225: -32001
instr 226: -31715
instr 227: -32189
instr 228: -32577
instr 229: -32175
instr 230: -32750
instr 231: -32315
instr 232: -30404
instr 233: -32233
instr 234: -31687
instr 235: -30260
instr 236: -31969
instr 237: -32740
instr 238: -31576
instr 239: -31063
instr 240: -32137
instr 241: -32453
instr 242: -32506
instr 243: -32572
instr 244: -32296
instr 245: -32225
instr 246: -30484
instr 247: -32207
instr 248: -31790
instr 249: -29735
instr 250: -32391
instr 251: -32702
instr 252: -30771
instr 253: -31734
instr 254: -32164
instr 255: -32314
instr 256: -32551
instr 257: -30027
instr 258: -32195
instr 259: -32428
instr 260: -32641
instr 261: -32621
instr 262: -30708
instr 263: -31155
instr 264: -30363
instr 265: -30179
instr 266: -32231
instr 267: -31053
instr 268: -31466
instr 269: -30658
instr 270: -32200
instr 271: -32568
instr 272: -32030
instr 273: -32160
instr 274: -32724
instr 275: -29657
instr 276: -31521
instr 277: -32579
instr 278: -31314
instr 279: -32638
instr 280: -32671
instr 281: -31781
instr 282: -31046
instr 283: -32159
instr 284: -31002
instr 285: -30124
instr 286: -32091
instr 287: -32548
instr 288: -32675
instr 289: -30276
instr 290: -32592
instr 291: -28117
instr 292: -29288
instr 293: -31584
instr 294: -32601
instr 295: -31108
instr 296: -31080
instr 297: -31941
instr 298: -30570
instr 299: -27605
instr 300: -32671
instr 301: -32043
instr 302: -30647
instr 303: -31467
instr 304: -32021
instr 305: -28960
instr 306: -31692
instr 307: -31963
instr 308: -24924
instr 309: -31057
instr 310: -32338
instr 311: -30837
instr 312: -29538
instr 313: -31396
instr 314: -32613
instr 315: -31978
instr 316: -30754
instr 317: -31370
instr 318: -31832
instr 319: -32542
instr 320: -31981
instr 321: -32097
instr 322: -32104
instr 323: -32166
instr 324: -32282
instr 325: -32329
instr 326: -32731
instr 327: -32546
instr 328: -29796
instr 329: -26889
instr 330: -30556
instr 331: -32439
instr 332: -32511
instr 333: -32215
instr 334: -32052
instr 335: -32064
instr 336: -31813
instr 337: -32725
instr 338: -31799
instr 339: -31488
instr 340: -31663
instr 341: -31977
instr 342: -30957
instr 343: -32646
instr 344: -29121
instr 345: -31798
instr 346: -30918
instr 347: -31937
instr 348: -32488
instr 349: -29316
instr 350: -32637
instr 351: -32421
instr 352: -29987
instr 353: -32002
instr 354: -32229
instr 355: -32696
instr 356: -31576
instr 357: -29378
instr 358: -28972
instr 359: -29529
instr 360: -30931
instr 361: -32265
instr 362: -30286
instr 363: -29287
instr 364: -31625
instr 365: -32177
instr 366: -32689
instr 367: -31667
instr 368: -32473
instr 369: -30709
instr 370: -32275
instr 371: -31466
instr 372: -31836
instr 373: -31889
instr 374: -31538
instr 375: -32398
instr 376: -31476
instr 377: -32672
instr 378: -29957
instr 379: -31579
instr 380: -30629
instr 381: -32355
instr 382: -25643
instr 383: -30734
instr 384: -32028
instr 385: -32469
instr 386: -30191
instr 387: -31831
instr 388: -31100
instr 389: -32158
instr 390: -29886
instr 391: -30919
instr 392: -30828
instr 393: -31969
instr 394: -32296
instr 395: -31805
instr 396: -29225
instr 397: -30382
instr 398: -32639
instr 399: -32458
instr 400: -31818
instr 401: -32689
instr 402: -31604
instr 403: -28024
instr 404: -32321
instr 405: -30907
instr 406: -30437
instr 407: -32474
instr 408: -32713
instr 409: -31989
instr 410: -31663
instr 411: -30760
instr 412: -32188
instr 413: -32460
instr 414: -31713
instr 415: -31752
instr 416: -32597
instr 417: -32492
instr 418: -32613
instr 419: -32694
instr 420: -32600
instr 421: -32616
instr 422: -29820
instr 423: -32663
instr 424: -31912
instr 425: -32729
instr 426: -27931
instr 427: -32406
instr 428: -29590
instr 429: -32509
instr 430: -30442
instr 431: -32691
instr 432: -32702
instr 433: -32611
instr 434: -32168
instr 435: -32332
instr 436: -31596
instr 437: -32048
instr 438: -32146
instr 439: -32030
instr 440: -32363
instr 441: -32303
instr 442: -32128
instr 443: -31583
instr 444: -27300
instr 445: -28996
instr 446: -32248
instr 447: -29171
instr 448: -32183
instr 449: -31811
instr 450: -32597
instr 451: -31198
instr 452: -32202
instr 453: -32065
instr 454: -26549
instr 455: -32372
instr 456: -31800
instr 457: -31154
instr 458: -31780
instr 459: -32567
instr 460: -32191
instr 461: -32719
instr 462: -32164
instr 463: -32418
instr 464: -30398
instr 465: -30054
instr 466: -31835
instr 467: -32209
instr 468: -31766
instr 469: -31475
instr 470: -31909
instr 471: -31672
instr 472: -32116
instr 473: -31510
instr 474: -32500
instr 475: -32426
instr 476: -31986
instr 477: -30244
instr 478: -32729
instr 479: -31560
instr 480: -31481
instr 481: -32466
instr 482: -30358
instr 483: -31082
instr 484: -32583
instr 485: -31272
instr 486: -32686
instr 487: -28370
instr 488: -32025
instr 489: -30303
instr 490: -32684
instr 491: -32677
instr 492: -32687
instr 493: -31654
instr 494: -30683
instr 495: -31364
instr 496: -32518
instr 497: -32487
instr 498: -31452
instr 499: -31654
instr 500: -31097
instr 501: -32637
instr 502: -31421
instr 503: -32428
instr 504: -29634
instr 505: -31862
instr 506: -31807
instr 507: -32393
instr 508: -30004
instr 509: -31248
instr 510: -32649
instr 511: -31593
instr 512: -30994
instr 513: -30824
instr 514: -32707
instr 515: -30690
instr 516: -31413
instr 517: -31576
instr 518: -32592
instr 519: -32576
instr 520: -31747
instr 521: -31817
instr 522: -31372
instr 523: -32273
instr 524: -30271
instr 525: -32617
instr 526: -31633
instr 527: -26286
instr 528: -32242
instr 529: -31819
instr 530: -32732
instr 531: -29511
instr 532: -32396
instr 533: -32605
instr 534: -32374
instr 535: -31011
instr 536: -32239
instr 537: -30240
instr 538: -32690
instr 539: -32154
instr 540: -29119
instr 541: -30725
instr 542: -30818
instr 543: -30100
instr 544: -32488
instr 545: -31028
instr 546: -32717
instr 547: -32447
instr 548: -32038
instr 549: -29148
instr 550: -31566
instr 551: -31884
instr 552: -32762
instr 553: -31952
instr 554: -32624
instr 555: -31986
instr 556: -32248
instr 557: -32139
instr 558: -29667
instr 559: -29939
instr 560: -31280
instr 561: -31524
instr 562: -30917
instr 563: -31469
instr 564: -31105
instr 565: -32069
instr 566: -32286
instr 567: -31674
instr 568: -31815
instr 569: -32339
instr 570: -32471
instr 571: -32657
instr 572: -32111
instr 573: -32730
instr 574: -31100
instr 575: -32021
instr 576: -32092
instr 577: -31068
instr 578: -32512
instr 579: -32545
instr 580: -32551
instr 581: -30838
instr 582: -29734
instr 583: -30709
instr 584: -32750
instr 585: -32127
instr 586: -32563
instr 587: -32308
instr 588: -32733
instr 589: -31560
instr 590: -32417
instr 591: -31618
instr 592: -31772
instr 593: -32517
instr 594: -32127
instr 595: -32575
instr 596: -32102
instr 597: -32627
instr 598: -29048
instr 599: -31515
instr 600: -32508
instr 601: -32381
instr 602: -32655
instr 603: -27675
instr 604: -31760
instr 605: -32356
instr 606: -31652
instr 607: -32337
instr 608: -31914
instr 609: -31218
instr 610: -30401
instr 611: -32658
instr 612: -30296
instr 613: -31290
instr 614: -32364
instr 615: -30246
instr 616: -32589
instr 617: -31066
instr 618: -32179
instr 619: -31934
instr 620: -31958
instr 621: -31308
instr 622: -31564
instr 623: -30282
instr 624: -32722
instr 625: -30720
instr 626: -31473
instr 627: -29553
instr 628: -32622
instr 629: -31473
instr 630: -29840
instr 631: -32524
instr 632: -31129
instr 633: -32285
instr 634: -31422
instr 635: -31950
instr 636: -32548
instr 637: -30027
instr 638: -32696
instr 639: -30494
instr 640: -30670
instr 641: -31748
instr 642: -32156
instr 643: -32284
instr 644: -32640
instr 645: -28405
instr 646: -32141
instr 647: -31347
instr 648: -30846
instr 649: -32316
instr 650: -32589
instr 651: -30875
instr 652: -31198
instr 653: -32236
instr 654: -30280
instr 655: -32498
instr 656: -28425
instr 657: -31683
instr 658: -31866
instr 659: -31616
instr 660: -31561
instr 661: -32373
instr 662: -32119
instr 663: -29947
instr 664: -30442
instr 665: -32646
instr 666: -29739
instr 667: -30063
instr 668: -32761
instr 669: -32600
instr 670: -30177
instr 671: -31329
instr 672: -30933
instr 673: -32217
instr 674: -32034
instr 675: -32413
instr 676: -32079
instr 677: -32080
instr 678: -29467
instr 679: -31116
instr 680: -28334
instr 681: -28191
instr 682: -32556
instr 683: -32661
instr 684: -30118
instr 685: -32075
instr 686: -31998
instr 687: -32676
instr 688: -30191
instr 689: -32614
instr 690: -31693
instr 691: -32101
instr 692: -31734
instr 693: -32496
instr 694: -32060
instr 695: -31535
instr 696: -31594
instr 697: -27678
instr 698: -32343
instr 699: -31044
instr 700: -32440
instr 701: -31872
instr 702: -31601
instr 703: -32122
instr 704: -30726
instr 705: -29279
instr 706: -28922
instr 707: -31607
instr 708: -31582
instr 709: -32694
instr 710: -32470
instr 711: -31918
instr 712: -32223
instr 713: -31788
instr 714: -32594
instr 715: -31930
instr 716: -30451
instr 717: -31218
instr 718: -31819
instr 719: -32599
instr 720: -31194
instr 721: -31941
instr 722: -32675
instr 723: -30779
instr 724: -30825
instr 725: -28684
instr 726: -30863
instr 727: -30337
instr 728: -31936
instr 729: -30278
instr 730: -31731
instr 731: -29641
instr 732: -28316
instr 733: -32477
instr 734: -31802
instr 735: -30350
instr 736: -32398
instr 737: -32489
instr 738: -32683
instr 739: -31794
instr 740: -32118
instr 741: -32114
instr 742: -31765
instr 743: -31337
instr 744: -31989
instr 745: -32537
instr 746: -30497
instr 747: -32679
instr 748: -30956
instr 749: -32731
instr 750: -31987
instr 751: -31416
instr 752: -32302
instr 753: -30623
instr 754: -30653
instr 755: -31675
instr 756: -31886
instr 757: -31627
instr 758: -29635
instr 759: -32233
instr 760: -24226
instr 761: -29815
instr 762: -31094
instr 763: -32513
instr 764: -32461
instr 765: -32751
instr 766: -32343
instr 767: -32472
instr 768: -31703
instr 769: -32483
instr 770: -31961
instr 771: -30195
instr 772: -32377
instr 773: -30935
instr 774: -31798
instr 775: -32444
instr 776: -30167
instr 777: -31934
instr 778: -32464
instr 779: -31856
instr 780: -32758
instr 781: -30737
instr 782: -32070
instr 783: -30231
instr 784: -32118
instr 785: -31923
instr 786: -31959
instr 787: -32526
instr 788: -32160
instr 789: -29308
instr 790: -30838
instr 791: -28210
instr 792: -32695
instr 793: -31627
instr 794: -31304
instr 795: -31719
instr 796: -31645
instr 797: -32418
instr 798: -30923
instr 799: -32257
instr 800: -32498
instr 801: -32549
instr 802: -31560
instr 803: -32682
instr 804: -31651
instr 805: -31376
instr 806: -32514
instr 807: -31187
instr 808: -31945
instr 809: -32555
instr 810: -30179
instr 811: -32306
instr 812: -32171
instr 813: -31730
instr 814: -32276
instr 815: -31492
instr 816: -32478
instr 817: -32397
instr 818: -31386
instr 819: -32184
instr 820: -27214
instr 821: -31969
instr 822: -31802
instr 823: -30850
instr 824: -30442
instr 825: -31923
instr 826: -31191
instr 827: -31573
instr 828: -31747
instr 829: -32740
instr 830: -30076
instr 831: -31488
instr 832: -32307
instr 833: -32588
instr 834: -31522
instr 835: -31715
instr 836: -32647
instr 837: -30318
instr 838: -32557
instr 839: -32344
instr 840: -31894
instr 841: -30713
instr 842: -32723
instr 843: -32151
instr 844: -32683
instr 845: -32660
instr 846: -32166
instr 847: -29392
instr 848: -32580
instr 849: -31659
instr 850: -32343
instr 851: -32642
instr 852: -31546
instr 853: -32282
instr 854: -28414
instr 855: -32597
instr 856: -31854
instr 857: -32510
instr 858: -32684
instr 859: -30791
instr 860: -31299
instr 861: -31329
instr 862: -30942
instr 863: -29580
instr 864: -31367
instr 865: -30815
instr 866: -32012
instr 867: -32200
instr 868: -32732
instr 869: -31611
instr 870: -27754
instr 871: -32632
instr 872: -31052
instr 873: -32577
instr 874: -31065
instr 875: -30472
instr 876: -32412
instr 877: -32221
instr 878: -31411
instr 879: -31969
instr 880: -30316
instr 881: -32316
instr 882: -27660
instr 883: -32438
instr 884: -31783
instr 885: -30739
instr 886: -31665
instr 887: -31070
instr 888: -32625
instr 889: -31307
instr 890: -31608
instr 891: -30974
instr 892: -32402
instr 893: -32352
instr 894: -32163
instr 895: -32463
instr 896: -32734
instr 897: -29624
instr 898: -32698
instr 899: -32547
instr 900: -30155
instr 901: -30430
instr 902: -32675
instr 903: -32367
instr 904: -31561
instr 905: -31709
instr 906: -32158
instr 907: -31819
instr 908: -31829
instr 909: -29838
instr 910: -31527
instr 911: -30051
instr 912: -32110
instr 913: -32144
instr 914: -31294
instr 915: -27630
instr 916: -32379
instr 917: -32273
instr 918: -30947
instr 919: -27516
instr 920: -31158
instr 921: -32655
instr 922: -31406
instr 923: -31330
instr 924: -30881
instr 925: -29646
instr 926: -31432
instr 927: -32582
instr 928: -32592
instr 929: -31833
instr 930: -31309
instr 931: -30761
instr 932: -31010
instr 933: -32306
instr 934: -32453
instr 935: -31527
instr 936: -31738
instr 937: -31842
instr 938: -32150
instr 939: -31708
instr 940: -31277
instr 941: -32584
instr 942: -32121
instr 943: -27684
instr 944: -28959
instr 945: -32263
instr 946: -31620
instr 947: -32463
instr 948: -30306
instr 949: -31803
instr 950: -31421
instr 951: -28342
instr 952: -31963
instr 953: -32308
instr 954: -30563
instr 955: -30673
instr 956: -30063
instr 957: -30710
instr 958: -25991
instr 959: -31491
instr 960: -29549
instr 961: -31549
instr 962: -30811
instr 963: -32309
instr 964: -30102
instr 965: -32336
instr 966: -30709
instr 967: -32693
instr 968: -30622
instr 969: -32683
instr 970: -32030
instr 971: -29817
instr 972: -32333
instr 973: -31173
instr 974: -32406
instr 975: -28660
instr 976: -28450
instr 977: -30369
instr 978: -32328
instr 979: -32388
instr 980: -30131
instr 981: -32263
instr 982: -32717
instr 983: -31878
instr 984: -32591
instr 985: -31745
instr 986: -32118
instr 987: -30301
instr 988: -32554
instr 989: -32450
instr 990: -30891
instr 991: -31193
instr 992: -30682
instr 993: -31074
instr 994: -30525
instr 995: -31927
instr 996: -32072
instr 997: -31348
instr 998: -31365
instr 999: -31963
instr 1000: -32685
instr 1001: -30487
instr 1002: -31103
instr 1003: -32670
