instr 0: 0
instr 1: 0
instr 2: 0
instr 3: 0
instr 4: 31980
instr 5: 31024
instr 6: 21588
instr 7: 28880
instr 8: 26301
instr 9: 6307
instr 10: 29612
instr 11: 20810
instr 12: 22067
instr 13: 27650
instr 14: 24922
instr 15: 22022
instr 16: 30835
instr 17: 30271
instr 18: 31666
instr 19: 31421
instr 20: 31959
instr 21: 5888
instr 22: 31205
instr 23: 32229
instr 24: 17365
instr 25: 24924
instr 26: 15489
instr 27: 23074
instr 28: 23216
instr 29: 28755
instr 30: 30203
instr 31: 6998
instr 32: 29886
instr 33: 30154
instr 34: 32595
instr 35: 25236
instr 36: 25858
instr 37: 13375
instr 38: 28350
instr 39: 18460
instr 40: 30712
instr 41: 28274
instr 42: 22628
instr 43: 27969
instr 44: 22073
instr 45: 12119
instr 46: 31928
instr 47: 30812
instr 48: 26185
instr 49: 24441
instr 50: 32752
instr 51: 32218
instr 52: 31612
instr 53: 31108
instr 54: 32670
instr 55: 24646
instr 56: 23837
instr 57: 24052
instr 58: 31047
instr 59: 19531
instr 60: 30789
instr 61: 24028
instr 62: 28584
instr 63: 26150
instr 64: 32028
instr 65: 26460
instr 66: 14130
instr 67: 29221
instr 68: 30476
instr 69: 26973
instr 70: 28305
instr 71: 31983
instr 72: 31066
instr 73: 7790
instr 74: 32175
instr 75: 8556
instr 76: 31986
instr 77: 29427
instr 78: 26020
instr 79: 21829
instr 80: 23380
instr 81: 27444
instr 82: 25440
instr 83: 22339
instr 84: 29090
instr 85: 30016
instr 86: 27826
instr 87: 32559
instr 88: 31326
instr 89: 14465
instr 90: 22594
instr 91: 15264
instr 92: 12569
instr 93: 32122
instr 94: 21955
instr 95: 32523
instr 96: 30399
instr 97: 23892
instr 98: 30769
instr 99: 31171
instr 100: 21739
instr 101: 26438
instr 102: 7141
instr 103: 23973
instr 104: 29661
instr 105: 28297
instr 106: 32069
instr 107: 27852
instr 108: 29919
instr 109: 30670
instr 110: 31786
instr 111: 19079
instr 112: 6577
instr 113: 32750
instr 114: 24389
instr 115: 17988
instr 116: 20995
instr 117: 20534
instr 118: 32114
instr 119: 32319
instr 120: 31440
instr 121: 25120
instr 122: 23713
instr 123: 29931
instr 124: 29487
instr 125: 30507
instr 126: 19624
instr 127: 15972
instr 128: 32074
instr 129: 31148
instr 130: 31763
instr 131: 32570
instr 132: 30754
instr 133: 6685
instr 134: 20142
instr 135: 31395
instr 136: 30628
instr 137: 27153
instr 138: 29767
instr 139: 27279
instr 140: 31670
instr 141: 15169
instr 142: 31989
instr 143: 28325
instr 144: 22387
instr 145: 19281
instr 146: 22494
instr 147: 32170
instr 148: 20602
instr 149: 26660
instr 150: 23155
instr 151: 31246
instr 152: 26540
instr 153: 29188
instr 154: 2614
instr 155: 24940
instr 156: 32725
instr 157: 30134
instr 158: 31866
instr 159: 18901
instr 160: 28477
instr 161: 24792
instr 162: 31115
instr 163: 31474
instr 164: 25299
instr 165: 27465
instr 166: 31063
instr 167: 22012
instr 168: 26562
instr 169: 31262
instr 170: 32554
instr 171: 30837
instr 172: 27970
instr 173: 31786
instr 174: 8948
instr 175: 31904
instr 176: 28642
instr 177: 31380
instr 178: 17342
instr 179: 18609
instr 180: 25951
instr 181: 24512
instr 182: 26319
instr 183: 30677
instr 184: 29326
instr 185: 30261
instr 186: 28326
instr 187: 27867
instr 188: 18512
instr 189: 26001
instr 190: 30640
instr 191: 32421
instr 192: 29909
instr 193: 25819
instr 194: 31568
instr 195: 20590
instr 196: 31418
instr 197: 26500
instr 198: 32580
instr 199: 27222
instr 200: 23494
instr 201: 26416
instr 202: 31029
instr 203: 25006
instr 204: 26652
instr 205: 29773
instr 206: 16239
instr 207: 30706
instr 208: 23355
instr 209: 25205
instr 210: 31506
instr 211: 25744
instr 212: 13961
instr 213: 32414
instr 214: 31251
instr 215: 29724
instr 216: 28970
instr 217: 16036
instr 218: 23787
instr 219: 27499
instr 220: 29572
instr 221: 25387
instr 222: 32403
instr 223: 23390
instr 224: 15231
instr 225: 21407
instr 226: 24950
instr 227: 30151
instr 228: 28266
instr 229: 32276
instr 230: 24480
instr 231: 21320
instr 232: 8380
instr 233: 28313
instr 234: 21814
instr 235: 29341
instr 236: 31494
instr 237: 31410
instr 238: 21901
instr 239: 23796
instr 240: 21631
instr 241: 23795
instr 242: 20090
instr 243: 25712
instr 244: 26374
instr 245: 15270
instr 246: 17453
instr 247: 25048
instr 248: 32299
instr 249: 29334
instr 250: 28087
instr 251: 26723
instr 252: 30279
instr 253: 28412
instr 254: 15208
instr 255: 27355
instr 256: 18795
instr 257: 30002
instr 258: 30432
instr 259: 29350
instr 260: 31532
instr 261: 32203
instr 262: 31612
instr 263: 30584
instr 264: 23007
instr 265: 9923
instr 266: 21295
instr 267: 31137
instr 268: 23220
instr 269: 29260
instr 270: 24574
instr 271: 26236
instr 272: 27399
instr 273: 27978
instr 274: 32162
instr 275: 28373
instr 276: 32044
instr 277: 30993
instr 278: 26635
instr 279: 21343
instr 280: 25015
instr 281: 25113
instr 282: 31994
instr 283: 28763
instr 284: 27550
instr 285: 27542
instr 286: 32283
instr 287: 17846
instr 288: 20894
instr 289: 31524
instr 290: 31337
instr 291: 27508
instr 292: 28322
instr 293: 26898
instr 294: 29648
instr 295: 31799
instr 296: 30088
instr 297: 11264
instr 298: 30733
instr 299: 21480
instr 300: 13578
instr 301: 22470
instr 302: 15328
instr 303: 31419
instr 304: 30831
instr 305: 10039
instr 306: 28485
instr 307: 17719
instr 308: 32524
instr 309: 32520
instr 310: 29741
instr 311: 30169
instr 312: 23356
instr 313: 29280
instr 314: 24126
instr 315: 28348
instr 316: 22956
instr 317: 30918
instr 318: 30462
instr 319: 28747
instr 320: 27977
instr 321: 24714
instr 322: 21966
instr 323: 25773
instr 324: 30328
instr 325: 32149
instr 326: 28025
instr 327: 31629
instr 328: 25248
instr 329: 30660
instr 330: 24678
instr 331: 32653
instr 332: 12993
instr 333: 13409
instr 334: 18953
instr 335: 28882
instr 336: 27087
instr 337: 32018
instr 338: 31385
instr 339: 30841
instr 340: 20081
instr 341: 31107
instr 342: 28445
instr 343: 32415
instr 344: 15104
instr 345: 27692
instr 346: 19200
instr 347: 21016
instr 348: 22925
instr 349: 27612
instr 350: 23013
instr 351: 28120
instr 352: 13468
instr 353: 31063
instr 354: 30034
instr 355: 25240
instr 356: 31745
instr 357: 32555
instr 358: 2441
instr 359: 27569
instr 360: 17909
instr 361: 31764
instr 362: 28733
instr 363: 32340
instr 364: 29378
instr 365: 30560
instr 366: 27482
instr 367: 30077
instr 368: 3068
instr 369: 20064
instr 370: 31065
instr 371: 31980
instr 372: 27526
instr 373: 7871
instr 374: 17135
instr 375: 25001
instr 376: 28334
instr 377: 32096
instr 378: 30681
instr 379: 26425
instr 380: 26879
instr 381: 26029
instr 382: 26532
instr 383: 20294
instr 384: 11868
instr 385: 27473
instr 386: 18137
instr 387: 30488
instr 388: 6028
instr 389: 29459
instr 390: 16006
instr 391: 31408
instr 392: 28477
instr 393: 30267
instr 394: 26053
instr 395: 31309
instr 396: 28439
instr 397: 29344
instr 398: 23969
instr 399: 21210
instr 400: 23058
instr 401: 29679
instr 402: 26380
instr 403: 32649
instr 404: 29663
instr 405: 32284
instr 406: 22361
instr 407: 29986
instr 408: 29923
instr 409: 18369
instr 410: 22193
instr 411: 8206
instr 412: 21146
instr 413: 30450
instr 414: 24780
instr 415: 25319
instr 416: 27934
instr 417: 30814
instr 418: 31548
instr 419: 32592
instr 420: 31505
instr 421: 28810
instr 422: 21801
instr 423: 14455
instr 424: 32423
instr 425: 30187
instr 426: 25320
instr 427: 29316
instr 428: 30908
instr 429: 27325
instr 430: 31988
instr 431: 24010
instr 432: 16533
instr 433: 31107
instr 434: 24509
instr 435: 31332
instr 436: 32697
instr 437: 31010
instr 438: 27651
instr 439: 28595
instr 440: 29265
instr 441: 18770
instr 442: 27341
instr 443: 30607
instr 444: 30693
instr 445: 29125
instr 446: 32339
instr 447: 30943
instr 448: 29115
instr 449: 28969
instr 450: 32690
instr 451: 32592
instr 452: 30300
instr 453: 32564
instr 454: 31937
instr 455: 15025
instr 456: 19546
instr 457: 26660
instr 458: 22020
instr 459: 27246
instr 460: 20825
instr 461: 30830
instr 462: 23458
instr 463: 22462
instr 464: 26553
instr 465: 30643
instr 466: 24077
instr 467: 30883
instr 468: 27653
instr 469: 27379
instr 470: 17355
instr 471: 32165
instr 472: 29315
instr 473: 32258
instr 474: 31587
instr 475: 6807
instr 476: 31179
instr 477: 21606
instr 478: 32279
instr 479: 31773
instr 480: 25916
instr 481: 24666
instr 482: 31540
instr 483: 23508
instr 484: 26509
instr 485: 31034
instr 486: 15906
instr 487: 3919
instr 488: 30940
instr 489: 30355
instr 490: 24183
instr 491: 30382
instr 492: 23328
instr 493: 32175
instr 494: 17635
instr 495: 30461
instr 496: 28337
instr 497: 12074
instr 498: 32073
instr 499: 22926
instr 500: 26742
instr 501: 24602
instr 502: 22975
instr 503: 22768
instr 504: 29709
instr 505: 31448
instr 506: 31168
instr 507: 31940
instr 508: 25883
instr 509: 28672
instr 510: 29395
instr 511: 31317
instr 512: 12819
instr 513: 32602
instr 514: 32016
instr 515: 17881
instr 516: 31996
instr 517: 23229
instr 518: 20287
instr 519: 24663
instr 520: 24556
instr 521: 23432
instr 522: 24170
instr 523: 32396
instr 524: 28654
instr 525: 13904
instr 526: 32449
instr 527: 29789
instr 528: 30028
instr 529: 25737
instr 530: 11180
instr 531: 17972
instr 532: 21816
instr 533: 29913
instr 534: 18780
instr 535: 20375
instr 536: 31580
instr 537: 29989
instr 538: 31209
instr 539: 28502
instr 540: 30780
instr 541: 28418
instr 542: 31667
instr 543: 28609
instr 544: 31724
instr 545: 20665
instr 546: 28293
instr 547: 29560
instr 548: 14139
instr 549: 32557
instr 550: 18048
instr 551: 20656
instr 552: 22007
instr 553: 18783
instr 554: 28226
instr 555: 29210
instr 556: 26358
instr 557: 30001
instr 558: 27235
instr 559: 30360
instr 560: 26718
instr 561: 17993
instr 562: 21238
instr 563: 24366
instr 564: 25200
instr 565: 24937
instr 566: 27393
instr 567: 30287
instr 568: 27329
instr 569: 27024
instr 570: 28911
instr 571: 32713
instr 572: 32188
instr 573: 23705
instr 574: 26682
instr 575: 6940
instr 576: 32378
instr 577: 11059
instr 578: 25982
instr 579: 30219
instr 580: 17184
instr 581: 31885
instr 582: 31119
instr 583: 29774
instr 584: 32363
instr 585: 31107
instr 586: 20422
instr 587: 29452
instr 588: 26749
instr 589: 32141
instr 590: 30911
instr 591: 13624
instr 592: 12854
instr 593: 23948
instr 594: 32659
instr 595: 28767
instr 596: 15670
instr 597: 29825
instr 598: 27521
instr 599: 16951
instr 600: 22044
instr 601: 21719
instr 602: 31648
instr 603: 23551
instr 604: 31970
instr 605: 31125
instr 606: 23941
instr 607: 28265
instr 608: 11941
instr 609: 17139
instr 610: 29572
instr 611: 30859
instr 612: 31098
instr 613: 31416
instr 614: 31281
instr 615: 22420
instr 616: 31879
instr 617: 30699
instr 618: 23250
instr 619: 31538
instr 620: 31186
instr 621: 31145
instr 622: 23807
instr 623: 24919
instr 624: 26571
instr 625: 29523
instr 626: 26143
instr 627: 24239
instr 628: 29401
instr 629: 25010
instr 630: 24131
instr 631: 28623
instr 632: 29409
instr 633: 23033
instr 634: 27882
instr 635: 24423
instr 636: 21165
instr 637: 26739
instr 638: 21694
instr 639: 18775
instr 640: 27301
instr 641: 26913
instr 642: 23767
instr 643: 27851
instr 644: 27958
instr 645: 9867
instr 646: 31370
instr 647: 30821
instr 648: 5539
instr 649: 16820
instr 650: 28184
instr 651: 30625
instr 652: 30222
instr 653: 9473
instr 654: 27017
instr 655: 31832
instr 656: 29685
instr 657: 32552
instr 658: 32534
instr 659: 32041
instr 660: 25386
instr 661: 16756
instr 662: 27070
instr 663: 31646
instr 664: 26038
instr 665: 24018
instr 666: 30763
instr 667: 32730
instr 668: 29299
instr 669: 20949
instr 670: 15184
instr 671: 30673
instr 672: 32214
instr 673: 30151
instr 674: 32358
instr 675: 30485
instr 676: 19726
instr 677: 24750
instr 678: 9116
instr 679: 30822
instr 680: 28028
instr 681: 29355
instr 682: 14543
instr 683: 21813
instr 684: 30716
instr 685: 30318
instr 686: 17739
instr 687: 31968
instr 688: 30959
instr 689: 19735
instr 690: 24678
instr 691: 30213
instr 692: 14485
instr 693: 28866
instr 694: 31338
instr 695: 32127
instr 696: 29693
instr 697: 30512
instr 698: 32157
instr 699: 20106
instr 700: 27244
instr 701: 14927
instr 702: 15522
instr 703: 29898
instr 704: 28194
instr 705: 28115
instr 706: 22213
instr 707: 29968
instr 708: 32132
instr 709: 25341
instr 710: 21650
instr 711: 19227
instr 712: 13113
instr 713: 30350
instr 714: 31577
instr 715: 22059
instr 716: 15088
instr 717: 12002
instr 718: 29124
instr 719: 32116
instr 720: 20119
instr 721: 27701
instr 722: 27661
instr 723: 31585
instr 724: 30189
instr 725: 19380
instr 726: 29332
instr 727: 19609
instr 728: 28628
instr 729: 18161
instr 730: 31882
instr 731: 27682
instr 732: 28538
instr 733: 27654
instr 734: 27454
instr 735: 29137
instr 736: 18389
instr 737: 30971
instr 738: 28636
instr 739: 28847
instr 740: 20839
instr 741: 30874
instr 742: 22482
instr 743: 24988
instr 744: 27900
instr 745: 25504
instr 746: 32381
instr 747: 31852
instr 748: 22537
instr 749: 29658
instr 750: 26992
instr 751: 29151
instr 752: 22759
instr 753: 9256
instr 754: 27842
instr 755: 27785
instr 756: 32397
instr 757: 29556
instr 758: 31168
instr 759: 24921
instr 760: 27650
instr 761: 27374
instr 762: 27444
instr 763: 30820
instr 764: 29108
instr 765: 27127
instr 766: 30829
instr 767: 28403
instr 768: 28426
instr 769: 29635
instr 770: 31064
instr 771: 31736
instr 772: 29989
instr 773: 27263
instr 774: 31857
instr 775: 26703
instr 776: 28667
instr 777: 23129
instr 778: 30766
instr 779: 32425
instr 780: 29326
instr 781: 26269
instr 782: 23405
instr 783: 26126
instr 784: 32533
instr 785: 25211
instr 786: 31703
instr 787: 27879
instr 788: 24979
instr 789: 32695
instr 790: 27800
instr 791: 32745
instr 792: 30862
instr 793: 29198
instr 794: 29986
instr 795: 24443
instr 796: 21198
instr 797: 16622
instr 798: 27757
instr 799: 29360
instr 800: 21171
instr 801: 14813
instr 802: 22600
instr 803: 30814
instr 804: 28220
instr 805: 27518
instr 806: 26912
instr 807: 26006
instr 808: 27047
instr 809: 27424
instr 810: 22030
instr 811: 30559
instr 812: 29806
instr 813: 32578
instr 814: 17851
instr 815: 26096
instr 816: 31558
instr 817: 30480
instr 818: 23037
instr 819: 22315
instr 820: 26350
instr 821: 24427
instr 822: 27366
instr 823: 29364
instr 824: 29347
instr 825: 25582
instr 826: 16967
instr 827: 19574
instr 828: 30174
instr 829: 29684
instr 830: 30508
instr 831: 29684
instr 832: 20371
instr 833: 29147
instr 834: 23301
instr 835: 32050
instr 836: 26748
instr 837: 28755
instr 838: 23503
instr 839: 32220
instr 840: 28653
instr 841: 10621
instr 842: 9652
instr 843: 32413
instr 844: 24401
instr 845: 32299
instr 846: 32041
instr 847: 28888
instr 848: 32396
instr 849: 32006
instr 850: 16123
instr 851: 30410
instr 852: 29429
instr 853: 24375
instr 854: 23118
instr 855: 29497
instr 856: 31211
instr 857: 29095
instr 858: 22439
instr 859: 31544
instr 860: 30190
instr 861: 25819
instr 862: 31283
instr 863: 27901
instr 864: 32300
instr 865: 14724
instr 866: 22037
instr 867: 30735
instr 868: 29311
instr 869: 22832
instr 870: 26125
instr 871: 32288
instr 872: 18213
instr 873: 25731
instr 874: 26699
instr 875: 25952
instr 876: 31297
instr 877: 31924
instr 878: 29785
instr 879: 31225
instr 880: 21674
instr 881: 32528
instr 882: 28510
instr 883: 22477
instr 884: 22745
instr 885: 15213
instr 886: 14909
instr 887: 29456
instr 888: 31689
instr 889: 32440
instr 890: 13809
instr 891: 29321
instr 892: 30009
instr 893: 31076
instr 894: 30147
instr 895: 22941
instr 896: 31355
instr 897: 12387
instr 898: 16049
instr 899: 31180
instr 900: 31879
instr 901: 28897
instr 902: 24610
instr 903: 16912
instr 904: 31009
instr 905: 30583
instr 906: 22513
instr 907: 29479
instr 908: 30554
instr 909: 26905
instr 910: 31816
instr 911: 31067
instr 912: 32248
instr 913: 30143
instr 914: 31843
instr 915: 32162
instr 916: 27822
instr 917: 23361
instr 918: 24540
instr 919: 13747
instr 920: 32342
instr 921: 28136
instr 922: 14266
instr 923: 28853
instr 924: 23986
instr 925: 27226
instr 926: 31925
instr 927: 23352
instr 928: 30304
instr 929: 2363
instr 930: 25181
instr 931: 22118
instr 932: 23561
instr 933: 29903
instr 934: 18593
instr 935: 32153
instr 936: 32541
instr 937: 28531
instr 938: 22619
instr 939: 29756
instr 940: 27524
instr 941: 13787
instr 942: 31769
instr 943: 26460
instr 944: 23749
instr 945: 25391
instr 946: 29777
instr 947: 31920
instr 948: 31438
instr 949: 29241
instr 950: 28785
instr 951: 23990
instr 952: 23838
instr 953: 23658
instr 954: 31615
instr 955: 30403
instr 956: 31074
instr 957: 18593
instr 958: 27011
instr 959: 28063
instr 960: 31715
instr 961: 31012
instr 962: 23978
instr 963: 29630
instr 964: 24220
instr 965: 26953
instr 966: 27642
instr 967: 23651
instr 968: 27187
instr 969: 25683
instr 970: 26943
instr 971: 28631
instr 972: 24606
instr 973: 25343
instr 974: 29515
instr 975: 31926
instr 976: 24310
instr 977: 23373
instr 978: 32505
instr 979: 25565
instr 980: 30173
instr 981: 31489
instr 982: 27461
instr 983: 28241
instr 984: 22223
instr 985: 12625
instr 986: 28578
instr 987: 25135
instr 988: 31525
instr 989: 23055
instr 990: 31355
instr 991: 11385
instr 992: 26096
instr 993: 30231
instr 994: 17620
instr 995: 29494
instr 996: 28430
instr 997: 32407
instr 998: 25043
instr 999: 28339
instr 1000: 27367
instr 1001: 31514
instr 1002: 32707
instr 1003: 32431
