instr 0: 0
instr 1: 0
instr 2: 0
instr 3: 0
instr 4: 30647
instr 5: 681
instr 6: 27460
instr 7: 4723
instr 8: 31798
instr 9: 22072
instr 10: 2814
instr 11: 18529
instr 12: 26804
instr 13: 14123
instr 14: 30388
instr 15: 32448
instr 16: 29538
instr 17: 32014
instr 18: 19886
instr 19: 16321
instr 20: 22400
instr 21: 32062
instr 22: 29006
instr 23: 3422
instr 24: 31913
instr 25: 31540
instr 26: 11988
instr 27: -4606
instr 28: 15190
instr 29: 26791
instr 30: 30667
instr 31: 31940
instr 32: 22390
instr 33: 21303
instr 34: 7730
instr 35: 26413
instr 36: 23687
instr 37: 26814
instr 38: 20736
instr 39: -4553
instr 40: -11951
instr 41: 19519
instr 42: 29899
instr 43: 5582
instr 44: 23344
instr 45: 28985
instr 46: 27469
instr 47: 27479
instr 48: 27680
instr 49: 30429
instr 50: 25879
instr 51: 29628
instr 52: 5639
instr 53: 4637
instr 54: 30650
instr 55: 14259
instr 56: 32499
instr 57: 22579
instr 58: 30545
instr 59: 31792
instr 60: 1618
instr 61: 18090
instr 62: 8784
instr 63: 23738
instr 64: 29963
instr 65: 26279
instr 66: 28106
instr 67: 28950
instr 68: 30626
instr 69: 21332
instr 70: 29398
instr 71: 18351
instr 72: 23118
instr 73: 12505
instr 74: 30441
instr 75: 30242
instr 76: 109
instr 77: 24303
instr 78: 27949
instr 79: 9025
instr 80: 30273
instr 81: 162
instr 82: 30850
instr 83: 30196
instr 84: 20949
instr 85: 11885
instr 86: 28457
instr 87: 19972
instr 88: 25766
instr 89: 13345
instr 90: 24162
instr 91: 29097
instr 92: 7098
instr 93: 29266
instr 94: 27083
instr 95: 17740
instr 96: 24283
instr 97: 21820
instr 98: 27795
instr 99: -3373
instr 100: 17279
instr 101: 29400
instr 102: 7904
instr 103: 26912
instr 104: 26187
instr 105: 14509
instr 106: 28224
instr 107: 30178
instr 108: 27367
instr 109: 26910
instr 110: 24944
instr 111: 19001
instr 112: 30127
instr 113: 15967
instr 114: 24787
instr 115: 20615
instr 116: 20846
instr 117: 32575
instr 118: 30698
instr 119: 9016
instr 120: 25628
instr 121: 6565
instr 122: 15857
instr 123: 28956
instr 124: 29936
instr 125: 5888
instr 126: 32035
instr 127: 32416
instr 128: 31778
instr 129: 12307
instr 130: -1575
instr 131: 30935
instr 132: 9195
instr 133: 8562
instr 134: 32265
instr 135: 18605
instr 136: 17651
instr 137: 26701
instr 138: 26472
instr 139: 32663
instr 140: 19227
instr 141: 25570
instr 142: 26295
instr 143: 15756
instr 144: 13062
instr 145: 29698
instr 146: -4560
instr 147: 3034
instr 148: 30685
instr 149: 31536
instr 150: 16732
instr 151: 26101
instr 152: 31577
instr 153: -14293
instr 154: 32596
instr 155: 24411
instr 156: 32072
instr 157: 31896
instr 158: 15599
instr 159: 28912
instr 160: 29472
instr 161: 17196
instr 162: 10867
instr 163: 17311
instr 164: 31802
instr 165: 25085
instr 166: 28031
instr 167: 16095
instr 168: 26185
instr 169: 28388
instr 170: 29851
instr 171: 17018
instr 172: 20421
instr 173: 10662
instr 174: 7100
instr 175: 24597
instr 176: 19876
instr 177: 30361
instr 178: 9895
instr 179: 30013
instr 180: 32540
instr 181: 29540
instr 182: 29177
instr 183: 28578
instr 184: 25650
instr 185: 11480
instr 186: 24759
instr 187: 18075
instr 188: 28222
instr 189: 25554
instr 190: 6400
instr 191: 18503
instr 192: 27696
instr 193: 9680
instr 194: 18105
instr 195: 26448
instr 196: 22597
instr 197: 21608
instr 198: 29891
instr 199: 10418
instr 200: 30752
instr 201: 10789
instr 202: 14836
instr 203: 20202
instr 204: 11220
instr 205: 30485
instr 206: 7763
instr 207: 32501
instr 208: 30563
instr 209: 27500
instr 210: 32620
instr 211: 10544
instr 212: 10618
instr 213: 31642
instr 214: 22944
instr 215: 21129
instr 216: 26609
instr 217: 28848
instr 218: 20937
instr 219: -7869
instr 220: 27845
instr 221: 8576
instr 222: 25158
instr 223: 32003
instr 224: 10777
instr 225: 15017
instr 226: 16498
instr 227: 26471
instr 228: 25205
instr 229: 21395
instr 230: 24858
instr 231: 31020
instr 232: 28657
instr 233: 14437
instr 234: 27373
instr 235: 13348
instr 236: 26734
instr 237: -7530
instr 238: 23485
instr 239: 25315
instr 240: 24404
instr 241: 32719
instr 242: 26273
instr 243: 608
instr 244: 10832
instr 245: 17613
instr 246: 15845
instr 247: 12605
instr 248: 28313
instr 249: 29064
instr 250: 21355
instr 251: 16244
instr 252: 23660
instr 253: 30422
instr 254: 20212
instr 255: 28363
instr 256: 21962
instr 257: 11462
instr 258: 22604
instr 259: 21105
instr 260: 19955
instr 261: 25205
instr 262: 32717
instr 263: 30981
instr 264: 28647
instr 265: 3710
instr 266: 21208
instr 267: 4412
instr 268: 29815
instr 269: 24744
instr 270: 989
instr 271: 32239
instr 272: 27877
instr 273: 12300
instr 274: 24089
instr 275: 30200
instr 276: 32201
instr 277: 23962
instr 278: 29853
instr 279: 28519
instr 280: 30867
instr 281: 22916
instr 282: 27681
instr 283: 23590
instr 284: 14624
instr 285: 27947
instr 286: 24713
instr 287: 32660
instr 288: 13979
instr 289: 21213
instr 290: 32463
instr 291: 30951
instr 292: 29374
instr 293: 17817
instr 294: 15135
instr 295: 15691
instr 296: 23509
instr 297: 23577
instr 298: 17706
instr 299: 29788
instr 300: 25418
instr 301: 12542
instr 302: 21514
instr 303: 3195
instr 304: 22232
instr 305: 12639
instr 306: 24126
instr 307: 29493
instr 308: 23362
instr 309: 19555
instr 310: 9441
instr 311: 18318
instr 312: 24990
instr 313: 24867
instr 314: 27611
instr 315: 23042
instr 316: 16621
instr 317: 20090
instr 318: 30532
instr 319: 23754
instr 320: 32023
instr 321: 26444
instr 322: 17299
instr 323: 25433
instr 324: 23960
instr 325: 19876
instr 326: 30506
instr 327: 26183
instr 328: 30817
instr 329: -1179
instr 330: 27360
instr 331: 20310
instr 332: 3152
instr 333: 30658
instr 334: 24283
instr 335: 13769
instr 336: 9420
instr 337: 30524
instr 338: -3268
instr 339: 8843
instr 340: 17240
instr 341: 17863
instr 342: 23762
instr 343: 27272
instr 344: 24681
instr 345: 30167
instr 346: 17904
instr 347: 21562
instr 348: 27051
instr 349: 26023
instr 350: -3623
instr 351: 14386
instr 352: 9190
instr 353: 8164
instr 354: 25138
instr 355: 27144
instr 356: -3645
instr 357: -1111
instr 358: 10916
instr 359: 25739
instr 360: 10752
instr 361: 31821
instr 362: 30586
instr 363: -7979
instr 364: 17703
instr 365: 21738
instr 366: 25915
instr 367: 32629
instr 368: 27774
instr 369: 27763
instr 370: 28288
instr 371: 14950
instr 372: -837
instr 373: 32114
instr 374: 4700
instr 375: 16999
instr 376: 6130
instr 377: 29603
instr 378: 29082
instr 379: 29695
instr 380: 32078
instr 381: 24144
instr 382: 5368
instr 383: 24609
instr 384: 25177
instr 385: 28768
instr 386: 31332
instr 387: 9880
instr 388: 4383
instr 389: 20844
instr 390: 31553
instr 391: 12508
instr 392: 32133
instr 393: 31748
instr 394: 22419
instr 395: 18177
instr 396: 26290
instr 397: 23436
instr 398: 26321
instr 399: 29420
instr 400: 25577
instr 401: 32458
instr 402: 23367
instr 403: -12079
instr 404: 23747
instr 405: 27259
instr 406: 8692
instr 407: 14811
instr 408: 31385
instr 409: 25887
instr 410: 14722
instr 411: 29050
instr 412: 32159
instr 413: 20231
instr 414: 24291
instr 415: 16521
instr 416: -15507
instr 417: 11199
instr 418: 12717
instr 419: 18558
instr 420: 31514
instr 421: 4765
instr 422: 24795
instr 423: 31506
instr 424: -2183
instr 425: 30651
instr 426: 15317
instr 427: 12994
instr 428: 16710
instr 429: 29113
instr 430: 20137
instr 431: 28069
instr 432: 30521
instr 433: 26214
instr 434: 31090
instr 435: 24056
instr 436: 21543
instr 437: 28912
instr 438: 25217
instr 439: 32370
instr 440: 15963
instr 441: 13953
instr 442: 12432
instr 443: 16824
instr 444: 15933
instr 445: 20386
instr 446: -861
instr 447: 21965
instr 448: 24083
instr 449: 32376
instr 450: 19514
instr 451: -1441
instr 452: 18454
instr 453: 6388
instr 454: 30513
instr 455: 8845
instr 456: 28684
instr 457: 11207
instr 458: 25007
instr 459: 19182
instr 460: 19271
instr 461: 15558
instr 462: 26665
instr 463: 23948
instr 464: 13734
instr 465: 17052
instr 466: 22567
instr 467: -4661
instr 468: 8304
instr 469: 30927
instr 470: 19453
instr 471: 27832
instr 472: 10805
instr 473: 4424
instr 474: 5598
instr 475: 11781
instr 476: 7513
instr 477: 7663
instr 478: 13155
instr 479: 22349
instr 480: 26373
instr 481: 14289
instr 482: 25699
instr 483: 29777
instr 484: 23939
instr 485: 4001
instr 486: -520
instr 487: 22435
instr 488: 10521
instr 489: 16849
instr 490: 31087
instr 491: -10077
instr 492: 28623
instr 493: -15335
instr 494: 32705
instr 495: 13156
instr 496: 28032
instr 497: 17952
instr 498: 32103
instr 499: 15477
instr 500: 19412
instr 501: 31093
instr 502: 26407
instr 503: 29397
instr 504: 14079
instr 505: 25570
instr 506: 22989
instr 507: 29191
instr 508: 16556
instr 509: 25134
instr 510: 30137
instr 511: 25236
instr 512: 26817
instr 513: 2871
instr 514: 20454
instr 515: 28363
instr 516: 24677
instr 517: 18807
instr 518: 15482
instr 519: 26303
instr 520: 11862
instr 521: 16010
instr 522: 31733
instr 523: 10073
instr 524: 28827
instr 525: 12307
instr 526: 20552
instr 527: 273
instr 528: 28306
instr 529: 29154
instr 530: 18450
instr 531: 13696
instr 532: 23928
instr 533: -5737
instr 534: 28306
instr 535: 6880
instr 536: 22829
instr 537: 12841
instr 538: 28319
instr 539: 8864
instr 540: 29680
instr 541: 28532
instr 542: 17242
instr 543: 9475
instr 544: 19375
instr 545: 28899
instr 546: 20666
instr 547: 24978
instr 548: 10368
instr 549: 19725
instr 550: 4815
instr 551: 26588
instr 552: 17959
instr 553: 17254
instr 554: 31213
instr 555: -270
instr 556: 16904
instr 557: 32104
instr 558: 22538
instr 559: 27497
instr 560: 23767
instr 561: 30939
instr 562: 31833
instr 563: 22519
instr 564: 16649
instr 565: 18181
instr 566: 15703
instr 567: 29610
instr 568: 19517
instr 569: 14360
instr 570: 5075
instr 571: 31167
instr 572: 27300
instr 573: 24297
instr 574: 31689
instr 575: 18868
instr 576: 29968
instr 577: 17451
instr 578: 21079
instr 579: 17352
instr 580: 32432
instr 581: 22206
instr 582: 22288
instr 583: 31990
instr 584: 18190
instr 585: -4080
instr 586: 30290
instr 587: 21285
instr 588: 4652
instr 589: 31473
instr 590: 26244
instr 591: 26718
instr 592: 18146
instr 593: 20838
instr 594: 25057
instr 595: 19647
instr 596: 30389
instr 597: 2379
instr 598: 18886
instr 599: 17941
instr 600: 24964
instr 601: 28530
instr 602: 22481
instr 603: 16185
instr 604: 13662
instr 605: 26693
instr 606: 15762
instr 607: 12383
instr 608: 5571
instr 609: 21110
instr 610: 26607
instr 611: -992
instr 612: 26868
instr 613: 15909
instr 614: 27960
instr 615: 27180
instr 616: 11311
instr 617: 21509
instr 618: 15200
instr 619: -11314
instr 620: 29475
instr 621: 22671
instr 622: 31557
instr 623: 17488
instr 624: 29924
instr 625: 4962
instr 626: 25907
instr 627: 19826
instr 628: 28615
instr 629: 27057
instr 630: 29354
instr 631: 30142
instr 632: 31619
instr 633: -2445
instr 634: 29105
instr 635: 19517
instr 636: 12594
instr 637: 27856
instr 638: 8048
instr 639: 19503
instr 640: 22876
instr 641: 16315
instr 642: 16353
instr 643: 27021
instr 644: -5824
instr 645: 28261
instr 646: 21210
instr 647: 31031
instr 648: 24026
instr 649: 29717
instr 650: 10631
instr 651: -4064
instr 652: 27042
instr 653: 5294
instr 654: 14081
instr 655: 28815
instr 656: 22342
instr 657: 23432
instr 658: 26447
instr 659: 16927
instr 660: 28656
instr 661: 2420
instr 662: 32471
instr 663: 29459
instr 664: 15839
instr 665: 24622
instr 666: 26047
instr 667: 21735
instr 668: 17707
instr 669: 27535
instr 670: 14291
instr 671: 25556
instr 672: 30687
instr 673: 25574
instr 674: 10817
instr 675: 17864
instr 676: 7729
instr 677: 15705
instr 678: 25561
instr 679: 17893
instr 680: 29660
instr 681: 20602
instr 682: -10710
instr 683: 28737
instr 684: 14068
instr 685: -7299
instr 686: 32271
instr 687: 2303
instr 688: 32327
instr 689: 22841
instr 690: 16079
instr 691: 28084
instr 692: -579
instr 693: 26643
instr 694: 25731
instr 695: 7699
instr 696: 29077
instr 697: 30535
instr 698: 9849
instr 699: 17825
instr 700: 31260
instr 701: 26685
instr 702: 11041
instr 703: 14721
instr 704: 20958
instr 705: 28894
instr 706: 27853
instr 707: 16664
instr 708: 25157
instr 709: 31139
instr 710: 3100
instr 711: -854
instr 712: 24131
instr 713: 12433
instr 714: 16402
instr 715: 26201
instr 716: 30712
instr 717: 28557
instr 718: 5065
instr 719: 29280
instr 720: 12890
instr 721: 19936
instr 722: 28036
instr 723: 30031
instr 724: 18575
instr 725: 713
instr 726: 30326
instr 727: 32635
instr 728: 30572
instr 729: 30824
instr 730: 24333
instr 731: 18223
instr 732: 6677
instr 733: 30366
instr 734: 1063
instr 735: -19609
instr 736: 17805
instr 737: -7915
instr 738: 32574
instr 739: -1839
instr 740: 21477
instr 741: 20113
instr 742: 21564
instr 743: 22027
instr 744: 28069
instr 745: 20527
instr 746: 24221
instr 747: 16637
instr 748: 29708
instr 749: 16684
instr 750: 30479
instr 751: 995
instr 752: 26506
instr 753: 14452
instr 754: 5689
instr 755: 8821
instr 756: 23040
instr 757: 25373
instr 758: 32440
instr 759: 26010
instr 760: 2971
instr 761: 30989
instr 762: 23999
instr 763: 23287
instr 764: 23033
instr 765: 9567
instr 766: 28266
instr 767: 28030
instr 768: 7271
instr 769: 12055
instr 770: 27020
instr 771: -12566
instr 772: 3189
instr 773: 22118
instr 774: 26286
instr 775: 25979
instr 776: 30648
instr 777: 12965
instr 778: 30455
instr 779: -8692
instr 780: 9210
instr 781: 25207
instr 782: 21184
instr 783: 30619
instr 784: 14847
instr 785: 26092
instr 786: 31828
instr 787: 21657
instr 788: 32598
instr 789: 22151
instr 790: -16183
instr 791: -8609
instr 792: 28121
instr 793: 26475
instr 794: 31195
instr 795: 32613
instr 796: -6323
instr 797: 9633
instr 798: 21929
instr 799: 28625
instr 800: 25821
instr 801: 31804
instr 802: 28871
instr 803: 16712
instr 804: -1446
instr 805: 19825
instr 806: -2785
instr 807: 15926
instr 808: 27854
instr 809: 15217
instr 810: 18350
instr 811: 18706
instr 812: 21333
instr 813: 30379
instr 814: 9291
instr 815: 1928
instr 816: -5639
instr 817: 3972
instr 818: 21020
instr 819: 17636
instr 820: 18124
instr 821: 29657
instr 822: 4730
instr 823: 16138
instr 824: 14937
instr 825: 7167
instr 826: 14340
instr 827: 18494
instr 828: -6135
instr 829: 14587
instr 830: 6710
instr 831: 30586
instr 832: 25417
instr 833: 31367
instr 834: 14415
instr 835: 32141
instr 836: 30870
instr 837: 25716
instr 838: 25251
instr 839: 22239
instr 840: 14558
instr 841: 27888
instr 842: 22534
instr 843: 26637
instr 844: 22163
instr 845: 12953
instr 846: 31673
instr 847: 26947
instr 848: 24677
instr 849: 6338
instr 850: 22781
instr 851: 21037
instr 852: 26753
instr 853: 22801
instr 854: 17810
instr 855: 30292
instr 856: 22773
instr 857: 27711
instr 858: 32368
instr 859: 30438
instr 860: 14488
instr 861: 31931
instr 862: 31063
instr 863: 11677
instr 864: 32625
instr 865: 20812
instr 866: 24179
instr 867: 25487
instr 868: 18659
instr 869: 357
instr 870: 30809
instr 871: 31763
instr 872: 15529
instr 873: 26272
instr 874: 24346
instr 875: -3093
instr 876: 18426
instr 877: 15827
instr 878: 29921
instr 879: 29597
instr 880: 19351
instr 881: 12520
instr 882: 11207
instr 883: 16871
instr 884: 10099
instr 885: 4442
instr 886: 31157
instr 887: 11973
instr 888: 11553
instr 889: 15483
instr 890: 22120
instr 891: 12559
instr 892: 16741
instr 893: 28769
instr 894: 26853
instr 895: 4364
instr 896: 30387
instr 897: 32534
instr 898: 29366
instr 899: 26014
instr 900: 25653
instr 901: 22167
instr 902: 8676
instr 903: 24443
instr 904: 15771
instr 905: 6153
instr 906: 21059
instr 907: 22582
instr 908: 12088
instr 909: 29020
instr 910: 18155
instr 911: 31220
instr 912: 32567
instr 913: 17002
instr 914: 3722
instr 915: 4342
instr 916: 32308
instr 917: 29909
instr 918: 11155
instr 919: 32739
instr 920: 30607
instr 921: 14345
instr 922: 20975
instr 923: 713
instr 924: 25586
instr 925: 20502
instr 926: 29916
instr 927: 2918
instr 928: 18273
instr 929: 28739
instr 930: 4666
instr 931: 18728
instr 932: 30618
instr 933: 30054
instr 934: 9707
instr 935: 13323
instr 936: 31903
instr 937: 22479
instr 938: 21904
instr 939: 23012
instr 940: 16899
instr 941: 13688
instr 942: 28790
instr 943: 14567
instr 944: 17120
instr 945: 18015
instr 946: 12503
instr 947: -3822
instr 948: 5981
instr 949: 3206
instr 950: 6622
instr 951: 12240
instr 952: 26649
instr 953: 20061
instr 954: 16077
instr 955: 17016
instr 956: 20532
instr 957: 31511
instr 958: 24909
instr 959: 31969
instr 960: 27312
instr 961: 8040
instr 962: 24472
instr 963: 18481
instr 964: 25216
instr 965: -4125
instr 966: 24463
instr 967: 26858
instr 968: 26544
instr 969: 31393
instr 970: 23121
instr 971: 3426
instr 972: 6903
instr 973: 30438
instr 974: 18662
instr 975: 7822
instr 976: -605
instr 977: -10507
instr 978: 32162
instr 979: 28656
instr 980: 20384
instr 981: 29390
instr 982: 26573
instr 983: 20185
instr 984: -4794
instr 985: 1697
instr 986: 17684
instr 987: 28682
instr 988: 7466
instr 989: -11237
instr 990: 24067
instr 991: 22313
instr 992: 20926
instr 993: 21856
instr 994: 19735
instr 995: 4240
instr 996: 6962
instr 997: 22411
instr 998: 10217
instr 999: 24021
instr 1000: 21675
instr 1001: 16695
instr 1002: 29692
instr 1003: 21802
