instr 0: 0
instr 1: 0
instr 2: 0
instr 3: 0
instr 4: -115
instr 5: -107
instr 6: -102
instr 7: -116
instr 8: -96
instr 9: -124
instr 10: -124
instr 11: -91
instr 12: -92
instr 13: -117
instr 14: -128
instr 15: -127
instr 16: -99
instr 17: -100
instr 18: -126
instr 19: -109
instr 20: -86
instr 21: -127
instr 22: -89
instr 23: -82
instr 24: -117
instr 25: -106
instr 26: -112
instr 27: -90
instr 28: -123
instr 29: -120
instr 30: -109
instr 31: -116
instr 32: -116
instr 33: -52
instr 34: -123
instr 35: -97
instr 36: -9
instr 37: -122
instr 38: -122
instr 39: -125
instr 40: -71
instr 41: -91
instr 42: -113
instr 43: -85
instr 44: -112
instr 45: -89
instr 46: -48
instr 47: -116
instr 48: -121
instr 49: -120
instr 50: -120
instr 51: -82
instr 52: -128
instr 53: -82
instr 54: -68
instr 55: -84
instr 56: -100
instr 57: -97
instr 58: -99
instr 59: -126
instr 60: -79
instr 61: -113
instr 62: -73
instr 63: -121
instr 64: -119
instr 65: -102
instr 66: -72
instr 67: -111
instr 68: -118
instr 69: -119
instr 70: -120
instr 71: -11
instr 72: -5
instr 73: -103
instr 74: -116
instr 75: -127
instr 76: -55
instr 77: -77
instr 78: -52
instr 79: -127
instr 80: -115
instr 81: -107
instr 82: -127
instr 83: -106
instr 84: -116
instr 85: -128
instr 86: -27
instr 87: -121
instr 88: -124
instr 89: -105
instr 90: -122
instr 91: -76
instr 92: -69
instr 93: -103
instr 94: -126
instr 95: -96
instr 96: -94
instr 97: -111
instr 98: -109
instr 99: -127
instr 100: -118
instr 101: -111
instr 102: -98
instr 103: -106
instr 104: -127
instr 105: -66
instr 106: -117
instr 107: -118
instr 108: -117
instr 109: -124
instr 110: -65
instr 111: -114
instr 112: -116
instr 113: -102
instr 114: -101
instr 115: -119
instr 116: -111
instr 117: -122
instr 118: -123
instr 119: -98
instr 120: -112
instr 121: -81
instr 122: -120
instr 123: -83
instr 124: -122
instr 125: -125
instr 126: -30
instr 127: -86
instr 128: -77
instr 129: -35
instr 130: -41
instr 131: -93
instr 132: -99
instr 133: -128
instr 134: -122
instr 135: -80
instr 136: -125
instr 137: -90
instr 138: -72
instr 139: -108
instr 140: -121
instr 141: -115
instr 142: -128
instr 143: -115
instr 144: -121
instr 145: -115
instr 146: -73
instr 147: -84
instr 148: -123
instr 149: -115
instr 150: -70
instr 151: -124
instr 152: -92
instr 153: -127
instr 154: -120
instr 155: -98
instr 156: -74
instr 157: -121
instr 158: -65
instr 159: -120
instr 160: -124
instr 161: -126
instr 162: -104
instr 163: -96
instr 164: -123
instr 165: -117
instr 166: -114
instr 167: -101
instr 168: -88
instr 169: -60
instr 170: -114
instr 171: -127
instr 172: -122
instr 173: -78
instr 174: -99
instr 175: -99
instr 176: -119
instr 177: -118
instr 178: -87
instr 179: -122
instr 180: -89
instr 181: -122
instr 182: -82
instr 183: -98
instr 184: -94
instr 185: -128
instr 186: -76
instr 187: -54
instr 188: -126
instr 189: -120
instr 190: -108
instr 191: -126
instr 192: -58
instr 193: -108
instr 194: -103
instr 195: -105
instr 196: -115
instr 197: -115
instr 198: -97
instr 199: -122
instr 200: -56
instr 201: -113
instr 202: -102
instr 203: -122
instr 204: -110
instr 205: -74
instr 206: -118
instr 207: -87
instr 208: -124
instr 209: -75
instr 210: -66
instr 211: -68
instr 212: -91
instr 213: -117
instr 214: -114
instr 215: -121
instr 216: -105
instr 217: -104
instr 218: -119
instr 219: -126
instr 220: -128
instr 221: -127
instr 222: -116
instr 223: -109
instr 224: -110
instr 225: -105
instr 226: -113
instr 227: -89
instr 228: -64
instr 229: -126
instr 230: -110
instr 231: -121
instr 232: -46
instr 233: -122
instr 234: -103
instr 235: -120
instr 236: -127
instr 237: -115
instr 238: -109
instr 239: -106
instr 240: -114
instr 241: -104
instr 242: -97
instr 243: -117
instr 244: -123
instr 245: -72
instr 246: -88
instr 247: -90
instr 248: -90
instr 249: -122
instr 250: -60
instr 251: -103
instr 252: -91
instr 253: -122
instr 254: -124
instr 255: -105
instr 256: -124
instr 257: -125
instr 258: -102
instr 259: -91
instr 260: -108
instr 261: -52
instr 262: -98
instr 263: -110
instr 264: -82
instr 265: -125
instr 266: -91
instr 267: -118
instr 268: -120
instr 269: -127
instr 270: -49
instr 271: -120
instr 272: -114
instr 273: -126
instr 274: -90
instr 275: -33
instr 276: -108
instr 277: -102
instr 278: -127
instr 279: -118
instr 280: -97
instr 281: -8
instr 282: -102
instr 283: -30
instr 284: -61
instr 285: -80
instr 286: -118
instr 287: -104
instr 288: -118
instr 289: -121
instr 290: -112
instr 291: -89
instr 292: -125
instr 293: -113
instr 294: -94
instr 295: -87
instr 296: -95
instr 297: -117
instr 298: -123
instr 299: -115
instr 300: -100
instr 301: -83
instr 302: -118
instr 303: -123
instr 304: -120
instr 305: -94
instr 306: -116
instr 307: -104
instr 308: -121
instr 309: -127
instr 310: -91
instr 311: -83
instr 312: -124
instr 313: -86
instr 314: -105
instr 315: -106
instr 316: -90
instr 317: -76
instr 318: -101
instr 319: -122
instr 320: -52
instr 321: -48
instr 322: -122
instr 323: -109
instr 324: -120
instr 325: -87
instr 326: -122
instr 327: -100
instr 328: -11
instr 329: -122
instr 330: -116
instr 331: -111
instr 332: -120
instr 333: -119
instr 334: -120
instr 335: -118
instr 336: -120
instr 337: -105
instr 338: -106
instr 339: 0
instr 340: -96
instr 341: -110
instr 342: -64
instr 343: -127
instr 344: -79
instr 345: -90
instr 346: -67
instr 347: -102
instr 348: -115
instr 349: -87
instr 350: -111
instr 351: -111
instr 352: -87
instr 353: -111
instr 354: -81
instr 355: -121
instr 356: -111
instr 357: -104
instr 358: -69
instr 359: -101
instr 360: -99
instr 361: -119
instr 362: -72
instr 363: -96
instr 364: -123
instr 365: -94
instr 366: -128
instr 367: -44
instr 368: -116
instr 369: -99
instr 370: -120
instr 371: -124
instr 372: -42
instr 373: -102
instr 374: -124
instr 375: -110
instr 376: -44
instr 377: -123
instr 378: -95
instr 379: -123
instr 380: -104
instr 381: -101
instr 382: -120
instr 383: -95
instr 384: -118
instr 385: -128
instr 386: -117
instr 387: -126
instr 388: -83
instr 389: -121
instr 390: -78
instr 391: -101
instr 392: -107
instr 393: -89
instr 394: -80
instr 395: -110
instr 396: -66
instr 397: -111
instr 398: -99
instr 399: -123
instr 400: -110
instr 401: -101
instr 402: -95
instr 403: -111
instr 404: -101
instr 405: -115
instr 406: -126
instr 407: -126
instr 408: -105
instr 409: -113
instr 410: -121
instr 411: -100
instr 412: -118
instr 413: -114
instr 414: -98
instr 415: -89
instr 416: -114
instr 417: -106
instr 418: -48
instr 419: -124
instr 420: -123
instr 421: -100
instr 422: -121
instr 423: -77
instr 424: -88
instr 425: -33
instr 426: -95
instr 427: -117
instr 428: -118
instr 429: -98
instr 430: -109
instr 431: -101
instr 432: -92
instr 433: -108
instr 434: -101
instr 435: -119
instr 436: -125
instr 437: -57
instr 438: -110
instr 439: -103
instr 440: -115
instr 441: -112
instr 442: -102
instr 443: -108
instr 444: -83
instr 445: -110
instr 446: -69
instr 447: -109
instr 448: -121
instr 449: -109
instr 450: -122
instr 451: -110
instr 452: -97
instr 453: -119
instr 454: -96
instr 455: -102
instr 456: -93
instr 457: -110
instr 458: -63
instr 459: -107
instr 460: -122
instr 461: -121
instr 462: -120
instr 463: -113
instr 464: -74
instr 465: -100
instr 466: -128
instr 467: -62
instr 468: -107
instr 469: -92
instr 470: -107
instr 471: -95
instr 472: -82
instr 473: -123
instr 474: -117
instr 475: -128
instr 476: -112
instr 477: -113
instr 478: -97
instr 479: -124
instr 480: -115
instr 481: -113
instr 482: -123
instr 483: -120
instr 484: -110
instr 485: -112
instr 486: -115
instr 487: -125
instr 488: -123
instr 489: -113
instr 490: -46
instr 491: -77
instr 492: -82
instr 493: -88
instr 494: -117
instr 495: -85
instr 496: -61
instr 497: -109
instr 498: -128
instr 499: -120
instr 500: -121
instr 501: -104
instr 502: -102
instr 503: -89
instr 504: -123
instr 505: -109
instr 506: -97
instr 507: -122
instr 508: -124
instr 509: -96
instr 510: -120
instr 511: -116
instr 512: -118
instr 513: -124
instr 514: -92
instr 515: -121
instr 516: -125
instr 517: -53
instr 518: -64
instr 519: -112
instr 520: -125
instr 521: -99
instr 522: -34
instr 523: -93
instr 524: -116
instr 525: -98
instr 526: -96
instr 527: -107
instr 528: -96
instr 529: -89
instr 530: -99
instr 531: -81
instr 532: -117
instr 533: -102
instr 534: -90
instr 535: -117
instr 536: -74
instr 537: -115
instr 538: -96
instr 539: -110
instr 540: -100
instr 541: -94
instr 542: -128
instr 543: -114
instr 544: -94
instr 545: -122
instr 546: -119
instr 547: -123
instr 548: -117
instr 549: -62
instr 550: -113
instr 551: -115
instr 552: -126
instr 553: -106
instr 554: -124
instr 555: -123
instr 556: -116
instr 557: -118
instr 558: -56
instr 559: -84
instr 560: -118
instr 561: -106
instr 562: -105
instr 563: -75
instr 564: -86
instr 565: -117
instr 566: -24
instr 567: -125
instr 568: -115
instr 569: -77
instr 570: -121
instr 571: -111
instr 572: -23
instr 573: -86
instr 574: -116
instr 575: -31
instr 576: -26
instr 577: -114
instr 578: -100
instr 579: -87
instr 580: -126
instr 581: -105
instr 582: -127
instr 583: -112
instr 584: -98
instr 585: -108
instr 586: -128
instr 587: -114
instr 588: -104
instr 589: -122
instr 590: -105
instr 591: -121
instr 592: -121
instr 593: -100
instr 594: -127
instr 595: -96
instr 596: -83
instr 597: -128
instr 598: -111
instr 599: -100
instr 600: -68
instr 601: -112
instr 602: -126
instr 603: -104
instr 604: -75
instr 605: -121
instr 606: -114
instr 607: -128
instr 608: -21
instr 609: -92
instr 610: -128
instr 611: -75
instr 612: -93
instr 613: -67
instr 614: -98
instr 615: -105
instr 616: -77
instr 617: -110
instr 618: -48
instr 619: -128
instr 620: -97
instr 621: -127
instr 622: -111
instr 623: -117
instr 624: -105
instr 625: -88
instr 626: -110
instr 627: -123
instr 628: -94
instr 629: -96
instr 630: -22
instr 631: -118
instr 632: -103
instr 633: -110
instr 634: -127
instr 635: -78
instr 636: -116
instr 637: -93
instr 638: -68
instr 639: -120
instr 640: -86
instr 641: -98
instr 642: -112
instr 643: -106
instr 644: -106
instr 645: -124
instr 646: -108
instr 647: -113
instr 648: -119
instr 649: -126
instr 650: -113
instr 651: -94
instr 652: -59
instr 653: -107
instr 654: -114
instr 655: -77
instr 656: -85
instr 657: -113
instr 658: -106
instr 659: -127
instr 660: -85
instr 661: -125
instr 662: -101
instr 663: -107
instr 664: -128
instr 665: -106
instr 666: -121
instr 667: -93
instr 668: -128
instr 669: -94
instr 670: -92
instr 671: -101
instr 672: -90
instr 673: -109
instr 674: -68
instr 675: -124
instr 676: -111
instr 677: -116
instr 678: -126
instr 679: -91
instr 680: -111
instr 681: -64
instr 682: -86
instr 683: -98
instr 684: -121
instr 685: -40
instr 686: -112
instr 687: -125
instr 688: -77
instr 689: -124
instr 690: -106
instr 691: -113
instr 692: -113
instr 693: -72
instr 694: -123
instr 695: -120
instr 696: -102
instr 697: -128
instr 698: -115
instr 699: -121
instr 700: -120
instr 701: -70
instr 702: -110
instr 703: -117
instr 704: -117
instr 705: -67
instr 706: -117
instr 707: -124
instr 708: -125
instr 709: -49
instr 710: -125
instr 711: -124
instr 712: -96
instr 713: -125
instr 714: -114
instr 715: -111
instr 716: -112
instr 717: -103
instr 718: -126
instr 719: -64
instr 720: -121
instr 721: -123
instr 722: -117
instr 723: -94
instr 724: -65
instr 725: -111
instr 726: -85
instr 727: -124
instr 728: -107
instr 729: -118
instr 730: -94
instr 731: -124
instr 732: -113
instr 733: -72
instr 734: -127
instr 735: -115
instr 736: -113
instr 737: -118
instr 738: -97
instr 739: -80
instr 740: -114
instr 741: -123
instr 742: -120
instr 743: -125
instr 744: -126
instr 745: -120
instr 746: -90
instr 747: -112
instr 748: -37
instr 749: -85
instr 750: -26
instr 751: -107
instr 752: -91
instr 753: -128
instr 754: -121
instr 755: -73
instr 756: -47
instr 757: -120
instr 758: -34
instr 759: -112
instr 760: -125
instr 761: -108
instr 762: -111
instr 763: -83
instr 764: -96
instr 765: -116
instr 766: -77
instr 767: -111
instr 768: -123
instr 769: -116
instr 770: -103
instr 771: -99
instr 772: -117
instr 773: -119
instr 774: -93
instr 775: -75
instr 776: -95
instr 777: -116
instr 778: -68
instr 779: -77
instr 780: -119
instr 781: -103
instr 782: -56
instr 783: -113
instr 784: -80
instr 785: -108
instr 786: -112
instr 787: -114
instr 788: -116
instr 789: -105
instr 790: -92
instr 791: -127
instr 792: -124
instr 793: -113
instr 794: -117
instr 795: -123
instr 796: -119
instr 797: -128
instr 798: -83
instr 799: -86
instr 800: -112
instr 801: -122
instr 802: -121
instr 803: -64
instr 804: -83
instr 805: -102
instr 806: -117
instr 807: -94
instr 808: -99
instr 809: -125
instr 810: -109
instr 811: -82
instr 812: -84
instr 813: -74
instr 814: -71
instr 815: -89
instr 816: -127
instr 817: -125
instr 818: -65
instr 819: -127
instr 820: -124
instr 821: -121
instr 822: -123
instr 823: -126
instr 824: -110
instr 825: -109
instr 826: -119
instr 827: -80
instr 828: -79
instr 829: -116
instr 830: -98
instr 831: -121
instr 832: -113
instr 833: -85
instr 834: -110
instr 835: -79
instr 836: -95
instr 837: -120
instr 838: -79
instr 839: -123
instr 840: -94
instr 841: -50
instr 842: -123
instr 843: -122
instr 844: -118
instr 845: -101
instr 846: -124
instr 847: -109
instr 848: -120
instr 849: -117
instr 850: -78
instr 851: -108
instr 852: -119
instr 853: -103
instr 854: -127
instr 855: -94
instr 856: -96
instr 857: -93
instr 858: -114
instr 859: -115
instr 860: -124
instr 861: -90
instr 862: -124
instr 863: -109
instr 864: -64
instr 865: -107
instr 866: -109
instr 867: -119
instr 868: -100
instr 869: -104
instr 870: -124
instr 871: -93
instr 872: -119
instr 873: -125
instr 874: -46
instr 875: -125
instr 876: -127
instr 877: -98
instr 878: -126
instr 879: -94
instr 880: -96
instr 881: -7
instr 882: -86
instr 883: -116
instr 884: -123
instr 885: -120
instr 886: -117
instr 887: -115
instr 888: -114
instr 889: -124
instr 890: -113
instr 891: -119
instr 892: -102
instr 893: -106
instr 894: -120
instr 895: -104
instr 896: -122
instr 897: -87
instr 898: -48
instr 899: -128
instr 900: -124
instr 901: -120
instr 902: -69
instr 903: -125
instr 904: -108
instr 905: -128
instr 906: -128
instr 907: -63
instr 908: -96
instr 909: -109
instr 910: -106
instr 911: -66
instr 912: -107
instr 913: -111
instr 914: -114
instr 915: -101
instr 916: -102
instr 917: -122
instr 918: -101
instr 919: -55
instr 920: -80
instr 921: -113
instr 922: -81
instr 923: -111
instr 924: -119
instr 925: -122
instr 926: -87
instr 927: -108
instr 928: -127
instr 929: -53
instr 930: -115
instr 931: -109
instr 932: -120
instr 933: -109
instr 934: -118
instr 935: -121
instr 936: -95
instr 937: -128
instr 938: -125
instr 939: -10
instr 940: -106
instr 941: -123
instr 942: -113
instr 943: -94
instr 944: -119
instr 945: -125
instr 946: -100
instr 947: -110
instr 948: -67
instr 949: -119
instr 950: -91
instr 951: -124
instr 952: -101
instr 953: -55
instr 954: -54
instr 955: -90
instr 956: -67
instr 957: -114
instr 958: -115
instr 959: -102
instr 960: -90
instr 961: -104
instr 962: -84
instr 963: -122
instr 964: -114
instr 965: -74
instr 966: -114
instr 967: -106
instr 968: -116
instr 969: -106
instr 970: -95
instr 971: -120
instr 972: -125
instr 973: -109
instr 974: -92
instr 975: -124
instr 976: -69
instr 977: -122
instr 978: -73
instr 979: -98
instr 980: -97
instr 981: -114
instr 982: -98
instr 983: -105
instr 984: -110
instr 985: -92
instr 986: -77
instr 987: -112
instr 988: -126
instr 989: -126
instr 990: -98
instr 991: -96
instr 992: -114
instr 993: -123
instr 994: -110
instr 995: -112
instr 996: -109
instr 997: -110
instr 998: -111
instr 999: -98
instr 1000: -114
instr 1001: -114
instr 1002: -92
instr 1003: -110
