instr 0: 0
instr 1: 0
instr 2: 0
instr 3: 0
instr 4: -2413
instr 5: 2690
instr 6: 2103
instr 7: -784
instr 8: -1247
instr 9: 4129
instr 10: -169
instr 11: -2017
instr 12: -1190
instr 13: 5034
instr 14: 531
instr 15: 1128
instr 16: -2097
instr 17: 1100
instr 18: 195
instr 19: -1226
instr 20: 36
instr 21: 1326
instr 22: 117
instr 23: -2443
instr 24: -2577
instr 25: 66
instr 26: 3101
instr 27: 1745
instr 28: 128
instr 29: 5035
instr 30: -1141
instr 31: -3734
instr 32: -810
instr 33: -2970
instr 34: -1843
instr 35: 605
instr 36: -314
instr 37: 4683
instr 38: -1721
instr 39: 1356
instr 40: -176
instr 41: -1141
instr 42: 986
instr 43: -922
instr 44: 1078
instr 45: 1874
instr 46: -588
instr 47: 202
instr 48: 908
instr 49: 5082
instr 50: -1958
instr 51: 2652
instr 52: -1126
instr 53: -853
instr 54: -883
instr 55: -246
instr 56: 2415
instr 57: -608
instr 58: -264
instr 59: -575
instr 60: -531
instr 61: 406
instr 62: 76
instr 63: -1036
instr 64: 4129
instr 65: -1729
instr 66: 3021
instr 67: -389
instr 68: -280
instr 69: 17
instr 70: -4545
instr 71: 1074
instr 72: -218
instr 73: 666
instr 74: 1217
instr 75: 168
instr 76: 4054
instr 77: 960
instr 78: 1998
instr 79: -402
instr 80: -5254
instr 81: 806
instr 82: 4206
instr 83: 2568
instr 84: -2847
instr 85: 1250
instr 86: 3082
instr 87: 1613
instr 88: 1780
instr 89: 2103
instr 90: -417
instr 91: 1106
instr 92: -1233
instr 93: 596
instr 94: -170
instr 95: 1504
instr 96: -543
instr 97: -1414
instr 98: -646
instr 99: 333
instr 100: 1619
instr 101: -84
instr 102: 3751
instr 103: -6434
instr 104: -787
instr 105: -981
instr 106: -3169
instr 107: 5032
instr 108: 1007
instr 109: -152
instr 110: 367
instr 111: 3946
instr 112: 1275
instr 113: -2504
instr 114: 4298
instr 115: 1340
instr 116: 2031
instr 117: -3191
instr 118: 4292
instr 119: -696
instr 120: -2430
instr 121: -3161
instr 122: 3773
instr 123: 1540
instr 124: 2139
instr 125: -235
instr 126: 781
instr 127: -1915
instr 128: 1842
instr 129: -2717
instr 130: -739
instr 131: 1096
instr 132: 635
instr 133: -2916
instr 134: -922
instr 135: 116
instr 136: 2751
instr 137: -1366
instr 138: -2300
instr 139: -397
instr 140: 655
instr 141: 271
instr 142: 2823
instr 143: 469
instr 144: -3871
instr 145: 1191
instr 146: -1914
instr 147: -1078
instr 148: -4312
instr 149: 2505
instr 150: 3871
instr 151: -5096
instr 152: -1921
instr 153: -5669
instr 154: 2413
instr 155: 5920
instr 156: -2498
instr 157: 1727
instr 158: 3729
instr 159: -2477
instr 160: 1725
instr 161: 1646
instr 162: -535
instr 163: -2390
instr 164: -2784
instr 165: -1131
instr 166: 491
instr 167: 2176
instr 168: -1552
instr 169: -3952
instr 170: 450
instr 171: -1229
instr 172: 2145
instr 173: 2463
instr 174: -1128
instr 175: -443
instr 176: 50
instr 177: -2714
instr 178: -3201
instr 179: -6310
instr 180: -3280
instr 181: 45
instr 182: -2662
instr 183: -391
instr 184: 2632
instr 185: -1547
instr 186: -3484
instr 187: 2409
instr 188: -1933
instr 189: 748
instr 190: 80
instr 191: -5714
instr 192: -2129
instr 193: 1629
instr 194: 1510
instr 195: -7674
instr 196: 1265
instr 197: -641
instr 198: -972
instr 199: -1378
instr 200: 5195
instr 201: -3370
instr 202: -1630
instr 203: -4217
instr 204: 1823
instr 205: -1267
instr 206: -4200
instr 207: 3443
instr 208: 2631
instr 209: -606
instr 210: 6640
instr 211: -2179
instr 212: 986
instr 213: -1683
instr 214: 346
instr 215: 1756
instr 216: -2285
instr 217: 982
instr 218: 2170
instr 219: 1901
instr 220: -1226
instr 221: 6456
instr 222: -1609
instr 223: 2479
instr 224: -494
instr 225: -2180
instr 226: 421
instr 227: 360
instr 228: -2944
instr 229: 238
instr 230: 722
instr 231: 497
instr 232: -3221
instr 233: -26
instr 234: 2942
instr 235: -855
instr 236: -4503
instr 237: 1092
instr 238: 1549
instr 239: 444
instr 240: -1049
instr 241: -726
instr 242: 2141
instr 243: -1110
instr 244: -482
instr 245: 400
instr 246: -1349
instr 247: -1527
instr 248: 698
instr 249: 5846
instr 250: -89
instr 251: -595
instr 252: 751
instr 253: -1302
instr 254: 878
instr 255: 1616
instr 256: 225
instr 257: 875
instr 258: -1124
instr 259: -3577
instr 260: 1629
instr 261: 2402
instr 262: -392
instr 263: 137
instr 264: 1710
instr 265: 2720
instr 266: -2273
instr 267: 1121
instr 268: -976
instr 269: 1189
instr 270: 3
instr 271: 753
instr 272: -2359
instr 273: -3560
instr 274: 2333
instr 275: 1016
instr 276: 2645
instr 277: 887
instr 278: -2231
instr 279: 4265
instr 280: 1819
instr 281: -771
instr 282: -1645
instr 283: -1061
instr 284: -2790
instr 285: 1467
instr 286: 2472
instr 287: 662
instr 288: -581
instr 289: -233
instr 290: -933
instr 291: 1499
instr 292: -1602
instr 293: -818
instr 294: -2055
instr 295: 5211
instr 296: -1621
instr 297: -2345
instr 298: 686
instr 299: -2647
instr 300: 2049
instr 301: 2678
instr 302: -124
instr 303: -3262
instr 304: -1024
instr 305: 980
instr 306: -2152
instr 307: -855
instr 308: -795
instr 309: 246
instr 310: -7448
instr 311: -4309
instr 312: -3869
instr 313: 1629
instr 314: 1829
instr 315: 578
instr 316: 2106
instr 317: -464
instr 318: -873
instr 319: -1251
instr 320: 4385
instr 321: -2608
instr 322: 582
instr 323: 1191
instr 324: 2372
instr 325: -668
instr 326: -3853
instr 327: -348
instr 328: -2907
instr 329: -629
instr 330: -946
instr 331: -6258
instr 332: 2426
instr 333: -188
instr 334: -5406
instr 335: -1387
instr 336: 133
instr 337: 1844
instr 338: 4412
instr 339: -2505
instr 340: -2324
instr 341: 477
instr 342: 1118
instr 343: 158
instr 344: -111
instr 345: -2472
instr 346: 114
instr 347: -1773
instr 348: -3278
instr 349: 454
instr 350: -1657
instr 351: -682
instr 352: -3859
instr 353: -3331
instr 354: 2287
instr 355: -1225
instr 356: -1202
instr 357: -831
instr 358: -2263
instr 359: 342
instr 360: 78
instr 361: 3163
instr 362: 3937
instr 363: -1882
instr 364: 4453
instr 365: 952
instr 366: 2181
instr 367: 97
instr 368: 1191
instr 369: -2776
instr 370: -1376
instr 371: -756
instr 372: -2599
instr 373: -457
instr 374: 1694
instr 375: -4173
instr 376: 1709
instr 377: 3755
instr 378: -1982
instr 379: -1373
instr 380: 1475
instr 381: -3966
instr 382: -3240
instr 383: -1203
instr 384: -34
instr 385: 2013
instr 386: -2133
instr 387: -4199
instr 388: -2220
instr 389: 8566
instr 390: 1527
instr 391: 385
instr 392: 444
instr 393: 265
instr 394: -205
instr 395: -1578
instr 396: -1366
instr 397: 1622
instr 398: 2608
instr 399: -205
instr 400: 83
instr 401: -4231
instr 402: -5553
instr 403: -2680
instr 404: -4195
instr 405: 1077
instr 406: -3058
instr 407: 1220
instr 408: 2064
instr 409: -1616
instr 410: -758
instr 411: -1489
instr 412: 194
instr 413: -3434
instr 414: 1837
instr 415: -1087
instr 416: 1237
instr 417: 480
instr 418: 3768
instr 419: -409
instr 420: -2138
instr 421: -348
instr 422: -951
instr 423: -267
instr 424: -4501
instr 425: 1585
instr 426: -4472
instr 427: -3109
instr 428: 1387
instr 429: 327
instr 430: 1551
instr 431: 1462
instr 432: -873
instr 433: -1118
instr 434: 3492
instr 435: 108
instr 436: 1467
instr 437: -333
instr 438: -360
instr 439: 947
instr 440: 541
instr 441: -520
instr 442: -309
instr 443: -1445
instr 444: -2414
instr 445: 2909
instr 446: -118
instr 447: 133
instr 448: 958
instr 449: 2341
instr 450: 1217
instr 451: -337
instr 452: -238
instr 453: 815
instr 454: 1008
instr 455: 146
instr 456: 640
instr 457: 4653
instr 458: -851
instr 459: 1319
instr 460: 2475
instr 461: -2083
instr 462: -5713
instr 463: -2633
instr 464: -104
instr 465: 3331
instr 466: -103
instr 467: 1952
instr 468: -4196
instr 469: -5841
instr 470: -3407
instr 471: 3528
instr 472: -1735
instr 473: 3870
instr 474: -1699
instr 475: -3847
instr 476: 5430
instr 477: 490
instr 478: 3043
instr 479: 3300
instr 480: -4270
instr 481: 178
instr 482: 4101
instr 483: 124
instr 484: 3452
instr 485: -393
instr 486: 1335
instr 487: 1713
instr 488: 107
instr 489: -697
instr 490: -1384
instr 491: 4672
instr 492: 2944
instr 493: -3857
instr 494: -3116
instr 495: 1734
instr 496: -503
instr 497: 3278
instr 498: 2143
instr 499: 3612
instr 500: -1683
instr 501: -773
instr 502: -569
instr 503: -942
instr 504: -458
instr 505: -1540
instr 506: -462
instr 507: -2804
instr 508: -1824
instr 509: -2608
instr 510: -1729
instr 511: -219
instr 512: -4328
instr 513: 4058
instr 514: -247
instr 515: -530
instr 516: 610
instr 517: 3059
instr 518: 768
instr 519: 5236
instr 520: 1814
instr 521: -1996
instr 522: 4647
instr 523: 108
instr 524: 2604
instr 525: 1711
instr 526: 2075
instr 527: 1477
instr 528: 1523
instr 529: 116
instr 530: 359
instr 531: -711
instr 532: -444
instr 533: -1171
instr 534: -1233
instr 535: -2563
instr 536: -994
instr 537: -1099
instr 538: -1397
instr 539: -2272
instr 540: 1207
instr 541: -1766
instr 542: 1887
instr 543: -465
instr 544: 111
instr 545: 2088
instr 546: -623
instr 547: -1445
instr 548: -1638
instr 549: -2848
instr 550: 1665
instr 551: 1210
instr 552: 4284
instr 553: -3233
instr 554: -334
instr 555: 496
instr 556: 2868
instr 557: 201
instr 558: 2030
instr 559: 2558
instr 560: -6156
instr 561: -313
instr 562: -527
instr 563: 3052
instr 564: 640
instr 565: 3315
instr 566: 2806
instr 567: 167
instr 568: -1551
instr 569: 3529
instr 570: 1260
instr 571: 592
instr 572: 4093
instr 573: -735
instr 574: 2045
instr 575: -978
instr 576: -1584
instr 577: -4198
instr 578: 2403
instr 579: 3142
instr 580: -136
instr 581: -2502
instr 582: 726
instr 583: 1957
instr 584: 1673
instr 585: -3846
instr 586: 2994
instr 587: 116
instr 588: 1651
instr 589: 224
instr 590: 2070
instr 591: 1700
instr 592: -598
instr 593: 2162
instr 594: 1258
instr 595: -281
instr 596: -609
instr 597: 21
instr 598: 2087
instr 599: -4681
instr 600: -439
instr 601: 2386
instr 602: 1619
instr 603: 1201
instr 604: -957
instr 605: 2093
instr 606: -1782
instr 607: 956
instr 608: -1370
instr 609: 2531
instr 610: -2177
instr 611: -3546
instr 612: 2519
instr 613: 2448
instr 614: -1756
instr 615: 7
instr 616: 1542
instr 617: 1088
instr 618: 2341
instr 619: -2397
instr 620: 3608
instr 621: -1172
instr 622: 2090
instr 623: 4962
instr 624: 168
instr 625: 4677
instr 626: -118
instr 627: 854
instr 628: -1851
instr 629: 2751
instr 630: -4984
instr 631: 760
instr 632: 1863
instr 633: -3055
instr 634: -4041
instr 635: 3189
instr 636: 792
instr 637: 3620
instr 638: -1866
instr 639: -1441
instr 640: 1367
instr 641: 1552
instr 642: 5732
instr 643: -2212
instr 644: 1421
instr 645: 1237
instr 646: -4767
instr 647: -891
instr 648: 1662
instr 649: 1044
instr 650: 2862
instr 651: -1589
instr 652: 3748
instr 653: -4789
instr 654: 2744
instr 655: -173
instr 656: 1842
instr 657: 15
instr 658: 1211
instr 659: 2901
instr 660: 609
instr 661: 3646
instr 662: -1962
instr 663: -2947
instr 664: -761
instr 665: -492
instr 666: -1118
instr 667: 2967
instr 668: 960
instr 669: 4058
instr 670: -6954
instr 671: 3436
instr 672: 30
instr 673: 3516
instr 674: -3157
instr 675: 3063
instr 676: 1884
instr 677: 5738
instr 678: 583
instr 679: 1527
instr 680: -2244
instr 681: -5687
instr 682: -431
instr 683: 3386
instr 684: 459
instr 685: -951
instr 686: -339
instr 687: -978
instr 688: 28
instr 689: 1279
instr 690: -3705
instr 691: 879
instr 692: 3509
instr 693: 429
instr 694: -979
instr 695: -248
instr 696: -3036
instr 697: 1061
instr 698: 752
instr 699: -3946
instr 700: 396
instr 701: 893
instr 702: 1707
instr 703: 433
instr 704: 2975
instr 705: 3739
instr 706: 2274
instr 707: 5514
instr 708: 1207
instr 709: -2798
instr 710: -968
instr 711: -915
instr 712: -848
instr 713: 3941
instr 714: 2848
instr 715: 92
instr 716: 1941
instr 717: -619
instr 718: -1200
instr 719: 638
instr 720: 3625
instr 721: 1970
instr 722: 5457
instr 723: -2081
instr 724: -482
instr 725: 1126
instr 726: 1550
instr 727: 1396
instr 728: -1429
instr 729: -1030
instr 730: 403
instr 731: 5673
instr 732: -1114
instr 733: 798
instr 734: 1126
instr 735: -510
instr 736: 485
instr 737: -3056
instr 738: -4455
instr 739: 54
instr 740: 370
instr 741: -938
instr 742: 2959
instr 743: -1690
instr 744: -1364
instr 745: 1575
instr 746: 959
instr 747: 902
instr 748: -4907
instr 749: 1027
instr 750: 1045
instr 751: 3452
instr 752: -1283
instr 753: -2424
instr 754: 1983
instr 755: 3209
instr 756: -5383
instr 757: 59
instr 758: -2384
instr 759: 1737
instr 760: 433
instr 761: 1696
instr 762: -2320
instr 763: 3265
instr 764: -1187
instr 765: -377
instr 766: -5948
instr 767: 1500
instr 768: -252
instr 769: -1546
instr 770: 7184
instr 771: 1575
instr 772: 753
instr 773: 816
instr 774: 1149
instr 775: 1950
instr 776: 1091
instr 777: -1917
instr 778: 2606
instr 779: -3012
instr 780: 2122
instr 781: 2716
instr 782: -931
instr 783: 3948
instr 784: 2961
instr 785: -1008
instr 786: -248
instr 787: -456
instr 788: 1142
instr 789: -2807
instr 790: 566
instr 791: -126
instr 792: 1313
instr 793: 83
instr 794: 1518
instr 795: -492
instr 796: -2888
instr 797: -2165
instr 798: -3286
instr 799: -3164
instr 800: 8154
instr 801: 2519
instr 802: 45
instr 803: 914
instr 804: -2710
instr 805: -1433
instr 806: -2176
instr 807: 3721
instr 808: 833
instr 809: 2937
instr 810: 83
instr 811: -2231
instr 812: -2668
instr 813: -33
instr 814: 134
instr 815: 1901
instr 816: 1267
instr 817: 5097
instr 818: -2279
instr 819: 567
instr 820: 929
instr 821: -2011
instr 822: -145
instr 823: -713
instr 824: -4003
instr 825: -544
instr 826: -3060
instr 827: 1785
instr 828: 3676
instr 829: 2830
instr 830: 308
instr 831: 1699
instr 832: 3892
instr 833: 2112
instr 834: -3029
instr 835: -1019
instr 836: -782
instr 837: 73
instr 838: 2203
instr 839: -2394
instr 840: 1633
instr 841: -3345
instr 842: -200
instr 843: -1489
instr 844: 1739
instr 845: -3016
instr 846: -2337
instr 847: -5338
instr 848: -3597
instr 849: 1623
instr 850: 1337
instr 851: -1568
instr 852: 838
instr 853: 936
instr 854: 1527
instr 855: 3612
instr 856: -599
instr 857: -1911
instr 858: -3075
instr 859: 719
instr 860: 2263
instr 861: 1866
instr 862: -465
instr 863: -2355
instr 864: -1308
instr 865: 1089
instr 866: 1051
instr 867: -1660
instr 868: 4030
instr 869: -2845
instr 870: 881
instr 871: -1464
instr 872: 4597
instr 873: -1319
instr 874: -194
instr 875: -1894
instr 876: -1665
instr 877: -453
instr 878: 2372
instr 879: -6048
instr 880: -3658
instr 881: 509
instr 882: 2067
instr 883: 3468
instr 884: -2648
instr 885: 1319
instr 886: -3000
instr 887: 1073
instr 888: -512
instr 889: 3921
instr 890: -5361
instr 891: -129
instr 892: -1131
instr 893: 1421
instr 894: -2165
instr 895: 4064
instr 896: -829
instr 897: -444
instr 898: 2645
instr 899: 3074
instr 900: 703
instr 901: -1670
instr 902: 2149
instr 903: -204
instr 904: -1403
instr 905: 1272
instr 906: -83
instr 907: -918
instr 908: -6170
instr 909: 730
instr 910: -3429
instr 911: 4040
instr 912: 572
instr 913: 2249
instr 914: 1313
instr 915: -3477
instr 916: 3141
instr 917: -3900
instr 918: -143
instr 919: 2413
instr 920: 123
instr 921: -307
instr 922: -145
instr 923: -2103
instr 924: 277
instr 925: 967
instr 926: -441
instr 927: -2546
instr 928: 266
instr 929: -477
instr 930: -486
instr 931: 6046
instr 932: 856
instr 933: -2553
instr 934: 3045
instr 935: -274
instr 936: 3794
instr 937: -5133
instr 938: -3208
instr 939: -1595
instr 940: 1840
instr 941: 3419
instr 942: 169
instr 943: 913
instr 944: -858
instr 945: 3682
instr 946: 270
instr 947: 1137
instr 948: -3286
instr 949: -886
instr 950: -1625
instr 951: -2874
instr 952: 1122
instr 953: -3317
instr 954: 2632
instr 955: 4364
instr 956: 802
instr 957: -354
instr 958: -3764
instr 959: -2016
instr 960: -2587
instr 961: 2372
instr 962: -4549
instr 963: -4130
instr 964: -2841
instr 965: -2893
instr 966: 1665
instr 967: -987
instr 968: -1823
instr 969: -131
instr 970: 1980
instr 971: 3992
instr 972: 1806
instr 973: 3297
instr 974: 3501
instr 975: -457
instr 976: 809
instr 977: 778
instr 978: 825
instr 979: -2253
instr 980: 4530
instr 981: 1113
instr 982: -6679
instr 983: -175
instr 984: 634
instr 985: 111
instr 986: 685
instr 987: 2636
instr 988: 1750
instr 989: 360
instr 990: -3039
instr 991: 1921
instr 992: 5902
instr 993: -420
instr 994: -1392
instr 995: -131
instr 996: -1064
instr 997: 2041
instr 998: 2193
instr 999: -1751
instr 1000: 791
instr 1001: -940
instr 1002: -1327
instr 1003: 1231
