instr 0: 0
instr 1: 0
instr 2: 0
instr 3: 0
instr 4: 2183
instr 5: -1471
instr 6: -2792
instr 7: 593
instr 8: 1840
instr 9: 6998
instr 10: 634
instr 11: 92
instr 12: 736
instr 13: -1784
instr 14: -418
instr 15: -147
instr 16: 2045
instr 17: -5235
instr 18: 309
instr 19: 1994
instr 20: -56
instr 21: 998
instr 22: 981
instr 23: 2949
instr 24: 1056
instr 25: -712
instr 26: -4286
instr 27: 2912
instr 28: -2775
instr 29: 1097
instr 30: -941
instr 31: -621
instr 32: 1535
instr 33: 3556
instr 34: 2372
instr 35: 620
instr 36: 3563
instr 37: -2127
instr 38: 304
instr 39: 1017
instr 40: -678
instr 41: -296
instr 42: -1004
instr 43: 2632
instr 44: 861
instr 45: 2619
instr 46: 2356
instr 47: -978
instr 48: 404
instr 49: 1231
instr 50: -4734
instr 51: 890
instr 52: 1269
instr 53: -4252
instr 54: -126
instr 55: 1590
instr 56: 1489
instr 57: 2549
instr 58: 1382
instr 59: 2277
instr 60: -303
instr 61: 671
instr 62: -1752
instr 63: 4213
instr 64: 7036
instr 65: -693
instr 66: -332
instr 67: -1261
instr 68: 918
instr 69: -962
instr 70: 1262
instr 71: -2516
instr 72: -1960
instr 73: 1261
instr 74: 1125
instr 75: 3079
instr 76: -200
instr 77: -1459
instr 78: -2071
instr 79: 1746
instr 80: 250
instr 81: -1308
instr 82: -3250
instr 83: -520
instr 84: -140
instr 85: 2733
instr 86: 947
instr 87: 2104
instr 88: -737
instr 89: -553
instr 90: -3263
instr 91: -915
instr 92: 522
instr 93: 1907
instr 94: 1850
instr 95: 3142
instr 96: 1405
instr 97: -1660
instr 98: 2947
instr 99: -1291
instr 100: -2269
instr 101: 2441
instr 102: 754
instr 103: 5863
instr 104: 1364
instr 105: 980
instr 106: -1419
instr 107: -3067
instr 108: -76
instr 109: 506
instr 110: -3489
instr 111: 154
instr 112: -2086
instr 113: 247
instr 114: -4011
instr 115: 3747
instr 116: -2604
instr 117: -3583
instr 118: 2690
instr 119: -2438
instr 120: -923
instr 121: -2750
instr 122: -1890
instr 123: -4408
instr 124: -1033
instr 125: -98
instr 126: 1991
instr 127: -848
instr 128: 2090
instr 129: 4723
instr 130: 1515
instr 131: 3357
instr 132: -3784
instr 133: 1321
instr 134: -1788
instr 135: 4829
instr 136: -1377
instr 137: 195
instr 138: 1020
instr 139: -977
instr 140: 2240
instr 141: -3531
instr 142: 1863
instr 143: 236
instr 144: 4912
instr 145: -360
instr 146: -1904
instr 147: -4747
instr 148: -118
instr 149: -1148
instr 150: -451
instr 151: -731
instr 152: 1534
instr 153: -1319
instr 154: -190
instr 155: 2084
instr 156: -303
instr 157: -438
instr 158: 2489
instr 159: -1896
instr 160: -1495
instr 161: -621
instr 162: 3483
instr 163: 1230
instr 164: -523
instr 165: -2041
instr 166: -2005
instr 167: 2513
instr 168: -2639
instr 169: 2045
instr 170: 859
instr 171: 1619
instr 172: -1659
instr 173: -2806
instr 174: -980
instr 175: 2986
instr 176: 5652
instr 177: -1010
instr 178: 993
instr 179: 785
instr 180: 250
instr 181: -1277
instr 182: 1956
instr 183: -1576
instr 184: -1443
instr 185: 553
instr 186: 885
instr 187: 5961
instr 188: -1730
instr 189: -23
instr 190: 624
instr 191: 147
instr 192: 2262
instr 193: -3192
instr 194: -274
instr 195: 3370
instr 196: -873
instr 197: 283
instr 198: 1575
instr 199: -3889
instr 200: -1830
instr 201: -851
instr 202: -1765
instr 203: 158
instr 204: -1859
instr 205: 516
instr 206: 1085
instr 207: -3001
instr 208: -1037
instr 209: 341
instr 210: -805
instr 211: 2318
instr 212: 3815
instr 213: -485
instr 214: -1821
instr 215: 1210
instr 216: -1294
instr 217: -175
instr 218: 2174
instr 219: -4
instr 220: -3884
instr 221: -376
instr 222: 3449
instr 223: -5708
instr 224: -3646
instr 225: -4562
instr 226: -1351
instr 227: 689
instr 228: -2468
instr 229: 1180
instr 230: -1529
instr 231: -1120
instr 232: 2864
instr 233: 1490
instr 234: 2095
instr 235: -1097
instr 236: 214
instr 237: -1585
instr 238: -2891
instr 239: -3019
instr 240: -369
instr 241: -1925
instr 242: -255
instr 243: 1074
instr 244: 681
instr 245: 470
instr 246: -1600
instr 247: 1257
instr 248: -216
instr 249: 1308
instr 250: 1826
instr 251: 56
instr 252: -530
instr 253: 2470
instr 254: -1215
instr 255: 641
instr 256: -2258
instr 257: -216
instr 258: -276
instr 259: 986
instr 260: -514
instr 261: 1280
instr 262: 68
instr 263: 1361
instr 264: 813
instr 265: 3297
instr 266: -918
instr 267: -248
instr 268: -4905
instr 269: -2784
instr 270: -1944
instr 271: -63
instr 272: 4947
instr 273: -663
instr 274: 3787
instr 275: 696
instr 276: 36
instr 277: -530
instr 278: 920
instr 279: -4161
instr 280: -4460
instr 281: 3778
instr 282: 5047
instr 283: 1553
instr 284: -767
instr 285: -3076
instr 286: -2650
instr 287: -1118
instr 288: -1608
instr 289: -94
instr 290: -138
instr 291: -1341
instr 292: 4224
instr 293: 4395
instr 294: -1444
instr 295: 1468
instr 296: 1200
instr 297: -1365
instr 298: -1053
instr 299: -2723
instr 300: -1487
instr 301: -1422
instr 302: 2987
instr 303: 4529
instr 304: 1803
instr 305: 1791
instr 306: 1336
instr 307: 1945
instr 308: -2218
instr 309: -1442
instr 310: -148
instr 311: -212
instr 312: -35
instr 313: 435
instr 314: 1234
instr 315: 1368
instr 316: -1545
instr 317: 252
instr 318: 1629
instr 319: -1059
instr 320: -3412
instr 321: -2070
instr 322: -2802
instr 323: -675
instr 324: -4004
instr 325: 1097
instr 326: 5483
instr 327: -4842
instr 328: 1529
instr 329: 2654
instr 330: 1164
instr 331: -3900
instr 332: 2611
instr 333: -1566
instr 334: 3356
instr 335: 6349
instr 336: 972
instr 337: -1941
instr 338: 35
instr 339: 2213
instr 340: 3545
instr 341: 834
instr 342: -3683
instr 343: 4417
instr 344: 1913
instr 345: -1253
instr 346: -791
instr 347: -741
instr 348: 2069
instr 349: -5201
instr 350: -2529
instr 351: 6542
instr 352: -161
instr 353: 2380
instr 354: -612
instr 355: -2328
instr 356: 3163
instr 357: -3156
instr 358: -1805
instr 359: -887
instr 360: -1325
instr 361: -87
instr 362: -105
instr 363: 2358
instr 364: 1232
instr 365: -1134
instr 366: -3872
instr 367: -2181
instr 368: 6419
instr 369: 1815
instr 370: 570
instr 371: 1011
instr 372: 540
instr 373: -1099
instr 374: -642
instr 375: -43
instr 376: 761
instr 377: 5930
instr 378: 773
instr 379: -1986
instr 380: -1042
instr 381: 2029
instr 382: 4835
instr 383: 4972
instr 384: -438
instr 385: -6378
instr 386: -3813
instr 387: -76
instr 388: -3321
instr 389: 919
instr 390: -1024
instr 391: -3245
instr 392: -2918
instr 393: 1283
instr 394: 318
instr 395: 4720
instr 396: -872
instr 397: 3723
instr 398: 4793
instr 399: -3017
instr 400: -122
instr 401: -2194
instr 402: -288
instr 403: 1188
instr 404: -167
instr 405: 1786
instr 406: 105
instr 407: 2611
instr 408: 5366
instr 409: -3164
instr 410: -3734
instr 411: -1436
instr 412: -2226
instr 413: -251
instr 414: 404
instr 415: -2411
instr 416: -223
instr 417: -6211
instr 418: 158
instr 419: 6590
instr 420: -464
instr 421: 1098
instr 422: 1132
instr 423: -1776
instr 424: -762
instr 425: -1977
instr 426: 2066
instr 427: -2540
instr 428: 5444
instr 429: -2100
instr 430: -723
instr 431: -1200
instr 432: -1492
instr 433: -288
instr 434: 2831
instr 435: 667
instr 436: 3861
instr 437: 44
instr 438: -2830
instr 439: -2055
instr 440: 2759
instr 441: -1437
instr 442: -82
instr 443: -3797
instr 444: -4099
instr 445: 86
instr 446: -3893
instr 447: 774
instr 448: 840
instr 449: 800
instr 450: 3177
instr 451: 2562
instr 452: 464
instr 453: -1119
instr 454: -323
instr 455: 628
instr 456: 1305
instr 457: -1938
instr 458: -2785
instr 459: 1701
instr 460: -8
instr 461: 3516
instr 462: 1173
instr 463: 2450
instr 464: 493
instr 465: -1861
instr 466: -372
instr 467: -3132
instr 468: 900
instr 469: 514
instr 470: 1709
instr 471: 1032
instr 472: 2738
instr 473: 842
instr 474: 150
instr 475: -2643
instr 476: -1123
instr 477: -3922
instr 478: -280
instr 479: -3209
instr 480: -2410
instr 481: -2161
instr 482: -821
instr 483: -1976
instr 484: -2915
instr 485: 2198
instr 486: -2804
instr 487: -3855
instr 488: 4361
instr 489: -5123
instr 490: -1264
instr 491: -675
instr 492: -1119
instr 493: -1252
instr 494: -210
instr 495: 3188
instr 496: -1467
instr 497: -966
instr 498: 2745
instr 499: 1387
instr 500: 3522
instr 501: 3276
instr 502: 3913
instr 503: 217
instr 504: 2310
instr 505: -1210
instr 506: 1665
instr 507: -1817
instr 508: 885
instr 509: -926
instr 510: -1023
instr 511: 5242
instr 512: -2953
instr 513: 1763
instr 514: 2930
instr 515: 4435
instr 516: 129
instr 517: 1053
instr 518: 1220
instr 519: -6
instr 520: 283
instr 521: 2794
instr 522: 203
instr 523: 1344
instr 524: 3051
instr 525: -2570
instr 526: -5024
instr 527: 2709
instr 528: -773
instr 529: -958
instr 530: -2
instr 531: 2406
instr 532: -2038
instr 533: -1293
instr 534: 2794
instr 535: -1066
instr 536: -536
instr 537: 3109
instr 538: -1387
instr 539: -1382
instr 540: -805
instr 541: -545
instr 542: 2344
instr 543: -1351
instr 544: 764
instr 545: 1631
instr 546: 1898
instr 547: 1857
instr 548: 827
instr 549: 2818
instr 550: 33
instr 551: -1200
instr 552: -1155
instr 553: 1389
instr 554: -1186
instr 555: -2059
instr 556: -1241
instr 557: -192
instr 558: -2057
instr 559: 1623
instr 560: 1951
instr 561: 707
instr 562: 450
instr 563: 2369
instr 564: 224
instr 565: 1040
instr 566: -1578
instr 567: 2509
instr 568: -3334
instr 569: -4746
instr 570: -174
instr 571: 853
instr 572: -919
instr 573: 285
instr 574: -4243
instr 575: 3207
instr 576: -1224
instr 577: 1484
instr 578: -2072
instr 579: 2517
instr 580: -1478
instr 581: 3611
instr 582: -4378
instr 583: 2634
instr 584: 2354
instr 585: 2713
instr 586: -4745
instr 587: -3008
instr 588: -5684
instr 589: 4341
instr 590: -460
instr 591: -3986
instr 592: -239
instr 593: -368
instr 594: 442
instr 595: -3495
instr 596: 2833
instr 597: 2868
instr 598: -1393
instr 599: 763
instr 600: -1909
instr 601: 512
instr 602: -207
instr 603: 1091
instr 604: 14
instr 605: 2504
instr 606: -630
instr 607: 2924
instr 608: 3835
instr 609: 2699
instr 610: -3883
instr 611: -1164
instr 612: 3769
instr 613: -3984
instr 614: -2515
instr 615: 1193
instr 616: 1797
instr 617: -1507
instr 618: 668
instr 619: -3984
instr 620: 2167
instr 621: 848
instr 622: 833
instr 623: -48
instr 624: -2114
instr 625: 299
instr 626: -3957
instr 627: 1748
instr 628: 5608
instr 629: -2075
instr 630: 1145
instr 631: -609
instr 632: -2030
instr 633: 2949
instr 634: -729
instr 635: 222
instr 636: 2071
instr 637: -917
instr 638: -1066
instr 639: 2189
instr 640: 2147
instr 641: 453
instr 642: 3297
instr 643: -983
instr 644: -592
instr 645: -375
instr 646: -643
instr 647: -2130
instr 648: -993
instr 649: 608
instr 650: 6557
instr 651: -1216
instr 652: -1069
instr 653: -2981
instr 654: -5930
instr 655: -21
instr 656: 1575
instr 657: -1838
instr 658: 3253
instr 659: -3070
instr 660: 404
instr 661: -1732
instr 662: 2729
instr 663: -856
instr 664: -3820
instr 665: -1730
instr 666: -374
instr 667: 3288
instr 668: -1965
instr 669: 2758
instr 670: 4074
instr 671: 2576
instr 672: 1078
instr 673: 3725
instr 674: 413
instr 675: -38
instr 676: -1719
instr 677: 2355
instr 678: -1041
instr 679: -903
instr 680: -2163
instr 681: 1322
instr 682: 1027
instr 683: -3198
instr 684: -215
instr 685: -784
instr 686: 522
instr 687: 122
instr 688: -3833
instr 689: 1720
instr 690: 1879
instr 691: -928
instr 692: 505
instr 693: 2015
instr 694: 2059
instr 695: -385
instr 696: 3624
instr 697: 613
instr 698: 643
instr 699: 2039
instr 700: 284
instr 701: 1468
instr 702: -317
instr 703: 57
instr 704: -695
instr 705: -1417
instr 706: -1031
instr 707: -1041
instr 708: 2742
instr 709: -2819
instr 710: 1176
instr 711: 3780
instr 712: -1005
instr 713: -1292
instr 714: -483
instr 715: 708
instr 716: -1794
instr 717: 2307
instr 718: -3876
instr 719: -2700
instr 720: -2861
instr 721: -416
instr 722: 2121
instr 723: -3728
instr 724: -898
instr 725: -5935
instr 726: -1276
instr 727: 4862
instr 728: -1558
instr 729: -252
instr 730: 1436
instr 731: -1263
instr 732: -823
instr 733: 1634
instr 734: -3393
instr 735: -4150
instr 736: 2687
instr 737: -1276
instr 738: 752
instr 739: 399
instr 740: -4774
instr 741: -1308
instr 742: -217
instr 743: -2211
instr 744: 2935
instr 745: -1464
instr 746: -4193
instr 747: -199
instr 748: -4276
instr 749: -2821
instr 750: -2269
instr 751: 3937
instr 752: -241
instr 753: 4358
instr 754: 2405
instr 755: 1667
instr 756: 4557
instr 757: -1797
instr 758: 4787
instr 759: 1819
instr 760: 1125
instr 761: -4843
instr 762: 1177
instr 763: -3955
instr 764: -4801
instr 765: 1177
instr 766: 2236
instr 767: -1234
instr 768: 4120
instr 769: -2400
instr 770: 4279
instr 771: -1540
instr 772: 6668
instr 773: 1408
instr 774: 1807
instr 775: 1070
instr 776: -833
instr 777: -674
instr 778: 3175
instr 779: 970
instr 780: -1897
instr 781: -2526
instr 782: -4835
instr 783: -3582
instr 784: -498
instr 785: 4025
instr 786: 3002
instr 787: -2366
instr 788: 2277
instr 789: -1911
instr 790: 5195
instr 791: 1412
instr 792: 2870
instr 793: -6043
instr 794: 1263
instr 795: 3415
instr 796: 1549
instr 797: -5686
instr 798: 3035
instr 799: -1268
instr 800: 1277
instr 801: -1041
instr 802: 2833
instr 803: -2116
instr 804: 1448
instr 805: 2913
instr 806: -2196
instr 807: -2688
instr 808: -4495
instr 809: -922
instr 810: -2729
instr 811: 2662
instr 812: -1873
instr 813: 2906
instr 814: 395
instr 815: -1771
instr 816: -667
instr 817: 4309
instr 818: -1989
instr 819: -4922
instr 820: 666
instr 821: -3443
instr 822: -1770
instr 823: 3580
instr 824: -1095
instr 825: -312
instr 826: 244
instr 827: 3251
instr 828: -890
instr 829: -2713
instr 830: -895
instr 831: -796
instr 832: -3142
instr 833: 1097
instr 834: 818
instr 835: 1565
instr 836: 1091
instr 837: 426
instr 838: -303
instr 839: -318
instr 840: -1123
instr 841: -2636
instr 842: 2309
instr 843: 975
instr 844: -1503
instr 845: -5140
instr 846: 3624
instr 847: 2621
instr 848: -247
instr 849: -4360
instr 850: -7
instr 851: -3272
instr 852: 15
instr 853: -2157
instr 854: 3705
instr 855: 1127
instr 856: 1368
instr 857: -646
instr 858: -1879
instr 859: -455
instr 860: -272
instr 861: 2108
instr 862: 965
instr 863: 493
instr 864: 2689
instr 865: 907
instr 866: -834
instr 867: -2046
instr 868: 2980
instr 869: 1342
instr 870: -4965
instr 871: -3355
instr 872: 3007
instr 873: -597
instr 874: -457
instr 875: -1734
instr 876: 627
instr 877: 4411
instr 878: -1162
instr 879: 1367
instr 880: 4541
instr 881: 1537
instr 882: -2539
instr 883: -254
instr 884: 396
instr 885: 190
instr 886: 1773
instr 887: -322
instr 888: 1314
instr 889: -2391
instr 890: 321
instr 891: -693
instr 892: 1329
instr 893: -2201
instr 894: -103
instr 895: 41
instr 896: -1095
instr 897: -3135
instr 898: -1326
instr 899: 615
instr 900: -3642
instr 901: 1876
instr 902: -466
instr 903: -3322
instr 904: -2102
instr 905: -1541
instr 906: -110
instr 907: 3439
instr 908: 4252
instr 909: -1316
instr 910: 1323
instr 911: -1819
instr 912: -1369
instr 913: 2370
instr 914: 2776
instr 915: 1133
instr 916: -175
instr 917: -2223
instr 918: 1256
instr 919: -1162
instr 920: -354
instr 921: 1225
instr 922: -188
instr 923: 2138
instr 924: 402
instr 925: -2636
instr 926: -1245
instr 927: -2619
instr 928: -1530
instr 929: -4158
instr 930: -848
instr 931: 98
instr 932: -1234
instr 933: -996
instr 934: -2750
instr 935: -2296
instr 936: 6070
instr 937: -1507
instr 938: 913
instr 939: -2287
instr 940: 317
instr 941: -4575
instr 942: -5232
instr 943: 2121
instr 944: -1176
instr 945: 3000
instr 946: 2056
instr 947: 499
instr 948: 2053
instr 949: 3870
instr 950: -1969
instr 951: -517
instr 952: -2823
instr 953: -182
instr 954: -330
instr 955: -1418
instr 956: 286
instr 957: -2123
instr 958: 968
instr 959: -2933
instr 960: -1215
instr 961: -194
instr 962: -2459
instr 963: 141
instr 964: 1329
instr 965: 284
instr 966: -1683
instr 967: -27
instr 968: 752
instr 969: 2180
instr 970: -2654
instr 971: 3272
instr 972: -2233
instr 973: 4862
instr 974: -2340
instr 975: -2695
instr 976: 951
instr 977: 3733
instr 978: -824
instr 979: 1457
instr 980: -213
instr 981: 5314
instr 982: -2994
instr 983: 3130
instr 984: 4017
instr 985: 827
instr 986: -783
instr 987: -3467
instr 988: -1095
instr 989: 3483
instr 990: 376
instr 991: 3210
instr 992: 1524
instr 993: -567
instr 994: -1215
instr 995: 1301
instr 996: -1076
instr 997: -2514
instr 998: -2296
instr 999: 3033
instr 1000: -160
instr 1001: 926
instr 1002: -997
instr 1003: 2097
