instr 0: 0
instr 1: 0
instr 2: 0
instr 3: 0
instr 4: 2
instr 5: 0
instr 6: 0
instr 7: 4
instr 8: 4
instr 9: 4
instr 10: 2
instr 11: 3
instr 12: 7
instr 13: 3
instr 14: 6
instr 15: 1
instr 16: 11
instr 17: 1
instr 18: 2
instr 19: 4
instr 20: 4
instr 21: 1
instr 22: 0
instr 23: 2
instr 24: 5
instr 25: 0
instr 26: 3
instr 27: 0
instr 28: 3
instr 29: 2
instr 30: 17
instr 31: 7
instr 32: 0
instr 33: 2
instr 34: 0
instr 35: 0
instr 36: 2
instr 37: 1
instr 38: 4
instr 39: 16
instr 40: 1
instr 41: 0
instr 42: 0
instr 43: 1
instr 44: 3
instr 45: 0
instr 46: 12
instr 47: 3
instr 48: 3
instr 49: 2
instr 50: 12
instr 51: 3
instr 52: 3
instr 53: 8
instr 54: 0
instr 55: 0
instr 56: 10
instr 57: 1
instr 58: 12
instr 59: 1
instr 60: 4
instr 61: 3
instr 62: 0
instr 63: 9
instr 64: 20
instr 65: 5
instr 66: 7
instr 67: 0
instr 68: 7
instr 69: 2
instr 70: 3
instr 71: 2
instr 72: 2
instr 73: 4
instr 74: 8
instr 75: 1
instr 76: 1
instr 77: 3
instr 78: 0
instr 79: 2
instr 80: 4
instr 81: 1
instr 82: 3
instr 83: 3
instr 84: 2
instr 85: 1
instr 86: 3
instr 87: 1
instr 88: 1
instr 89: 4
instr 90: 2
instr 91: 2
instr 92: 5
instr 93: 4
instr 94: 0
instr 95: 0
instr 96: 1
instr 97: 7
instr 98: 3
instr 99: 11
instr 100: 0
instr 101: 6
instr 102: 0
instr 103: 4
instr 104: 2
instr 105: 0
instr 106: 3
instr 107: 0
instr 108: 8
instr 109: 0
instr 110: 4
instr 111: 0
instr 112: 2
instr 113: 6
instr 114: 1
instr 115: 2
instr 116: 3
instr 117: 3
instr 118: 0
instr 119: 3
instr 120: 2
instr 121: 3
instr 122: 3
instr 123: 2
instr 124: 2
instr 125: 5
instr 126: 3
instr 127: 2
instr 128: 0
instr 129: 4
instr 130: 3
instr 131: 9
instr 132: 5
instr 133: 2
instr 134: 1
instr 135: 1
instr 136: 0
instr 137: 1
instr 138: 2
instr 139: 0
instr 140: 6
instr 141: 4
instr 142: 3
instr 143: 13
instr 144: 1
instr 145: 2
instr 146: 3
instr 147: 2
instr 148: 9
instr 149: 1
instr 150: 1
instr 151: 1
instr 152: 4
instr 153: 12
instr 154: 2
instr 155: 3
instr 156: 2
instr 157: 0
instr 158: 0
instr 159: 3
instr 160: 0
instr 161: 2
instr 162: 5
instr 163: 1
instr 164: 7
instr 165: 3
instr 166: 0
instr 167: 0
instr 168: 0
instr 169: 9
instr 170: 5
instr 171: 4
instr 172: 7
instr 173: 11
instr 174: 3
instr 175: 1
instr 176: 2
instr 177: 7
instr 178: 1
instr 179: 1
instr 180: 1
instr 181: 2
instr 182: 3
instr 183: 13
instr 184: 2
instr 185: 2
instr 186: 13
instr 187: 4
instr 188: 0
instr 189: 0
instr 190: 3
instr 191: 5
instr 192: 9
instr 193: 0
instr 194: 0
instr 195: 1
instr 196: 12
instr 197: 4
instr 198: 2
instr 199: 0
instr 200: 6
instr 201: 1
instr 202: 18
instr 203: 3
instr 204: 1
instr 205: 21
instr 206: 4
instr 207: 6
instr 208: 2
instr 209: 5
instr 210: 1
instr 211: 3
instr 212: 2
instr 213: 7
instr 214: 1
instr 215: 0
instr 216: 0
instr 217: 5
instr 218: 7
instr 219: 0
instr 220: 0
instr 221: 6
instr 222: 1
instr 223: 9
instr 224: 2
instr 225: 1
instr 226: 4
instr 227: 1
instr 228: 5
instr 229: 0
instr 230: 0
instr 231: 4
instr 232: 5
instr 233: 3
instr 234: 6
instr 235: 2
instr 236: 2
instr 237: 1
instr 238: 0
instr 239: 0
instr 240: 5
instr 241: 5
instr 242: 2
instr 243: 4
instr 244: 8
instr 245: 2
instr 246: 3
instr 247: 0
instr 248: 6
instr 249: 13
instr 250: 3
instr 251: 0
instr 252: 0
instr 253: 2
instr 254: 1
instr 255: 7
instr 256: 1
instr 257: 2
instr 258: 2
instr 259: 3
instr 260: 3
instr 261: 0
instr 262: 1
instr 263: 7
instr 264: 2
instr 265: 5
instr 266: 0
instr 267: 1
instr 268: 0
instr 269: 2
instr 270: 4
instr 271: 6
instr 272: 17
instr 273: 3
instr 274: 6
instr 275: 1
instr 276: 8
instr 277: 1
instr 278: 0
instr 279: 0
instr 280: 2
instr 281: 6
instr 282: 5
instr 283: 0
instr 284: 2
instr 285: 5
instr 286: 8
instr 287: 8
instr 288: 4
instr 289: 0
instr 290: 2
instr 291: 3
instr 292: 0
instr 293: 4
instr 294: 1
instr 295: 1
instr 296: 3
instr 297: 7
instr 298: 19
instr 299: 2
instr 300: 1
instr 301: 0
instr 302: 1
instr 303: 0
instr 304: 3
instr 305: 1
instr 306: 0
instr 307: 4
instr 308: 2
instr 309: 4
instr 310: 5
instr 311: 1
instr 312: 0
instr 313: 2
instr 314: 4
instr 315: 2
instr 316: 3
instr 317: 12
instr 318: 5
instr 319: 2
instr 320: 0
instr 321: 6
instr 322: 0
instr 323: 0
instr 324: 5
instr 325: 3
instr 326: 0
instr 327: 3
instr 328: 1
instr 329: 1
instr 330: 10
instr 331: 3
instr 332: 4
instr 333: 8
instr 334: 0
instr 335: 1
instr 336: 3
instr 337: 13
instr 338: 5
instr 339: 1
instr 340: 5
instr 341: 3
instr 342: 3
instr 343: 7
instr 344: 1
instr 345: 5
instr 346: 7
instr 347: 2
instr 348: 1
instr 349: 0
instr 350: 0
instr 351: 1
instr 352: 0
instr 353: 1
instr 354: 0
instr 355: 3
instr 356: 11
instr 357: 0
instr 358: 6
instr 359: 0
instr 360: 3
instr 361: 3
instr 362: 0
instr 363: 1
instr 364: 11
instr 365: 13
instr 366: 2
instr 367: 4
instr 368: 2
instr 369: 3
instr 370: 2
instr 371: 5
instr 372: 5
instr 373: 0
instr 374: 0
instr 375: 20
instr 376: 0
instr 377: 3
instr 378: 1
instr 379: 21
instr 380: 1
instr 381: 5
instr 382: 2
instr 383: 3
instr 384: 1
instr 385: 8
instr 386: 0
instr 387: 4
instr 388: 0
instr 389: 4
instr 390: 4
instr 391: 1
instr 392: 7
instr 393: 3
instr 394: 2
instr 395: 1
instr 396: 0
instr 397: 5
instr 398: 1
instr 399: 1
instr 400: 5
instr 401: 2
instr 402: 3
instr 403: 5
instr 404: 9
instr 405: 0
instr 406: 2
instr 407: 9
instr 408: 0
instr 409: 4
instr 410: 0
instr 411: 0
instr 412: 3
instr 413: 0
instr 414: 0
instr 415: 3
instr 416: 3
instr 417: 2
instr 418: 6
instr 419: 0
instr 420: 4
instr 421: 0
instr 422: 3
instr 423: 4
instr 424: 1
instr 425: 17
instr 426: 0
instr 427: 0
instr 428: 4
instr 429: 11
instr 430: 5
instr 431: 3
instr 432: 1
instr 433: 0
instr 434: 0
instr 435: 9
instr 436: 2
instr 437: 6
instr 438: 0
instr 439: 2
instr 440: 0
instr 441: 0
instr 442: 2
instr 443: 3
instr 444: 6
instr 445: 4
instr 446: 2
instr 447: 8
instr 448: 4
instr 449: 1
instr 450: 4
instr 451: 9
instr 452: 0
instr 453: 3
instr 454: 14
instr 455: 5
instr 456: 2
instr 457: 8
instr 458: 5
instr 459: 0
instr 460: 4
instr 461: 2
instr 462: 0
instr 463: 3
instr 464: 4
instr 465: 1
instr 466: 2
instr 467: 9
instr 468: 2
instr 469: 1
instr 470: 0
instr 471: 14
instr 472: 0
instr 473: 4
instr 474: 16
instr 475: 0
instr 476: 0
instr 477: 0
instr 478: 2
instr 479: 0
instr 480: 1
instr 481: 6
instr 482: 6
instr 483: 1
instr 484: 5
instr 485: 5
instr 486: 5
instr 487: 2
instr 488: 3
instr 489: 1
instr 490: 1
instr 491: 1
instr 492: 6
instr 493: 0
instr 494: 6
instr 495: 1
instr 496: 1
instr 497: 0
instr 498: 10
instr 499: 1
instr 500: 0
instr 501: 5
instr 502: 0
instr 503: 3
instr 504: 1
instr 505: 4
instr 506: 1
instr 507: 3
instr 508: 4
instr 509: 3
instr 510: 0
instr 511: 8
instr 512: 5
instr 513: 2
instr 514: 7
instr 515: 5
instr 516: 3
instr 517: 1
instr 518: 2
instr 519: 8
instr 520: 2
instr 521: 2
instr 522: 5
instr 523: 0
instr 524: 4
instr 525: 5
instr 526: 5
instr 527: 0
instr 528: 2
instr 529: 4
instr 530: 0
instr 531: 0
instr 532: 8
instr 533: 18
instr 534: 10
instr 535: 2
instr 536: 1
instr 537: 2
instr 538: 0
instr 539: 1
instr 540: 0
instr 541: 4
instr 542: 4
instr 543: 3
instr 544: 7
instr 545: 0
instr 546: 1
instr 547: 2
instr 548: 4
instr 549: 0
instr 550: 8
instr 551: 2
instr 552: 13
instr 553: 6
instr 554: 0
instr 555: 3
instr 556: 6
instr 557: 9
instr 558: 0
instr 559: 0
instr 560: 6
instr 561: 2
instr 562: 3
instr 563: 0
instr 564: 2
instr 565: 4
instr 566: 0
instr 567: 4
instr 568: 0
instr 569: 0
instr 570: 1
instr 571: 0
instr 572: 21
instr 573: 9
instr 574: 1
instr 575: 6
instr 576: 0
instr 577: 0
instr 578: 0
instr 579: 14
instr 580: 0
instr 581: 5
instr 582: 7
instr 583: 3
instr 584: 2
instr 585: 2
instr 586: 8
instr 587: 7
instr 588: 5
instr 589: 1
instr 590: 1
instr 591: 3
instr 592: 1
instr 593: 0
instr 594: 2
instr 595: 1
instr 596: 1
instr 597: 6
instr 598: 3
instr 599: 9
instr 600: 4
instr 601: 3
instr 602: 6
instr 603: 7
instr 604: 0
instr 605: 0
instr 606: 7
instr 607: 1
instr 608: 1
instr 609: 0
instr 610: 7
instr 611: 3
instr 612: 2
instr 613: 2
instr 614: 1
instr 615: 14
instr 616: 5
instr 617: 0
instr 618: 3
instr 619: 1
instr 620: 0
instr 621: 15
instr 622: 2
instr 623: 7
instr 624: 0
instr 625: 2
instr 626: 4
instr 627: 0
instr 628: 1
instr 629: 2
instr 630: 2
instr 631: 3
instr 632: 1
instr 633: 5
instr 634: 17
instr 635: 11
instr 636: 1
instr 637: 0
instr 638: 4
instr 639: 1
instr 640: 1
instr 641: 6
instr 642: 0
instr 643: 8
instr 644: 4
instr 645: 2
instr 646: 3
instr 647: 5
instr 648: 3
instr 649: 8
instr 650: 0
instr 651: 4
instr 652: 2
instr 653: 0
instr 654: 2
instr 655: 8
instr 656: 14
instr 657: 0
instr 658: 2
instr 659: 1
instr 660: 1
instr 661: 2
instr 662: 4
instr 663: 3
instr 664: 6
instr 665: 2
instr 666: 3
instr 667: 3
instr 668: 4
instr 669: 1
instr 670: 2
instr 671: 9
instr 672: 6
instr 673: 2
instr 674: 2
instr 675: 2
instr 676: 11
instr 677: 2
instr 678: 0
instr 679: 1
instr 680: 0
instr 681: 8
instr 682: 0
instr 683: 6
instr 684: 8
instr 685: 13
instr 686: 1
instr 687: 2
instr 688: 16
instr 689: 17
instr 690: 4
instr 691: 0
instr 692: 1
instr 693: 1
instr 694: 4
instr 695: 1
instr 696: 3
instr 697: 3
instr 698: 2
instr 699: 1
instr 700: 6
instr 701: 11
instr 702: 8
instr 703: 2
instr 704: 1
instr 705: 0
instr 706: 4
instr 707: 2
instr 708: 31
instr 709: 10
instr 710: 0
instr 711: 6
instr 712: 3
instr 713: 3
instr 714: 12
instr 715: 2
instr 716: 8
instr 717: 0
instr 718: 1
instr 719: 4
instr 720: 0
instr 721: 0
instr 722: 0
instr 723: 9
instr 724: 2
instr 725: 5
instr 726: 0
instr 727: 1
instr 728: 3
instr 729: 5
instr 730: 11
instr 731: 6
instr 732: 15
instr 733: 2
instr 734: 5
instr 735: 0
instr 736: 5
instr 737: 0
instr 738: 1
instr 739: 0
instr 740: 0
instr 741: 0
instr 742: 1
instr 743: 2
instr 744: 2
instr 745: 15
instr 746: 8
instr 747: 1
instr 748: 7
instr 749: 3
instr 750: 0
instr 751: 2
instr 752: 6
instr 753: 1
instr 754: 1
instr 755: 0
instr 756: 2
instr 757: 5
instr 758: 2
instr 759: 1
instr 760: 0
instr 761: 5
instr 762: 4
instr 763: 3
instr 764: 1
instr 765: 3
instr 766: 1
instr 767: 1
instr 768: 3
instr 769: 1
instr 770: 1
instr 771: 1
instr 772: 1
instr 773: 4
instr 774: 2
instr 775: 2
instr 776: 3
instr 777: 3
instr 778: 2
instr 779: 8
instr 780: 2
instr 781: 1
instr 782: 3
instr 783: 1
instr 784: 4
instr 785: 0
instr 786: 0
instr 787: 0
instr 788: 2
instr 789: 3
instr 790: 4
instr 791: 1
instr 792: 0
instr 793: 12
instr 794: 2
instr 795: 3
instr 796: 1
instr 797: 5
instr 798: 4
instr 799: 4
instr 800: 1
instr 801: 10
instr 802: 5
instr 803: 5
instr 804: 4
instr 805: 1
instr 806: 4
instr 807: 1
instr 808: 6
instr 809: 4
instr 810: 2
instr 811: 0
instr 812: 12
instr 813: 4
instr 814: 0
instr 815: 7
instr 816: 4
instr 817: 2
instr 818: 1
instr 819: 2
instr 820: 3
instr 821: 0
instr 822: 2
instr 823: 0
instr 824: 0
instr 825: 8
instr 826: 1
instr 827: 2
instr 828: 2
instr 829: 3
instr 830: 0
instr 831: 13
instr 832: 2
instr 833: 6
instr 834: 9
instr 835: 1
instr 836: 2
instr 837: 9
instr 838: 2
instr 839: 3
instr 840: 3
instr 841: 6
instr 842: 17
instr 843: 0
instr 844: 0
instr 845: 0
instr 846: 8
instr 847: 5
instr 848: 13
instr 849: 0
instr 850: 3
instr 851: 10
instr 852: 12
instr 853: 1
instr 854: 0
instr 855: 0
instr 856: 0
instr 857: 6
instr 858: 2
instr 859: 0
instr 860: 1
instr 861: 0
instr 862: 2
instr 863: 2
instr 864: 3
instr 865: 0
instr 866: 0
instr 867: 14
instr 868: 5
instr 869: 3
instr 870: 0
instr 871: 6
instr 872: 0
instr 873: 1
instr 874: 5
instr 875: 6
instr 876: 6
instr 877: 2
instr 878: 4
instr 879: 2
instr 880: 3
instr 881: 10
instr 882: 1
instr 883: 6
instr 884: 3
instr 885: 2
instr 886: 4
instr 887: 3
instr 888: 4
instr 889: 3
instr 890: 1
instr 891: 3
instr 892: 1
instr 893: 5
instr 894: 1
instr 895: 4
instr 896: 22
instr 897: 1
instr 898: 2
instr 899: 0
instr 900: 1
instr 901: 2
instr 902: 1
instr 903: 6
instr 904: 2
instr 905: 5
instr 906: 2
instr 907: 2
instr 908: 1
instr 909: 3
instr 910: 1
instr 911: 1
instr 912: 2
instr 913: 0
instr 914: 0
instr 915: 1
instr 916: 4
instr 917: 0
instr 918: 0
instr 919: 4
instr 920: 5
instr 921: 7
instr 922: 1
instr 923: 2
instr 924: 1
instr 925: 2
instr 926: 1
instr 927: 11
instr 928: 0
instr 929: 0
instr 930: 0
instr 931: 5
instr 932: 3
instr 933: 0
instr 934: 1
instr 935: 3
instr 936: 0
instr 937: 1
instr 938: 1
instr 939: 10
instr 940: 15
instr 941: 0
instr 942: 0
instr 943: 5
instr 944: 3
instr 945: 1
instr 946: 11
instr 947: 3
instr 948: 0
instr 949: 1
instr 950: 1
instr 951: 19
instr 952: 0
instr 953: 0
instr 954: 4
instr 955: 6
instr 956: 7
instr 957: 8
instr 958: 9
instr 959: 0
instr 960: 1
instr 961: 3
instr 962: 2
instr 963: 3
instr 964: 1
instr 965: 6
instr 966: 1
instr 967: 0
instr 968: 0
instr 969: 2
instr 970: 3
instr 971: 5
instr 972: 10
instr 973: 4
instr 974: 4
instr 975: 16
instr 976: 0
instr 977: 2
instr 978: 8
instr 979: 6
instr 980: 3
instr 981: 2
instr 982: 15
instr 983: 0
instr 984: 0
instr 985: 0
instr 986: 3
instr 987: 0
instr 988: 6
instr 989: 8
instr 990: 0
instr 991: 2
instr 992: 1
instr 993: 0
instr 994: 8
instr 995: 3
instr 996: 3
instr 997: 5
instr 998: 11
instr 999: 4
instr 1000: 2
instr 1001: 1
instr 1002: 2
instr 1003: 1
