instr 0: 0
instr 1: 0
instr 2: 0
instr 3: 0
instr 4: 2
instr 5: 1
instr 6: 4
instr 7: 0
instr 8: 0
instr 9: 0
instr 10: 0
instr 11: 2
instr 12: 5
instr 13: 0
instr 14: 2
instr 15: 4
instr 16: 1
instr 17: 0
instr 18: 1
instr 19: 1
instr 20: 0
instr 21: 2
instr 22: 0
instr 23: 4
instr 24: 1
instr 25: 0
instr 26: 2
instr 27: 1
instr 28: 1
instr 29: 0
instr 30: 1
instr 31: 0
instr 32: 0
instr 33: 0
instr 34: 1
instr 35: 5
instr 36: 0
instr 37: 2
instr 38: 0
instr 39: 0
instr 40: 0
instr 41: 0
instr 42: 1
instr 43: 0
instr 44: 1
instr 45: 2
instr 46: 1
instr 47: 0
instr 48: 2
instr 49: 2
instr 50: 1
instr 51: 0
instr 52: 1
instr 53: 0
instr 54: 0
instr 55: 4
instr 56: 2
instr 57: 2
instr 58: 1
instr 59: 1
instr 60: 0
instr 61: 0
instr 62: 2
instr 63: 2
instr 64: 0
instr 65: 1
instr 66: 2
instr 67: 1
instr 68: 0
instr 69: 2
instr 70: 2
instr 71: 0
instr 72: 0
instr 73: 0
instr 74: 1
instr 75: 0
instr 76: 0
instr 77: 1
instr 78: 2
instr 79: 5
instr 80: 0
instr 81: 0
instr 82: 1
instr 83: 0
instr 84: 0
instr 85: 3
instr 86: 0
instr 87: 1
instr 88: 1
instr 89: 1
instr 90: 3
instr 91: 1
instr 92: 2
instr 93: 1
instr 94: 1
instr 95: 1
instr 96: 1
instr 97: 0
instr 98: 4
instr 99: 0
instr 100: 0
instr 101: 0
instr 102: 0
instr 103: 4
instr 104: 1
instr 105: 1
instr 106: 1
instr 107: 0
instr 108: 0
instr 109: 2
instr 110: 1
instr 111: 1
instr 112: 1
instr 113: 1
instr 114: 1
instr 115: 3
instr 116: 0
instr 117: 0
instr 118: 2
instr 119: 0
instr 120: 0
instr 121: 1
instr 122: 0
instr 123: 5
instr 124: 0
instr 125: 0
instr 126: 0
instr 127: 3
instr 128: 0
instr 129: 4
instr 130: 1
instr 131: 0
instr 132: 1
instr 133: 1
instr 134: 1
instr 135: 1
instr 136: 1
instr 137: 0
instr 138: 0
instr 139: 1
instr 140: 0
instr 141: 2
instr 142: 2
instr 143: 1
instr 144: 1
instr 145: 0
instr 146: 2
instr 147: 0
instr 148: 0
instr 149: 0
instr 150: 6
instr 151: 3
instr 152: 1
instr 153: 2
instr 154: 0
instr 155: 2
instr 156: 0
instr 157: 0
instr 158: 0
instr 159: 2
instr 160: 1
instr 161: 0
instr 162: 4
instr 163: 0
instr 164: 0
instr 165: 0
instr 166: 0
instr 167: 0
instr 168: 0
instr 169: 0
instr 170: 2
instr 171: 1
instr 172: 2
instr 173: 1
instr 174: 3
instr 175: 0
instr 176: 1
instr 177: 1
instr 178: 1
instr 179: 0
instr 180: 0
instr 181: 2
instr 182: 1
instr 183: 1
instr 184: 1
instr 185: 0
instr 186: 0
instr 187: 2
instr 188: 0
instr 189: 0
instr 190: 1
instr 191: 5
instr 192: 0
instr 193: 1
instr 194: 1
instr 195: 0
instr 196: 1
instr 197: 0
instr 198: 0
instr 199: 0
instr 200: 2
instr 201: 3
instr 202: 1
instr 203: 0
instr 204: 0
instr 205: 0
instr 206: 3
instr 207: 1
instr 208: 0
instr 209: 3
instr 210: 0
instr 211: 0
instr 212: 0
instr 213: 2
instr 214: 2
instr 215: 0
instr 216: 1
instr 217: 2
instr 218: 1
instr 219: 1
instr 220: 1
instr 221: 3
instr 222: 3
instr 223: 0
instr 224: 1
instr 225: 3
instr 226: 2
instr 227: 0
instr 228: 4
instr 229: 2
instr 230: 1
instr 231: 3
instr 232: 1
instr 233: 0
instr 234: 0
instr 235: 1
instr 236: 0
instr 237: 1
instr 238: 0
instr 239: 0
instr 240: 4
instr 241: 2
instr 242: 0
instr 243: 2
instr 244: 0
instr 245: 4
instr 246: 1
instr 247: 1
instr 248: 5
instr 249: 0
instr 250: 1
instr 251: 1
instr 252: 1
instr 253: 0
instr 254: 1
instr 255: 1
instr 256: 1
instr 257: 1
instr 258: 0
instr 259: 0
instr 260: 2
instr 261: 1
instr 262: 1
instr 263: 1
instr 264: 1
instr 265: 0
instr 266: 4
instr 267: 0
instr 268: 0
instr 269: 0
instr 270: 0
instr 271: 0
instr 272: 2
instr 273: 0
instr 274: 2
instr 275: 1
instr 276: 0
instr 277: 0
instr 278: 1
instr 279: 2
instr 280: 0
instr 281: 0
instr 282: 0
instr 283: 3
instr 284: 1
instr 285: 0
instr 286: 0
instr 287: 0
instr 288: 0
instr 289: 2
instr 290: 3
instr 291: 4
instr 292: 0
instr 293: 1
instr 294: 1
instr 295: 0
instr 296: 0
instr 297: 1
instr 298: 1
instr 299: 0
instr 300: 5
instr 301: 2
instr 302: 1
instr 303: 0
instr 304: 1
instr 305: 2
instr 306: 0
instr 307: 7
instr 308: 0
instr 309: 1
instr 310: 0
instr 311: 0
instr 312: 1
instr 313: 0
instr 314: 0
instr 315: 0
instr 316: 3
instr 317: 4
instr 318: 0
instr 319: 1
instr 320: 0
instr 321: 1
instr 322: 0
instr 323: 0
instr 324: 0
instr 325: 1
instr 326: 0
instr 327: 0
instr 328: 0
instr 329: 1
instr 330: 4
instr 331: 1
instr 332: 1
instr 333: 0
instr 334: 0
instr 335: 0
instr 336: 0
instr 337: 0
instr 338: 0
instr 339: 1
instr 340: 2
instr 341: 1
instr 342: 2
instr 343: 0
instr 344: 1
instr 345: 4
instr 346: 2
instr 347: 0
instr 348: 2
instr 349: 0
instr 350: 0
instr 351: 0
instr 352: 0
instr 353: 2
instr 354: 1
instr 355: 0
instr 356: 1
instr 357: 0
instr 358: 0
instr 359: 0
instr 360: 0
instr 361: 1
instr 362: 1
instr 363: 1
instr 364: 0
instr 365: 2
instr 366: 5
instr 367: 0
instr 368: 0
instr 369: 1
instr 370: 0
instr 371: 0
instr 372: 1
instr 373: 0
instr 374: 0
instr 375: 3
instr 376: 3
instr 377: 2
instr 378: 0
instr 379: 0
instr 380: 0
instr 381: 2
instr 382: 1
instr 383: 0
instr 384: 0
instr 385: 3
instr 386: 1
instr 387: 2
instr 388: 0
instr 389: 1
instr 390: 1
instr 391: 0
instr 392: 2
instr 393: 0
instr 394: 1
instr 395: 0
instr 396: 0
instr 397: 0
instr 398: 2
instr 399: 2
instr 400: 0
instr 401: 1
instr 402: 0
instr 403: 0
instr 404: 1
instr 405: 0
instr 406: 1
instr 407: 0
instr 408: 0
instr 409: 0
instr 410: 1
instr 411: 0
instr 412: 2
instr 413: 0
instr 414: 3
instr 415: 0
instr 416: 0
instr 417: 2
instr 418: 0
instr 419: 2
instr 420: 4
instr 421: 1
instr 422: 5
instr 423: 1
instr 424: 2
instr 425: 1
instr 426: 0
instr 427: 0
instr 428: 0
instr 429: 0
instr 430: 1
instr 431: 0
instr 432: 0
instr 433: 0
instr 434: 0
instr 435: 2
instr 436: 5
instr 437: 3
instr 438: 0
instr 439: 2
instr 440: 2
instr 441: 1
instr 442: 1
instr 443: 2
instr 444: 2
instr 445: 1
instr 446: 3
instr 447: 3
instr 448: 2
instr 449: 0
instr 450: 0
instr 451: 1
instr 452: 2
instr 453: 0
instr 454: 3
instr 455: 1
instr 456: 0
instr 457: 0
instr 458: 0
instr 459: 0
instr 460: 0
instr 461: 3
instr 462: 5
instr 463: 0
instr 464: 0
instr 465: 0
instr 466: 4
instr 467: 2
instr 468: 2
instr 469: 0
instr 470: 2
instr 471: 4
instr 472: 0
instr 473: 0
instr 474: 0
instr 475: 3
instr 476: 0
instr 477: 1
instr 478: 2
instr 479: 4
instr 480: 0
instr 481: 0
instr 482: 1
instr 483: 4
instr 484: 4
instr 485: 1
instr 486: 2
instr 487: 1
instr 488: 1
instr 489: 1
instr 490: 1
instr 491: 1
instr 492: 2
instr 493: 3
instr 494: 1
instr 495: 1
instr 496: 0
instr 497: 0
instr 498: 0
instr 499: 0
instr 500: 1
instr 501: 0
instr 502: 1
instr 503: 5
instr 504: 0
instr 505: 0
instr 506: 3
instr 507: 0
instr 508: 7
instr 509: 0
instr 510: 0
instr 511: 1
instr 512: 0
instr 513: 0
instr 514: 4
instr 515: 1
instr 516: 2
instr 517: 0
instr 518: 1
instr 519: 2
instr 520: 0
instr 521: 1
instr 522: 0
instr 523: 2
instr 524: 1
instr 525: 0
instr 526: 0
instr 527: 0
instr 528: 2
instr 529: 3
instr 530: 4
instr 531: 0
instr 532: 0
instr 533: 1
instr 534: 0
instr 535: 4
instr 536: 2
instr 537: 1
instr 538: 1
instr 539: 0
instr 540: 4
instr 541: 0
instr 542: 0
instr 543: 1
instr 544: 2
instr 545: 3
instr 546: 0
instr 547: 0
instr 548: 1
instr 549: 1
instr 550: 1
instr 551: 2
instr 552: 0
instr 553: 1
instr 554: 0
instr 555: 3
instr 556: 2
instr 557: 0
instr 558: 1
instr 559: 0
instr 560: 1
instr 561: 0
instr 562: 2
instr 563: 0
instr 564: 0
instr 565: 0
instr 566: 1
instr 567: 0
instr 568: 0
instr 569: 1
instr 570: 1
instr 571: 0
instr 572: 1
instr 573: 0
instr 574: 1
instr 575: 0
instr 576: 3
instr 577: 0
instr 578: 1
instr 579: 0
instr 580: 0
instr 581: 2
instr 582: 0
instr 583: 0
instr 584: 0
instr 585: 4
instr 586: 0
instr 587: 0
instr 588: 0
instr 589: 2
instr 590: 4
instr 591: 2
instr 592: 1
instr 593: 5
instr 594: 5
instr 595: 0
instr 596: 0
instr 597: 4
instr 598: 2
instr 599: 0
instr 600: 1
instr 601: 1
instr 602: 0
instr 603: 2
instr 604: 1
instr 605: 0
instr 606: 0
instr 607: 1
instr 608: 0
instr 609: 2
instr 610: 1
instr 611: 0
instr 612: 0
instr 613: 0
instr 614: 0
instr 615: 0
instr 616: 0
instr 617: 5
instr 618: 1
instr 619: 0
instr 620: 5
instr 621: 0
instr 622: 0
instr 623: 3
instr 624: 6
instr 625: 2
instr 626: 1
instr 627: 2
instr 628: 0
instr 629: 4
instr 630: 0
instr 631: 2
instr 632: 0
instr 633: 2
instr 634: 2
instr 635: 0
instr 636: 0
instr 637: 0
instr 638: 3
instr 639: 0
instr 640: 0
instr 641: 0
instr 642: 0
instr 643: 0
instr 644: 4
instr 645: 2
instr 646: 4
instr 647: 4
instr 648: 2
instr 649: 0
instr 650: 1
instr 651: 0
instr 652: 5
instr 653: 0
instr 654: 1
instr 655: 2
instr 656: 1
instr 657: 0
instr 658: 1
instr 659: 0
instr 660: 0
instr 661: 1
instr 662: 0
instr 663: 0
instr 664: 6
instr 665: 0
instr 666: 2
instr 667: 2
instr 668: 2
instr 669: 5
instr 670: 0
instr 671: 1
instr 672: 2
instr 673: 6
instr 674: 1
instr 675: 3
instr 676: 1
instr 677: 2
instr 678: 0
instr 679: 2
instr 680: 0
instr 681: 0
instr 682: 0
instr 683: 0
instr 684: 0
instr 685: 3
instr 686: 0
instr 687: 0
instr 688: 0
instr 689: 1
instr 690: 1
instr 691: 0
instr 692: 0
instr 693: 1
instr 694: 0
instr 695: 2
instr 696: 0
instr 697: 0
instr 698: 0
instr 699: 3
instr 700: 0
instr 701: 1
instr 702: 1
instr 703: 4
instr 704: 0
instr 705: 0
instr 706: 0
instr 707: 2
instr 708: 0
instr 709: 1
instr 710: 1
instr 711: 0
instr 712: 0
instr 713: 0
instr 714: 3
instr 715: 2
instr 716: 3
instr 717: 0
instr 718: 4
instr 719: 3
instr 720: 0
instr 721: 1
instr 722: 0
instr 723: 0
instr 724: 1
instr 725: 1
instr 726: 0
instr 727: 3
instr 728: 1
instr 729: 0
instr 730: 6
instr 731: 0
instr 732: 1
instr 733: 1
instr 734: 1
instr 735: 1
instr 736: 0
instr 737: 1
instr 738: 0
instr 739: 3
instr 740: 1
instr 741: 0
instr 742: 0
instr 743: 3
instr 744: 1
instr 745: 0
instr 746: 0
instr 747: 0
instr 748: 1
instr 749: 0
instr 750: 2
instr 751: 0
instr 752: 0
instr 753: 1
instr 754: 1
instr 755: 2
instr 756: 2
instr 757: 5
instr 758: 0
instr 759: 0
instr 760: 2
instr 761: 1
instr 762: 2
instr 763: 0
instr 764: 0
instr 765: 0
instr 766: 2
instr 767: 1
instr 768: 3
instr 769: 3
instr 770: 0
instr 771: 1
instr 772: 1
instr 773: 3
instr 774: 2
instr 775: 3
instr 776: 4
instr 777: 3
instr 778: 2
instr 779: 0
instr 780: 1
instr 781: 3
instr 782: 0
instr 783: 1
instr 784: 0
instr 785: 0
instr 786: 0
instr 787: 0
instr 788: 1
instr 789: 3
instr 790: 0
instr 791: 0
instr 792: 2
instr 793: 3
instr 794: 1
instr 795: 1
instr 796: 0
instr 797: 0
instr 798: 2
instr 799: 1
instr 800: 1
instr 801: 3
instr 802: 0
instr 803: 0
instr 804: 2
instr 805: 0
instr 806: 1
instr 807: 4
instr 808: 1
instr 809: 1
instr 810: 0
instr 811: 0
instr 812: 3
instr 813: 0
instr 814: 1
instr 815: 0
instr 816: 1
instr 817: 0
instr 818: 1
instr 819: 0
instr 820: 0
instr 821: 0
instr 822: 0
instr 823: 0
instr 824: 1
instr 825: 2
instr 826: 0
instr 827: 0
instr 828: 0
instr 829: 1
instr 830: 1
instr 831: 0
instr 832: 0
instr 833: 0
instr 834: 1
instr 835: 1
instr 836: 0
instr 837: 3
instr 838: 0
instr 839: 0
instr 840: 3
instr 841: 0
instr 842: 0
instr 843: 2
instr 844: 0
instr 845: 1
instr 846: 3
instr 847: 0
instr 848: 1
instr 849: 0
instr 850: 0
instr 851: 1
instr 852: 0
instr 853: 0
instr 854: 5
instr 855: 2
instr 856: 0
instr 857: 2
instr 858: 0
instr 859: 0
instr 860: 3
instr 861: 0
instr 862: 3
instr 863: 0
instr 864: 0
instr 865: 0
instr 866: 0
instr 867: 0
instr 868: 1
instr 869: 1
instr 870: 0
instr 871: 0
instr 872: 0
instr 873: 0
instr 874: 1
instr 875: 0
instr 876: 1
instr 877: 1
instr 878: 2
instr 879: 0
instr 880: 0
instr 881: 0
instr 882: 0
instr 883: 0
instr 884: 3
instr 885: 4
instr 886: 0
instr 887: 0
instr 888: 0
instr 889: 0
instr 890: 2
instr 891: 0
instr 892: 2
instr 893: 2
instr 894: 1
instr 895: 0
instr 896: 1
instr 897: 1
instr 898: 0
instr 899: 0
instr 900: 0
instr 901: 1
instr 902: 2
instr 903: 0
instr 904: 0
instr 905: 0
instr 906: 0
instr 907: 0
instr 908: 0
instr 909: 2
instr 910: 2
instr 911: 0
instr 912: 0
instr 913: 1
instr 914: 1
instr 915: 0
instr 916: 0
instr 917: 0
instr 918: 6
instr 919: 0
instr 920: 0
instr 921: 3
instr 922: 0
instr 923: 0
instr 924: 0
instr 925: 0
instr 926: 0
instr 927: 1
instr 928: 6
instr 929: 2
instr 930: 3
instr 931: 0
instr 932: 4
instr 933: 1
instr 934: 0
instr 935: 1
instr 936: 0
instr 937: 1
instr 938: 0
instr 939: 0
instr 940: 2
instr 941: 4
instr 942: 4
instr 943: 1
instr 944: 0
instr 945: 2
instr 946: 4
instr 947: 0
instr 948: 1
instr 949: 0
instr 950: 0
instr 951: 1
instr 952: 2
instr 953: 3
instr 954: 2
instr 955: 2
instr 956: 0
instr 957: 1
instr 958: 0
instr 959: 2
instr 960: 1
instr 961: 0
instr 962: 0
instr 963: 3
instr 964: 0
instr 965: 1
instr 966: 0
instr 967: 0
instr 968: 2
instr 969: 0
instr 970: 0
instr 971: 2
instr 972: 2
instr 973: 2
instr 974: 0
instr 975: 1
instr 976: 1
instr 977: 1
instr 978: 0
instr 979: 0
instr 980: 0
instr 981: 1
instr 982: 1
instr 983: 1
instr 984: 0
instr 985: 0
instr 986: 0
instr 987: 0
instr 988: 2
instr 989: 0
instr 990: 0
instr 991: 1
instr 992: 2
instr 993: 1
instr 994: 1
instr 995: 0
instr 996: 0
instr 997: 2
instr 998: 0
instr 999: 5
instr 1000: 2
instr 1001: 2
instr 1002: 1
instr 1003: 0
