instr 0: 0
instr 1: 0
instr 2: 0
instr 3: 0
instr 4: 3
instr 5: 8
instr 6: 0
instr 7: 2
instr 8: 3
instr 9: 3
instr 10: 6
instr 11: 1
instr 12: 3
instr 13: 7
instr 14: 6
instr 15: 5
instr 16: 1
instr 17: 4
instr 18: 7
instr 19: 6
instr 20: 5
instr 21: 3
instr 22: 5
instr 23: 1
instr 24: 0
instr 25: 1
instr 26: 1
instr 27: 0
instr 28: 1
instr 29: 2
instr 30: 0
instr 31: 6
instr 32: 2
instr 33: 6
instr 34: 6
instr 35: 1
instr 36: 0
instr 37: 5
instr 38: 1
instr 39: 1
instr 40: 2
instr 41: 4
instr 42: 1
instr 43: 2
instr 44: 1
instr 45: 0
instr 46: 0
instr 47: 4
instr 48: 4
instr 49: 0
instr 50: 2
instr 51: 0
instr 52: 1
instr 53: 1
instr 54: 0
instr 55: 3
instr 56: 2
instr 57: 1
instr 58: 3
instr 59: 5
instr 60: 0
instr 61: 0
instr 62: 5
instr 63: 0
instr 64: 10
instr 65: 3
instr 66: 11
instr 67: 6
instr 68: 1
instr 69: 5
instr 70: 3
instr 71: 6
instr 72: 2
instr 73: 6
instr 74: 1
instr 75: 3
instr 76: 1
instr 77: 2
instr 78: 1
instr 79: 2
instr 80: 2
instr 81: 2
instr 82: 2
instr 83: 3
instr 84: 1
instr 85: 2
instr 86: 1
instr 87: 6
instr 88: 3
instr 89: 0
instr 90: 0
instr 91: 3
instr 92: 0
instr 93: 0
instr 94: 6
instr 95: 1
instr 96: 1
instr 97: 0
instr 98: 5
instr 99: 1
instr 100: 5
instr 101: 1
instr 102: 0
instr 103: 1
instr 104: 0
instr 105: 3
instr 106: 5
instr 107: 8
instr 108: 0
instr 109: 3
instr 110: 4
instr 111: 2
instr 112: 2
instr 113: 9
instr 114: 6
instr 115: 2
instr 116: 7
instr 117: 0
instr 118: 9
instr 119: 0
instr 120: 2
instr 121: 4
instr 122: 5
instr 123: 9
instr 124: 1
instr 125: 2
instr 126: 0
instr 127: 5
instr 128: 1
instr 129: 2
instr 130: 0
instr 131: 1
instr 132: 1
instr 133: 2
instr 134: 0
instr 135: 0
instr 136: 0
instr 137: 6
instr 138: 0
instr 139: 1
instr 140: 0
instr 141: 1
instr 142: 1
instr 143: 2
instr 144: 3
instr 145: 8
instr 146: 0
instr 147: 0
instr 148: 1
instr 149: 4
instr 150: 0
instr 151: 1
instr 152: 2
instr 153: 0
instr 154: 8
instr 155: 4
instr 156: 1
instr 157: 7
instr 158: 2
instr 159: 2
instr 160: 8
instr 161: 3
instr 162: 1
instr 163: 4
instr 164: 7
instr 165: 2
instr 166: 5
instr 167: 0
instr 168: 1
instr 169: 2
instr 170: 9
instr 171: 3
instr 172: 0
instr 173: 4
instr 174: 7
instr 175: 6
instr 176: 4
instr 177: 6
instr 178: 1
instr 179: 3
instr 180: 1
instr 181: 2
instr 182: 1
instr 183: 1
instr 184: 0
instr 185: 3
instr 186: 1
instr 187: 6
instr 188: 2
instr 189: 0
instr 190: 7
instr 191: 1
instr 192: 0
instr 193: 0
instr 194: 4
instr 195: 2
instr 196: 1
instr 197: 4
instr 198: 11
instr 199: 1
instr 200: 0
instr 201: 1
instr 202: 0
instr 203: 2
instr 204: 0
instr 205: 6
instr 206: 6
instr 207: 4
instr 208: 4
instr 209: 7
instr 210: 2
instr 211: 0
instr 212: 1
instr 213: 4
instr 214: 2
instr 215: 1
instr 216: 1
instr 217: 2
instr 218: 0
instr 219: 8
instr 220: 2
instr 221: 2
instr 222: 1
instr 223: 3
instr 224: 0
instr 225: 1
instr 226: 2
instr 227: 2
instr 228: 5
instr 229: 1
instr 230: 0
instr 231: 1
instr 232: 0
instr 233: 0
instr 234: 7
instr 235: 3
instr 236: 1
instr 237: 4
instr 238: 5
instr 239: 11
instr 240: 0
instr 241: 1
instr 242: 1
instr 243: 2
instr 244: 6
instr 245: 2
instr 246: 5
instr 247: 0
instr 248: 5
instr 249: 0
instr 250: 3
instr 251: 10
instr 252: 3
instr 253: 3
instr 254: 8
instr 255: 2
instr 256: 2
instr 257: 1
instr 258: 5
instr 259: 2
instr 260: 12
instr 261: 6
instr 262: 2
instr 263: 1
instr 264: 2
instr 265: 0
instr 266: 0
instr 267: 2
instr 268: 5
instr 269: 2
instr 270: 1
instr 271: 3
instr 272: 4
instr 273: 0
instr 274: 2
instr 275: 10
instr 276: 0
instr 277: 1
instr 278: 3
instr 279: 4
instr 280: 0
instr 281: 2
instr 282: 1
instr 283: 0
instr 284: 1
instr 285: 3
instr 286: 1
instr 287: 0
instr 288: 1
instr 289: 7
instr 290: 4
instr 291: 1
instr 292: 7
instr 293: 3
instr 294: 8
instr 295: 10
instr 296: 2
instr 297: 5
instr 298: 5
instr 299: 2
instr 300: 0
instr 301: 3
instr 302: 1
instr 303: 2
instr 304: 3
instr 305: 4
instr 306: 2
instr 307: 2
instr 308: 9
instr 309: 1
instr 310: 5
instr 311: 4
instr 312: 2
instr 313: 2
instr 314: 7
instr 315: 3
instr 316: 1
instr 317: 9
instr 318: 1
instr 319: 9
instr 320: 0
instr 321: 1
instr 322: 0
instr 323: 2
instr 324: 10
instr 325: 1
instr 326: 4
instr 327: 2
instr 328: 1
instr 329: 3
instr 330: 0
instr 331: 6
instr 332: 7
instr 333: 3
instr 334: 5
instr 335: 7
instr 336: 8
instr 337: 0
instr 338: 5
instr 339: 2
instr 340: 0
instr 341: 1
instr 342: 4
instr 343: 1
instr 344: 1
instr 345: 6
instr 346: 3
instr 347: 5
instr 348: 2
instr 349: 6
instr 350: 6
instr 351: 1
instr 352: 6
instr 353: 2
instr 354: 3
instr 355: 5
instr 356: 1
instr 357: 0
instr 358: 0
instr 359: 4
instr 360: 1
instr 361: 3
instr 362: 2
instr 363: 0
instr 364: 0
instr 365: 0
instr 366: 0
instr 367: 2
instr 368: 1
instr 369: 1
instr 370: 1
instr 371: 2
instr 372: 0
instr 373: 0
instr 374: 4
instr 375: 2
instr 376: 7
instr 377: 3
instr 378: 5
instr 379: 7
instr 380: 0
instr 381: 1
instr 382: 1
instr 383: 1
instr 384: 5
instr 385: 3
instr 386: 3
instr 387: 1
instr 388: 0
instr 389: 0
instr 390: 3
instr 391: 0
instr 392: 0
instr 393: 0
instr 394: 4
instr 395: 5
instr 396: 4
instr 397: 0
instr 398: 2
instr 399: 0
instr 400: 13
instr 401: 4
instr 402: 1
instr 403: 2
instr 404: 1
instr 405: 2
instr 406: 4
instr 407: 0
instr 408: 4
instr 409: 1
instr 410: 7
instr 411: 2
instr 412: 5
instr 413: 2
instr 414: 1
instr 415: 1
instr 416: 6
instr 417: 5
instr 418: 7
instr 419: 0
instr 420: 3
instr 421: 8
instr 422: 2
instr 423: 0
instr 424: 2
instr 425: 1
instr 426: 4
instr 427: 3
instr 428: 5
instr 429: 4
instr 430: 2
instr 431: 1
instr 432: 0
instr 433: 10
instr 434: 2
instr 435: 4
instr 436: 2
instr 437: 4
instr 438: 6
instr 439: 3
instr 440: 0
instr 441: 0
instr 442: 0
instr 443: 6
instr 444: 1
instr 445: 3
instr 446: 2
instr 447: 1
instr 448: 0
instr 449: 0
instr 450: 10
instr 451: 7
instr 452: 1
instr 453: 2
instr 454: 4
instr 455: 1
instr 456: 0
instr 457: 1
instr 458: 9
instr 459: 0
instr 460: 3
instr 461: 2
instr 462: 3
instr 463: 6
instr 464: 2
instr 465: 2
instr 466: 7
instr 467: 7
instr 468: 1
instr 469: 0
instr 470: 1
instr 471: 1
instr 472: 1
instr 473: 0
instr 474: 1
instr 475: 1
instr 476: 2
instr 477: 0
instr 478: 1
instr 479: 2
instr 480: 4
instr 481: 1
instr 482: 1
instr 483: 1
instr 484: 9
instr 485: 4
instr 486: 1
instr 487: 1
instr 488: 1
instr 489: 2
instr 490: 11
instr 491: 2
instr 492: 1
instr 493: 3
instr 494: 2
instr 495: 6
instr 496: 0
instr 497: 0
instr 498: 3
instr 499: 4
instr 500: 0
instr 501: 0
instr 502: 2
instr 503: 13
instr 504: 0
instr 505: 1
instr 506: 0
instr 507: 0
instr 508: 2
instr 509: 2
instr 510: 3
instr 511: 4
instr 512: 2
instr 513: 2
instr 514: 3
instr 515: 6
instr 516: 2
instr 517: 4
instr 518: 1
instr 519: 2
instr 520: 10
instr 521: 1
instr 522: 0
instr 523: 1
instr 524: 6
instr 525: 0
instr 526: 8
instr 527: 2
instr 528: 4
instr 529: 1
instr 530: 3
instr 531: 0
instr 532: 3
instr 533: 4
instr 534: 5
instr 535: 0
instr 536: 3
instr 537: 1
instr 538: 6
instr 539: 1
instr 540: 0
instr 541: 4
instr 542: 4
instr 543: 2
instr 544: 1
instr 545: 7
instr 546: 1
instr 547: 4
instr 548: 0
instr 549: 1
instr 550: 1
instr 551: 1
instr 552: 0
instr 553: 1
instr 554: 0
instr 555: 1
instr 556: 2
instr 557: 3
instr 558: 1
instr 559: 5
instr 560: 0
instr 561: 1
instr 562: 8
instr 563: 4
instr 564: 7
instr 565: 0
instr 566: 1
instr 567: 2
instr 568: 0
instr 569: 0
instr 570: 2
instr 571: 3
instr 572: 2
instr 573: 2
instr 574: 4
instr 575: 2
instr 576: 1
instr 577: 0
instr 578: 0
instr 579: 8
instr 580: 5
instr 581: 0
instr 582: 7
instr 583: 1
instr 584: 5
instr 585: 1
instr 586: 1
instr 587: 0
instr 588: 0
instr 589: 6
instr 590: 6
instr 591: 4
instr 592: 7
instr 593: 1
instr 594: 7
instr 595: 0
instr 596: 4
instr 597: 0
instr 598: 0
instr 599: 2
instr 600: 4
instr 601: 0
instr 602: 3
instr 603: 7
instr 604: 3
instr 605: 0
instr 606: 1
instr 607: 6
instr 608: 8
instr 609: 0
instr 610: 5
instr 611: 0
instr 612: 0
instr 613: 1
instr 614: 0
instr 615: 2
instr 616: 0
instr 617: 3
instr 618: 2
instr 619: 0
instr 620: 0
instr 621: 2
instr 622: 1
instr 623: 2
instr 624: 8
instr 625: 1
instr 626: 12
instr 627: 4
instr 628: 0
instr 629: 0
instr 630: 7
instr 631: 0
instr 632: 2
instr 633: 0
instr 634: 0
instr 635: 0
instr 636: 0
instr 637: 1
instr 638: 0
instr 639: 1
instr 640: 0
instr 641: 4
instr 642: 1
instr 643: 2
instr 644: 4
instr 645: 4
instr 646: 1
instr 647: 2
instr 648: 0
instr 649: 0
instr 650: 4
instr 651: 0
instr 652: 4
instr 653: 3
instr 654: 6
instr 655: 3
instr 656: 6
instr 657: 6
instr 658: 0
instr 659: 4
instr 660: 4
instr 661: 0
instr 662: 0
instr 663: 3
instr 664: 0
instr 665: 0
instr 666: 0
instr 667: 0
instr 668: 1
instr 669: 2
instr 670: 6
instr 671: 3
instr 672: 4
instr 673: 5
instr 674: 4
instr 675: 4
instr 676: 3
instr 677: 4
instr 678: 10
instr 679: 7
instr 680: 8
instr 681: 4
instr 682: 0
instr 683: 5
instr 684: 1
instr 685: 5
instr 686: 5
instr 687: 1
instr 688: 4
instr 689: 2
instr 690: 3
instr 691: 0
instr 692: 3
instr 693: 1
instr 694: 1
instr 695: 4
instr 696: 3
instr 697: 3
instr 698: 2
instr 699: 4
instr 700: 2
instr 701: 2
instr 702: 0
instr 703: 6
instr 704: 5
instr 705: 2
instr 706: 0
instr 707: 4
instr 708: 12
instr 709: 9
instr 710: 1
instr 711: 3
instr 712: 1
instr 713: 0
instr 714: 3
instr 715: 0
instr 716: 0
instr 717: 3
instr 718: 1
instr 719: 0
instr 720: 1
instr 721: 4
instr 722: 2
instr 723: 7
instr 724: 3
instr 725: 0
instr 726: 2
instr 727: 12
instr 728: 2
instr 729: 1
instr 730: 1
instr 731: 0
instr 732: 0
instr 733: 2
instr 734: 7
instr 735: 7
instr 736: 0
instr 737: 0
instr 738: 0
instr 739: 4
instr 740: 0
instr 741: 3
instr 742: 2
instr 743: 3
instr 744: 4
instr 745: 2
instr 746: 0
instr 747: 0
instr 748: 1
instr 749: 3
instr 750: 3
instr 751: 1
instr 752: 1
instr 753: 5
instr 754: 4
instr 755: 0
instr 756: 1
instr 757: 7
instr 758: 0
instr 759: 5
instr 760: 2
instr 761: 9
instr 762: 2
instr 763: 0
instr 764: 0
instr 765: 3
instr 766: 1
instr 767: 4
instr 768: 1
instr 769: 2
instr 770: 1
instr 771: 1
instr 772: 10
instr 773: 1
instr 774: 4
instr 775: 0
instr 776: 9
instr 777: 1
instr 778: 0
instr 779: 4
instr 780: 2
instr 781: 6
instr 782: 2
instr 783: 1
instr 784: 0
instr 785: 5
instr 786: 5
instr 787: 4
instr 788: 0
instr 789: 4
instr 790: 1
instr 791: 1
instr 792: 5
instr 793: 0
instr 794: 7
instr 795: 3
instr 796: 4
instr 797: 3
instr 798: 5
instr 799: 1
instr 800: 6
instr 801: 6
instr 802: 0
instr 803: 12
instr 804: 1
instr 805: 0
instr 806: 4
instr 807: 0
instr 808: 0
instr 809: 6
instr 810: 7
instr 811: 10
instr 812: 3
instr 813: 0
instr 814: 2
instr 815: 6
instr 816: 2
instr 817: 2
instr 818: 0
instr 819: 0
instr 820: 2
instr 821: 3
instr 822: 3
instr 823: 1
instr 824: 0
instr 825: 0
instr 826: 0
instr 827: 3
instr 828: 0
instr 829: 2
instr 830: 3
instr 831: 5
instr 832: 4
instr 833: 4
instr 834: 0
instr 835: 0
instr 836: 0
instr 837: 2
instr 838: 0
instr 839: 3
instr 840: 3
instr 841: 3
instr 842: 2
instr 843: 4
instr 844: 7
instr 845: 0
instr 846: 2
instr 847: 1
instr 848: 0
instr 849: 3
instr 850: 0
instr 851: 4
instr 852: 5
instr 853: 0
instr 854: 1
instr 855: 0
instr 856: 1
instr 857: 4
instr 858: 5
instr 859: 4
instr 860: 7
instr 861: 6
instr 862: 2
instr 863: 0
instr 864: 5
instr 865: 1
instr 866: 9
instr 867: 3
instr 868: 1
instr 869: 1
instr 870: 0
instr 871: 0
instr 872: 2
instr 873: 0
instr 874: 0
instr 875: 3
instr 876: 3
instr 877: 4
instr 878: 1
instr 879: 0
instr 880: 1
instr 881: 2
instr 882: 6
instr 883: 0
instr 884: 3
instr 885: 1
instr 886: 6
instr 887: 5
instr 888: 3
instr 889: 5
instr 890: 11
instr 891: 3
instr 892: 1
instr 893: 4
instr 894: 4
instr 895: 0
instr 896: 4
instr 897: 7
instr 898: 6
instr 899: 4
instr 900: 4
instr 901: 1
instr 902: 4
instr 903: 2
instr 904: 5
instr 905: 5
instr 906: 3
instr 907: 1
instr 908: 5
instr 909: 6
instr 910: 2
instr 911: 2
instr 912: 3
instr 913: 4
instr 914: 2
instr 915: 2
instr 916: 4
instr 917: 9
instr 918: 7
instr 919: 6
instr 920: 3
instr 921: 7
instr 922: 2
instr 923: 3
instr 924: 2
instr 925: 0
instr 926: 0
instr 927: 2
instr 928: 3
instr 929: 0
instr 930: 5
instr 931: 9
instr 932: 9
instr 933: 6
instr 934: 2
instr 935: 4
instr 936: 2
instr 937: 0
instr 938: 6
instr 939: 2
instr 940: 2
instr 941: 7
instr 942: 2
instr 943: 0
instr 944: 8
instr 945: 1
instr 946: 4
instr 947: 2
instr 948: 7
instr 949: 1
instr 950: 0
instr 951: 10
instr 952: 6
instr 953: 2
instr 954: 10
instr 955: 1
instr 956: 0
instr 957: 7
instr 958: 4
instr 959: 5
instr 960: 2
instr 961: 2
instr 962: 5
instr 963: 0
instr 964: 7
instr 965: 8
instr 966: 3
instr 967: 7
instr 968: 1
instr 969: 7
instr 970: 0
instr 971: 5
instr 972: 4
instr 973: 4
instr 974: 2
instr 975: 2
instr 976: 2
instr 977: 3
instr 978: 3
instr 979: 2
instr 980: 9
instr 981: 1
instr 982: 3
instr 983: 6
instr 984: 6
instr 985: 3
instr 986: 9
instr 987: 0
instr 988: 4
instr 989: 4
instr 990: 4
instr 991: 5
instr 992: 2
instr 993: 2
instr 994: 5
instr 995: 1
instr 996: 1
instr 997: 0
instr 998: 4
instr 999: 0
instr 1000: 2
instr 1001: 6
instr 1002: 0
instr 1003: 0
