instr 0: 0
instr 1: 0
instr 2: 0
instr 3: 0
instr 4: 10
instr 5: 11
instr 6: 14
instr 7: 13
instr 8: 12
instr 9: 14
instr 10: 14
instr 11: 13
instr 12: 13
instr 13: 14
instr 14: 15
instr 15: 15
instr 16: 15
instr 17: 15
instr 18: 14
instr 19: 12
instr 20: 15
instr 21: 15
instr 22: 15
instr 23: 15
instr 24: 15
instr 25: 14
instr 26: 13
instr 27: 15
instr 28: 15
instr 29: 13
instr 30: 11
instr 31: 15
instr 32: 12
instr 33: 15
instr 34: 15
instr 35: 15
instr 36: 13
instr 37: 12
instr 38: 12
instr 39: 10
instr 40: 15
instr 41: 15
instr 42: 15
instr 43: 13
instr 44: 14
instr 45: 14
instr 46: 11
instr 47: 13
instr 48: 12
instr 49: 12
instr 50: 11
instr 51: 10
instr 52: 15
instr 53: 15
instr 54: 15
instr 55: 15
instr 56: 15
instr 57: 11
instr 58: 14
instr 59: 15
instr 60: 14
instr 61: 14
instr 62: 15
instr 63: 15
instr 64: 14
instr 65: 11
instr 66: 15
instr 67: 15
instr 68: 13
instr 69: 14
instr 70: 15
instr 71: 15
instr 72: 14
instr 73: 14
instr 74: 13
instr 75: 12
instr 76: 12
instr 77: 15
instr 78: 12
instr 79: 15
instr 80: 14
instr 81: 15
instr 82: 12
instr 83: 15
instr 84: 11
instr 85: 15
instr 86: 15
instr 87: 9
instr 88: 15
instr 89: 15
instr 90: 14
instr 91: 15
instr 92: 14
instr 93: 12
instr 94: 12
instr 95: 11
instr 96: 15
instr 97: 12
instr 98: 15
instr 99: 14
instr 100: 15
instr 101: 14
instr 102: 15
instr 103: 15
instr 104: 14
instr 105: 15
instr 106: 14
instr 107: 14
instr 108: 15
instr 109: 15
instr 110: 15
instr 111: 15
instr 112: 15
instr 113: 14
instr 114: 13
instr 115: 14
instr 116: 12
instr 117: 14
instr 118: 11
instr 119: 14
instr 120: 14
instr 121: 13
instr 122: 15
instr 123: 15
instr 124: 11
instr 125: 15
instr 126: 13
instr 127: 15
instr 128: 13
instr 129: 15
instr 130: 12
instr 131: 14
instr 132: 15
instr 133: 15
instr 134: 14
instr 135: 15
instr 136: 12
instr 137: 15
instr 138: 14
instr 139: 14
instr 140: 15
instr 141: 15
instr 142: 12
instr 143: 15
instr 144: 15
instr 145: 15
instr 146: 15
instr 147: 15
instr 148: 12
instr 149: 10
instr 150: 14
instr 151: 15
instr 152: 14
instr 153: 15
instr 154: 13
instr 155: 14
instr 156: 14
instr 157: 13
instr 158: 15
instr 159: 12
instr 160: 10
instr 161: 13
instr 162: 14
instr 163: 15
instr 164: 15
instr 165: 12
instr 166: 15
instr 167: 15
instr 168: 15
instr 169: 14
instr 170: 13
instr 171: 15
instr 172: 15
instr 173: 14
instr 174: 15
instr 175: 14
instr 176: 15
instr 177: 14
instr 178: 11
instr 179: 14
instr 180: 15
instr 181: 15
instr 182: 15
instr 183: 12
instr 184: 14
instr 185: 12
instr 186: 14
instr 187: 15
instr 188: 14
instr 189: 14
instr 190: 13
instr 191: 14
instr 192: 15
instr 193: 14
instr 194: 13
instr 195: 12
instr 196: 15
instr 197: 12
instr 198: 15
instr 199: 14
instr 200: 12
instr 201: 14
instr 202: 14
instr 203: 12
instr 204: 13
instr 205: 10
instr 206: 15
instr 207: 15
instr 208: 14
instr 209: 15
instr 210: 15
instr 211: 14
instr 212: 15
instr 213: 13
instr 214: 13
instr 215: 13
instr 216: 15
instr 217: 14
instr 218: 15
instr 219: 15
instr 220: 15
instr 221: 15
instr 222: 15
instr 223: 11
instr 224: 13
instr 225: 12
instr 226: 15
instr 227: 15
instr 228: 14
instr 229: 14
instr 230: 15
instr 231: 12
instr 232: 13
instr 233: 15
instr 234: 14
instr 235: 15
instr 236: 15
instr 237: 12
instr 238: 15
instr 239: 13
instr 240: 15
instr 241: 14
instr 242: 14
instr 243: 15
instr 244: 14
instr 245: 15
instr 246: 15
instr 247: 11
instr 248: 13
instr 249: 15
instr 250: 12
instr 251: 13
instr 252: 15
instr 253: 14
instr 254: 12
instr 255: 15
instr 256: 15
instr 257: 15
instr 258: 15
instr 259: 15
instr 260: 14
instr 261: 13
instr 262: 12
instr 263: 15
instr 264: 14
instr 265: 15
instr 266: 15
instr 267: 14
instr 268: 15
instr 269: 15
instr 270: 14
instr 271: 14
instr 272: 14
instr 273: 15
instr 274: 15
instr 275: 15
instr 276: 15
instr 277: 15
instr 278: 14
instr 279: 15
instr 280: 15
instr 281: 12
instr 282: 14
instr 283: 15
instr 284: 14
instr 285: 12
instr 286: 14
instr 287: 11
instr 288: 15
instr 289: 14
instr 290: 12
instr 291: 14
instr 292: 15
instr 293: 13
instr 294: 15
instr 295: 15
instr 296: 14
instr 297: 15
instr 298: 12
instr 299: 14
instr 300: 14
instr 301: 14
instr 302: 15
instr 303: 14
instr 304: 14
instr 305: 13
instr 306: 13
instr 307: 15
instr 308: 14
instr 309: 14
instr 310: 13
instr 311: 15
instr 312: 15
instr 313: 13
instr 314: 8
instr 315: 14
instr 316: 15
instr 317: 10
instr 318: 14
instr 319: 12
instr 320: 13
instr 321: 13
instr 322: 12
instr 323: 15
instr 324: 13
instr 325: 15
instr 326: 14
instr 327: 14
instr 328: 14
instr 329: 14
instr 330: 14
instr 331: 13
instr 332: 11
instr 333: 14
instr 334: 13
instr 335: 12
instr 336: 11
instr 337: 14
instr 338: 14
instr 339: 11
instr 340: 15
instr 341: 15
instr 342: 15
instr 343: 14
instr 344: 14
instr 345: 13
instr 346: 15
instr 347: 14
instr 348: 14
instr 349: 13
instr 350: 11
instr 351: 15
instr 352: 14
instr 353: 14
instr 354: 15
instr 355: 11
instr 356: 14
instr 357: 13
instr 358: 15
instr 359: 15
instr 360: 15
instr 361: 13
instr 362: 14
instr 363: 15
instr 364: 15
instr 365: 15
instr 366: 15
instr 367: 15
instr 368: 14
instr 369: 14
instr 370: 14
instr 371: 13
instr 372: 9
instr 373: 12
instr 374: 14
instr 375: 15
instr 376: 13
instr 377: 13
instr 378: 15
instr 379: 15
instr 380: 14
instr 381: 14
instr 382: 14
instr 383: 14
instr 384: 14
instr 385: 15
instr 386: 13
instr 387: 13
instr 388: 12
instr 389: 15
instr 390: 15
instr 391: 13
instr 392: 13
instr 393: 15
instr 394: 15
instr 395: 8
instr 396: 15
instr 397: 14
instr 398: 13
instr 399: 13
instr 400: 14
instr 401: 15
instr 402: 15
instr 403: 14
instr 404: 15
instr 405: 15
instr 406: 13
instr 407: 13
instr 408: 13
instr 409: 14
instr 410: 15
instr 411: 13
instr 412: 14
instr 413: 14
instr 414: 15
instr 415: 15
instr 416: 15
instr 417: 13
instr 418: 15
instr 419: 13
instr 420: 15
instr 421: 14
instr 422: 11
instr 423: 15
instr 424: 15
instr 425: 15
instr 426: 13
instr 427: 15
instr 428: 15
instr 429: 13
instr 430: 12
instr 431: 12
instr 432: 11
instr 433: 12
instr 434: 13
instr 435: 14
instr 436: 14
instr 437: 14
instr 438: 13
instr 439: 13
instr 440: 15
instr 441: 15
instr 442: 15
instr 443: 15
instr 444: 15
instr 445: 14
instr 446: 15
instr 447: 13
instr 448: 15
instr 449: 15
instr 450: 15
instr 451: 15
instr 452: 14
instr 453: 15
instr 454: 12
instr 455: 14
instr 456: 15
instr 457: 15
instr 458: 10
instr 459: 15
instr 460: 12
instr 461: 15
instr 462: 15
instr 463: 14
instr 464: 15
instr 465: 12
instr 466: 14
instr 467: 13
instr 468: 14
instr 469: 15
instr 470: 15
instr 471: 14
instr 472: 14
instr 473: 14
instr 474: 9
instr 475: 14
instr 476: 15
instr 477: 15
instr 478: 14
instr 479: 11
instr 480: 15
instr 481: 12
instr 482: 14
instr 483: 13
instr 484: 13
instr 485: 15
instr 486: 15
instr 487: 13
instr 488: 14
instr 489: 15
instr 490: 14
instr 491: 15
instr 492: 14
instr 493: 14
instr 494: 15
instr 495: 15
instr 496: 15
instr 497: 15
instr 498: 15
instr 499: 9
instr 500: 14
instr 501: 15
instr 502: 14
instr 503: 15
instr 504: 14
instr 505: 13
instr 506: 15
instr 507: 15
instr 508: 14
instr 509: 15
instr 510: 14
instr 511: 13
instr 512: 15
instr 513: 14
instr 514: 11
instr 515: 14
instr 516: 12
instr 517: 12
instr 518: 15
instr 519: 15
instr 520: 15
instr 521: 15
instr 522: 14
instr 523: 15
instr 524: 15
instr 525: 15
instr 526: 13
instr 527: 12
instr 528: 14
instr 529: 15
instr 530: 13
instr 531: 15
instr 532: 12
instr 533: 13
instr 534: 15
instr 535: 14
instr 536: 14
instr 537: 15
instr 538: 15
instr 539: 15
instr 540: 12
instr 541: 13
instr 542: 13
instr 543: 14
instr 544: 15
instr 545: 14
instr 546: 15
instr 547: 14
instr 548: 15
instr 549: 14
instr 550: 15
instr 551: 13
instr 552: 13
instr 553: 12
instr 554: 13
instr 555: 15
instr 556: 15
instr 557: 14
instr 558: 14
instr 559: 15
instr 560: 12
instr 561: 15
instr 562: 15
instr 563: 14
instr 564: 14
instr 565: 15
instr 566: 15
instr 567: 13
instr 568: 15
instr 569: 13
instr 570: 13
instr 571: 15
instr 572: 10
instr 573: 13
instr 574: 15
instr 575: 12
instr 576: 14
instr 577: 14
instr 578: 13
instr 579: 12
instr 580: 15
instr 581: 14
instr 582: 15
instr 583: 13
instr 584: 13
instr 585: 15
instr 586: 15
instr 587: 15
instr 588: 15
instr 589: 10
instr 590: 13
instr 591: 15
instr 592: 15
instr 593: 15
instr 594: 11
instr 595: 15
instr 596: 14
instr 597: 14
instr 598: 13
instr 599: 9
instr 600: 12
instr 601: 15
instr 602: 15
instr 603: 15
instr 604: 15
instr 605: 15
instr 606: 10
instr 607: 14
instr 608: 12
instr 609: 13
instr 610: 14
instr 611: 15
instr 612: 15
instr 613: 14
instr 614: 14
instr 615: 12
instr 616: 13
instr 617: 15
instr 618: 14
instr 619: 15
instr 620: 15
instr 621: 13
instr 622: 14
instr 623: 12
instr 624: 14
instr 625: 15
instr 626: 15
instr 627: 14
instr 628: 12
instr 629: 15
instr 630: 15
instr 631: 14
instr 632: 14
instr 633: 14
instr 634: 13
instr 635: 15
instr 636: 14
instr 637: 14
instr 638: 14
instr 639: 13
instr 640: 15
instr 641: 15
instr 642: 15
instr 643: 15
instr 644: 14
instr 645: 15
instr 646: 15
instr 647: 14
instr 648: 14
instr 649: 15
instr 650: 14
instr 651: 14
instr 652: 15
instr 653: 15
instr 654: 13
instr 655: 12
instr 656: 15
instr 657: 13
instr 658: 15
instr 659: 14
instr 660: 13
instr 661: 13
instr 662: 13
instr 663: 13
instr 664: 13
instr 665: 15
instr 666: 12
instr 667: 15
instr 668: 13
instr 669: 15
instr 670: 15
instr 671: 14
instr 672: 15
instr 673: 14
instr 674: 15
instr 675: 14
instr 676: 15
instr 677: 14
instr 678: 14
instr 679: 15
instr 680: 14
instr 681: 15
instr 682: 15
instr 683: 14
instr 684: 14
instr 685: 15
instr 686: 13
instr 687: 13
instr 688: 14
instr 689: 14
instr 690: 14
instr 691: 14
instr 692: 15
instr 693: 15
instr 694: 15
instr 695: 13
instr 696: 15
instr 697: 14
instr 698: 15
instr 699: 14
instr 700: 15
instr 701: 12
instr 702: 12
instr 703: 13
instr 704: 14
instr 705: 15
instr 706: 15
instr 707: 15
instr 708: 11
instr 709: 14
instr 710: 14
instr 711: 15
instr 712: 13
instr 713: 13
instr 714: 15
instr 715: 13
instr 716: 13
instr 717: 14
instr 718: 15
instr 719: 14
instr 720: 15
instr 721: 10
instr 722: 11
instr 723: 14
instr 724: 14
instr 725: 15
instr 726: 15
instr 727: 15
instr 728: 13
instr 729: 14
instr 730: 15
instr 731: 14
instr 732: 12
instr 733: 15
instr 734: 15
instr 735: 15
instr 736: 14
instr 737: 14
instr 738: 14
instr 739: 15
instr 740: 14
instr 741: 13
instr 742: 13
instr 743: 13
instr 744: 15
instr 745: 14
instr 746: 15
instr 747: 15
instr 748: 15
instr 749: 15
instr 750: 14
instr 751: 9
instr 752: 13
instr 753: 15
instr 754: 12
instr 755: 15
instr 756: 14
instr 757: 14
instr 758: 14
instr 759: 14
instr 760: 15
instr 761: 11
instr 762: 14
instr 763: 13
instr 764: 15
instr 765: 13
instr 766: 14
instr 767: 15
instr 768: 15
instr 769: 15
instr 770: 14
instr 771: 12
instr 772: 15
instr 773: 14
instr 774: 14
instr 775: 14
instr 776: 14
instr 777: 13
instr 778: 15
instr 779: 10
instr 780: 13
instr 781: 6
instr 782: 14
instr 783: 15
instr 784: 15
instr 785: 12
instr 786: 14
instr 787: 14
instr 788: 13
instr 789: 13
instr 790: 14
instr 791: 15
instr 792: 13
instr 793: 15
instr 794: 15
instr 795: 11
instr 796: 13
instr 797: 15
instr 798: 15
instr 799: 14
instr 800: 15
instr 801: 14
instr 802: 15
instr 803: 12
instr 804: 15
instr 805: 15
instr 806: 13
instr 807: 12
instr 808: 15
instr 809: 15
instr 810: 15
instr 811: 15
instr 812: 12
instr 813: 14
instr 814: 13
instr 815: 11
instr 816: 13
instr 817: 15
instr 818: 13
instr 819: 14
instr 820: 14
instr 821: 12
instr 822: 15
instr 823: 14
instr 824: 15
instr 825: 15
instr 826: 14
instr 827: 13
instr 828: 13
instr 829: 14
instr 830: 13
instr 831: 14
instr 832: 15
instr 833: 10
instr 834: 12
instr 835: 15
instr 836: 15
instr 837: 11
instr 838: 14
instr 839: 12
instr 840: 12
instr 841: 12
instr 842: 13
instr 843: 15
instr 844: 15
instr 845: 15
instr 846: 15
instr 847: 15
instr 848: 13
instr 849: 14
instr 850: 15
instr 851: 15
instr 852: 11
instr 853: 13
instr 854: 14
instr 855: 14
instr 856: 11
instr 857: 14
instr 858: 15
instr 859: 15
instr 860: 15
instr 861: 15
instr 862: 14
instr 863: 14
instr 864: 14
instr 865: 15
instr 866: 10
instr 867: 15
instr 868: 15
instr 869: 15
instr 870: 15
instr 871: 13
instr 872: 13
instr 873: 15
instr 874: 15
instr 875: 14
instr 876: 14
instr 877: 15
instr 878: 14
instr 879: 14
instr 880: 13
instr 881: 14
instr 882: 15
instr 883: 15
instr 884: 15
instr 885: 15
instr 886: 14
instr 887: 12
instr 888: 15
instr 889: 15
instr 890: 11
instr 891: 15
instr 892: 15
instr 893: 15
instr 894: 14
instr 895: 15
instr 896: 15
instr 897: 14
instr 898: 13
instr 899: 12
instr 900: 15
instr 901: 12
instr 902: 14
instr 903: 14
instr 904: 15
instr 905: 10
instr 906: 15
instr 907: 15
instr 908: 9
instr 909: 15
instr 910: 15
instr 911: 15
instr 912: 13
instr 913: 15
instr 914: 15
instr 915: 15
instr 916: 14
instr 917: 14
instr 918: 13
instr 919: 14
instr 920: 15
instr 921: 14
instr 922: 15
instr 923: 15
instr 924: 14
instr 925: 10
instr 926: 15
instr 927: 14
instr 928: 12
instr 929: 15
instr 930: 12
instr 931: 12
instr 932: 14
instr 933: 15
instr 934: 15
instr 935: 15
instr 936: 15
instr 937: 15
instr 938: 14
instr 939: 15
instr 940: 14
instr 941: 15
instr 942: 12
instr 943: 15
instr 944: 14
instr 945: 11
instr 946: 11
instr 947: 12
instr 948: 14
instr 949: 15
instr 950: 13
instr 951: 14
instr 952: 14
instr 953: 14
instr 954: 13
instr 955: 15
instr 956: 12
instr 957: 14
instr 958: 15
instr 959: 15
instr 960: 9
instr 961: 13
instr 962: 10
instr 963: 13
instr 964: 15
instr 965: 14
instr 966: 13
instr 967: 14
instr 968: 15
instr 969: 15
instr 970: 7
instr 971: 14
instr 972: 14
instr 973: 15
instr 974: 15
instr 975: 13
instr 976: 13
instr 977: 14
instr 978: 15
instr 979: 13
instr 980: 14
instr 981: 15
instr 982: 14
instr 983: 15
instr 984: 14
instr 985: 14
instr 986: 14
instr 987: 15
instr 988: 13
instr 989: 15
instr 990: 15
instr 991: 15
instr 992: 15
instr 993: 15
instr 994: 15
instr 995: 13
instr 996: 15
instr 997: 13
instr 998: 14
instr 999: 15
instr 1000: 14
instr 1001: 14
instr 1002: 14
instr 1003: 13
