instr 0: 0
instr 1: 0
instr 2: 0
instr 3: 0
instr 4: -232
instr 5: 0
instr 6: 55
