instr 0: 0
instr 1: 0
instr 2: 0
instr 3: 0
instr 4: 18761
instr 5: 25786
instr 6: 19581
instr 7: 26463
instr 8: 25252
instr 9: 31411
instr 10: 23690
instr 11: 22017
instr 12: 21836
instr 13: 27642
instr 14: 27712
instr 15: 31959
instr 16: 26594
instr 17: 19399
instr 18: 27107
instr 19: 25624
instr 20: 30518
instr 21: 29313
instr 22: 20823
instr 23: 27682
instr 24: 27221
instr 25: 29835
instr 26: 30202
instr 27: 20405
instr 28: 28213
instr 29: 18140
instr 30: 28924
instr 31: 32003
instr 32: 23341
instr 33: 24483
instr 34: 29893
instr 35: 32579
instr 36: 24242
instr 37: 26708
instr 38: 18046
instr 39: 31610
instr 40: 27166
instr 41: 23420
instr 42: 25935
instr 43: 17208
instr 44: 31364
instr 45: 30353
instr 46: 31535
instr 47: 32359
instr 48: 25451
instr 49: 15706
instr 50: 14501
instr 51: 30584
instr 52: 19340
instr 53: 8864
instr 54: 30069
instr 55: 13131
instr 56: 30472
instr 57: 9945
instr 58: 19247
instr 59: 19780
instr 60: 32413
instr 61: 30276
instr 62: 31427
instr 63: 8952
instr 64: 18862
instr 65: 30104
instr 66: 30540
instr 67: 30830
instr 68: 28999
instr 69: 14461
instr 70: 27976
instr 71: 25504
instr 72: 32528
instr 73: 22208
instr 74: 24030
instr 75: 29000
instr 76: 27930
instr 77: 27940
instr 78: 32765
instr 79: 7396
instr 80: 25018
instr 81: 30926
instr 82: 29561
instr 83: 28048
instr 84: 32666
instr 85: 14398
instr 86: 28198
instr 87: 31173
instr 88: 30976
instr 89: 30619
instr 90: 22929
instr 91: 30309
instr 92: 27115
instr 93: 27265
instr 94: 30150
instr 95: 31759
instr 96: 25880
instr 97: 10614
instr 98: 26499
instr 99: 18819
instr 100: 26543
instr 101: 23512
instr 102: 27068
instr 103: 30873
instr 104: 27987
instr 105: 21211
instr 106: 30654
instr 107: 29111
instr 108: 31019
instr 109: 24856
instr 110: 29084
instr 111: 28833
instr 112: 28002
instr 113: 23752
instr 114: 26215
instr 115: 19363
instr 116: 28681
instr 117: 27575
instr 118: 32137
instr 119: 30526
instr 120: 31770
instr 121: 32244
instr 122: 31718
instr 123: 20862
instr 124: 28376
instr 125: 14782
instr 126: 23497
instr 127: 20355
instr 128: 24017
instr 129: 32040
instr 130: 19865
instr 131: 29816
instr 132: 30709
instr 133: 30978
instr 134: 32745
instr 135: 31271
instr 136: 28323
instr 137: 16027
instr 138: 13616
instr 139: 14139
instr 140: 22168
instr 141: 21603
instr 142: 25669
instr 143: 21214
instr 144: 27177
instr 145: 30994
instr 146: 30143
instr 147: 7703
instr 148: 24144
instr 149: 27311
instr 150: 27279
instr 151: 30217
instr 152: 20684
instr 153: 30559
instr 154: 28476
instr 155: 30003
instr 156: 30670
instr 157: 17249
instr 158: 26584
instr 159: 22522
instr 160: 27257
instr 161: 27670
instr 162: 25634
instr 163: 23478
instr 164: 30620
instr 165: 30754
instr 166: 12310
instr 167: 31598
instr 168: 15062
instr 169: 22266
instr 170: 12329
instr 171: 24130
instr 172: 23084
instr 173: 25091
instr 174: 28574
instr 175: 19491
instr 176: 27265
instr 177: 28336
instr 178: 16694
instr 179: 26315
instr 180: 26457
instr 181: 23627
instr 182: 26410
instr 183: 31077
instr 184: 21205
instr 185: 31034
instr 186: 29742
instr 187: 31410
instr 188: 28328
instr 189: 30206
instr 190: 19468
instr 191: 28634
instr 192: 32407
instr 193: 26497
instr 194: 29347
instr 195: 32311
instr 196: 19677
instr 197: 29809
instr 198: 18030
instr 199: 22257
instr 200: 24497
instr 201: 27373
instr 202: 25958
instr 203: 29952
instr 204: 25119
instr 205: 30656
instr 206: 15400
instr 207: 28420
instr 208: 30549
instr 209: 31861
instr 210: 32092
instr 211: 29453
instr 212: 30455
instr 213: 25653
instr 214: 24582
instr 215: 18771
instr 216: 31526
instr 217: 24331
instr 218: 14846
instr 219: 30331
instr 220: 23464
instr 221: 28990
instr 222: 29987
instr 223: 24111
instr 224: 28803
instr 225: 27887
instr 226: 18640
instr 227: 26917
instr 228: 31743
instr 229: 31374
instr 230: 28542
instr 231: 26919
instr 232: 30795
instr 233: 31682
instr 234: 26597
instr 235: 28214
instr 236: 22687
instr 237: 28174
instr 238: 22093
instr 239: 29221
instr 240: 30750
instr 241: 32081
instr 242: 14322
instr 243: 17134
instr 244: 24993
instr 245: 30779
instr 246: 20150
instr 247: 16287
instr 248: 27611
instr 249: 25928
instr 250: 30595
instr 251: 29923
instr 252: 22478
instr 253: 28112
instr 254: 15792
instr 255: 10125
instr 256: 30702
instr 257: 32154
instr 258: 30791
instr 259: 32402
instr 260: 20185
instr 261: 23717
instr 262: 28595
instr 263: 23131
instr 264: 27296
instr 265: 32418
instr 266: 13997
instr 267: 32755
instr 268: 27091
instr 269: 26524
instr 270: 27747
instr 271: 32714
instr 272: 31577
instr 273: 29153
instr 274: 30644
instr 275: 27264
instr 276: 26908
instr 277: 22698
instr 278: 29654
instr 279: 29318
instr 280: 13489
instr 281: 30876
instr 282: 23807
instr 283: 28465
instr 284: 28269
instr 285: 30056
instr 286: 11065
instr 287: 26366
instr 288: 29744
instr 289: 20748
instr 290: 32260
instr 291: 27368
instr 292: 19188
instr 293: 17155
instr 294: 24147
instr 295: 31782
instr 296: 31710
instr 297: 23779
instr 298: 11235
instr 299: 31110
instr 300: 28558
instr 301: 28804
instr 302: 27526
instr 303: 29652
instr 304: 6322
instr 305: 20540
instr 306: 30045
instr 307: 32064
instr 308: 32737
instr 309: 31113
instr 310: 31658
instr 311: 30068
instr 312: 21359
instr 313: 25310
instr 314: 30958
instr 315: 31022
instr 316: 27388
instr 317: 9938
instr 318: 23843
instr 319: 30394
instr 320: 32760
instr 321: 26364
instr 322: 27268
instr 323: 25642
instr 324: 28428
instr 325: 27736
instr 326: 25701
instr 327: 29409
instr 328: 31861
instr 329: 32566
instr 330: 31128
instr 331: 21374
instr 332: 30927
instr 333: 23954
instr 334: 32743
instr 335: 28913
instr 336: 30905
instr 337: 21062
instr 338: 27312
instr 339: 28674
instr 340: 32700
instr 341: 31915
instr 342: 25092
instr 343: 32379
instr 344: 30207
instr 345: 26306
instr 346: 10020
instr 347: 20732
instr 348: 23786
instr 349: 28706
instr 350: 28744
instr 351: 26520
instr 352: 30318
instr 353: 30180
instr 354: 27723
instr 355: 28026
instr 356: 29452
instr 357: 24622
instr 358: 26096
instr 359: 32670
instr 360: 30126
instr 361: 32469
instr 362: 17462
instr 363: 19367
instr 364: 31858
instr 365: 31663
instr 366: 27771
instr 367: 21909
instr 368: 18067
instr 369: 25985
instr 370: 26949
instr 371: 29196
instr 372: 23934
instr 373: 31528
instr 374: 21275
instr 375: 29612
instr 376: 29877
instr 377: 17400
instr 378: 32729
instr 379: 23797
instr 380: 29627
instr 381: 32449
instr 382: 28364
instr 383: 16547
instr 384: 32407
instr 385: 16001
instr 386: 27229
instr 387: 25747
instr 388: 31652
instr 389: 31721
instr 390: 32491
instr 391: 23624
instr 392: 29922
instr 393: 31793
instr 394: 19241
instr 395: 31091
instr 396: 25888
instr 397: 12461
instr 398: 32458
instr 399: 29098
instr 400: 30754
instr 401: 25986
instr 402: 25914
instr 403: 30553
instr 404: 32767
instr 405: 22110
instr 406: 29846
instr 407: 22675
instr 408: 24668
instr 409: 31230
instr 410: 24390
instr 411: 30438
instr 412: 27079
instr 413: 32428
instr 414: 21853
instr 415: 14359
instr 416: 19376
instr 417: 21548
instr 418: 26840
instr 419: 20732
instr 420: 26510
instr 421: 13609
instr 422: 16365
instr 423: 30934
instr 424: 16168
instr 425: 30370
instr 426: 32574
instr 427: 7368
instr 428: 28372
instr 429: 27405
instr 430: 10983
instr 431: 19597
instr 432: 22427
instr 433: 23682
instr 434: 28537
instr 435: 25413
instr 436: 25397
instr 437: 21771
instr 438: 31554
instr 439: 24477
instr 440: 19490
instr 441: 30542
instr 442: 26922
instr 443: 18718
instr 444: 32705
instr 445: 13211
instr 446: 30180
instr 447: 12846
instr 448: 20888
instr 449: 29825
instr 450: 32667
instr 451: 21405
instr 452: 27776
instr 453: 22090
instr 454: 31172
instr 455: 26000
instr 456: 31570
instr 457: 27452
instr 458: 16690
instr 459: 32662
instr 460: 26918
instr 461: 28397
instr 462: 32530
instr 463: 31213
instr 464: 28770
instr 465: 28522
instr 466: 30509
instr 467: 32678
instr 468: 29763
instr 469: 28441
instr 470: 28802
instr 471: 26991
instr 472: 13374
instr 473: 29505
instr 474: 29500
instr 475: 18681
instr 476: 28731
instr 477: 16743
instr 478: 16003
instr 479: 26864
instr 480: 25955
instr 481: 12919
instr 482: 28532
instr 483: 29372
instr 484: 31814
instr 485: 28031
instr 486: 28232
instr 487: 22508
instr 488: 17574
instr 489: 27135
instr 490: 15320
instr 491: 18264
instr 492: 28978
instr 493: 26877
instr 494: 27568
instr 495: 28555
instr 496: 30171
instr 497: 12073
instr 498: 29335
instr 499: 21985
instr 500: 24907
instr 501: 26813
instr 502: 31436
instr 503: 30320
instr 504: 26911
instr 505: 29946
instr 506: 27135
instr 507: 29600
instr 508: 13931
instr 509: 32300
instr 510: 27224
instr 511: 29265
instr 512: 27302
instr 513: 28241
instr 514: 11303
instr 515: 32449
instr 516: 31669
instr 517: 23924
instr 518: 28397
instr 519: 20794
instr 520: 26640
instr 521: 30477
instr 522: 30463
instr 523: 10637
instr 524: 31642
instr 525: 19977
instr 526: 24599
instr 527: 22695
instr 528: 25079
instr 529: 15978
instr 530: 32680
instr 531: 17913
instr 532: 13709
instr 533: 19013
instr 534: 7815
instr 535: 18960
instr 536: 32045
instr 537: 30393
instr 538: 27990
instr 539: 18191
instr 540: 23787
instr 541: 29121
instr 542: 17461
instr 543: 29909
instr 544: 23601
instr 545: 32277
instr 546: 32599
instr 547: 32489
instr 548: 27881
instr 549: 29680
instr 550: 31462
instr 551: 29520
instr 552: 32640
instr 553: 27035
instr 554: 25936
instr 555: 16099
instr 556: 24500
instr 557: 14695
instr 558: 28908
instr 559: 30052
instr 560: 29953
instr 561: 17578
instr 562: 24322
instr 563: 32003
instr 564: 11389
instr 565: 28918
instr 566: 23739
instr 567: 22428
instr 568: 24838
instr 569: 26570
instr 570: 32658
instr 571: 28004
instr 572: 22694
instr 573: 28603
instr 574: 29473
instr 575: 17986
instr 576: 25044
instr 577: 30920
instr 578: 27598
instr 579: 29880
instr 580: 29907
instr 581: 30251
instr 582: 29177
instr 583: 28362
instr 584: 31408
instr 585: 27596
instr 586: 29733
instr 587: 27628
instr 588: 29636
instr 589: 31163
instr 590: 30617
instr 591: 31391
instr 592: 26650
instr 593: 7942
instr 594: 27286
instr 595: 31998
instr 596: 24200
instr 597: 28536
instr 598: 29385
instr 599: 32049
instr 600: 21359
instr 601: 28768
instr 602: 25495
instr 603: 32542
instr 604: 25344
instr 605: 22588
instr 606: 29970
instr 607: 8150
instr 608: 26283
instr 609: 20208
instr 610: 12157
instr 611: 28852
instr 612: 28606
instr 613: 30094
instr 614: 31812
instr 615: 31052
instr 616: 29203
instr 617: 14993
instr 618: 32298
instr 619: 32279
instr 620: 27136
instr 621: 32068
instr 622: 31338
instr 623: 26245
instr 624: 27115
instr 625: 26490
instr 626: 24022
instr 627: 19792
instr 628: 28225
instr 629: 22628
instr 630: 27402
instr 631: 26927
instr 632: 25089
instr 633: 20889
instr 634: 18489
instr 635: 29630
instr 636: 16195
instr 637: 28969
instr 638: 30392
instr 639: 10144
instr 640: 30679
instr 641: 32322
instr 642: 31823
instr 643: 17903
instr 644: 32071
instr 645: 22096
instr 646: 29171
instr 647: 31647
instr 648: 20977
instr 649: 30085
instr 650: 29915
instr 651: 17257
instr 652: 31035
instr 653: 14437
instr 654: 18788
instr 655: 32683
instr 656: 32188
instr 657: 31460
instr 658: 23643
instr 659: 5302
instr 660: 30022
instr 661: 32378
instr 662: 32740
instr 663: 15082
instr 664: 27025
instr 665: 19374
instr 666: 8229
instr 667: 837
instr 668: 23376
instr 669: 23383
instr 670: 27825
instr 671: 29807
instr 672: 22597
instr 673: -12947
instr 674: 30721
instr 675: 31282
instr 676: 24771
instr 677: 7669
instr 678: 15208
instr 679: 23622
instr 680: 31693
instr 681: 29773
instr 682: 27213
instr 683: 30249
instr 684: 27039
instr 685: 1945
instr 686: 31750
instr 687: 18152
instr 688: 29622
instr 689: 16469
instr 690: 25354
instr 691: 9377
instr 692: 30872
instr 693: 29051
instr 694: 23722
instr 695: 29121
instr 696: 21386
instr 697: 15883
instr 698: 21795
instr 699: 23826
instr 700: 20932
instr 701: 22093
instr 702: 32393
instr 703: 31622
instr 704: 31471
instr 705: 25764
instr 706: 7179
instr 707: 11655
instr 708: 26243
instr 709: 25724
instr 710: 30109
instr 711: 28926
instr 712: 26439
instr 713: 31337
instr 714: 29420
instr 715: 22537
instr 716: 31183
instr 717: 31572
instr 718: 22441
instr 719: 31860
instr 720: 30829
instr 721: 31142
instr 722: 32418
instr 723: 29586
instr 724: 21142
instr 725: 30259
instr 726: 31114
instr 727: 28924
instr 728: 28520
instr 729: 24602
instr 730: 32434
instr 731: 28317
instr 732: 29202
instr 733: 23660
instr 734: 17664
instr 735: 30077
instr 736: 11178
instr 737: 26936
instr 738: 27956
instr 739: 9206
instr 740: 20965
instr 741: 30196
instr 742: 24267
instr 743: 29339
instr 744: 28241
instr 745: 29753
instr 746: 30243
instr 747: 18568
instr 748: 29956
instr 749: 26549
instr 750: 19156
instr 751: 26905
instr 752: 30235
instr 753: 32470
instr 754: 29234
instr 755: 17236
instr 756: 23416
instr 757: 24944
instr 758: 32464
instr 759: 28203
instr 760: 30021
instr 761: 25930
instr 762: 25299
instr 763: 29211
instr 764: 30611
instr 765: 27717
instr 766: 26462
instr 767: 30323
instr 768: 27307
instr 769: 28220
instr 770: 31831
instr 771: 32703
instr 772: 28771
instr 773: 22628
instr 774: 14166
instr 775: 31841
instr 776: 24009
instr 777: 26832
instr 778: 31143
instr 779: 31735
instr 780: 31507
instr 781: 32614
instr 782: 14111
instr 783: 29452
instr 784: 30643
instr 785: 22051
instr 786: 20936
instr 787: 31455
instr 788: 30391
instr 789: 32719
instr 790: 32003
instr 791: 26410
instr 792: 2191
instr 793: 32534
instr 794: 26947
instr 795: 32397
instr 796: 22550
instr 797: 32049
instr 798: 26422
instr 799: 28502
instr 800: 29184
instr 801: 9510
instr 802: 32423
instr 803: 32385
instr 804: 20350
instr 805: 23299
instr 806: 24139
instr 807: 31757
instr 808: 32748
instr 809: 32671
instr 810: 26871
instr 811: 30013
instr 812: 23924
instr 813: 30828
instr 814: 12053
instr 815: 7612
instr 816: 13504
instr 817: 32579
instr 818: 30699
instr 819: 28840
instr 820: 16787
instr 821: 32619
instr 822: 32706
instr 823: 29319
instr 824: 32216
instr 825: 30704
instr 826: 29095
instr 827: 20318
instr 828: 25823
instr 829: 27260
instr 830: 30175
instr 831: 20737
instr 832: 30184
instr 833: 28364
instr 834: 6559
instr 835: 30189
instr 836: 23478
instr 837: 18755
instr 838: 28565
instr 839: 11534
instr 840: 30989
instr 841: 29975
instr 842: 31908
instr 843: 27399
instr 844: 24298
instr 845: 20589
instr 846: 29992
instr 847: 24542
instr 848: 28869
instr 849: 21739
instr 850: 31370
instr 851: 24523
instr 852: 19701
instr 853: 28623
instr 854: 8771
instr 855: 13722
instr 856: 30571
instr 857: 19568
instr 858: 32574
instr 859: 31356
instr 860: 19883
instr 861: 25247
instr 862: 24835
instr 863: 28979
instr 864: 28639
instr 865: 29971
instr 866: 26547
instr 867: 29100
instr 868: 18769
instr 869: 25542
instr 870: 26749
instr 871: 3575
instr 872: 11024
instr 873: 32754
instr 874: 25929
instr 875: 30131
instr 876: 27859
instr 877: 29443
instr 878: 25877
instr 879: 22137
instr 880: 24910
instr 881: 29957
instr 882: 28857
instr 883: 28215
instr 884: 24621
instr 885: 24800
instr 886: 24869
instr 887: 31417
instr 888: 21603
instr 889: 21316
instr 890: 28440
instr 891: 31720
instr 892: 23891
instr 893: 29985
instr 894: 25934
instr 895: 15741
instr 896: 21252
instr 897: 19668
instr 898: 10961
instr 899: 22469
instr 900: 22799
instr 901: 24175
instr 902: 24165
instr 903: 28864
instr 904: 24568
instr 905: 28455
instr 906: 29634
instr 907: 32110
instr 908: 31765
instr 909: 23300
instr 910: 27571
instr 911: 31764
instr 912: 32244
instr 913: 27371
instr 914: 30506
instr 915: 30468
instr 916: 31784
instr 917: 22472
instr 918: 6149
instr 919: 27167
instr 920: 29987
instr 921: 19203
instr 922: 24829
instr 923: 32261
instr 924: 31861
instr 925: 28006
instr 926: 26134
instr 927: 21677
instr 928: 21687
instr 929: 22549
instr 930: 27748
instr 931: 30795
instr 932: 10893
instr 933: 27890
instr 934: 28326
instr 935: 24504
instr 936: 28490
instr 937: 19672
instr 938: 30674
instr 939: 31709
instr 940: 32192
instr 941: 26550
instr 942: 27168
instr 943: 26481
instr 944: 28370
instr 945: 29562
instr 946: 25777
instr 947: 31607
instr 948: 27723
instr 949: 32443
instr 950: 31789
instr 951: 30676
instr 952: 27900
instr 953: 30181
instr 954: 29062
instr 955: 27533
instr 956: 31713
instr 957: 25884
instr 958: 22750
instr 959: 22759
instr 960: 21536
instr 961: 32285
instr 962: 23969
instr 963: 29467
instr 964: 30017
instr 965: 29442
instr 966: 31459
instr 967: 31510
instr 968: 32663
instr 969: 26649
instr 970: 31030
instr 971: 26137
instr 972: 30281
instr 973: 32256
instr 974: 8258
instr 975: 17158
instr 976: 27254
instr 977: 30453
instr 978: 31215
instr 979: 29516
instr 980: 29081
instr 981: 29029
instr 982: 31374
instr 983: 27502
instr 984: 29557
instr 985: 24948
instr 986: 18895
instr 987: 26746
instr 988: 21018
instr 989: 22144
instr 990: 32105
instr 991: 22806
instr 992: 32406
instr 993: 23323
instr 994: 31351
instr 995: 27887
instr 996: 17346
instr 997: 28691
instr 998: 26429
instr 999: 32328
instr 1000: 29799
instr 1001: 32679
instr 1002: 22695
instr 1003: 30056
