instr 0: 0
instr 1: 0
instr 2: 0
instr 3: 0
instr 4: 117
instr 5: 119
instr 6: 126
instr 7: 126
instr 8: 117
instr 9: 98
instr 10: 127
instr 11: 118
instr 12: 126
instr 13: 117
instr 14: 126
instr 15: 115
instr 16: 122
instr 17: 124
instr 18: 126
instr 19: 126
instr 20: 125
instr 21: 123
instr 22: 119
instr 23: 124
instr 24: 121
instr 25: 119
instr 26: 122
instr 27: 126
instr 28: 126
instr 29: 116
instr 30: 127
instr 31: 115
instr 32: 115
instr 33: 127
instr 34: 123
instr 35: 127
instr 36: 123
instr 37: 124
instr 38: 127
instr 39: 127
instr 40: 126
instr 41: 126
instr 42: 126
instr 43: 120
instr 44: 125
instr 45: 121
instr 46: 126
instr 47: 116
instr 48: 126
instr 49: 126
instr 50: 124
instr 51: 127
instr 52: 126
instr 53: 126
instr 54: 123
instr 55: 125
instr 56: 126
instr 57: 120
instr 58: 126
instr 59: 121
instr 60: 125
instr 61: 126
instr 62: 126
instr 63: 126
instr 64: 120
instr 65: 123
instr 66: 111
instr 67: 126
instr 68: 124
instr 69: 127
instr 70: 124
instr 71: 110
instr 72: 124
instr 73: 126
instr 74: 127
instr 75: 121
instr 76: 124
instr 77: 123
instr 78: 124
instr 79: 126
instr 80: 126
instr 81: 124
instr 82: 126
instr 83: 119
instr 84: 124
instr 85: 125
instr 86: 126
instr 87: 124
instr 88: 127
instr 89: 111
instr 90: 123
instr 91: 124
instr 92: 126
instr 93: 127
instr 94: 127
instr 95: 122
instr 96: 127
instr 97: 127
instr 98: 124
instr 99: 124
instr 100: 126
instr 101: 124
instr 102: 121
instr 103: 125
instr 104: 123
instr 105: 122
instr 106: 125
instr 107: 123
instr 108: 124
instr 109: 122
instr 110: 125
instr 111: 124
instr 112: 120
instr 113: 127
instr 114: 124
instr 115: 122
instr 116: 118
instr 117: 118
instr 118: 127
instr 119: 125
instr 120: 126
instr 121: 120
instr 122: 125
instr 123: 123
instr 124: 125
instr 125: 123
instr 126: 123
instr 127: 122
instr 128: 127
instr 129: 123
instr 130: 122
instr 131: 123
instr 132: 126
instr 133: 124
instr 134: 124
instr 135: 127
instr 136: 120
instr 137: 125
instr 138: 126
instr 139: 116
instr 140: 127
instr 141: 116
instr 142: 126
instr 143: 127
instr 144: 125
instr 145: 110
instr 146: 119
instr 147: 125
instr 148: 127
instr 149: 124
instr 150: 122
instr 151: 123
instr 152: 127
instr 153: 127
instr 154: 125
instr 155: 122
instr 156: 127
instr 157: 122
instr 158: 127
instr 159: 127
instr 160: 125
instr 161: 116
instr 162: 127
instr 163: 122
instr 164: 122
instr 165: 125
instr 166: 127
instr 167: 126
instr 168: 127
instr 169: 126
instr 170: 124
instr 171: 127
instr 172: 125
instr 173: 126
instr 174: 127
instr 175: 127
instr 176: 125
instr 177: 124
instr 178: 125
instr 179: 124
instr 180: 112
instr 181: 119
instr 182: 125
instr 183: 126
instr 184: 123
instr 185: 120
instr 186: 126
instr 187: 127
instr 188: 119
instr 189: 123
instr 190: 127
instr 191: 123
instr 192: 123
instr 193: 127
instr 194: 126
instr 195: 126
instr 196: 126
instr 197: 120
instr 198: 122
instr 199: 127
instr 200: 127
instr 201: 116
instr 202: 127
instr 203: 127
instr 204: 126
instr 205: 127
instr 206: 124
instr 207: 126
instr 208: 124
instr 209: 121
instr 210: 127
instr 211: 124
instr 212: 124
instr 213: 125
instr 214: 124
instr 215: 124
instr 216: 119
instr 217: 127
instr 218: 127
instr 219: 123
instr 220: 127
instr 221: 116
instr 222: 115
instr 223: 121
instr 224: 126
instr 225: 126
instr 226: 124
instr 227: 125
instr 228: 126
instr 229: 117
instr 230: 118
instr 231: 121
instr 232: 127
instr 233: 122
instr 234: 126
instr 235: 122
instr 236: 127
instr 237: 127
instr 238: 127
instr 239: 118
instr 240: 118
instr 241: 124
instr 242: 121
instr 243: 126
instr 244: 124
instr 245: 126
instr 246: 124
instr 247: 100
instr 248: 127
instr 249: 123
instr 250: 118
instr 251: 126
instr 252: 127
instr 253: 118
instr 254: 125
instr 255: 124
instr 256: 127
instr 257: 125
instr 258: 124
instr 259: 126
instr 260: 126
instr 261: 121
instr 262: 126
instr 263: 123
instr 264: 121
instr 265: 125
instr 266: 124
instr 267: 126
instr 268: 112
instr 269: 102
instr 270: 122
instr 271: 116
instr 272: 120
instr 273: 127
instr 274: 124
instr 275: 123
instr 276: 118
instr 277: 127
instr 278: 117
instr 279: 126
instr 280: 127
instr 281: 116
instr 282: 125
instr 283: 127
instr 284: 127
instr 285: 126
instr 286: 118
instr 287: 125
instr 288: 124
instr 289: 127
instr 290: 127
instr 291: 126
instr 292: 123
instr 293: 123
instr 294: 118
instr 295: 127
instr 296: 127
instr 297: 123
instr 298: 125
instr 299: 124
instr 300: 118
instr 301: 118
instr 302: 118
instr 303: 114
instr 304: 125
instr 305: 124
instr 306: 127
instr 307: 122
instr 308: 117
instr 309: 124
instr 310: 121
instr 311: 116
instr 312: 124
instr 313: 127
instr 314: 113
instr 315: 120
instr 316: 122
instr 317: 123
instr 318: 125
instr 319: 124
instr 320: 121
instr 321: 126
instr 322: 124
instr 323: 127
instr 324: 122
instr 325: 122
instr 326: 127
instr 327: 127
instr 328: 123
instr 329: 122
instr 330: 123
instr 331: 127
instr 332: 123
instr 333: 125
instr 334: 123
instr 335: 122
instr 336: 124
instr 337: 106
instr 338: 125
instr 339: 127
instr 340: 124
instr 341: 126
instr 342: 124
instr 343: 124
instr 344: 127
instr 345: 127
instr 346: 122
instr 347: 126
instr 348: 124
instr 349: 118
instr 350: 125
instr 351: 127
instr 352: 125
instr 353: 121
instr 354: 123
instr 355: 119
instr 356: 116
instr 357: 123
instr 358: 106
instr 359: 122
instr 360: 126
instr 361: 125
instr 362: 127
instr 363: 127
instr 364: 123
instr 365: 123
instr 366: 126
instr 367: 127
instr 368: 127
instr 369: 126
instr 370: 124
instr 371: 123
instr 372: 124
instr 373: 126
instr 374: 125
instr 375: 125
instr 376: 125
instr 377: 124
instr 378: 127
instr 379: 126
instr 380: 127
instr 381: 124
instr 382: 125
instr 383: 126
instr 384: 116
instr 385: 118
instr 386: 126
instr 387: 127
instr 388: 125
instr 389: 125
instr 390: 127
instr 391: 125
instr 392: 127
instr 393: 127
instr 394: 118
instr 395: 125
instr 396: 127
instr 397: 127
instr 398: 122
instr 399: 125
instr 400: 126
instr 401: 127
instr 402: 122
instr 403: 124
instr 404: 114
instr 405: 126
instr 406: 127
instr 407: 123
instr 408: 114
instr 409: 127
instr 410: 126
instr 411: 124
instr 412: 126
instr 413: 125
instr 414: 124
instr 415: 103
instr 416: 125
instr 417: 127
instr 418: 122
instr 419: 124
instr 420: 120
instr 421: 126
instr 422: 125
instr 423: 125
instr 424: 119
instr 425: 120
instr 426: 122
instr 427: 114
instr 428: 124
instr 429: 123
instr 430: 126
instr 431: 126
instr 432: 124
instr 433: 127
instr 434: 122
instr 435: 121
instr 436: 121
instr 437: 125
instr 438: 126
instr 439: 116
instr 440: 126
instr 441: 123
instr 442: 124
instr 443: 127
instr 444: 115
instr 445: 123
instr 446: 123
instr 447: 126
instr 448: 113
instr 449: 118
instr 450: 127
instr 451: 125
instr 452: 120
instr 453: 127
instr 454: 127
instr 455: 125
instr 456: 125
instr 457: 124
instr 458: 121
instr 459: 124
instr 460: 121
instr 461: 124
instr 462: 123
instr 463: 105
instr 464: 126
instr 465: 127
instr 466: 127
instr 467: 122
instr 468: 127
instr 469: 121
instr 470: 126
instr 471: 122
instr 472: 124
instr 473: 126
instr 474: 124
instr 475: 127
instr 476: 126
instr 477: 127
instr 478: 127
instr 479: 126
instr 480: 127
instr 481: 125
instr 482: 127
instr 483: 126
instr 484: 113
instr 485: 125
instr 486: 125
instr 487: 126
instr 488: 114
instr 489: 120
instr 490: 124
instr 491: 115
instr 492: 127
instr 493: 124
instr 494: 123
instr 495: 126
instr 496: 123
instr 497: 113
instr 498: 124
instr 499: 122
instr 500: 126
instr 501: 125
instr 502: 127
instr 503: 118
instr 504: 127
instr 505: 121
instr 506: 122
instr 507: 126
instr 508: 124
instr 509: 127
instr 510: 127
instr 511: 123
instr 512: 126
instr 513: 126
instr 514: 125
instr 515: 122
instr 516: 125
instr 517: 127
instr 518: 119
instr 519: 126
instr 520: 127
instr 521: 124
instr 522: 126
instr 523: 126
instr 524: 123
instr 525: 126
instr 526: 126
instr 527: 123
instr 528: 115
instr 529: 124
instr 530: 125
instr 531: 126
instr 532: 125
instr 533: 127
instr 534: 113
instr 535: 123
instr 536: 127
instr 537: 127
instr 538: 127
instr 539: 117
instr 540: 124
instr 541: 125
instr 542: 123
instr 543: 123
instr 544: 126
instr 545: 127
instr 546: 113
instr 547: 122
instr 548: 124
instr 549: 126
instr 550: 126
instr 551: 124
instr 552: 123
instr 553: 123
instr 554: 123
instr 555: 127
instr 556: 126
instr 557: 121
instr 558: 121
instr 559: 121
instr 560: 127
instr 561: 121
instr 562: 124
instr 563: 127
instr 564: 127
instr 565: 113
instr 566: 124
instr 567: 126
instr 568: 127
instr 569: 124
instr 570: 127
instr 571: 126
instr 572: 127
instr 573: 127
instr 574: 121
instr 575: 125
instr 576: 123
instr 577: 127
instr 578: 126
instr 579: 122
instr 580: 120
instr 581: 127
instr 582: 127
instr 583: 125
instr 584: 123
instr 585: 125
instr 586: 126
instr 587: 125
instr 588: 122
instr 589: 116
instr 590: 124
instr 591: 125
instr 592: 125
instr 593: 124
instr 594: 127
instr 595: 127
instr 596: 117
instr 597: 126
instr 598: 117
instr 599: 127
instr 600: 125
instr 601: 125
instr 602: 126
instr 603: 116
instr 604: 126
instr 605: 127
instr 606: 116
instr 607: 127
instr 608: 126
instr 609: 127
instr 610: 122
instr 611: 126
instr 612: 127
instr 613: 118
instr 614: 125
instr 615: 127
instr 616: 126
instr 617: 124
instr 618: 123
instr 619: 125
instr 620: 118
instr 621: 125
instr 622: 124
instr 623: 119
instr 624: 124
instr 625: 120
instr 626: 125
instr 627: 126
instr 628: 127
instr 629: 125
instr 630: 126
instr 631: 123
instr 632: 125
instr 633: 120
instr 634: 123
instr 635: 126
instr 636: 123
instr 637: 119
instr 638: 123
instr 639: 126
instr 640: 123
instr 641: 126
instr 642: 127
instr 643: 124
instr 644: 126
instr 645: 125
instr 646: 127
instr 647: 121
instr 648: 115
instr 649: 118
instr 650: 126
instr 651: 126
instr 652: 127
instr 653: 126
instr 654: 124
instr 655: 123
instr 656: 124
instr 657: 126
instr 658: 125
instr 659: 114
instr 660: 113
instr 661: 123
instr 662: 127
instr 663: 124
instr 664: 126
instr 665: 125
instr 666: 123
instr 667: 125
instr 668: 120
instr 669: 122
instr 670: 121
instr 671: 124
instr 672: 123
instr 673: 123
instr 674: 125
instr 675: 125
instr 676: 127
instr 677: 121
instr 678: 127
instr 679: 124
instr 680: 124
instr 681: 123
instr 682: 127
instr 683: 127
instr 684: 127
instr 685: 121
instr 686: 127
instr 687: 122
instr 688: 127
instr 689: 125
instr 690: 126
instr 691: 125
instr 692: 123
instr 693: 125
instr 694: 127
instr 695: 127
instr 696: 124
instr 697: 120
instr 698: 121
instr 699: 122
instr 700: 119
instr 701: 122
instr 702: 118
instr 703: 126
instr 704: 127
instr 705: 113
instr 706: 124
instr 707: 119
instr 708: 126
instr 709: 119
instr 710: 126
instr 711: 122
instr 712: 123
instr 713: 126
instr 714: 127
instr 715: 125
instr 716: 124
instr 717: 120
instr 718: 123
instr 719: 127
instr 720: 125
instr 721: 119
instr 722: 127
instr 723: 127
instr 724: 127
instr 725: 127
instr 726: 120
instr 727: 126
instr 728: 121
instr 729: 126
instr 730: 126
instr 731: 124
instr 732: 125
instr 733: 125
instr 734: 126
instr 735: 125
instr 736: 121
instr 737: 124
instr 738: 127
instr 739: 125
instr 740: 124
instr 741: 125
instr 742: 114
instr 743: 121
instr 744: 116
instr 745: 113
instr 746: 125
instr 747: 123
instr 748: 118
instr 749: 120
instr 750: 124
instr 751: 124
instr 752: 116
instr 753: 125
instr 754: 125
instr 755: 127
instr 756: 122
instr 757: 126
instr 758: 120
instr 759: 118
instr 760: 123
instr 761: 126
instr 762: 117
instr 763: 127
instr 764: 126
instr 765: 123
instr 766: 126
instr 767: 127
instr 768: 122
instr 769: 125
instr 770: 127
instr 771: 123
instr 772: 124
instr 773: 127
instr 774: 124
instr 775: 126
instr 776: 126
instr 777: 127
instr 778: 119
instr 779: 124
instr 780: 127
instr 781: 127
instr 782: 115
instr 783: 124
instr 784: 118
instr 785: 126
instr 786: 126
instr 787: 125
instr 788: 126
instr 789: 126
instr 790: 127
instr 791: 126
instr 792: 125
instr 793: 119
instr 794: 127
instr 795: 127
instr 796: 127
instr 797: 127
instr 798: 123
instr 799: 126
instr 800: 125
instr 801: 126
instr 802: 127
instr 803: 120
instr 804: 118
instr 805: 125
instr 806: 127
instr 807: 125
instr 808: 120
instr 809: 125
instr 810: 117
instr 811: 123
instr 812: 127
instr 813: 121
instr 814: 119
instr 815: 120
instr 816: 127
instr 817: 126
instr 818: 115
instr 819: 112
instr 820: 121
instr 821: 126
instr 822: 126
instr 823: 126
instr 824: 123
instr 825: 126
instr 826: 124
instr 827: 108
instr 828: 126
instr 829: 126
instr 830: 126
instr 831: 127
instr 832: 126
instr 833: 126
instr 834: 122
instr 835: 109
instr 836: 124
instr 837: 122
instr 838: 122
instr 839: 122
instr 840: 121
instr 841: 124
instr 842: 116
instr 843: 126
instr 844: 116
instr 845: 126
instr 846: 120
instr 847: 124
instr 848: 124
instr 849: 121
instr 850: 127
instr 851: 119
instr 852: 109
instr 853: 127
instr 854: 127
instr 855: 121
instr 856: 122
instr 857: 127
instr 858: 124
instr 859: 125
instr 860: 116
instr 861: 122
instr 862: 122
instr 863: 127
instr 864: 127
instr 865: 122
instr 866: 127
instr 867: 121
instr 868: 126
instr 869: 127
instr 870: 124
instr 871: 121
instr 872: 120
instr 873: 124
instr 874: 127
instr 875: 126
instr 876: 124
instr 877: 110
instr 878: 120
instr 879: 127
instr 880: 126
instr 881: 127
instr 882: 127
instr 883: 126
instr 884: 127
instr 885: 110
instr 886: 127
instr 887: 127
instr 888: 121
instr 889: 124
instr 890: 127
instr 891: 127
instr 892: 127
instr 893: 127
instr 894: 125
instr 895: 122
instr 896: 125
instr 897: 126
instr 898: 127
instr 899: 127
instr 900: 126
instr 901: 127
instr 902: 126
instr 903: 127
instr 904: 127
instr 905: 126
instr 906: 126
instr 907: 123
instr 908: 124
instr 909: 127
instr 910: 126
instr 911: 127
instr 912: 126
instr 913: 127
instr 914: 127
instr 915: 125
instr 916: 125
instr 917: 127
instr 918: 127
instr 919: 127
instr 920: 123
instr 921: 119
instr 922: 120
instr 923: 126
instr 924: 123
instr 925: 124
instr 926: 120
instr 927: 118
instr 928: 120
instr 929: 124
instr 930: 119
instr 931: 126
instr 932: 126
instr 933: 119
instr 934: 124
instr 935: 120
instr 936: 124
instr 937: 123
instr 938: 125
instr 939: 127
instr 940: 127
instr 941: 120
instr 942: 127
instr 943: 126
instr 944: 127
instr 945: 126
instr 946: 126
instr 947: 118
instr 948: 123
instr 949: 118
instr 950: 119
instr 951: 122
instr 952: 123
instr 953: 127
instr 954: 119
instr 955: 126
instr 956: 119
instr 957: 119
instr 958: 127
instr 959: 126
instr 960: 125
instr 961: 118
instr 962: 126
instr 963: 124
instr 964: 121
instr 965: 120
instr 966: 125
instr 967: 124
instr 968: 124
instr 969: 125
instr 970: 123
instr 971: 118
instr 972: 126
instr 973: 121
instr 974: 124
instr 975: 123
instr 976: 127
instr 977: 127
instr 978: 121
instr 979: 121
instr 980: 123
instr 981: 126
instr 982: 118
instr 983: 126
instr 984: 119
instr 985: 115
instr 986: 119
instr 987: 126
instr 988: 124
instr 989: 124
instr 990: 122
instr 991: 126
instr 992: 125
instr 993: 120
instr 994: 119
instr 995: 127
instr 996: 127
instr 997: 124
instr 998: 114
instr 999: 123
instr 1000: 119
instr 1001: 120
instr 1002: 127
instr 1003: 117
