instr 0: 0
instr 1: 0
instr 2: 0
instr 3: 0
instr 4: 0
instr 5: 5
instr 6: 3
instr 7: 3
instr 8: 7
instr 9: 0
instr 10: 5
instr 11: 3
instr 12: 5
instr 13: 20
instr 14: 1
instr 15: 1
instr 16: 9
instr 17: 1
instr 18: 1
instr 19: 1
instr 20: 3
instr 21: 10
instr 22: 2
instr 23: 7
instr 24: 5
instr 25: 2
instr 26: 2
instr 27: 3
instr 28: 3
instr 29: 6
instr 30: 2
instr 31: 7
instr 32: 4
instr 33: 8
instr 34: 7
instr 35: 3
instr 36: 0
instr 37: 3
instr 38: 2
instr 39: 3
instr 40: 0
instr 41: 7
instr 42: 11
instr 43: 0
instr 44: 0
instr 45: 7
instr 46: 2
instr 47: 4
instr 48: 4
instr 49: 0
instr 50: 1
instr 51: 0
instr 52: 5
instr 53: 0
instr 54: 4
instr 55: 22
instr 56: 0
instr 57: 6
instr 58: 9
instr 59: 7
instr 60: 20
instr 61: 13
instr 62: 7
instr 63: 2
instr 64: 3
instr 65: 2
instr 66: 2
instr 67: 2
instr 68: 13
instr 69: 3
instr 70: 15
instr 71: 16
instr 72: 6
instr 73: 9
instr 74: 3
instr 75: 12
instr 76: 14
instr 77: 9
instr 78: 2
instr 79: 5
instr 80: 2
instr 81: 9
instr 82: 4
instr 83: 2
instr 84: 7
instr 85: 0
instr 86: 0
instr 87: 4
instr 88: 5
instr 89: 2
instr 90: 6
instr 91: 5
instr 92: 2
instr 93: 1
instr 94: 8
instr 95: 9
instr 96: 1
instr 97: 0
instr 98: 9
instr 99: 0
instr 100: 4
instr 101: 2
instr 102: 1
instr 103: 6
instr 104: 0
instr 105: 8
instr 106: 8
instr 107: 3
instr 108: 1
instr 109: 4
instr 110: 0
instr 111: 0
instr 112: 3
instr 113: 7
instr 114: 3
instr 115: 9
instr 116: 1
instr 117: 1
instr 118: 6
instr 119: 5
instr 120: 16
instr 121: 8
instr 122: 0
instr 123: 0
instr 124: 13
instr 125: 3
instr 126: 0
instr 127: 4
instr 128: 0
instr 129: 0
instr 130: 0
instr 131: 3
instr 132: 5
instr 133: 0
instr 134: 3
instr 135: 0
instr 136: 2
instr 137: 0
instr 138: 0
instr 139: 18
instr 140: 1
instr 141: 7
instr 142: 0
instr 143: 1
instr 144: 1
instr 145: 12
instr 146: 9
instr 147: 2
instr 148: 0
instr 149: 6
instr 150: 14
instr 151: 8
instr 152: 6
instr 153: 1
instr 154: 2
instr 155: 0
instr 156: 1
instr 157: 0
instr 158: 9
instr 159: 8
instr 160: 1
instr 161: 0
instr 162: 23
instr 163: 2
instr 164: 3
instr 165: 0
instr 166: 14
instr 167: 10
instr 168: 5
instr 169: 3
instr 170: 5
instr 171: 3
instr 172: 29
instr 173: 15
instr 174: 1
instr 175: 4
instr 176: 8
instr 177: 14
instr 178: 7
instr 179: 4
instr 180: 6
instr 181: 1
instr 182: 0
instr 183: 6
instr 184: 2
instr 185: 1
instr 186: 10
instr 187: 7
instr 188: 1
instr 189: 6
instr 190: 2
instr 191: 8
instr 192: 5
instr 193: 0
instr 194: 7
instr 195: 4
instr 196: 0
instr 197: 5
instr 198: 1
instr 199: 2
instr 200: 4
instr 201: 5
instr 202: 12
instr 203: 0
instr 204: 1
instr 205: 2
instr 206: 0
instr 207: 2
instr 208: 8
instr 209: 1
instr 210: 0
instr 211: 6
instr 212: 5
instr 213: 1
instr 214: 4
instr 215: 4
instr 216: 6
instr 217: 6
instr 218: 1
instr 219: 3
instr 220: 6
instr 221: 9
instr 222: 2
instr 223: 4
instr 224: 12
instr 225: 8
instr 226: 13
instr 227: 1
instr 228: 3
instr 229: 3
instr 230: 6
instr 231: 5
instr 232: 17
instr 233: 8
instr 234: 5
instr 235: 2
instr 236: 0
instr 237: 8
instr 238: 4
instr 239: 1
instr 240: 1
instr 241: 1
instr 242: 8
instr 243: 0
instr 244: 2
instr 245: 13
instr 246: 11
instr 247: 27
instr 248: 2
instr 249: 0
instr 250: 1
instr 251: 2
instr 252: 16
instr 253: 7
instr 254: 4
instr 255: 1
instr 256: 16
instr 257: 1
instr 258: 9
instr 259: 1
instr 260: 0
instr 261: 1
instr 262: 0
instr 263: 7
instr 264: 12
instr 265: 1
instr 266: 5
instr 267: 0
instr 268: 1
instr 269: 4
instr 270: 4
instr 271: 3
instr 272: 11
instr 273: 7
instr 274: 1
instr 275: 1
instr 276: 13
instr 277: 4
instr 278: 6
instr 279: 0
instr 280: 0
instr 281: 1
instr 282: 0
instr 283: 1
instr 284: 1
instr 285: 0
instr 286: 3
instr 287: 6
instr 288: 3
instr 289: 4
instr 290: 2
instr 291: 5
instr 292: 1
instr 293: 3
instr 294: 3
instr 295: 2
instr 296: 9
instr 297: 0
instr 298: 1
instr 299: 6
instr 300: 0
instr 301: 16
instr 302: 4
instr 303: 6
instr 304: 4
instr 305: 8
instr 306: 0
instr 307: 9
instr 308: 1
instr 309: 2
instr 310: 1
instr 311: 5
instr 312: 4
instr 313: 1
instr 314: 0
instr 315: 6
instr 316: 5
instr 317: 8
instr 318: 3
instr 319: 2
instr 320: 4
instr 321: 3
instr 322: 3
instr 323: 2
instr 324: 5
instr 325: 0
instr 326: 28
instr 327: 1
instr 328: 3
instr 329: 10
instr 330: 7
instr 331: 5
instr 332: 0
instr 333: 2
instr 334: 6
instr 335: 1
instr 336: 1
instr 337: 1
instr 338: 2
instr 339: 1
instr 340: 18
instr 341: 4
instr 342: 4
instr 343: 3
instr 344: 9
instr 345: 0
instr 346: 12
instr 347: 13
instr 348: 17
instr 349: 1
instr 350: 4
instr 351: 0
instr 352: 6
instr 353: 2
instr 354: 7
instr 355: 1
instr 356: 4
instr 357: 8
instr 358: 16
instr 359: 1
instr 360: 0
instr 361: 15
instr 362: 3
instr 363: 14
instr 364: 0
instr 365: 4
instr 366: 2
instr 367: 4
instr 368: 3
instr 369: 5
instr 370: 0
instr 371: 9
instr 372: 2
instr 373: 2
instr 374: 8
instr 375: 5
instr 376: 2
instr 377: 0
instr 378: 4
instr 379: 4
instr 380: 0
instr 381: 2
instr 382: 1
instr 383: 2
instr 384: 0
instr 385: 7
instr 386: 10
instr 387: 4
instr 388: 0
instr 389: 17
instr 390: 6
instr 391: 2
instr 392: 2
instr 393: 3
instr 394: 15
instr 395: 2
instr 396: 1
instr 397: 0
instr 398: 0
instr 399: 0
instr 400: 4
instr 401: 5
instr 402: 2
instr 403: 5
instr 404: 2
instr 405: 5
instr 406: 5
instr 407: 4
instr 408: 0
instr 409: 4
instr 410: 3
instr 411: 12
instr 412: 4
instr 413: 1
instr 414: 7
instr 415: 7
instr 416: 2
instr 417: 3
instr 418: 4
instr 419: 10
instr 420: 0
instr 421: 14
instr 422: 6
instr 423: 3
instr 424: 0
instr 425: 9
instr 426: 2
instr 427: 0
instr 428: 16
instr 429: 3
instr 430: 0
instr 431: 1
instr 432: 0
instr 433: 2
instr 434: 2
instr 435: 2
instr 436: 5
instr 437: 6
instr 438: 5
instr 439: 3
instr 440: 11
instr 441: 7
instr 442: 2
instr 443: 3
instr 444: 0
instr 445: 3
instr 446: 7
instr 447: 6
instr 448: 1
instr 449: 11
instr 450: 6
instr 451: 0
instr 452: 3
instr 453: 6
instr 454: 13
instr 455: 2
instr 456: 5
instr 457: 4
instr 458: 1
instr 459: 2
instr 460: 0
instr 461: 7
instr 462: 8
instr 463: 4
instr 464: 8
instr 465: 0
instr 466: 0
instr 467: 6
instr 468: 3
instr 469: 4
instr 470: 9
instr 471: 2
instr 472: 6
instr 473: 1
instr 474: 0
instr 475: 0
instr 476: 1
instr 477: 2
instr 478: 4
instr 479: 8
instr 480: 1
instr 481: 2
instr 482: 5
instr 483: 0
instr 484: 0
instr 485: 5
instr 486: 0
instr 487: 20
instr 488: 0
instr 489: 8
instr 490: 7
instr 491: 6
instr 492: 3
instr 493: 0
instr 494: 0
instr 495: 3
instr 496: 5
instr 497: 0
instr 498: 1
instr 499: 1
instr 500: 5
instr 501: 3
instr 502: 7
instr 503: 3
instr 504: 11
instr 505: 9
instr 506: 5
instr 507: 1
instr 508: 2
instr 509: 2
instr 510: 3
instr 511: 7
instr 512: 11
instr 513: 2
instr 514: 0
instr 515: 1
instr 516: 5
instr 517: 6
instr 518: 4
instr 519: 2
instr 520: 10
instr 521: 17
instr 522: 3
instr 523: 2
instr 524: 5
instr 525: 4
instr 526: 28
instr 527: 0
instr 528: 7
instr 529: 3
instr 530: 6
instr 531: 12
instr 532: 4
instr 533: 1
instr 534: 9
instr 535: 5
instr 536: 1
instr 537: 2
instr 538: 2
instr 539: 3
instr 540: 5
instr 541: 5
instr 542: 3
instr 543: 3
instr 544: 9
instr 545: 1
instr 546: 3
instr 547: 5
instr 548: 5
instr 549: 7
instr 550: 2
instr 551: 6
instr 552: 5
instr 553: 2
instr 554: 10
instr 555: 5
instr 556: 2
instr 557: 5
instr 558: 24
instr 559: 1
instr 560: 0
instr 561: 3
instr 562: 5
instr 563: 1
instr 564: 0
instr 565: 5
instr 566: 0
instr 567: 0
instr 568: 1
instr 569: 3
instr 570: 0
instr 571: 4
instr 572: 15
instr 573: 26
instr 574: 7
instr 575: 2
instr 576: 2
instr 577: 8
instr 578: 5
instr 579: 4
instr 580: 3
instr 581: 1
instr 582: 5
instr 583: 2
instr 584: 1
instr 585: 2
instr 586: 1
instr 587: 1
instr 588: 2
instr 589: 2
instr 590: 1
instr 591: 1
instr 592: 5
instr 593: 3
instr 594: 3
instr 595: 0
instr 596: 15
instr 597: 0
instr 598: 13
instr 599: 1
instr 600: 0
instr 601: 7
instr 602: 0
instr 603: 2
instr 604: 4
instr 605: 4
instr 606: 10
instr 607: 1
instr 608: 3
instr 609: 0
instr 610: 8
instr 611: 5
instr 612: 0
instr 613: 22
instr 614: 1
instr 615: 7
instr 616: 0
instr 617: 5
instr 618: 3
instr 619: 2
instr 620: 4
instr 621: 0
instr 622: 7
instr 623: 0
instr 624: 4
instr 625: 11
instr 626: 13
instr 627: 1
instr 628: 3
instr 629: 2
instr 630: 5
instr 631: 16
instr 632: 1
instr 633: 5
instr 634: 4
instr 635: 0
instr 636: 8
instr 637: 1
instr 638: 9
instr 639: 0
instr 640: 0
instr 641: 1
instr 642: 4
instr 643: 6
instr 644: 6
instr 645: 10
instr 646: 0
instr 647: 1
instr 648: 4
instr 649: 9
instr 650: 2
instr 651: 4
instr 652: 5
instr 653: 20
instr 654: 3
instr 655: 7
instr 656: 1
instr 657: 0
instr 658: 1
instr 659: 0
instr 660: 1
instr 661: 6
instr 662: 3
instr 663: 6
instr 664: 8
instr 665: 1
instr 666: 11
instr 667: 8
instr 668: 6
instr 669: 10
instr 670: 3
instr 671: 3
instr 672: 5
instr 673: 10
instr 674: 6
instr 675: 7
instr 676: 1
instr 677: 3
instr 678: 5
instr 679: 2
instr 680: 0
instr 681: 9
instr 682: 6
instr 683: 4
instr 684: 9
instr 685: 1
instr 686: 6
instr 687: 12
instr 688: 1
instr 689: 1
instr 690: 0
instr 691: 2
instr 692: 2
instr 693: 0
instr 694: 2
instr 695: 0
instr 696: 4
instr 697: 3
instr 698: 1
instr 699: 3
instr 700: 1
instr 701: 3
instr 702: 7
instr 703: 7
instr 704: 3
instr 705: 1
instr 706: 10
instr 707: 5
instr 708: 2
instr 709: 3
instr 710: 3
instr 711: 3
instr 712: 2
instr 713: 1
instr 714: 8
instr 715: 13
instr 716: 9
instr 717: 3
instr 718: 1
instr 719: 3
instr 720: 10
instr 721: 0
instr 722: 2
instr 723: 4
instr 724: 4
instr 725: 0
instr 726: 3
instr 727: 6
instr 728: 10
instr 729: 15
instr 730: 1
instr 731: 4
instr 732: 6
instr 733: 1
instr 734: 11
instr 735: 6
instr 736: 0
instr 737: 10
instr 738: 9
instr 739: 1
instr 740: 1
instr 741: 6
instr 742: 1
instr 743: 11
instr 744: 4
instr 745: 5
instr 746: 5
instr 747: 1
instr 748: 14
instr 749: 2
instr 750: 0
instr 751: 6
instr 752: 13
instr 753: 0
instr 754: 1
instr 755: 10
instr 756: 8
instr 757: 0
instr 758: 8
instr 759: 7
instr 760: 8
instr 761: 1
instr 762: 1
instr 763: 11
instr 764: 0
instr 765: 0
instr 766: 7
instr 767: 8
instr 768: 10
instr 769: 0
instr 770: 13
instr 771: 2
instr 772: 2
instr 773: 19
instr 774: 16
instr 775: 5
instr 776: 1
instr 777: 5
instr 778: 11
instr 779: 23
instr 780: 11
instr 781: 0
instr 782: 5
instr 783: 4
instr 784: 5
instr 785: 6
instr 786: 2
instr 787: 3
instr 788: 0
instr 789: 2
instr 790: 3
instr 791: 2
instr 792: 6
instr 793: 9
instr 794: 1
instr 795: 6
instr 796: 0
instr 797: 0
instr 798: 10
instr 799: 0
instr 800: 8
instr 801: 6
instr 802: 11
instr 803: 0
instr 804: 4
instr 805: 1
instr 806: 8
instr 807: 1
instr 808: 4
instr 809: 3
instr 810: 14
instr 811: 13
instr 812: 3
instr 813: 1
instr 814: 3
instr 815: 2
instr 816: 6
instr 817: 4
instr 818: 17
instr 819: 3
instr 820: 1
instr 821: 7
instr 822: 4
instr 823: 0
instr 824: 2
instr 825: 3
instr 826: 3
instr 827: 0
instr 828: 1
instr 829: 3
instr 830: 3
instr 831: 7
instr 832: 4
instr 833: 9
instr 834: 0
instr 835: 0
instr 836: 1
instr 837: 2
instr 838: 5
instr 839: 7
instr 840: 1
instr 841: 5
instr 842: 3
instr 843: 29
instr 844: 1
instr 845: 2
instr 846: 10
instr 847: 5
instr 848: 0
instr 849: 1
instr 850: 1
instr 851: 7
instr 852: 0
instr 853: 20
instr 854: 10
instr 855: 7
instr 856: 3
instr 857: 15
instr 858: 6
instr 859: 10
instr 860: 2
instr 861: 9
instr 862: 19
instr 863: 6
instr 864: 0
instr 865: 2
instr 866: 15
instr 867: 11
instr 868: 1
instr 869: 2
instr 870: 2
instr 871: 2
instr 872: 0
instr 873: 14
instr 874: 5
instr 875: 2
instr 876: 27
instr 877: 0
instr 878: 13
instr 879: 10
instr 880: 0
instr 881: 12
instr 882: 18
instr 883: 4
instr 884: 7
instr 885: 2
instr 886: 15
instr 887: 10
instr 888: 1
instr 889: 6
instr 890: 1
instr 891: 4
instr 892: 2
instr 893: 2
instr 894: 0
instr 895: 0
instr 896: 10
instr 897: 6
instr 898: 7
instr 899: 3
instr 900: 7
instr 901: 0
instr 902: 2
instr 903: 3
instr 904: 1
instr 905: 10
instr 906: 1
instr 907: 3
instr 908: 8
instr 909: 0
instr 910: 11
instr 911: 9
instr 912: 0
instr 913: 16
instr 914: 0
instr 915: 4
instr 916: 0
instr 917: 0
instr 918: 5
instr 919: 2
instr 920: 1
instr 921: 8
instr 922: 1
instr 923: 0
instr 924: 6
instr 925: 9
instr 926: 6
instr 927: 0
instr 928: 2
instr 929: 8
instr 930: 5
instr 931: 2
instr 932: 7
instr 933: 3
instr 934: 2
instr 935: 3
instr 936: 25
instr 937: 1
instr 938: 0
instr 939: 0
instr 940: 15
instr 941: 3
instr 942: 6
instr 943: 0
instr 944: 2
instr 945: 1
instr 946: 3
instr 947: 0
instr 948: 4
instr 949: 0
instr 950: 8
instr 951: 0
instr 952: 2
instr 953: 1
instr 954: 3
instr 955: 3
instr 956: 3
instr 957: 0
instr 958: 1
instr 959: 0
instr 960: 3
instr 961: 0
instr 962: 0
instr 963: 18
instr 964: 4
instr 965: 0
instr 966: 1
instr 967: 2
instr 968: 0
instr 969: 2
instr 970: 28
instr 971: 3
instr 972: 4
instr 973: 2
instr 974: 2
instr 975: 7
instr 976: 5
instr 977: 0
instr 978: 5
instr 979: 1
instr 980: 3
instr 981: 3
instr 982: 1
instr 983: 6
instr 984: 5
instr 985: 3
instr 986: 1
instr 987: 2
instr 988: 5
instr 989: 2
instr 990: 8
instr 991: 0
instr 992: 1
instr 993: 4
instr 994: 22
instr 995: 2
instr 996: 2
instr 997: 1
instr 998: 0
instr 999: 1
instr 1000: 5
instr 1001: 6
instr 1002: 7
instr 1003: 10
