instr 0: 0
instr 1: 0
instr 2: 0
instr 3: 0
instr 4: 0
instr 5: -11
instr 6: -5
instr 7: 13
instr 8: 2
instr 9: -12
instr 10: 1
instr 11: 5
instr 12: 24
instr 13: 13
instr 14: -8
instr 15: -11
instr 16: 13
instr 17: -12
instr 18: -7
instr 19: -3
instr 20: 1
instr 21: 9
instr 22: -6
instr 23: 8
instr 24: 14
instr 25: -4
instr 26: 0
instr 27: 4
instr 28: -2
instr 29: -21
instr 30: -12
instr 31: -18
instr 32: 0
instr 33: 12
instr 34: 1
instr 35: 13
instr 36: 3
instr 37: 13
instr 38: 5
instr 39: -11
instr 40: 0
instr 41: -4
instr 42: 6
instr 43: -6
instr 44: 8
instr 45: 4
instr 46: 10
instr 47: 3
instr 48: 10
instr 49: -15
instr 50: 4
instr 51: 5
instr 52: 1
instr 53: -1
instr 54: 18
instr 55: -10
instr 56: -14
instr 57: -14
instr 58: -13
instr 59: 0
instr 60: 8
instr 61: 5
instr 62: -7
instr 63: 3
instr 64: 3
instr 65: 3
instr 66: -1
instr 67: -4
instr 68: 2
instr 69: -7
instr 70: 11
instr 71: -8
instr 72: 8
instr 73: 12
instr 74: -11
instr 75: -6
instr 76: -8
instr 77: 19
instr 78: 22
instr 79: 19
instr 80: -16
instr 81: -15
instr 82: 18
instr 83: -4
instr 84: -3
instr 85: 5
instr 86: -5
instr 87: -5
instr 88: 8
instr 89: 12
instr 90: -5
instr 91: 8
instr 92: -4
instr 93: -2
instr 94: 5
instr 95: 5
instr 96: -7
instr 97: -3
instr 98: -2
instr 99: 4
instr 100: -12
instr 101: 3
instr 102: -13
instr 103: -4
instr 104: -13
instr 105: 6
instr 106: 8
instr 107: -10
instr 108: -4
instr 109: -6
instr 110: -8
instr 111: -12
instr 112: -1
instr 113: -12
instr 114: -24
instr 115: -4
instr 116: 2
instr 117: 11
instr 118: -1
instr 119: -2
instr 120: 6
instr 121: 14
instr 122: -12
instr 123: -2
instr 124: -10
instr 125: -18
instr 126: 12
instr 127: -11
instr 128: 2
instr 129: -7
instr 130: -11
instr 131: -7
instr 132: 10
instr 133: -20
instr 134: 3
instr 135: -8
instr 136: 5
instr 137: 2
instr 138: 3
instr 139: 5
instr 140: 3
instr 141: 11
instr 142: 0
instr 143: -6
instr 144: 3
instr 145: 19
instr 146: -10
instr 147: -1
instr 148: 2
instr 149: 10
instr 150: 1
instr 151: 4
instr 152: -3
instr 153: -3
instr 154: 6
instr 155: -5
instr 156: -12
instr 157: 6
instr 158: 14
instr 159: -19
instr 160: -12
instr 161: 16
instr 162: 4
instr 163: 4
instr 164: 11
instr 165: 0
instr 166: 0
instr 167: -14
instr 168: -5
instr 169: 0
instr 170: -2
instr 171: 1
instr 172: 4
instr 173: -11
instr 174: 0
instr 175: -16
instr 176: -4
instr 177: -11
instr 178: -4
instr 179: -17
instr 180: 3
instr 181: -4
instr 182: 8
instr 183: 12
instr 184: -8
instr 185: 7
instr 186: -5
instr 187: -5
instr 188: -5
instr 189: -3
instr 190: 4
instr 191: 2
instr 192: -22
instr 193: 7
instr 194: -5
instr 195: 14
instr 196: -1
instr 197: 3
instr 198: -6
instr 199: -9
instr 200: -1
instr 201: -7
instr 202: -5
instr 203: 0
instr 204: -17
instr 205: 7
instr 206: -9
instr 207: -1
instr 208: -21
instr 209: -5
instr 210: 9
instr 211: -16
instr 212: -7
instr 213: -2
instr 214: -2
instr 215: 3
instr 216: 7
instr 217: 3
instr 218: 21
instr 219: -3
instr 220: 1
instr 221: 11
instr 222: -11
instr 223: 6
instr 224: 0
instr 225: 1
instr 226: -4
instr 227: -5
instr 228: -16
instr 229: 3
instr 230: 5
instr 231: 2
instr 232: -9
instr 233: 14
instr 234: 1
instr 235: 11
instr 236: -8
instr 237: -6
instr 238: 1
instr 239: -9
instr 240: 23
instr 241: -6
instr 242: -10
instr 243: -7
instr 244: 18
instr 245: 17
instr 246: -6
instr 247: 12
instr 248: 4
instr 249: -4
instr 250: -2
instr 251: 15
instr 252: -17
instr 253: 24
instr 254: -9
instr 255: 5
instr 256: -7
instr 257: -5
instr 258: 7
instr 259: 2
instr 260: -6
instr 261: -2
instr 262: 10
instr 263: 4
instr 264: -19
instr 265: 6
instr 266: -11
instr 267: 4
instr 268: -11
instr 269: 13
instr 270: 2
instr 271: 3
instr 272: -6
instr 273: -20
instr 274: 4
instr 275: 5
instr 276: -10
instr 277: -12
instr 278: 0
instr 279: -11
instr 280: 1
instr 281: 7
instr 282: 15
instr 283: -4
instr 284: -3
instr 285: -1
instr 286: -2
instr 287: 15
instr 288: -1
instr 289: -4
instr 290: -7
instr 291: -11
instr 292: 5
instr 293: 14
instr 294: 16
instr 295: -3
instr 296: -1
instr 297: 8
instr 298: -15
instr 299: -9
instr 300: 5
instr 301: -18
instr 302: 10
instr 303: -8
instr 304: -9
instr 305: -11
instr 306: -7
instr 307: -4
instr 308: -4
instr 309: -9
instr 310: 8
instr 311: -4
instr 312: 4
instr 313: -3
instr 314: 7
instr 315: -13
instr 316: 13
instr 317: 9
instr 318: -4
instr 319: -4
instr 320: -9
instr 321: 11
instr 322: -5
instr 323: -1
instr 324: 10
instr 325: -18
instr 326: 12
instr 327: -5
instr 328: 10
instr 329: 11
instr 330: 7
instr 331: -8
instr 332: 4
instr 333: 5
instr 334: 0
instr 335: 11
instr 336: -7
instr 337: 4
instr 338: -6
instr 339: 10
instr 340: -3
instr 341: 7
instr 342: -4
instr 343: -17
instr 344: 6
instr 345: 7
instr 346: -9
instr 347: -7
instr 348: -14
instr 349: -2
instr 350: -6
instr 351: -9
instr 352: 10
instr 353: -14
instr 354: -16
instr 355: -18
instr 356: -2
instr 357: -13
instr 358: 17
instr 359: 0
instr 360: -12
instr 361: -6
instr 362: -8
instr 363: 3
instr 364: 10
instr 365: -7
instr 366: -6
instr 367: -21
instr 368: 9
instr 369: -4
instr 370: -13
instr 371: 11
instr 372: -13
instr 373: -5
instr 374: -5
instr 375: -15
instr 376: 2
instr 377: -1
instr 378: 5
instr 379: -2
instr 380: 7
instr 381: -4
instr 382: -19
instr 383: -3
instr 384: -10
instr 385: 8
instr 386: 0
instr 387: 14
instr 388: -4
instr 389: 2
instr 390: 4
instr 391: 13
instr 392: -17
instr 393: -9
instr 394: -16
instr 395: 5
instr 396: 0
instr 397: -4
instr 398: -13
instr 399: -11
instr 400: 6
instr 401: 8
instr 402: 11
instr 403: 1
instr 404: 1
instr 405: -10
instr 406: -5
instr 407: 10
instr 408: 10
instr 409: -19
instr 410: 4
instr 411: -9
instr 412: 2
instr 413: 14
instr 414: 3
instr 415: -27
instr 416: -8
instr 417: -17
instr 418: -13
instr 419: -6
instr 420: -12
instr 421: 9
instr 422: -2
instr 423: 11
instr 424: 9
instr 425: -13
instr 426: 16
instr 427: -5
instr 428: -17
instr 429: 5
instr 430: -5
instr 431: 2
instr 432: -29
instr 433: 9
instr 434: -20
instr 435: -6
instr 436: 10
instr 437: -8
instr 438: 2
instr 439: 8
instr 440: -16
instr 441: -2
instr 442: 8
instr 443: -8
instr 444: -4
instr 445: 1
instr 446: 14
instr 447: -7
instr 448: -11
instr 449: -11
instr 450: 4
instr 451: -2
instr 452: 15
instr 453: -10
instr 454: -11
instr 455: 3
instr 456: 10
instr 457: 19
instr 458: 1
instr 459: 2
instr 460: -2
instr 461: 0
instr 462: 6
instr 463: 7
instr 464: -1
instr 465: 7
instr 466: 5
instr 467: -18
instr 468: 11
instr 469: -4
instr 470: -1
instr 471: 8
instr 472: -8
instr 473: -21
instr 474: -16
instr 475: 4
instr 476: 1
instr 477: 1
instr 478: 6
instr 479: -10
instr 480: -4
instr 481: 2
instr 482: 15
instr 483: 3
instr 484: -4
instr 485: -16
instr 486: 6
instr 487: 0
instr 488: 11
instr 489: -4
instr 490: 8
instr 491: 8
instr 492: -3
instr 493: -4
instr 494: -17
instr 495: 6
instr 496: 13
instr 497: 10
instr 498: 15
instr 499: -11
instr 500: 21
instr 501: -5
instr 502: 3
instr 503: -6
instr 504: 11
instr 505: -17
instr 506: -7
instr 507: 14
instr 508: 15
instr 509: -5
instr 510: -1
instr 511: -5
instr 512: 6
instr 513: 2
instr 514: -14
instr 515: 10
instr 516: -2
instr 517: 11
instr 518: -7
instr 519: 5
instr 520: -4
instr 521: -10
instr 522: 5
instr 523: -11
instr 524: -1
instr 525: -3
instr 526: -11
instr 527: 4
instr 528: 4
instr 529: 10
instr 530: -8
instr 531: -16
instr 532: 7
instr 533: -14
instr 534: 1
instr 535: -7
instr 536: -1
instr 537: 21
instr 538: 18
instr 539: 3
instr 540: -8
instr 541: -8
instr 542: 8
instr 543: 11
instr 544: 7
instr 545: -13
instr 546: 2
instr 547: 19
instr 548: -16
instr 549: -14
instr 550: 9
instr 551: -7
instr 552: 11
instr 553: -8
instr 554: -9
instr 555: -2
instr 556: 14
instr 557: 14
instr 558: -6
instr 559: -4
instr 560: 9
instr 561: -13
instr 562: 1
instr 563: -13
instr 564: -7
instr 565: -12
instr 566: -12
instr 567: -6
instr 568: -9
instr 569: -4
instr 570: -4
instr 571: -10
instr 572: -3
instr 573: -5
instr 574: 4
instr 575: -14
instr 576: -26
instr 577: -6
instr 578: -10
instr 579: 4
instr 580: -1
instr 581: 4
instr 582: 15
instr 583: 0
instr 584: -4
instr 585: 3
instr 586: -9
instr 587: 13
instr 588: -1
instr 589: -9
instr 590: 5
instr 591: 9
instr 592: 1
instr 593: 1
instr 594: -10
instr 595: 4
instr 596: -13
instr 597: 2
instr 598: -23
instr 599: 10
instr 600: 3
instr 601: -1
instr 602: -3
instr 603: 2
instr 604: -12
instr 605: 22
instr 606: -4
instr 607: 11
instr 608: 14
instr 609: 11
instr 610: -14
instr 611: 9
instr 612: -13
instr 613: 5
instr 614: -10
instr 615: 15
instr 616: -11
instr 617: 4
instr 618: -1
instr 619: -4
instr 620: 1
instr 621: 11
instr 622: 1
instr 623: -8
instr 624: -13
instr 625: 5
instr 626: 8
instr 627: -18
instr 628: 12
instr 629: 7
instr 630: 8
instr 631: 8
instr 632: 2
instr 633: -7
instr 634: -8
instr 635: 9
instr 636: -3
instr 637: -21
instr 638: 4
instr 639: 3
instr 640: 9
instr 641: -4
instr 642: -2
instr 643: -5
instr 644: 1
instr 645: -14
instr 646: -8
instr 647: 2
instr 648: 0
instr 649: 11
instr 650: 8
instr 651: 0
instr 652: 15
instr 653: -12
instr 654: 9
instr 655: 0
instr 656: -1
instr 657: -25
instr 658: 4
instr 659: 24
instr 660: 4
instr 661: -17
instr 662: 10
instr 663: -10
instr 664: -2
instr 665: -21
instr 666: -14
instr 667: 4
instr 668: -5
instr 669: -3
instr 670: -4
instr 671: 12
instr 672: 7
instr 673: -13
instr 674: 2
instr 675: 4
instr 676: -4
instr 677: -17
instr 678: 10
instr 679: 5
instr 680: -14
instr 681: -3
instr 682: 17
instr 683: -3
instr 684: 5
instr 685: 16
instr 686: -3
instr 687: -12
instr 688: -8
instr 689: -8
instr 690: 7
instr 691: 3
instr 692: -21
instr 693: -9
instr 694: -3
instr 695: -7
instr 696: 8
instr 697: -2
instr 698: -4
instr 699: -6
instr 700: 3
instr 701: 6
instr 702: 6
instr 703: 16
instr 704: 2
instr 705: -18
instr 706: -4
instr 707: 9
instr 708: -3
instr 709: -9
instr 710: -10
instr 711: -6
instr 712: 15
instr 713: -9
instr 714: -8
instr 715: -11
instr 716: 0
instr 717: -13
instr 718: 6
instr 719: -7
instr 720: 4
instr 721: -12
instr 722: -4
instr 723: 0
instr 724: 1
instr 725: -23
instr 726: -3
instr 727: 17
instr 728: -11
instr 729: -3
instr 730: 8
instr 731: -9
instr 732: 9
instr 733: -2
instr 734: 0
instr 735: -14
instr 736: 8
instr 737: 1
instr 738: -13
instr 739: 7
instr 740: -9
instr 741: -2
instr 742: 0
instr 743: 12
instr 744: 3
instr 745: 10
instr 746: 2
instr 747: 35
instr 748: -11
instr 749: 19
instr 750: -5
instr 751: -16
instr 752: -15
instr 753: 5
instr 754: 0
instr 755: -1
instr 756: 3
instr 757: 6
instr 758: -7
instr 759: -2
instr 760: -7
instr 761: 8
instr 762: -5
instr 763: -2
instr 764: 6
instr 765: 1
instr 766: -14
instr 767: -1
instr 768: -10
instr 769: 16
instr 770: -7
instr 771: 7
instr 772: 4
instr 773: -4
instr 774: 2
instr 775: -1
instr 776: 15
instr 777: 10
instr 778: 3
instr 779: 3
instr 780: 7
instr 781: 1
instr 782: -4
instr 783: -1
instr 784: 3
instr 785: 7
instr 786: -4
instr 787: 4
instr 788: -1
instr 789: -11
instr 790: -5
instr 791: -7
instr 792: 20
instr 793: 7
instr 794: 10
instr 795: -2
instr 796: 2
instr 797: 27
instr 798: -1
instr 799: -6
instr 800: 0
instr 801: -6
instr 802: -21
instr 803: 4
instr 804: -10
instr 805: 12
instr 806: -5
instr 807: 13
instr 808: -15
instr 809: 3
instr 810: -13
instr 811: -7
instr 812: 3
instr 813: -19
instr 814: 3
instr 815: -9
instr 816: -13
instr 817: 6
instr 818: 3
instr 819: 8
instr 820: -6
instr 821: -5
instr 822: -13
instr 823: -6
instr 824: -7
instr 825: -5
instr 826: -10
instr 827: -6
instr 828: 22
instr 829: -6
instr 830: -6
instr 831: 7
instr 832: -11
instr 833: -4
instr 834: 5
instr 835: -4
instr 836: 3
instr 837: -9
instr 838: -6
instr 839: 0
instr 840: -7
instr 841: -2
instr 842: 9
instr 843: 11
instr 844: 3
instr 845: -13
instr 846: -11
instr 847: -4
instr 848: 9
instr 849: -5
instr 850: -10
instr 851: -1
instr 852: -5
instr 853: -3
instr 854: 3
instr 855: 1
instr 856: -17
instr 857: -4
instr 858: -7
instr 859: 16
instr 860: 3
instr 861: -7
instr 862: -5
instr 863: 2
instr 864: -2
instr 865: 4
instr 866: 4
instr 867: -14
instr 868: 3
instr 869: -2
instr 870: 2
instr 871: -11
instr 872: 2
instr 873: 2
instr 874: 16
instr 875: 8
instr 876: 9
instr 877: -12
instr 878: 3
instr 879: 7
instr 880: -7
instr 881: -7
instr 882: 7
instr 883: -12
instr 884: 5
instr 885: -2
instr 886: -9
instr 887: -10
instr 888: -1
instr 889: 9
instr 890: 19
instr 891: -9
instr 892: -9
instr 893: 20
instr 894: -8
instr 895: -5
instr 896: -4
instr 897: -7
instr 898: 0
instr 899: -15
instr 900: -11
instr 901: -12
instr 902: -4
instr 903: -3
instr 904: 12
instr 905: -6
instr 906: -4
instr 907: -4
instr 908: 1
instr 909: -14
instr 910: 9
instr 911: 11
instr 912: -1
instr 913: 6
instr 914: -3
instr 915: -5
instr 916: 0
instr 917: 11
instr 918: -11
instr 919: -2
instr 920: 8
instr 921: -5
instr 922: -21
instr 923: 4
instr 924: -15
instr 925: 6
instr 926: -7
instr 927: 12
instr 928: 13
instr 929: 1
instr 930: -5
instr 931: 3
instr 932: 1
instr 933: 14
instr 934: -12
instr 935: -6
instr 936: 4
instr 937: -7
instr 938: 8
instr 939: 12
instr 940: 1
instr 941: 9
instr 942: -6
instr 943: -4
instr 944: -4
instr 945: -9
instr 946: -10
instr 947: 6
instr 948: 8
instr 949: 0
instr 950: -7
instr 951: 7
instr 952: -1
instr 953: 5
instr 954: -22
instr 955: -6
instr 956: -4
instr 957: 7
instr 958: 5
instr 959: -1
instr 960: -10
instr 961: -6
instr 962: 11
instr 963: -17
instr 964: 4
instr 965: -3
instr 966: -3
instr 967: 6
instr 968: -8
instr 969: -8
instr 970: 7
instr 971: 13
instr 972: 3
instr 973: -9
instr 974: -12
instr 975: -15
instr 976: 2
instr 977: -20
instr 978: 10
instr 979: -5
instr 980: 19
instr 981: -14
instr 982: -13
instr 983: -4
instr 984: 2
instr 985: -7
instr 986: 3
instr 987: -12
instr 988: -4
instr 989: 18
instr 990: -2
instr 991: -9
instr 992: 12
instr 993: 0
instr 994: -2
instr 995: 0
instr 996: -1
instr 997: -19
instr 998: -12
instr 999: -2
instr 1000: -10
instr 1001: 6
instr 1002: -1
instr 1003: -2
