instr 0: 0
instr 1: 0
instr 2: 0
instr 3: 0
instr 4: 6.25
instr 5: 8.75
instr 6: 8.75
instr 7: 6.75
instr 8: 3.75
instr 9: 9.75
instr 10: 8.0
instr 11: 7.0
instr 12: 10.0
instr 13: 4.5
instr 14: 2.25
instr 15: 5.5
instr 16: 5.75
instr 17: 11.0
instr 18: 7.5
instr 19: 4.75
instr 20: 8.75
instr 21: 10.0
instr 22: 7.75
instr 23: 12.25
instr 24: 8.25
instr 25: 8.75
instr 26: 4.75
instr 27: 9.0
instr 28: 6.0
instr 29: 9.5
instr 30: 7.5
instr 31: 7.0
instr 32: 7.75
instr 33: 6.5
instr 34: 8.75
instr 35: 7.25
instr 36: 5.25
instr 37: 8.0
instr 38: 9.5
instr 39: 5.5
instr 40: 8.0
instr 41: 7.5
instr 42: 7.25
instr 43: 7.5
instr 44: 8.25
instr 45: 8.0
instr 46: 6.75
instr 47: 8.0
instr 48: 9.5
instr 49: 5.0
instr 50: 9.0
instr 51: 4.75
instr 52: 3.75
instr 53: 5.5
instr 54: 2.5
instr 55: 7.0
instr 56: 6.25
instr 57: 8.75
instr 58: 8.5
instr 59: 8.0
instr 60: 9.5
instr 61: 11.25
instr 62: 9.75
instr 63: 5.5
instr 64: 1.75
instr 65: 9.25
instr 66: 5.0
instr 67: 9.5
instr 68: 6.0
instr 69: 5.5
instr 70: 8.75
instr 71: 9.25
instr 72: 8.25
instr 73: 5.5
instr 74: 11.5
instr 75: 9.25
instr 76: 8.0
instr 77: 7.5
instr 78: 9.25
instr 79: 5.25
instr 80: 13.75
instr 81: 8.5
instr 82: 4.75
instr 83: 4.0
instr 84: 5.75
instr 85: 5.75
instr 86: 9.5
instr 87: 11.5
instr 88: 5.25
instr 89: 5.25
instr 90: 7.25
instr 91: 7.5
instr 92: 7.0
instr 93: 3.75
instr 94: 2.0
instr 95: 11.25
instr 96: 5.25
instr 97: 8.75
instr 98: 4.5
instr 99: 3.25
instr 100: 6.0
instr 101: 7.0
instr 102: 6.75
instr 103: 4.0
instr 104: 8.5
instr 105: 4.5
instr 106: 4.75
instr 107: 5.0
instr 108: 3.75
instr 109: 9.0
instr 110: 6.5
instr 111: 12.0
instr 112: 6.75
instr 113: 8.5
instr 114: 10.5
instr 115: 6.0
instr 116: 6.75
instr 117: 6.5
instr 118: 4.5
instr 119: 5.75
instr 120: 8.0
instr 121: 3.0
instr 122: 5.0
instr 123: 7.5
instr 124: 8.0
instr 125: 7.25
instr 126: 9.25
instr 127: 12.75
instr 128: 8.0
instr 129: 11.0
instr 130: 8.25
instr 131: 5.75
instr 132: 9.75
instr 133: 8.75
instr 134: 6.0
instr 135: 9.0
instr 136: 8.5
instr 137: 4.5
instr 138: 6.25
instr 139: 12.0
instr 140: 9.0
instr 141: 6.25
instr 142: 8.0
instr 143: 4.5
instr 144: 12.25
instr 145: 10.25
instr 146: 3.75
instr 147: 7.25
instr 148: 6.75
instr 149: 6.25
instr 150: 4.75
instr 151: 7.5
instr 152: 3.75
instr 153: 5.0
instr 154: 7.5
instr 155: 6.75
instr 156: 5.25
instr 157: 8.25
instr 158: 11.0
instr 159: 8.5
instr 160: 4.5
instr 161: 9.0
instr 162: 8.5
instr 163: 8.0
instr 164: 11.25
instr 165: 9.0
instr 166: 8.25
instr 167: 12.75
instr 168: 8.5
instr 169: 7.5
instr 170: 4.5
instr 171: 8.25
instr 172: 9.75
instr 173: 8.0
instr 174: 12.5
instr 175: 3.75
instr 176: 7.5
instr 177: 12.25
instr 178: 3.25
instr 179: 8.25
instr 180: 5.75
instr 181: 7.0
instr 182: 5.5
instr 183: 5.25
instr 184: 5.25
instr 185: 7.75
instr 186: 8.75
instr 187: 4.0
instr 188: 10.25
instr 189: 7.25
instr 190: 4.0
instr 191: 5.0
instr 192: 6.25
instr 193: 9.25
instr 194: 7.5
instr 195: 8.0
instr 196: 11.5
instr 197: 6.5
instr 198: 9.75
instr 199: 8.25
instr 200: 4.5
instr 201: 7.75
instr 202: 6.75
instr 203: 6.25
instr 204: 8.75
instr 205: 11.75
instr 206: 10.0
instr 207: 6.25
instr 208: 4.5
instr 209: 10.75
instr 210: 2.75
instr 211: 13.0
instr 212: 7.5
instr 213: 3.25
instr 214: 6.75
instr 215: 11.75
instr 216: 3.25
instr 217: 6.75
instr 218: 5.75
instr 219: 8.5
instr 220: 7.0
instr 221: 8.75
instr 222: 9.25
instr 223: 5.25
instr 224: 5.25
instr 225: 7.5
instr 226: 2.75
instr 227: 10.0
instr 228: 6.75
instr 229: 9.5
instr 230: 6.25
instr 231: 7.75
instr 232: 8.0
instr 233: 6.0
instr 234: 7.5
instr 235: 11.5
instr 236: 10.75
instr 237: 4.25
instr 238: 7.0
instr 239: 4.75
instr 240: 8.75
instr 241: 10.25
instr 242: 5.0
instr 243: 9.75
instr 244: 4.25
instr 245: 8.5
instr 246: 8.0
instr 247: 13.75
instr 248: 6.75
instr 249: 5.5
instr 250: 7.5
instr 251: 7.75
instr 252: 11.25
instr 253: 7.25
instr 254: 9.5
instr 255: 9.75
instr 256: 4.5
instr 257: 6.0
instr 258: 10.25
instr 259: 4.75
instr 260: 3.5
instr 261: 7.5
instr 262: 5.25
instr 263: 7.5
instr 264: 8.75
instr 265: 7.0
instr 266: 8.5
instr 267: 4.75
instr 268: 10.0
instr 269: 12.75
instr 270: 7.0
instr 271: 8.75
instr 272: 8.0
instr 273: 9.75
instr 274: 10.0
instr 275: 10.0
instr 276: 10.0
instr 277: 6.25
instr 278: 6.5
instr 279: 8.0
instr 280: 7.0
instr 281: 7.0
instr 282: 9.0
instr 283: 8.25
instr 284: 5.75
instr 285: 8.25
instr 286: 9.5
instr 287: 5.75
instr 288: 8.5
instr 289: 4.75
instr 290: 10.0
instr 291: 5.5
instr 292: 6.5
instr 293: 6.75
instr 294: 11.0
instr 295: 11.5
instr 296: 7.0
instr 297: 8.25
instr 298: 8.5
instr 299: 9.75
instr 300: 1.75
instr 301: 9.75
instr 302: 5.25
instr 303: 10.75
instr 304: 6.5
instr 305: 9.75
instr 306: 7.25
instr 307: 12.0
instr 308: 8.0
instr 309: 10.75
instr 310: 11.25
instr 311: 9.25
instr 312: 9.25
instr 313: 6.75
instr 314: 6.0
instr 315: 11.5
instr 316: 6.0
instr 317: 4.5
instr 318: 3.5
instr 319: 7.5
instr 320: 7.5
instr 321: 5.0
instr 322: 7.5
instr 323: 9.5
instr 324: 11.25
instr 325: 13.25
instr 326: 4.75
instr 327: 12.25
instr 328: 10.0
instr 329: 11.25
instr 330: 8.75
instr 331: 8.25
instr 332: 8.75
instr 333: 7.0
instr 334: 11.0
instr 335: 2.75
instr 336: 6.75
instr 337: 10.25
instr 338: 7.25
instr 339: 6.25
instr 340: 7.5
instr 341: 10.0
instr 342: 6.0
instr 343: 7.5
instr 344: 9.5
instr 345: 3.5
instr 346: 7.25
instr 347: 7.25
instr 348: 5.25
instr 349: 8.25
instr 350: 9.5
instr 351: 6.5
instr 352: 12.0
instr 353: 8.25
instr 354: 6.5
instr 355: 6.75
instr 356: 8.5
instr 357: 7.0
instr 358: 8.0
instr 359: 8.25
instr 360: 6.25
instr 361: 9.5
instr 362: 5.25
instr 363: 10.0
instr 364: 4.75
instr 365: 6.25
instr 366: 8.0
instr 367: 7.25
instr 368: 6.25
instr 369: 2.0
instr 370: 6.25
instr 371: 7.5
instr 372: 5.5
instr 373: 11.5
instr 374: 9.75
instr 375: 10.5
instr 376: 3.5
instr 377: 7.25
instr 378: 10.0
instr 379: 7.75
instr 380: 7.75
instr 381: 8.0
instr 382: 8.0
instr 383: 9.5
instr 384: 5.25
instr 385: 13.25
instr 386: 9.25
instr 387: 5.75
instr 388: 7.5
instr 389: 9.75
instr 390: 7.5
instr 391: 7.5
instr 392: 8.25
instr 393: 11.75
instr 394: 9.25
instr 395: 9.75
instr 396: 4.0
instr 397: 10.75
instr 398: 5.25
instr 399: 5.0
instr 400: 11.75
instr 401: 6.75
instr 402: 11.5
instr 403: 11.0
instr 404: 5.0
instr 405: 5.5
instr 406: 6.25
instr 407: 6.25
instr 408: 7.25
instr 409: 7.25
instr 410: 7.5
instr 411: 5.5
instr 412: 8.0
instr 413: 10.5
instr 414: 5.5
instr 415: 11.0
instr 416: 8.5
instr 417: 12.0
instr 418: 8.75
instr 419: 10.0
instr 420: 5.0
instr 421: 11.75
instr 422: 6.25
instr 423: 4.0
instr 424: 8.0
instr 425: 9.0
instr 426: 5.75
instr 427: 4.75
instr 428: 9.0
instr 429: 10.0
instr 430: 9.5
instr 431: 7.0
instr 432: 5.75
instr 433: 9.25
instr 434: 5.0
instr 435: 3.5
instr 436: 7.75
instr 437: 6.0
instr 438: 7.5
instr 439: 8.0
instr 440: 7.25
instr 441: 8.25
instr 442: 10.5
instr 443: 10.75
instr 444: 3.25
instr 445: 6.5
instr 446: 6.0
instr 447: 5.0
instr 448: 9.5
instr 449: 9.5
instr 450: 6.5
instr 451: 7.0
instr 452: 5.25
instr 453: 4.0
instr 454: 4.5
instr 455: 6.5
instr 456: 6.25
instr 457: 12.0
instr 458: 6.5
instr 459: 7.5
instr 460: 6.5
instr 461: 10.5
instr 462: 9.25
instr 463: 5.25
instr 464: 5.25
instr 465: 10.25
instr 466: 9.0
instr 467: 8.25
instr 468: 9.25
instr 469: 6.75
instr 470: 7.0
instr 471: 7.5
instr 472: 8.25
instr 473: 6.75
instr 474: 6.5
instr 475: 5.75
instr 476: 4.0
instr 477: 7.25
instr 478: 11.0
instr 479: 6.75
instr 480: 4.5
instr 481: 4.5
instr 482: 5.5
instr 483: 8.25
instr 484: 9.5
instr 485: 9.0
instr 486: 10.0
instr 487: 6.5
instr 488: 7.25
instr 489: 7.5
instr 490: 8.75
instr 491: 9.0
instr 492: 9.0
instr 493: 3.5
instr 494: 9.5
instr 495: 7.75
instr 496: 1.0
instr 497: 4.25
instr 498: 4.0
instr 499: 9.5
instr 500: 8.0
instr 501: 5.5
instr 502: 8.75
instr 503: 9.5
instr 504: 6.25
instr 505: 3.75
instr 506: 4.5
instr 507: 10.5
instr 508: 3.0
instr 509: 12.25
instr 510: 10.5
instr 511: 5.5
instr 512: 6.5
instr 513: 7.5
instr 514: 6.5
instr 515: 6.75
instr 516: 7.5
instr 517: 11.75
instr 518: 8.0
instr 519: 9.0
instr 520: 6.75
instr 521: 4.75
instr 522: 6.25
instr 523: 10.75
instr 524: 6.25
instr 525: 7.75
instr 526: 8.75
instr 527: 9.25
instr 528: 8.75
instr 529: 8.0
instr 530: 8.0
instr 531: 8.75
instr 532: 12.5
instr 533: 7.5
instr 534: 4.25
instr 535: 10.75
instr 536: 8.75
instr 537: 4.25
instr 538: 8.75
instr 539: 5.5
instr 540: 6.75
instr 541: 8.0
instr 542: 4.5
instr 543: 5.25
instr 544: 5.0
instr 545: 9.25
instr 546: 7.25
instr 547: 5.75
instr 548: 8.25
instr 549: 9.5
instr 550: 6.5
instr 551: 6.25
instr 552: 7.25
instr 553: 11.25
instr 554: 4.0
instr 555: 8.25
instr 556: 12.5
instr 557: 6.75
instr 558: 11.5
instr 559: 7.75
instr 560: 2.5
instr 561: 12.75
instr 562: 10.75
instr 563: 11.0
instr 564: 6.0
instr 565: 5.25
instr 566: 4.0
instr 567: 9.5
instr 568: 5.0
instr 569: 9.0
instr 570: 7.0
instr 571: 11.5
instr 572: 6.0
instr 573: 7.25
instr 574: 6.25
instr 575: 12.0
instr 576: 8.75
instr 577: 6.0
instr 578: 9.5
instr 579: 9.25
instr 580: 9.0
instr 581: 10.0
instr 582: 7.25
instr 583: 8.5
instr 584: 6.25
instr 585: 4.0
instr 586: 11.5
instr 587: 4.75
instr 588: 10.75
instr 589: 7.25
instr 590: 9.25
instr 591: 5.0
instr 592: 8.75
instr 593: 10.5
instr 594: 5.25
instr 595: 9.0
instr 596: 7.25
instr 597: 5.25
instr 598: 6.75
instr 599: 3.25
instr 600: 7.0
instr 601: 7.25
instr 602: 7.75
instr 603: 7.25
instr 604: 7.5
instr 605: 6.0
instr 606: 6.5
instr 607: 6.25
instr 608: 7.25
instr 609: 2.75
instr 610: 7.5
instr 611: 6.75
instr 612: 9.5
instr 613: 6.75
instr 614: 10.0
instr 615: 12.25
instr 616: 10.0
instr 617: 8.5
instr 618: 2.75
instr 619: 9.0
instr 620: 7.0
instr 621: 5.25
instr 622: 13.0
instr 623: 7.25
instr 624: 9.0
instr 625: 3.25
instr 626: 2.5
instr 627: 10.0
instr 628: 11.0
instr 629: 3.0
instr 630: 8.0
instr 631: 3.0
instr 632: 5.5
instr 633: 8.5
instr 634: 2.25
instr 635: 7.5
instr 636: 6.0
instr 637: 4.0
instr 638: 6.75
instr 639: 7.0
instr 640: 8.5
instr 641: 5.75
instr 642: 8.0
instr 643: 5.0
instr 644: 9.25
instr 645: 8.25
instr 646: 9.75
instr 647: 7.25
instr 648: 4.75
instr 649: 3.0
instr 650: 4.5
instr 651: 4.0
instr 652: 7.75
instr 653: 6.25
instr 654: 6.0
instr 655: 7.5
instr 656: 7.25
instr 657: 7.25
instr 658: 6.75
instr 659: 10.75
instr 660: 5.5
instr 661: 7.75
instr 662: 6.5
instr 663: 4.5
instr 664: 10.75
instr 665: 8.75
instr 666: 1.5
instr 667: 9.0
instr 668: 10.75
instr 669: 6.0
instr 670: 4.5
instr 671: 9.25
instr 672: 7.75
instr 673: 6.25
instr 674: 11.5
instr 675: 7.5
instr 676: 7.0
instr 677: 7.75
instr 678: 4.0
instr 679: 5.75
instr 680: 9.25
instr 681: 6.5
instr 682: 6.0
instr 683: 9.75
instr 684: 11.25
instr 685: 7.0
instr 686: 7.75
instr 687: 6.75
instr 688: 6.75
instr 689: 8.75
instr 690: 3.25
instr 691: 6.25
instr 692: 10.0
instr 693: 1.0
instr 694: 6.0
instr 695: 7.25
instr 696: 6.75
instr 697: 7.5
instr 698: 6.75
instr 699: 6.5
instr 700: 8.75
instr 701: 4.0
instr 702: 8.0
instr 703: 7.5
instr 704: 5.5
instr 705: 13.75
instr 706: 10.5
instr 707: 8.5
instr 708: 6.0
instr 709: 6.0
instr 710: 9.0
instr 711: 5.0
instr 712: 3.75
instr 713: 6.75
instr 714: 9.75
instr 715: 5.75
instr 716: 5.0
instr 717: 9.25
instr 718: 6.0
instr 719: 10.75
instr 720: 5.25
instr 721: 8.25
instr 722: 6.25
instr 723: 10.5
instr 724: 9.75
instr 725: 6.0
instr 726: 6.75
instr 727: 7.5
instr 728: 10.75
instr 729: 2.5
instr 730: 4.25
instr 731: 10.75
instr 732: 3.75
instr 733: 4.5
instr 734: 4.0
instr 735: 9.5
instr 736: 6.0
instr 737: 12.5
instr 738: 10.5
instr 739: 5.75
instr 740: 6.25
instr 741: 2.75
instr 742: 11.5
instr 743: 9.75
instr 744: 6.25
instr 745: 9.0
instr 746: 4.75
instr 747: 9.5
instr 748: 7.0
instr 749: 5.5
instr 750: 7.0
instr 751: 9.25
instr 752: 4.25
instr 753: 7.5
instr 754: 6.5
instr 755: 6.0
instr 756: 5.5
instr 757: 6.5
instr 758: 4.5
instr 759: 8.25
instr 760: 10.5
instr 761: 10.0
instr 762: 10.25
instr 763: 4.25
instr 764: 9.0
instr 765: 8.75
instr 766: 3.0
instr 767: 5.75
instr 768: 6.0
instr 769: 5.75
instr 770: 7.25
instr 771: 7.25
instr 772: 3.25
instr 773: 8.0
instr 774: 7.25
instr 775: 6.25
instr 776: 9.0
instr 777: 4.0
instr 778: 5.5
instr 779: 7.5
instr 780: 6.0
instr 781: 7.0
instr 782: 6.75
instr 783: 9.25
instr 784: 9.0
instr 785: 10.5
instr 786: 7.25
instr 787: 8.25
instr 788: 6.0
instr 789: 9.0
instr 790: 6.75
instr 791: 11.0
instr 792: 6.5
instr 793: 6.5
instr 794: 6.75
instr 795: 8.5
instr 796: 7.25
instr 797: 11.25
instr 798: 7.25
instr 799: 8.0
instr 800: 5.25
instr 801: 5.25
instr 802: 8.25
instr 803: 5.75
instr 804: 7.75
instr 805: 3.5
instr 806: 7.5
instr 807: 8.75
instr 808: 6.0
instr 809: 9.5
instr 810: 10.5
instr 811: 8.0
instr 812: 7.0
instr 813: 7.75
instr 814: 4.0
instr 815: 8.0
instr 816: 6.5
instr 817: 7.0
instr 818: 6.5
instr 819: 10.0
instr 820: 4.25
instr 821: 6.25
instr 822: 8.25
instr 823: 5.0
instr 824: 5.0
instr 825: 11.0
instr 826: 7.0
instr 827: 6.75
instr 828: 8.0
instr 829: 8.25
instr 830: 9.0
instr 831: 6.25
instr 832: 11.5
instr 833: 8.5
instr 834: 6.25
instr 835: 7.5
instr 836: 5.5
instr 837: 4.5
instr 838: 8.0
instr 839: 7.5
instr 840: 7.75
instr 841: 13.25
instr 842: 4.75
instr 843: 8.0
instr 844: 7.0
instr 845: 4.25
instr 846: 13.0
instr 847: 8.25
instr 848: 8.0
instr 849: 4.5
instr 850: 1.75
instr 851: 11.0
instr 852: 4.25
instr 853: 9.25
instr 854: 8.5
instr 855: 7.0
instr 856: 5.75
instr 857: 5.0
instr 858: 12.5
instr 859: 11.25
instr 860: 8.75
instr 861: 3.5
instr 862: 5.25
instr 863: 10.75
instr 864: 7.75
instr 865: 6.5
instr 866: 10.0
instr 867: 10.5
instr 868: 11.75
instr 869: 12.0
instr 870: 8.25
instr 871: 8.0
instr 872: 7.25
instr 873: 1.5
instr 874: 8.25
instr 875: 8.5
instr 876: 9.0
instr 877: 7.0
instr 878: 6.5
instr 879: 3.5
instr 880: 8.0
instr 881: 7.25
instr 882: 5.75
instr 883: 6.0
instr 884: 5.25
instr 885: 7.75
instr 886: 9.75
instr 887: 3.75
instr 888: 2.75
instr 889: 7.25
instr 890: 5.25
instr 891: 2.0
instr 892: 4.75
instr 893: 6.5
instr 894: 7.0
instr 895: 4.25
instr 896: 9.0
instr 897: 6.5
instr 898: 8.5
instr 899: 9.0
instr 900: 6.0
instr 901: 6.75
instr 902: 9.0
instr 903: 9.5
instr 904: 12.0
instr 905: 9.5
instr 906: 11.0
instr 907: 10.0
instr 908: 3.0
instr 909: 8.5
instr 910: 7.75
instr 911: 6.5
instr 912: 9.0
instr 913: 8.0
instr 914: 10.25
instr 915: 4.5
instr 916: 6.5
instr 917: 4.75
instr 918: 10.0
instr 919: 4.75
instr 920: 7.75
instr 921: 8.5
instr 922: 3.25
instr 923: 9.25
instr 924: 8.5
instr 925: 9.5
instr 926: 11.75
instr 927: 2.75
instr 928: 10.25
instr 929: 8.5
instr 930: 9.0
instr 931: 8.75
instr 932: 8.5
instr 933: 6.75
instr 934: 9.25
instr 935: 6.75
instr 936: 8.25
instr 937: 6.75
instr 938: 6.0
instr 939: 10.25
instr 940: 8.75
instr 941: 4.75
instr 942: 4.75
instr 943: 5.75
instr 944: 7.75
instr 945: 6.25
instr 946: 8.25
instr 947: 8.0
instr 948: 6.75
instr 949: 7.5
instr 950: 8.25
instr 951: 7.75
instr 952: 9.25
instr 953: 10.0
instr 954: 12.25
instr 955: 7.25
instr 956: 6.5
instr 957: 3.75
instr 958: 6.0
instr 959: 8.75
instr 960: 5.5
instr 961: 7.5
instr 962: 6.0
instr 963: 6.75
instr 964: 9.0
instr 965: 7.25
instr 966: 4.0
instr 967: 7.25
instr 968: 11.0
instr 969: 4.25
instr 970: 5.25
instr 971: 12.0
instr 972: 8.25
instr 973: 9.0
instr 974: 7.25
instr 975: 8.5
instr 976: 9.25
instr 977: 6.25
instr 978: 8.0
instr 979: 7.75
instr 980: 7.25
instr 981: 8.75
instr 982: 4.5
instr 983: 7.75
instr 984: 7.5
instr 985: 6.75
instr 986: 5.25
instr 987: 5.5
instr 988: 9.5
instr 989: 11.5
instr 990: 4.75
instr 991: 7.25
instr 992: 8.75
instr 993: 5.25
instr 994: 6.75
instr 995: 4.5
instr 996: 7.25
instr 997: 11.5
instr 998: 5.5
instr 999: 9.5
instr 1000: 6.0
instr 1001: 9.5
instr 1002: 9.25
instr 1003: 6.75
