instr 0: 0
instr 1: 0
instr 2: 0
instr 3: 0
instr 4: 41
instr 5: 19
instr 6: 24
instr 7: 25
instr 8: 8
instr 9: 43
instr 10: 10
instr 11: 1
instr 12: 11
instr 13: 11
instr 14: 10
instr 15: 48
instr 16: 3
instr 17: 6
instr 18: 75
instr 19: 10
instr 20: 14
instr 21: 15
instr 22: 78
instr 23: 7
instr 24: 0
instr 25: 0
instr 26: 19
instr 27: 2
instr 28: 0
instr 29: 7
instr 30: 45
instr 31: 29
instr 32: 45
instr 33: 8
instr 34: 16
instr 35: 34
instr 36: 16
instr 37: 14
instr 38: 18
instr 39: 9
instr 40: 2
instr 41: 11
instr 42: 8
instr 43: 52
instr 44: 3
instr 45: 28
instr 46: 13
instr 47: 22
instr 48: 84
instr 49: 25
instr 50: 45
instr 51: 45
instr 52: 35
instr 53: 22
instr 54: 8
instr 55: 18
instr 56: 51
instr 57: 14
instr 58: 46
instr 59: 64
instr 60: 36
instr 61: 16
instr 62: 25
instr 63: 25
instr 64: 50
instr 65: 20
instr 66: 22
instr 67: 39
instr 68: 5
instr 69: 57
instr 70: 8
instr 71: 1
instr 72: 58
instr 73: 10
instr 74: 13
instr 75: 2
instr 76: 39
instr 77: 62
instr 78: 113
instr 79: 57
instr 80: 4
instr 81: 27
instr 82: 30
instr 83: 6
instr 84: 71
instr 85: 26
instr 86: 5
instr 87: 90
instr 88: 0
instr 89: 18
instr 90: 78
instr 91: 10
instr 92: 162
instr 93: 3
instr 94: 9
instr 95: 41
instr 96: 29
instr 97: 17
instr 98: 49
instr 99: 31
instr 100: 4
instr 101: 3
instr 102: 13
instr 103: 5
instr 104: 11
instr 105: 4
instr 106: 30
instr 107: 12
instr 108: 25
instr 109: 53
instr 110: 30
instr 111: 11
instr 112: 76
instr 113: 29
instr 114: 35
instr 115: 46
instr 116: 1
instr 117: 41
instr 118: 22
instr 119: 87
instr 120: 0
instr 121: 0
instr 122: 73
instr 123: 0
instr 124: 23
instr 125: 13
instr 126: 7
instr 127: 3
instr 128: 30
instr 129: 4
instr 130: 10
instr 131: 25
instr 132: 82
instr 133: 14
instr 134: 10
instr 135: 14
instr 136: 31
instr 137: 38
instr 138: 0
instr 139: 18
instr 140: 36
instr 141: 10
instr 142: 3
instr 143: 24
instr 144: 6
instr 145: 24
instr 146: 41
instr 147: 9
instr 148: 12
instr 149: 28
instr 150: 44
instr 151: 13
instr 152: 2
instr 153: 30
instr 154: 60
instr 155: 48
instr 156: 8
instr 157: 18
instr 158: 43
instr 159: 26
instr 160: 22
instr 161: 14
instr 162: 2
instr 163: 39
instr 164: 55
instr 165: 106
instr 166: 11
instr 167: 17
instr 168: 43
instr 169: 3
instr 170: 84
instr 171: 15
instr 172: 13
instr 173: 2
instr 174: 22
instr 175: 55
instr 176: 5
instr 177: 44
instr 178: 26
instr 179: 18
instr 180: 27
instr 181: 2
instr 182: 2
instr 183: 126
instr 184: 19
instr 185: 5
instr 186: 0
instr 187: 13
instr 188: 10
instr 189: 0
instr 190: 29
instr 191: 3
instr 192: 14
instr 193: 28
instr 194: 9
instr 195: 22
instr 196: 42
instr 197: 2
instr 198: 3
instr 199: 30
instr 200: 12
instr 201: 4
instr 202: 3
instr 203: 4
instr 204: 8
instr 205: 1
instr 206: 0
instr 207: 11
instr 208: 15
instr 209: 68
instr 210: 18
instr 211: 1
instr 212: 28
instr 213: 38
instr 214: 114
instr 215: 1
instr 216: 0
instr 217: 10
instr 218: 17
instr 219: 3
instr 220: 15
instr 221: 21
instr 222: 66
instr 223: 36
instr 224: 58
instr 225: 31
instr 226: 120
instr 227: 26
instr 228: 0
instr 229: 10
instr 230: 4
instr 231: 2
instr 232: 3
instr 233: 30
instr 234: 20
instr 235: 13
instr 236: 33
instr 237: 7
instr 238: 53
instr 239: 21
instr 240: 4
instr 241: 37
instr 242: 33
instr 243: 54
instr 244: 27
instr 245: 20
instr 246: 39
instr 247: 54
instr 248: 38
instr 249: 100
instr 250: 42
instr 251: 23
instr 252: 2
instr 253: 6
instr 254: 54
instr 255: 0
instr 256: 4
instr 257: 40
instr 258: 11
instr 259: 32
instr 260: 15
instr 261: 58
instr 262: 57
instr 263: 18
instr 264: 22
instr 265: 6
instr 266: 2
instr 267: 22
instr 268: 8
instr 269: 43
instr 270: 27
instr 271: 2
instr 272: 18
instr 273: 16
instr 274: 5
instr 275: 4
instr 276: 18
instr 277: 18
instr 278: 22
instr 279: 17
instr 280: 17
instr 281: 14
instr 282: 36
instr 283: 4
instr 284: 90
instr 285: 29
instr 286: 2
instr 287: 1
instr 288: 33
instr 289: 16
instr 290: 8
instr 291: 4
instr 292: 16
instr 293: 112
instr 294: 19
instr 295: 73
instr 296: 51
instr 297: 19
instr 298: 8
instr 299: 11
instr 300: 6
instr 301: 1
instr 302: 6
instr 303: 12
instr 304: 21
instr 305: 97
instr 306: 20
instr 307: 31
instr 308: 51
instr 309: 39
instr 310: 34
instr 311: 14
instr 312: 14
instr 313: 23
instr 314: 19
instr 315: 12
instr 316: 57
instr 317: 5
instr 318: 16
instr 319: 79
instr 320: 29
instr 321: 1
instr 322: 26
instr 323: 38
instr 324: 20
instr 325: 15
instr 326: 20
instr 327: 7
instr 328: 17
instr 329: 7
instr 330: 16
instr 331: 10
instr 332: 66
instr 333: 14
instr 334: 13
instr 335: 18
instr 336: 16
instr 337: 19
instr 338: 42
instr 339: 5
instr 340: 16
instr 341: 0
instr 342: 4
instr 343: 1
instr 344: 27
instr 345: 3
instr 346: 1
instr 347: 25
instr 348: 24
instr 349: 3
instr 350: 39
instr 351: 10
instr 352: 5
instr 353: 9
instr 354: 16
instr 355: 15
instr 356: 23
instr 357: 72
instr 358: 22
instr 359: 6
instr 360: 59
instr 361: 9
instr 362: 53
instr 363: 11
instr 364: 6
instr 365: 34
instr 366: 35
instr 367: 1
instr 368: 76
instr 369: 59
instr 370: 24
instr 371: 4
instr 372: 3
instr 373: 15
instr 374: 22
instr 375: 17
instr 376: 11
instr 377: 27
instr 378: 35
instr 379: 17
instr 380: 18
instr 381: 0
instr 382: 6
instr 383: 8
instr 384: 35
instr 385: 1
instr 386: 20
instr 387: 7
instr 388: 18
instr 389: 2
instr 390: 27
instr 391: 16
instr 392: 22
instr 393: 0
instr 394: 10
instr 395: 1
instr 396: 3
instr 397: 32
instr 398: 11
instr 399: 84
instr 400: 5
instr 401: 49
instr 402: 1
instr 403: 45
instr 404: 13
instr 405: 3
instr 406: 54
instr 407: 10
instr 408: 39
instr 409: 7
instr 410: 2
instr 411: 6
instr 412: 34
instr 413: 6
instr 414: 41
instr 415: 13
instr 416: 45
instr 417: 9
instr 418: 10
instr 419: 49
instr 420: 0
instr 421: 23
instr 422: 36
instr 423: 2
instr 424: 78
instr 425: 101
instr 426: 73
instr 427: 9
instr 428: 47
instr 429: 11
instr 430: 2
instr 431: 14
instr 432: 21
instr 433: 1
instr 434: 42
instr 435: 54
instr 436: 19
instr 437: 37
instr 438: 23
instr 439: 2
instr 440: 38
instr 441: 2
instr 442: 8
instr 443: 0
instr 444: 43
instr 445: 47
instr 446: 8
instr 447: 14
instr 448: 55
instr 449: 0
instr 450: 37
instr 451: 21
instr 452: 4
instr 453: 57
instr 454: 2
instr 455: 14
instr 456: 17
instr 457: 17
instr 458: 6
instr 459: 36
instr 460: 17
instr 461: 9
instr 462: 3
instr 463: 29
instr 464: 6
instr 465: 27
instr 466: 18
instr 467: 14
instr 468: 5
instr 469: 95
instr 470: 46
instr 471: 70
instr 472: 10
instr 473: 66
instr 474: 24
instr 475: 7
instr 476: 29
instr 477: 31
instr 478: 33
instr 479: 4
instr 480: 99
instr 481: 49
instr 482: 17
instr 483: 10
instr 484: 29
instr 485: 26
instr 486: 7
instr 487: 13
instr 488: 13
instr 489: 94
instr 490: 2
instr 491: 7
instr 492: 31
instr 493: 33
instr 494: 19
instr 495: 16
instr 496: 34
instr 497: 37
instr 498: 61
instr 499: 2
instr 500: 10
instr 501: 28
instr 502: 88
instr 503: 6
instr 504: 14
instr 505: 13
instr 506: 43
instr 507: 13
instr 508: 19
instr 509: 13
instr 510: 31
instr 511: 63
instr 512: 18
instr 513: 61
instr 514: 1
instr 515: 47
instr 516: 16
instr 517: 28
instr 518: 15
instr 519: 22
instr 520: 4
instr 521: 70
instr 522: 39
instr 523: 9
instr 524: 122
instr 525: 35
instr 526: 22
instr 527: 19
instr 528: 12
instr 529: 30
instr 530: 37
instr 531: 49
instr 532: 65
instr 533: 9
instr 534: 10
instr 535: 23
instr 536: 14
instr 537: 12
instr 538: 2
instr 539: 6
instr 540: 103
instr 541: 8
instr 542: 37
instr 543: 32
instr 544: 32
instr 545: 7
instr 546: 3
instr 547: 9
instr 548: 0
instr 549: 6
instr 550: 44
instr 551: 88
instr 552: 8
instr 553: 12
instr 554: 3
instr 555: 5
instr 556: 1
instr 557: 114
instr 558: 43
instr 559: 1
instr 560: 21
instr 561: 3
instr 562: 19
instr 563: 91
instr 564: 30
instr 565: 54
instr 566: 4
instr 567: 10
instr 568: 16
instr 569: 41
instr 570: 70
instr 571: 22
instr 572: 10
instr 573: 10
instr 574: 52
instr 575: 56
instr 576: 6
instr 577: 55
instr 578: 29
instr 579: 94
instr 580: 20
instr 581: 10
instr 582: 76
instr 583: 62
instr 584: 4
instr 585: 30
instr 586: 11
instr 587: 39
instr 588: 14
instr 589: 8
instr 590: 8
instr 591: 3
instr 592: 45
instr 593: 32
instr 594: 45
instr 595: 18
instr 596: 23
instr 597: 8
instr 598: 6
instr 599: 14
instr 600: 10
instr 601: 42
instr 602: 23
instr 603: 10
instr 604: 23
instr 605: 0
instr 606: 30
instr 607: 34
instr 608: 8
instr 609: 40
instr 610: 8
instr 611: 14
instr 612: 1
instr 613: 11
instr 614: 0
instr 615: 2
instr 616: 9
instr 617: 14
instr 618: 0
instr 619: 32
instr 620: 36
instr 621: 28
instr 622: 7
instr 623: 6
instr 624: 23
instr 625: 1
instr 626: 25
instr 627: 24
instr 628: 5
instr 629: 37
instr 630: 36
instr 631: 4
instr 632: 7
instr 633: 44
instr 634: 84
instr 635: 42
instr 636: 57
instr 637: 0
instr 638: 7
instr 639: 14
instr 640: 5
instr 641: 38
instr 642: 1
instr 643: 95
instr 644: 105
instr 645: 16
instr 646: 14
instr 647: 14
instr 648: 23
instr 649: 3
instr 650: 51
instr 651: 3
instr 652: 11
instr 653: 32
instr 654: 34
instr 655: 1
instr 656: 11
instr 657: 12
instr 658: 50
instr 659: 0
instr 660: 11
instr 661: 21
instr 662: 3
instr 663: 34
instr 664: 32
instr 665: 26
instr 666: 31
instr 667: 35
instr 668: 10
instr 669: 2
instr 670: 57
instr 671: 0
instr 672: 7
instr 673: 76
instr 674: 27
instr 675: 13
instr 676: 20
instr 677: 5
instr 678: 60
instr 679: 7
instr 680: 27
instr 681: 44
instr 682: 15
instr 683: 0
instr 684: 64
instr 685: 47
instr 686: 9
instr 687: 32
instr 688: 5
instr 689: 68
instr 690: 85
instr 691: 2
instr 692: 0
instr 693: 17
instr 694: 22
instr 695: 64
instr 696: 13
instr 697: 19
instr 698: 8
instr 699: 3
instr 700: 25
instr 701: 8
instr 702: 13
instr 703: 17
instr 704: 1
instr 705: 13
instr 706: 66
instr 707: 28
instr 708: 41
instr 709: 5
instr 710: 3
instr 711: 10
instr 712: 34
instr 713: 58
instr 714: 20
instr 715: 8
instr 716: 48
instr 717: 32
instr 718: 4
instr 719: 1
instr 720: 8
instr 721: 20
instr 722: 24
instr 723: 5
instr 724: 21
instr 725: 39
instr 726: 14
instr 727: 24
instr 728: 41
instr 729: 11
instr 730: 123
instr 731: 17
instr 732: 12
instr 733: 33
instr 734: 1
instr 735: 21
instr 736: 23
instr 737: 4
instr 738: 25
instr 739: 15
instr 740: 8
instr 741: 1
instr 742: 11
instr 743: 61
instr 744: 2
instr 745: 10
instr 746: 39
instr 747: 11
instr 748: 62
instr 749: 3
instr 750: 59
instr 751: 25
instr 752: 13
instr 753: 73
instr 754: 14
instr 755: 40
instr 756: 140
instr 757: 66
instr 758: 48
instr 759: 11
instr 760: 31
instr 761: 72
instr 762: 15
instr 763: 25
instr 764: 0
instr 765: 28
instr 766: 62
instr 767: 4
instr 768: 40
instr 769: 14
instr 770: 57
instr 771: 8
instr 772: 47
instr 773: 28
instr 774: 52
instr 775: 41
instr 776: 17
instr 777: 21
instr 778: 4
instr 779: 37
instr 780: 11
instr 781: 44
instr 782: 41
instr 783: 21
instr 784: 35
instr 785: 26
instr 786: 25
instr 787: 0
instr 788: 24
instr 789: 0
instr 790: 26
instr 791: 7
instr 792: 29
instr 793: 27
instr 794: 7
instr 795: 19
instr 796: 22
instr 797: 9
instr 798: 9
instr 799: 69
instr 800: 22
instr 801: 13
instr 802: 28
instr 803: 22
instr 804: 21
instr 805: 55
instr 806: 66
instr 807: 51
instr 808: 14
instr 809: 8
instr 810: 6
instr 811: 24
instr 812: 12
instr 813: 13
instr 814: 22
instr 815: 8
instr 816: 6
instr 817: 13
instr 818: 24
instr 819: 43
instr 820: 33
instr 821: 2
instr 822: 2
instr 823: 17
instr 824: 15
instr 825: 25
instr 826: 27
instr 827: 3
instr 828: 11
instr 829: 74
instr 830: 15
instr 831: 109
instr 832: 74
instr 833: 3
instr 834: 31
instr 835: 4
instr 836: 11
instr 837: 1
instr 838: 57
instr 839: 48
instr 840: 20
instr 841: 32
instr 842: 11
instr 843: 1
instr 844: 0
instr 845: 16
instr 846: 15
instr 847: 54
instr 848: 9
instr 849: 56
instr 850: 17
instr 851: 39
instr 852: 25
instr 853: 37
instr 854: 37
instr 855: 31
instr 856: 17
instr 857: 10
instr 858: 18
instr 859: 19
instr 860: 39
instr 861: 0
instr 862: 4
instr 863: 20
instr 864: 17
instr 865: 0
instr 866: 6
instr 867: 24
instr 868: 29
instr 869: 57
instr 870: 16
instr 871: 21
instr 872: 14
instr 873: 8
instr 874: 48
instr 875: 3
instr 876: 7
instr 877: 59
instr 878: 6
instr 879: 1
instr 880: 15
instr 881: 2
instr 882: 13
instr 883: 6
instr 884: 46
instr 885: 35
instr 886: 29
instr 887: 7
instr 888: 6
instr 889: 4
instr 890: 20
instr 891: 1
instr 892: 19
instr 893: 25
instr 894: 46
instr 895: 2
instr 896: 3
instr 897: 1
instr 898: 15
instr 899: 15
instr 900: 3
instr 901: 13
instr 902: 8
instr 903: 40
instr 904: 12
instr 905: 45
instr 906: 21
instr 907: 5
instr 908: 12
instr 909: 88
instr 910: 47
instr 911: 7
instr 912: 9
instr 913: 3
instr 914: 3
instr 915: 40
instr 916: 36
instr 917: 27
instr 918: 11
instr 919: 14
instr 920: 6
instr 921: 7
instr 922: 14
instr 923: 25
instr 924: 13
instr 925: 7
instr 926: 18
instr 927: 41
instr 928: 14
instr 929: 8
instr 930: 41
instr 931: 23
instr 932: 35
instr 933: 35
instr 934: 19
instr 935: 9
instr 936: 7
instr 937: 0
instr 938: 61
instr 939: 47
instr 940: 16
instr 941: 47
instr 942: 44
instr 943: 16
instr 944: 44
instr 945: 47
instr 946: 21
instr 947: 28
instr 948: 16
instr 949: 0
instr 950: 22
instr 951: 32
instr 952: 11
instr 953: 10
instr 954: 3
instr 955: 30
instr 956: 51
instr 957: 19
instr 958: 77
instr 959: 35
instr 960: 5
instr 961: 40
instr 962: 7
instr 963: 9
instr 964: 8
instr 965: 12
instr 966: 80
instr 967: 10
instr 968: 18
instr 969: 35
instr 970: 27
instr 971: 33
instr 972: 11
instr 973: 65
instr 974: 21
instr 975: 53
instr 976: 24
instr 977: 13
instr 978: 36
instr 979: 75
instr 980: 44
instr 981: 49
instr 982: 14
instr 983: 14
instr 984: 7
instr 985: 25
instr 986: 41
instr 987: 67
instr 988: 59
instr 989: 9
instr 990: 44
instr 991: 39
instr 992: 47
instr 993: 26
instr 994: 9
instr 995: 6
instr 996: 54
instr 997: 25
instr 998: 10
instr 999: 38
instr 1000: 13
instr 1001: 43
instr 1002: 0
instr 1003: 4
