instr 0: 0
instr 1: 0
instr 2: 0
instr 3: 0
instr 4: 15
instr 5: 14
instr 6: 15
instr 7: 13
instr 8: 12
instr 9: 14
instr 10: 14
instr 11: 15
instr 12: 15
instr 13: 15
instr 14: 15
instr 15: 14
instr 16: 14
instr 17: 15
instr 18: 14
instr 19: 15
instr 20: 15
instr 21: 13
instr 22: 12
instr 23: 13
instr 24: 15
instr 25: 15
instr 26: 12
instr 27: 13
instr 28: 13
instr 29: 15
instr 30: 13
instr 31: 15
instr 32: 14
instr 33: 15
instr 34: 15
instr 35: 15
instr 36: 15
instr 37: 15
instr 38: 15
instr 39: 15
instr 40: 14
instr 41: 13
instr 42: 11
instr 43: 15
instr 44: 15
instr 45: 13
instr 46: 15
instr 47: 15
instr 48: 14
instr 49: 12
instr 50: 15
instr 51: 13
instr 52: 14
instr 53: 14
instr 54: 15
instr 55: 13
instr 56: 13
instr 57: 13
instr 58: 15
instr 59: 13
instr 60: 15
instr 61: 15
instr 62: 15
instr 63: 12
instr 64: 15
instr 65: 15
instr 66: 14
instr 67: 15
instr 68: 15
instr 69: 14
instr 70: 15
instr 71: 12
instr 72: 13
instr 73: 15
instr 74: 12
instr 75: 15
instr 76: 13
instr 77: 15
instr 78: 15
instr 79: 15
instr 80: 14
instr 81: 14
instr 82: 15
instr 83: 12
instr 84: 15
instr 85: 14
instr 86: 15
instr 87: 13
instr 88: 14
instr 89: 10
instr 90: 15
instr 91: 15
instr 92: 10
instr 93: 13
instr 94: 15
instr 95: 15
instr 96: 13
instr 97: 14
instr 98: 13
instr 99: 15
instr 100: 15
instr 101: 13
instr 102: 14
instr 103: 11
instr 104: 15
instr 105: 10
instr 106: 15
instr 107: 15
instr 108: 15
instr 109: 15
instr 110: 15
instr 111: 14
instr 112: 15
instr 113: 15
instr 114: 15
instr 115: 15
instr 116: 14
instr 117: 15
instr 118: 15
instr 119: 15
instr 120: 15
instr 121: 15
instr 122: 13
instr 123: 15
instr 124: 15
instr 125: 13
instr 126: 14
instr 127: 14
instr 128: 15
instr 129: 14
instr 130: 15
instr 131: 15
instr 132: 13
instr 133: 15
instr 134: 15
instr 135: 12
instr 136: 13
instr 137: 13
instr 138: 15
instr 139: 14
instr 140: 14
instr 141: 15
instr 142: 14
instr 143: 13
instr 144: 14
instr 145: 14
instr 146: 13
instr 147: 14
instr 148: 13
instr 149: 12
instr 150: 13
instr 151: 15
instr 152: 14
instr 153: 15
instr 154: 14
instr 155: 14
instr 156: 14
instr 157: 15
instr 158: 14
instr 159: 12
instr 160: 15
instr 161: 14
instr 162: 14
instr 163: 15
instr 164: 11
instr 165: 14
instr 166: 15
instr 167: 9
instr 168: 14
instr 169: 12
instr 170: 12
instr 171: 15
instr 172: 14
instr 173: 14
instr 174: 15
instr 175: 14
instr 176: 14
instr 177: 15
instr 178: 6
instr 179: 15
instr 180: 14
instr 181: 13
instr 182: 13
instr 183: 15
instr 184: 15
instr 185: 13
instr 186: 13
instr 187: 13
instr 188: 13
instr 189: 14
instr 190: 11
instr 191: 15
instr 192: 15
instr 193: 14
instr 194: 14
instr 195: 11
instr 196: 15
instr 197: 15
instr 198: 15
instr 199: 13
instr 200: 15
instr 201: 15
instr 202: 15
instr 203: 9
instr 204: 15
instr 205: 14
instr 206: 9
instr 207: 15
instr 208: 12
instr 209: 13
instr 210: 15
instr 211: 11
instr 212: 14
instr 213: 12
instr 214: 13
instr 215: 14
instr 216: 10
instr 217: 15
instr 218: 14
instr 219: 13
instr 220: 14
instr 221: 15
instr 222: 12
instr 223: 15
instr 224: 15
instr 225: 12
instr 226: 15
instr 227: 15
instr 228: 13
instr 229: 13
instr 230: 15
instr 231: 14
instr 232: 12
instr 233: 14
instr 234: 10
instr 235: 14
instr 236: 15
instr 237: 14
instr 238: 15
instr 239: 14
instr 240: 13
instr 241: 15
instr 242: 15
instr 243: 15
instr 244: 13
instr 245: 15
instr 246: 15
instr 247: 13
instr 248: 15
instr 249: 15
instr 250: 14
instr 251: 14
instr 252: 15
instr 253: 15
instr 254: 14
instr 255: 13
instr 256: 15
instr 257: 15
instr 258: 12
instr 259: 15
instr 260: 13
instr 261: 14
instr 262: 14
instr 263: 15
instr 264: 11
instr 265: 15
instr 266: 15
instr 267: 10
instr 268: 15
instr 269: 14
instr 270: 15
instr 271: 15
instr 272: 13
instr 273: 15
instr 274: 11
instr 275: 15
instr 276: 14
instr 277: 15
instr 278: 14
instr 279: 14
instr 280: 15
instr 281: 14
instr 282: 15
instr 283: 15
instr 284: 10
instr 285: 15
instr 286: 14
instr 287: 9
instr 288: 15
instr 289: 15
instr 290: 15
instr 291: 13
instr 292: 14
instr 293: 13
instr 294: 14
instr 295: 14
instr 296: 15
instr 297: 15
instr 298: 15
instr 299: 14
instr 300: 12
instr 301: 11
instr 302: 15
instr 303: 14
instr 304: 15
instr 305: 14
instr 306: 14
instr 307: 15
instr 308: 15
instr 309: 12
instr 310: 15
instr 311: 14
instr 312: 15
instr 313: 13
instr 314: 14
instr 315: 14
instr 316: 15
instr 317: 14
instr 318: 15
instr 319: 11
instr 320: 14
instr 321: 10
instr 322: 15
instr 323: 15
instr 324: 12
instr 325: 14
instr 326: 15
instr 327: 14
instr 328: 13
instr 329: 14
instr 330: 12
instr 331: 15
instr 332: 13
instr 333: 13
instr 334: 14
instr 335: 8
instr 336: 15
instr 337: 11
instr 338: 14
instr 339: 15
instr 340: 12
instr 341: 15
instr 342: 14
instr 343: 14
instr 344: 15
instr 345: 13
instr 346: 15
instr 347: 14
instr 348: 15
instr 349: 12
instr 350: 14
instr 351: 15
instr 352: 13
instr 353: 12
instr 354: 13
instr 355: 15
instr 356: 14
instr 357: 14
instr 358: 14
instr 359: 12
instr 360: 13
instr 361: 8
instr 362: 14
instr 363: 12
instr 364: 12
instr 365: 14
instr 366: 13
instr 367: 15
instr 368: 15
instr 369: 15
instr 370: 14
instr 371: 14
instr 372: 11
instr 373: 15
instr 374: 15
instr 375: 12
instr 376: 15
instr 377: 13
instr 378: 14
instr 379: 14
instr 380: 15
instr 381: 15
instr 382: 13
instr 383: 12
instr 384: 15
instr 385: 14
instr 386: 15
instr 387: 14
instr 388: 14
instr 389: 13
instr 390: 10
instr 391: 14
instr 392: 15
instr 393: 14
instr 394: 13
instr 395: 14
instr 396: 14
instr 397: 15
instr 398: 12
instr 399: 15
instr 400: 14
instr 401: 13
instr 402: 14
instr 403: 12
instr 404: 14
instr 405: 15
instr 406: 15
instr 407: 14
instr 408: 13
instr 409: 11
instr 410: 15
instr 411: 14
instr 412: 15
instr 413: 13
instr 414: 15
instr 415: 15
instr 416: 12
instr 417: 14
instr 418: 13
instr 419: 14
instr 420: 15
instr 421: 15
instr 422: 13
instr 423: 15
instr 424: 14
instr 425: 14
instr 426: 14
instr 427: 14
instr 428: 11
instr 429: 15
instr 430: 15
instr 431: 11
instr 432: 12
instr 433: 13
instr 434: 15
instr 435: 15
instr 436: 15
instr 437: 12
instr 438: 14
instr 439: 14
instr 440: 14
instr 441: 15
instr 442: 15
instr 443: 15
instr 444: 12
instr 445: 14
instr 446: 15
instr 447: 15
instr 448: 15
instr 449: 12
instr 450: 15
instr 451: 14
instr 452: 15
instr 453: 14
instr 454: 15
instr 455: 12
instr 456: 15
instr 457: 14
instr 458: 14
instr 459: 14
instr 460: 11
instr 461: 14
instr 462: 15
instr 463: 13
instr 464: 15
instr 465: 15
instr 466: 15
instr 467: 15
instr 468: 15
instr 469: 14
instr 470: 15
instr 471: 12
instr 472: 12
instr 473: 13
instr 474: 15
instr 475: 14
instr 476: 13
instr 477: 15
instr 478: 14
instr 479: 15
instr 480: 15
instr 481: 15
instr 482: 14
instr 483: 15
instr 484: 13
instr 485: 14
instr 486: 15
instr 487: 15
instr 488: 13
instr 489: 15
instr 490: 13
instr 491: 14
instr 492: 15
instr 493: 15
instr 494: 15
instr 495: 15
instr 496: 14
instr 497: 14
instr 498: 13
instr 499: 15
instr 500: 14
instr 501: 13
instr 502: 14
instr 503: 14
instr 504: 14
instr 505: 9
instr 506: 14
instr 507: 15
instr 508: 15
instr 509: 14
instr 510: 14
instr 511: 15
instr 512: 12
instr 513: 14
instr 514: 12
instr 515: 12
instr 516: 15
instr 517: 15
instr 518: 13
instr 519: 12
instr 520: 15
instr 521: 15
instr 522: 14
instr 523: 14
instr 524: 10
instr 525: 15
instr 526: 12
instr 527: 14
instr 528: 15
instr 529: 15
instr 530: 14
instr 531: 12
instr 532: 13
instr 533: 13
instr 534: 13
instr 535: 14
instr 536: 15
instr 537: 15
instr 538: 15
instr 539: 13
instr 540: 14
instr 541: 13
instr 542: 15
instr 543: 15
instr 544: 9
instr 545: 15
instr 546: 15
instr 547: 15
instr 548: 11
instr 549: 15
instr 550: 14
instr 551: 12
instr 552: 15
instr 553: 14
instr 554: 13
instr 555: 13
instr 556: 11
instr 557: 13
instr 558: 13
instr 559: 15
instr 560: 14
instr 561: 14
instr 562: 15
instr 563: 15
instr 564: 14
instr 565: 15
instr 566: 15
instr 567: 11
instr 568: 15
instr 569: 15
instr 570: 13
instr 571: 15
instr 572: 14
instr 573: 15
instr 574: 13
instr 575: 12
instr 576: 15
instr 577: 9
instr 578: 15
instr 579: 13
instr 580: 15
instr 581: 15
instr 582: 15
instr 583: 12
instr 584: 15
instr 585: 14
instr 586: 15
instr 587: 14
instr 588: 14
instr 589: 14
instr 590: 15
instr 591: 14
instr 592: 14
instr 593: 15
instr 594: 15
instr 595: 15
instr 596: 15
instr 597: 12
instr 598: 13
instr 599: 12
instr 600: 14
instr 601: 14
instr 602: 13
instr 603: 12
instr 604: 12
instr 605: 14
instr 606: 15
instr 607: 15
instr 608: 12
instr 609: 15
instr 610: 10
instr 611: 15
instr 612: 9
instr 613: 12
instr 614: 12
instr 615: 13
instr 616: 14
instr 617: 15
instr 618: 13
instr 619: 15
instr 620: 15
instr 621: 15
instr 622: 15
instr 623: 14
instr 624: 15
instr 625: 14
instr 626: 13
instr 627: 15
instr 628: 15
instr 629: 14
instr 630: 15
instr 631: 13
instr 632: 15
instr 633: 15
instr 634: 13
instr 635: 10
instr 636: 15
instr 637: 14
instr 638: 11
instr 639: 15
instr 640: 15
instr 641: 14
instr 642: 15
instr 643: 15
instr 644: 12
instr 645: 15
instr 646: 15
instr 647: 15
instr 648: 15
instr 649: 15
instr 650: 15
instr 651: 13
instr 652: 14
instr 653: 13
instr 654: 14
instr 655: 11
instr 656: 14
instr 657: 14
instr 658: 15
instr 659: 14
instr 660: 15
instr 661: 15
instr 662: 12
instr 663: 13
instr 664: 10
instr 665: 11
instr 666: 14
instr 667: 15
instr 668: 12
instr 669: 14
instr 670: 15
instr 671: 12
instr 672: 14
instr 673: 15
instr 674: 14
instr 675: 15
instr 676: 11
instr 677: 12
instr 678: 15
instr 679: 10
instr 680: 13
instr 681: 13
instr 682: 15
instr 683: 12
instr 684: 15
instr 685: 13
instr 686: 12
instr 687: 15
instr 688: 14
instr 689: 15
instr 690: 13
instr 691: 12
instr 692: 12
instr 693: 14
instr 694: 15
instr 695: 15
instr 696: 15
instr 697: 14
instr 698: 11
instr 699: 14
instr 700: 12
instr 701: 10
instr 702: 13
instr 703: 14
instr 704: 15
instr 705: 15
instr 706: 15
instr 707: 9
instr 708: 15
instr 709: 15
instr 710: 14
instr 711: 15
instr 712: 15
instr 713: 9
instr 714: 13
instr 715: 14
instr 716: 15
instr 717: 15
instr 718: 15
instr 719: 14
instr 720: 13
instr 721: 15
instr 722: 15
instr 723: 13
instr 724: 14
instr 725: 15
instr 726: 15
instr 727: 14
instr 728: 15
instr 729: 12
instr 730: 13
instr 731: 10
instr 732: 14
instr 733: 14
instr 734: 13
instr 735: 15
instr 736: 15
instr 737: 13
instr 738: 13
instr 739: 15
instr 740: 15
instr 741: 8
instr 742: 14
instr 743: 15
instr 744: 14
instr 745: 14
instr 746: 14
instr 747: 13
instr 748: 15
instr 749: 15
instr 750: 15
instr 751: 15
instr 752: 13
instr 753: 13
instr 754: 14
instr 755: 10
instr 756: 12
instr 757: 13
instr 758: 15
instr 759: 13
instr 760: 15
instr 761: 14
instr 762: 15
instr 763: 14
instr 764: 15
instr 765: 15
instr 766: 15
instr 767: 15
instr 768: 11
instr 769: 15
instr 770: 15
instr 771: 15
instr 772: 11
instr 773: 15
instr 774: 14
instr 775: 12
instr 776: 15
instr 777: 14
instr 778: 15
instr 779: 15
instr 780: 15
instr 781: 12
instr 782: 14
instr 783: 10
instr 784: 14
instr 785: 11
instr 786: 15
instr 787: 14
instr 788: 15
instr 789: 13
instr 790: 15
instr 791: 15
instr 792: 14
instr 793: 10
instr 794: 13
instr 795: 15
instr 796: 12
instr 797: 14
instr 798: 13
instr 799: 15
instr 800: 15
instr 801: 15
instr 802: 11
instr 803: 15
instr 804: 15
instr 805: 15
instr 806: 15
instr 807: 14
instr 808: 14
instr 809: 15
instr 810: 15
instr 811: 15
instr 812: 12
instr 813: 14
instr 814: 15
instr 815: 15
instr 816: 15
instr 817: 14
instr 818: 13
instr 819: 13
instr 820: 15
instr 821: 15
instr 822: 12
instr 823: 15
instr 824: 14
instr 825: 15
instr 826: 15
instr 827: 15
instr 828: 14
instr 829: 15
instr 830: 12
instr 831: 11
instr 832: 15
instr 833: 15
instr 834: 14
instr 835: 15
instr 836: 14
instr 837: 15
instr 838: 15
instr 839: 14
instr 840: 15
instr 841: 15
instr 842: 14
instr 843: 15
instr 844: 14
instr 845: 14
instr 846: 14
instr 847: 12
instr 848: 12
instr 849: 15
instr 850: 14
instr 851: 15
instr 852: 15
instr 853: 14
instr 854: 15
instr 855: 12
instr 856: 9
instr 857: 12
instr 858: 14
instr 859: 14
instr 860: 14
instr 861: 15
instr 862: 14
instr 863: 14
instr 864: 12
instr 865: 15
instr 866: 13
instr 867: 15
instr 868: 15
instr 869: 15
instr 870: 13
instr 871: 13
instr 872: 13
instr 873: 15
instr 874: 15
instr 875: 14
instr 876: 15
instr 877: 15
instr 878: 13
instr 879: 14
instr 880: 14
instr 881: 14
instr 882: 15
instr 883: 13
instr 884: 11
instr 885: 15
instr 886: 12
instr 887: 15
instr 888: 14
instr 889: 15
instr 890: 14
instr 891: 15
instr 892: 12
instr 893: 11
instr 894: 13
instr 895: 14
instr 896: 14
instr 897: 15
instr 898: 15
instr 899: 15
instr 900: 15
instr 901: 11
instr 902: 12
instr 903: 12
instr 904: 10
instr 905: 12
instr 906: 13
instr 907: 15
instr 908: 12
instr 909: 15
instr 910: 14
instr 911: 13
instr 912: 10
instr 913: 15
instr 914: 14
instr 915: 15
instr 916: 12
instr 917: 15
instr 918: 11
instr 919: 15
instr 920: 14
instr 921: 14
instr 922: 14
instr 923: 15
instr 924: 15
instr 925: 14
instr 926: 15
instr 927: 15
instr 928: 13
instr 929: 13
instr 930: 15
instr 931: 14
instr 932: 14
instr 933: 15
instr 934: 13
instr 935: 14
instr 936: 15
instr 937: 15
instr 938: 15
instr 939: 14
instr 940: 15
instr 941: 15
instr 942: 10
instr 943: 13
instr 944: 14
instr 945: 15
instr 946: 15
instr 947: 14
instr 948: 13
instr 949: 15
instr 950: 15
instr 951: 14
instr 952: 13
instr 953: 15
instr 954: 15
instr 955: 15
instr 956: 15
instr 957: 15
instr 958: 13
instr 959: 15
instr 960: 15
instr 961: 14
instr 962: 15
instr 963: 14
instr 964: 14
instr 965: 14
instr 966: 15
instr 967: 15
instr 968: 15
instr 969: 14
instr 970: 14
instr 971: 13
instr 972: 14
instr 973: 15
instr 974: 15
instr 975: 13
instr 976: 13
instr 977: 14
instr 978: 10
instr 979: 15
instr 980: 13
instr 981: 15
instr 982: 15
instr 983: 15
instr 984: 14
instr 985: 15
instr 986: 15
instr 987: 15
instr 988: 13
instr 989: 15
instr 990: 15
instr 991: 15
instr 992: 14
instr 993: 15
instr 994: 12
instr 995: 15
instr 996: 14
instr 997: 15
instr 998: 15
instr 999: 14
instr 1000: 11
instr 1001: 15
instr 1002: 15
instr 1003: 15
