instr 0: 0
instr 1: 0
instr 2: 0
instr 3: 0
instr 4: 15
instr 5: 14
instr 6: 0
instr 7: -1
instr 8: 14
instr 9: 15
instr 10: 15
instr 11: 14
instr 12: 13
instr 13: 13
