instr 0: 0
instr 1: 0
instr 2: 0
instr 3: 0
instr 4: 10
instr 5: 0
instr 6: 0
instr 7: 0
instr 8: 0
instr 9: 63
instr 10: 0
instr 11: 0
instr 12: 0
instr 13: 0
instr 14: -1