instr 0: 0
instr 1: 0
instr 2: 0
instr 3: 0
instr 4: 7
instr 5: 7
instr 6: 7
instr 7: 8
instr 8: 7
instr 9: 6
instr 10: 7
instr 11: 7
instr 12: 7
instr 13: 7
instr 14: 7
instr 15: 7
instr 16: 7
instr 17: 7
instr 18: 7
instr 19: 7
instr 20: 8
instr 21: 6
instr 22: 7
instr 23: 7
instr 24: 7
instr 25: 7
instr 26: 7
instr 27: 6
instr 28: 7
instr 29: 7
instr 30: 7
instr 31: 7
instr 32: 7
instr 33: 7
instr 34: 8
instr 35: 5
instr 36: 7
instr 37: 8
instr 38: 7
instr 39: 7
instr 40: 6
instr 41: 6
instr 42: 7
instr 43: 7
instr 44: 8
instr 45: 7
instr 46: 7
instr 47: 7
instr 48: 7
instr 49: 7
instr 50: 7
instr 51: 7
instr 52: 8
instr 53: 7
instr 54: 7
instr 55: 7
instr 56: 6
instr 57: 6
instr 58: 6
instr 59: 7
instr 60: 6
instr 61: 7
instr 62: 7
instr 63: 8
instr 64: 8
instr 65: 6
instr 66: 7
instr 67: 7
instr 68: 7
instr 69: 7
instr 70: 7
instr 71: 6
instr 72: 7
instr 73: 7
instr 74: 7
instr 75: 7
instr 76: 7
instr 77: 7
instr 78: 7
instr 79: 8
instr 80: 7
instr 81: 7
instr 82: 7
instr 83: 7
instr 84: 6
instr 85: 7
instr 86: 7
instr 87: 6
instr 88: 7
instr 89: 7
instr 90: 7
instr 91: 6
instr 92: 6
instr 93: 8
instr 94: 7
instr 95: 7
instr 96: 6
instr 97: 6
instr 98: 8
instr 99: 7
instr 100: 7
instr 101: 7
instr 102: 8
instr 103: 6
instr 104: 7
instr 105: 7
instr 106: 7
instr 107: 7
instr 108: 7
instr 109: 7
instr 110: 7
instr 111: 6
instr 112: 7
instr 113: 7
instr 114: 8
instr 115: 8
instr 116: 7
instr 117: 7
instr 118: 7
instr 119: 7
instr 120: 6
instr 121: 8
instr 122: 7
instr 123: 7
instr 124: 7
instr 125: 8
instr 126: 8
instr 127: 7
instr 128: 8
instr 129: 7
instr 130: 7
instr 131: 6
instr 132: 8
instr 133: 7
instr 134: 7
instr 135: 7
instr 136: 8
instr 137: 7
instr 138: 7
instr 139: 8
instr 140: 7
instr 141: 8
instr 142: 7
instr 143: 8
instr 144: 7
instr 145: 7
instr 146: 7
instr 147: 7
instr 148: 7
instr 149: 7
instr 150: 7
instr 151: 6
instr 152: 7
instr 153: 7
instr 154: 7
instr 155: 7
instr 156: 7
instr 157: 6
instr 158: 7
instr 159: 7
instr 160: 7
instr 161: 7
instr 162: 7
instr 163: 6
instr 164: 7
instr 165: 8
instr 166: 7
instr 167: 7
instr 168: 7
instr 169: 7
instr 170: 7
instr 171: 8
instr 172: 8
instr 173: 7
instr 174: 7
instr 175: 7
instr 176: 7
instr 177: 7
instr 178: 7
instr 179: 6
instr 180: 7
instr 181: 6
instr 182: 8
instr 183: 6
instr 184: 7
instr 185: 7
instr 186: 7
instr 187: 8
instr 188: 8
instr 189: 7
instr 190: 8
instr 191: 8
instr 192: 7
instr 193: 7
instr 194: 6
instr 195: 6
instr 196: 6
instr 197: 7
instr 198: 6
instr 199: 7
instr 200: 6
instr 201: 7
instr 202: 6
instr 203: 7
instr 204: 7
instr 205: 6
instr 206: 7
instr 207: 6
instr 208: 7
instr 209: 7
instr 210: 7
instr 211: 7
instr 212: 6
instr 213: 7
instr 214: 7
instr 215: 7
instr 216: 7
instr 217: 8
instr 218: 7
instr 219: 7
instr 220: 7
instr 221: 8
instr 222: 7
instr 223: 7
instr 224: 7
instr 225: 6
instr 226: 6
instr 227: 7
instr 228: 7
instr 229: 7
instr 230: 8
instr 231: 6
instr 232: 7
instr 233: 6
instr 234: 6
instr 235: 8
instr 236: 7
instr 237: 6
instr 238: 6
instr 239: 7
instr 240: 6
instr 241: 7
instr 242: 8
instr 243: 7
instr 244: 6
instr 245: 7
instr 246: 7
instr 247: 7
instr 248: 8
instr 249: 7
instr 250: 8
instr 251: 7
instr 252: 7
instr 253: 7
instr 254: 7
instr 255: 7
instr 256: 8
instr 257: 7
instr 258: 7
instr 259: 8
instr 260: 6
instr 261: 7
instr 262: 6
instr 263: 7
instr 264: 7
instr 265: 7
instr 266: 7
instr 267: 7
instr 268: 7
instr 269: 7
instr 270: 7
instr 271: 7
instr 272: 8
instr 273: 7
instr 274: 7
instr 275: 8
instr 276: 8
instr 277: 7
instr 278: 8
instr 279: 7
instr 280: 6
instr 281: 8
instr 282: 8
instr 283: 7
instr 284: 8
instr 285: 9
instr 286: 7
instr 287: 7
instr 288: 7
instr 289: 8
instr 290: 7
instr 291: 7
instr 292: 7
instr 293: 7
instr 294: 7
instr 295: 8
instr 296: 6
instr 297: 8
instr 298: 7
instr 299: 8
instr 300: 7
instr 301: 7
instr 302: 8
instr 303: 7
instr 304: 8
instr 305: 7
instr 306: 8
instr 307: 7
instr 308: 7
instr 309: 7
instr 310: 7
instr 311: 7
instr 312: 7
instr 313: 7
instr 314: 7
instr 315: 6
instr 316: 7
instr 317: 8
instr 318: 7
instr 319: 8
instr 320: 6
instr 321: 8
instr 322: 7
instr 323: 7
instr 324: 7
instr 325: 6
instr 326: 7
instr 327: 7
instr 328: 8
instr 329: 6
instr 330: 7
instr 331: 8
instr 332: 5
instr 333: 7
instr 334: 6
instr 335: 7
instr 336: 8
instr 337: 7
instr 338: 7
instr 339: 7
instr 340: 8
instr 341: 7
instr 342: 7
instr 343: 6
instr 344: 6
instr 345: 8
instr 346: 6
instr 347: 7
instr 348: 8
instr 349: 7
instr 350: 6
instr 351: 8
instr 352: 7
instr 353: 6
instr 354: 7
instr 355: 8
instr 356: 7
instr 357: 7
instr 358: 8
instr 359: 6
instr 360: 7
instr 361: 7
instr 362: 7
instr 363: 7
instr 364: 7
instr 365: 6
instr 366: 8
instr 367: 7
instr 368: 7
instr 369: 7
instr 370: 7
instr 371: 7
instr 372: 8
instr 373: 8
instr 374: 8
instr 375: 7
instr 376: 8
instr 377: 7
instr 378: 8
instr 379: 7
instr 380: 7
instr 381: 6
instr 382: 7
instr 383: 8
instr 384: 7
instr 385: 7
instr 386: 8
instr 387: 6
instr 388: 6
instr 389: 8
instr 390: 7
instr 391: 7
instr 392: 7
instr 393: 8
instr 394: 7
instr 395: 7
instr 396: 7
instr 397: 7
instr 398: 7
instr 399: 6
instr 400: 8
instr 401: 7
instr 402: 7
instr 403: 7
instr 404: 5
instr 405: 7
instr 406: 7
instr 407: 6
instr 408: 7
instr 409: 7
instr 410: 7
instr 411: 7
instr 412: 7
instr 413: 7
instr 414: 7
instr 415: 8
instr 416: 7
instr 417: 8
instr 418: 7
instr 419: 8
instr 420: 7
instr 421: 8
instr 422: 7
instr 423: 8
instr 424: 7
instr 425: 8
instr 426: 7
instr 427: 7
instr 428: 6
instr 429: 7
instr 430: 7
instr 431: 8
instr 432: 7
instr 433: 8
instr 434: 7
instr 435: 7
instr 436: 7
instr 437: 6
instr 438: 6
instr 439: 7
instr 440: 7
instr 441: 7
instr 442: 7
instr 443: 7
instr 444: 6
instr 445: 7
instr 446: 7
instr 447: 8
instr 448: 7
instr 449: 7
instr 450: 7
instr 451: 7
instr 452: 8
instr 453: 7
instr 454: 7
instr 455: 7
instr 456: 6
instr 457: 7
instr 458: 9
instr 459: 8
instr 460: 7
instr 461: 8
instr 462: 6
instr 463: 7
instr 464: 7
instr 465: 8
instr 466: 7
instr 467: 7
instr 468: 6
instr 469: 6
instr 470: 7
instr 471: 7
instr 472: 7
instr 473: 8
instr 474: 8
instr 475: 7
instr 476: 7
instr 477: 7
instr 478: 7
instr 479: 7
instr 480: 8
instr 481: 7
instr 482: 7
instr 483: 7
instr 484: 7
instr 485: 6
instr 486: 7
instr 487: 6
instr 488: 7
instr 489: 7
instr 490: 7
instr 491: 7
instr 492: 7
instr 493: 7
instr 494: 7
instr 495: 7
instr 496: 6
instr 497: 6
instr 498: 8
instr 499: 7
instr 500: 7
instr 501: 7
instr 502: 7
instr 503: 7
instr 504: 6
instr 505: 8
instr 506: 7
instr 507: 7
instr 508: 8
instr 509: 8
instr 510: 7
instr 511: 7
instr 512: 6
instr 513: 7
instr 514: 7
instr 515: 8
instr 516: 7
instr 517: 7
instr 518: 6
instr 519: 7
instr 520: 7
instr 521: 8
instr 522: 8
instr 523: 8
instr 524: 6
instr 525: 8
instr 526: 7
instr 527: 7
instr 528: 7
instr 529: 7
instr 530: 8
instr 531: 7
instr 532: 7
instr 533: 7
instr 534: 6
instr 535: 7
instr 536: 8
instr 537: 7
instr 538: 7
instr 539: 7
instr 540: 6
instr 541: 7
instr 542: 6
instr 543: 7
instr 544: 8
instr 545: 7
instr 546: 7
instr 547: 8
instr 548: 8
instr 549: 8
instr 550: 7
instr 551: 7
instr 552: 7
instr 553: 6
instr 554: 7
instr 555: 7
instr 556: 6
instr 557: 7
instr 558: 7
instr 559: 6
instr 560: 8
instr 561: 7
instr 562: 7
instr 563: 7
instr 564: 7
instr 565: 7
instr 566: 8
instr 567: 8
instr 568: 7
instr 569: 7
instr 570: 7
instr 571: 7
instr 572: 7
instr 573: 8
instr 574: 6
instr 575: 8
instr 576: 6
instr 577: 7
instr 578: 8
instr 579: 7
instr 580: 7
instr 581: 7
instr 582: 6
instr 583: 7
instr 584: 8
instr 585: 7
instr 586: 7
instr 587: 6
instr 588: 7
instr 589: 6
instr 590: 6
instr 591: 6
instr 592: 7
instr 593: 7
instr 594: 5
instr 595: 7
instr 596: 7
instr 597: 7
instr 598: 8
instr 599: 6
instr 600: 7
instr 601: 8
instr 602: 7
instr 603: 7
instr 604: 7
instr 605: 8
instr 606: 6
instr 607: 6
instr 608: 6
instr 609: 8
instr 610: 6
instr 611: 8
instr 612: 6
instr 613: 7
instr 614: 8
instr 615: 6
instr 616: 7
instr 617: 6
instr 618: 8
instr 619: 7
instr 620: 6
instr 621: 6
instr 622: 6
instr 623: 7
instr 624: 6
instr 625: 8
instr 626: 7
instr 627: 7
instr 628: 7
instr 629: 7
instr 630: 7
instr 631: 8
instr 632: 7
instr 633: 8
instr 634: 7
instr 635: 7
instr 636: 8
instr 637: 6
instr 638: 7
instr 639: 7
instr 640: 6
instr 641: 7
instr 642: 7
instr 643: 7
instr 644: 7
instr 645: 8
instr 646: 8
instr 647: 7
instr 648: 7
instr 649: 8
instr 650: 7
instr 651: 7
instr 652: 7
instr 653: 6
instr 654: 6
instr 655: 8
instr 656: 7
instr 657: 7
instr 658: 8
instr 659: 7
instr 660: 5
instr 661: 7
instr 662: 6
instr 663: 8
instr 664: 6
instr 665: 7
instr 666: 7
instr 667: 6
instr 668: 8
instr 669: 7
instr 670: 7
instr 671: 7
instr 672: 7
instr 673: 7
instr 674: 7
instr 675: 7
instr 676: 8
instr 677: 8
instr 678: 8
instr 679: 6
instr 680: 6
instr 681: 7
instr 682: 8
instr 683: 7
instr 684: 6
instr 685: 6
instr 686: 8
instr 687: 7
instr 688: 7
instr 689: 7
instr 690: 7
instr 691: 7
instr 692: 7
instr 693: 7
instr 694: 8
instr 695: 8
instr 696: 7
instr 697: 7
instr 698: 7
instr 699: 8
instr 700: 7
instr 701: 7
instr 702: 6
instr 703: 7
instr 704: 7
instr 705: 6
instr 706: 7
instr 707: 7
instr 708: 7
instr 709: 6
instr 710: 6
instr 711: 7
instr 712: 7
instr 713: 7
instr 714: 8
instr 715: 7
instr 716: 7
instr 717: 6
instr 718: 8
instr 719: 7
instr 720: 8
instr 721: 8
instr 722: 8
instr 723: 8
instr 724: 7
instr 725: 7
instr 726: 7
instr 727: 7
instr 728: 7
instr 729: 6
instr 730: 7
instr 731: 7
instr 732: 7
instr 733: 7
instr 734: 7
instr 735: 6
instr 736: 6
instr 737: 7
instr 738: 7
instr 739: 6
instr 740: 7
instr 741: 7
instr 742: 6
instr 743: 8
instr 744: 6
instr 745: 7
instr 746: 8
instr 747: 6
instr 748: 6
instr 749: 7
instr 750: 8
instr 751: 7
instr 752: 6
instr 753: 8
instr 754: 8
instr 755: 7
instr 756: 7
instr 757: 8
instr 758: 7
instr 759: 7
instr 760: 7
instr 761: 8
instr 762: 7
instr 763: 7
instr 764: 8
instr 765: 6
instr 766: 6
instr 767: 7
instr 768: 7
instr 769: 7
instr 770: 7
instr 771: 7
instr 772: 6
instr 773: 8
instr 774: 7
instr 775: 8
instr 776: 7
instr 777: 7
instr 778: 8
instr 779: 7
instr 780: 8
instr 781: 6
instr 782: 7
instr 783: 7
instr 784: 9
instr 785: 6
instr 786: 7
instr 787: 6
instr 788: 7
instr 789: 8
instr 790: 7
instr 791: 6
instr 792: 7
instr 793: 7
instr 794: 8
instr 795: 7
instr 796: 7
instr 797: 6
instr 798: 7
instr 799: 6
instr 800: 7
instr 801: 7
instr 802: 7
instr 803: 7
instr 804: 7
instr 805: 8
instr 806: 7
instr 807: 7
instr 808: 7
instr 809: 8
instr 810: 6
instr 811: 7
instr 812: 7
instr 813: 7
instr 814: 7
instr 815: 7
instr 816: 8
instr 817: 6
instr 818: 7
instr 819: 7
instr 820: 7
instr 821: 7
instr 822: 7
instr 823: 8
instr 824: 7
instr 825: 8
instr 826: 8
instr 827: 7
instr 828: 7
instr 829: 6
instr 830: 7
instr 831: 7
instr 832: 7
instr 833: 7
instr 834: 8
instr 835: 7
instr 836: 7
instr 837: 7
instr 838: 7
instr 839: 6
instr 840: 7
instr 841: 7
instr 842: 7
instr 843: 7
instr 844: 7
instr 845: 7
instr 846: 7
instr 847: 7
instr 848: 7
instr 849: 7
instr 850: 6
instr 851: 7
instr 852: 7
instr 853: 7
instr 854: 7
instr 855: 8
instr 856: 7
instr 857: 7
instr 858: 7
instr 859: 6
instr 860: 7
instr 861: 7
instr 862: 8
instr 863: 8
instr 864: 8
instr 865: 7
instr 866: 7
instr 867: 6
instr 868: 8
instr 869: 7
instr 870: 8
instr 871: 6
instr 872: 7
instr 873: 7
instr 874: 7
instr 875: 6
instr 876: 8
instr 877: 8
instr 878: 7
instr 879: 8
instr 880: 7
instr 881: 8
instr 882: 7
instr 883: 8
instr 884: 7
instr 885: 8
instr 886: 8
instr 887: 8
instr 888: 7
instr 889: 7
instr 890: 7
instr 891: 7
instr 892: 8
instr 893: 8
instr 894: 7
instr 895: 7
instr 896: 7
instr 897: 7
instr 898: 5
instr 899: 6
instr 900: 8
instr 901: 7
instr 902: 7
instr 903: 8
instr 904: 7
instr 905: 6
instr 906: 7
instr 907: 7
instr 908: 8
instr 909: 6
instr 910: 7
instr 911: 7
instr 912: 7
instr 913: 7
instr 914: 8
instr 915: 7
instr 916: 6
instr 917: 6
instr 918: 7
instr 919: 8
instr 920: 7
instr 921: 7
instr 922: 7
instr 923: 7
instr 924: 7
instr 925: 8
instr 926: 6
instr 927: 7
instr 928: 6
instr 929: 7
instr 930: 6
instr 931: 7
instr 932: 7
instr 933: 7
instr 934: 7
instr 935: 7
instr 936: 7
instr 937: 7
instr 938: 6
instr 939: 8
instr 940: 7
instr 941: 7
instr 942: 7
instr 943: 7
instr 944: 7
instr 945: 7
instr 946: 8
instr 947: 7
instr 948: 7
instr 949: 7
instr 950: 7
instr 951: 6
instr 952: 7
instr 953: 8
instr 954: 7
instr 955: 7
instr 956: 6
instr 957: 8
instr 958: 6
instr 959: 7
instr 960: 8
instr 961: 7
instr 962: 7
instr 963: 8
instr 964: 7
instr 965: 7
instr 966: 8
instr 967: 7
instr 968: 7
instr 969: 7
instr 970: 6
instr 971: 7
instr 972: 7
instr 973: 6
instr 974: 7
instr 975: 6
instr 976: 7
instr 977: 8
instr 978: 7
instr 979: 7
instr 980: 6
instr 981: 7
instr 982: 8
instr 983: 8
instr 984: 6
instr 985: 7
instr 986: 7
instr 987: 8
instr 988: 7
instr 989: 7
instr 990: 8
instr 991: 7
instr 992: 7
instr 993: 7
instr 994: 6
instr 995: 7
instr 996: 8
instr 997: 7
instr 998: 7
instr 999: 7
instr 1000: 8
instr 1001: 7
instr 1002: 7
instr 1003: 8
