instr 0: 0
instr 1: 0
instr 2: 0
instr 3: 0
instr 4: -32290
instr 5: -32454
instr 6: -30566
instr 7: -32421
instr 8: -32199
instr 9: -29549
instr 10: -30461
instr 11: -30107
instr 12: -32178
instr 13: -31524
instr 14: -32681
instr 15: -32436
instr 16: -32510
instr 17: -32483
instr 18: -32480
instr 19: -31565
instr 20: -32118
instr 21: -32516
instr 22: -30912
instr 23: -32345
instr 24: -32405
instr 25: -32405
instr 26: -32364
instr 27: -32543
instr 28: -32708
instr 29: -32191
instr 30: -29135
instr 31: -32146
instr 32: -31989
instr 33: -31428
instr 34: -32269
instr 35: -32198
instr 36: -32376
instr 37: -31560
instr 38: -29796
instr 39: -32310
instr 40: -32241
instr 41: -32592
instr 42: -32484
instr 43: -31220
instr 44: -32667
instr 45: -31725
instr 46: -32422
instr 47: -32596
instr 48: -30943
instr 49: -32544
instr 50: -30376
instr 51: -30283
instr 52: -31334
instr 53: -30039
instr 54: -31191
instr 55: -31567
instr 56: -32346
instr 57: -32089
instr 58: -30828
instr 59: -32591
instr 60: -31851
instr 61: -32624
instr 62: -32481
instr 63: -31869
instr 64: -32245
instr 65: -32366
instr 66: -31193
instr 67: -29641
instr 68: -32269
instr 69: -32601
instr 70: -31935
instr 71: -32163
instr 72: -32611
instr 73: -32358
instr 74: -30651
instr 75: -32675
instr 76: -30095
instr 77: -32758
instr 78: -32356
instr 79: -32310
instr 80: -30839
instr 81: -31967
instr 82: -32497
instr 83: -32026
instr 84: -32486
instr 85: -31878
instr 86: -32287
instr 87: -30462
instr 88: -29753
instr 89: -32550
instr 90: -29788
instr 91: -32746
instr 92: -32394
instr 93: -32592
instr 94: -32695
instr 95: -31141
instr 96: -30697
instr 97: -32753
instr 98: -32610
instr 99: -31271
instr 100: -31958
instr 101: -32436
instr 102: -32309
instr 103: -32285
instr 104: -31455
instr 105: -31074
instr 106: -31451
instr 107: -31349
instr 108: -32188
instr 109: -32392
instr 110: -32512
instr 111: -31576
instr 112: -32492
instr 113: -30000
instr 114: -30095
instr 115: -32560
instr 116: -31767
instr 117: -31191
instr 118: -32187
instr 119: -31686
instr 120: -32060
instr 121: -32621
instr 122: -31368
instr 123: -32445
instr 124: -32397
instr 125: -31889
instr 126: -32705
instr 127: -32654
instr 128: -30023
instr 129: -30038
instr 130: -32677
instr 131: -32497
instr 132: -31624
instr 133: -31516
instr 134: -32713
instr 135: -31106
instr 136: -31634
instr 137: -32721
instr 138: -31724
instr 139: -31245
instr 140: -31921
instr 141: -29699
instr 142: -31312
instr 143: -30534
instr 144: -31649
instr 145: -32655
instr 146: -32062
instr 147: -31871
instr 148: -32286
instr 149: -31981
instr 150: -31767
instr 151: -31540
instr 152: -28133
instr 153: -32752
instr 154: -32501
instr 155: -32469
instr 156: -32712
instr 157: -32057
instr 158: -32298
instr 159: -31437
instr 160: -32190
instr 161: -31712
instr 162: -32448
instr 163: -31679
instr 164: -31121
instr 165: -30053
instr 166: -32757
instr 167: -28213
instr 168: -32536
instr 169: -31958
instr 170: -32605
instr 171: -32283
instr 172: -28333
instr 173: -31717
instr 174: -31732
instr 175: -31226
instr 176: -32327
instr 177: -32220
instr 178: -32696
instr 179: -31874
instr 180: -32751
instr 181: -31553
instr 182: -32237
instr 183: -32309
instr 184: -31685
instr 185: -29441
instr 186: -30990
instr 187: -32735
instr 188: -32105
instr 189: -32135
instr 190: -31747
instr 191: -31774
instr 192: -31877
instr 193: -31041
instr 194: -31662
instr 195: -32620
instr 196: -32157
instr 197: -32244
instr 198: -31868
instr 199: -32637
instr 200: -32351
instr 201: -32520
instr 202: -31710
instr 203: -31846
instr 204: -31875
instr 205: -32086
instr 206: -31332
instr 207: -31613
instr 208: -32042
instr 209: -30900
instr 210: -32757
instr 211: -30680
instr 212: -32337
instr 213: -28534
instr 214: -32593
instr 215: -32688
instr 216: -32213
instr 217: -32613
instr 218: -32466
instr 219: -32013
instr 220: -32524
instr 221: -32590
instr 222: -30775
instr 223: -32602
instr 224: -32264
instr 225: -32397
instr 226: -30507
instr 227: -32116
instr 228: -32193
instr 229: -30493
instr 230: -32147
instr 231: -32339
instr 232: -31842
instr 233: -32598
instr 234: -32350
instr 235: -32432
instr 236: -32145
instr 237: -32464
instr 238: -31820
instr 239: -32464
instr 240: -30856
instr 241: -28951
instr 242: -32753
instr 243: -30956
instr 244: -30974
instr 245: -32326
instr 246: -31554
instr 247: -30551
instr 248: -32161
instr 249: -32280
instr 250: -32238
instr 251: -31948
instr 252: -30742
instr 253: -32686
instr 254: -32254
instr 255: -32007
instr 256: -32013
instr 257: -32639
instr 258: -30908
instr 259: -32128
instr 260: -32450
instr 261: -32487
instr 262: -32460
instr 263: -31655
instr 264: -32431
instr 265: -30396
instr 266: -32440
instr 267: -32714
instr 268: -32376
instr 269: -32211
instr 270: -32653
instr 271: -32173
instr 272: -31730
instr 273: -31998
instr 274: -31776
instr 275: -31346
instr 276: -32542
instr 277: -32650
instr 278: -32009
instr 279: -31814
instr 280: -31106
instr 281: -32450
instr 282: -30363
instr 283: -31617
instr 284: -30183
instr 285: -29153
instr 286: -31969
instr 287: -32453
instr 288: -30922
instr 289: -32134
instr 290: -31347
instr 291: -32330
instr 292: -32519
instr 293: -30729
instr 294: -32668
instr 295: -32456
instr 296: -32634
instr 297: -30475
instr 298: -32591
instr 299: -29686
instr 300: -31734
instr 301: -32577
instr 302: -31163
instr 303: -32540
instr 304: -32341
instr 305: -31434
instr 306: -30431
instr 307: -31242
instr 308: -31818
instr 309: -32426
instr 310: -31489
instr 311: -32159
instr 312: -32621
instr 313: -32762
instr 314: -27975
instr 315: -32170
instr 316: -31936
instr 317: -32643
instr 318: -32087
instr 319: -30009
instr 320: -31496
instr 321: -30641
instr 322: -32751
instr 323: -32446
instr 324: -32075
instr 325: -31742
instr 326: -32496
instr 327: -32576
instr 328: -32633
instr 329: -32292
instr 330: -31648
instr 331: -32164
instr 332: -32681
instr 333: -32368
instr 334: -32626
instr 335: -31279
instr 336: -32290
instr 337: -31520
instr 338: -31477
instr 339: -31553
instr 340: -30131
instr 341: -31671
instr 342: -32105
instr 343: -31781
instr 344: -32397
instr 345: -32307
instr 346: -32667
instr 347: -30024
instr 348: -32034
instr 349: -30246
instr 350: -31809
instr 351: -31281
instr 352: -31244
instr 353: -32631
instr 354: -29589
instr 355: -32250
instr 356: -32255
instr 357: -32455
instr 358: -31143
instr 359: -28744
instr 360: -32715
instr 361: -31859
instr 362: -32686
instr 363: -32749
instr 364: -32410
instr 365: -32502
instr 366: -31165
instr 367: -32455
instr 368: -31349
instr 369: -31623
instr 370: -32644
instr 371: -32471
instr 372: -32134
instr 373: -29948
instr 374: -31917
instr 375: -32640
instr 376: -32522
instr 377: -30981
instr 378: -32389
instr 379: -31565
instr 380: -32013
instr 381: -31257
instr 382: -32577
instr 383: -32691
instr 384: -30514
instr 385: -30265
instr 386: -32330
instr 387: -32240
instr 388: -30723
instr 389: -31801
instr 390: -32575
instr 391: -31357
instr 392: -32019
instr 393: -30686
instr 394: -32703
instr 395: -31289
instr 396: -32690
instr 397: -32533
instr 398: -30929
instr 399: -32477
instr 400: -30600
instr 401: -31372
instr 402: -31079
instr 403: -32273
instr 404: -32426
instr 405: -32709
instr 406: -32469
instr 407: -31212
instr 408: -31668
instr 409: -31996
instr 410: -32174
instr 411: -30596
instr 412: -31324
instr 413: -32413
instr 414: -32219
instr 415: -29708
instr 416: -31860
instr 417: -30178
instr 418: -32196
instr 419: -30367
instr 420: -31281
instr 421: -30206
instr 422: -32367
instr 423: -32491
instr 424: -32179
instr 425: -31365
instr 426: -31856
instr 427: -32764
instr 428: -32705
instr 429: -31838
instr 430: -31326
instr 431: -32413
instr 432: -32060
instr 433: -32102
instr 434: -32599
instr 435: -30581
instr 436: -30452
instr 437: -31972
instr 438: -30858
instr 439: -32666
instr 440: -31810
instr 441: -32023
instr 442: -32724
instr 443: -32623
instr 444: -27872
instr 445: -32746
instr 446: -31697
instr 447: -32033
instr 448: -32139
instr 449: -32723
instr 450: -32510
instr 451: -32519
instr 452: -32726
instr 453: -32434
instr 454: -32182
instr 455: -32613
instr 456: -32333
instr 457: -30359
instr 458: -30750
instr 459: -32505
instr 460: -29674
instr 461: -29556
instr 462: -32758
instr 463: -31313
instr 464: -32496
instr 465: -32099
instr 466: -31127
instr 467: -32348
instr 468: -30856
instr 469: -29290
instr 470: -31317
instr 471: -31749
instr 472: -31691
instr 473: -32371
instr 474: -32664
instr 475: -32699
instr 476: -32269
instr 477: -31885
instr 478: -32371
instr 479: -32488
instr 480: -31370
instr 481: -31875
instr 482: -32669
instr 483: -29963
instr 484: -32488
instr 485: -32726
instr 486: -30713
instr 487: -32258
instr 488: -32699
instr 489: -31662
instr 490: -32338
instr 491: -30945
instr 492: -32652
instr 493: -32764
instr 494: -31502
instr 495: -30518
instr 496: -32158
instr 497: -30867
instr 498: -32559
instr 499: -32696
instr 500: -32703
instr 501: -29665
instr 502: -32431
instr 503: -29763
instr 504: -32060
instr 505: -32560
instr 506: -32181
instr 507: -31978
instr 508: -32013
instr 509: -32060
instr 510: -31630
instr 511: -32663
instr 512: -32765
instr 513: -30797
instr 514: -32243
instr 515: -31937
instr 516: -32749
instr 517: -29580
instr 518: -32011
instr 519: -32322
instr 520: -30875
instr 521: -32312
instr 522: -32422
instr 523: -28879
instr 524: -29804
instr 525: -31986
instr 526: -32357
instr 527: -31599
instr 528: -30400
instr 529: -31736
instr 530: -32468
instr 531: -29528
instr 532: -32293
instr 533: -30112
instr 534: -32615
instr 535: -31013
instr 536: -32482
instr 537: -32658
instr 538: -32714
instr 539: -32670
instr 540: -32211
instr 541: -31495
instr 542: -32500
instr 543: -29970
instr 544: -32228
instr 545: -32423
instr 546: -32468
instr 547: -30465
instr 548: -31034
instr 549: -32414
instr 550: -32340
instr 551: -32744
instr 552: -31957
instr 553: -32104
instr 554: -31584
instr 555: -31042
instr 556: -31887
instr 557: -31667
instr 558: -32182
instr 559: -28930
instr 560: -31950
instr 561: -32026
instr 562: -32110
instr 563: -32223
instr 564: -29038
instr 565: -32356
instr 566: -32172
instr 567: -32204
instr 568: -32089
instr 569: -32348
instr 570: -28657
instr 571: -31773
instr 572: -31993
instr 573: -31854
instr 574: -31917
instr 575: -32404
instr 576: -32259
instr 577: -30479
instr 578: -32324
instr 579: -30995
instr 580: -32489
instr 581: -32182
instr 582: -32505
instr 583: -31711
instr 584: -32108
instr 585: -32475
instr 586: -32726
instr 587: -31116
instr 588: -31543
instr 589: -31582
instr 590: -32286
instr 591: -32458
instr 592: -31447
instr 593: -31438
instr 594: -31111
instr 595: -32464
instr 596: -32466
instr 597: -31113
instr 598: -30999
instr 599: -32078
instr 600: -31937
instr 601: -32261
instr 602: -31335
instr 603: -32116
instr 604: -32607
instr 605: -32296
instr 606: -32040
instr 607: -31570
instr 608: -32180
instr 609: -32438
instr 610: -31531
instr 611: -28828
instr 612: -30548
instr 613: -32599
instr 614: -28519
instr 615: -32436
instr 616: -32157
instr 617: -31050
instr 618: -31189
instr 619: -31296
instr 620: -32544
instr 621: -32345
instr 622: -32131
instr 623: -32371
instr 624: -31725
instr 625: -30771
instr 626: -32669
instr 627: -32351
instr 628: -31151
instr 629: -31047
instr 630: -30764
instr 631: -32183
instr 632: -28861
instr 633: -32589
instr 634: -28078
instr 635: -32080
instr 636: -31881
instr 637: -30663
instr 638: -32215
instr 639: -31984
instr 640: -30688
instr 641: -31660
instr 642: -32386
instr 643: -31091
instr 644: -30650
instr 645: -30983
instr 646: -32738
instr 647: -32739
instr 648: -32613
instr 649: -31719
instr 650: -31979
instr 651: -31820
instr 652: -29327
instr 653: -30281
instr 654: -32173
instr 655: -32643
instr 656: -30892
instr 657: -32743
instr 658: -31363
instr 659: -31127
instr 660: -32411
instr 661: -32392
instr 662: -30433
instr 663: -32634
instr 664: -32606
instr 665: -29019
instr 666: -32471
instr 667: -32570
instr 668: -29199
instr 669: -31190
instr 670: -32586
instr 671: -32516
instr 672: -32725
instr 673: -31573
instr 674: -32723
instr 675: -32212
instr 676: -29481
instr 677: -32750
instr 678: -32038
instr 679: -32335
instr 680: -31827
instr 681: -31407
instr 682: -32604
instr 683: -31231
instr 684: -29330
instr 685: -31815
instr 686: -26459
instr 687: -31719
instr 688: -32255
instr 689: -32624
instr 690: -32636
instr 691: -30849
instr 692: -32327
instr 693: -31311
instr 694: -30653
instr 695: -32589
instr 696: -32143
instr 697: -27738
instr 698: -32664
instr 699: -32767
instr 700: -32378
instr 701: -32388
instr 702: -31908
instr 703: -28639
instr 704: -31456
instr 705: -31504
instr 706: -31611
instr 707: -32346
instr 708: -32667
instr 709: -32734
instr 710: -32584
instr 711: -31782
instr 712: -32481
instr 713: -32596
instr 714: -32704
instr 715: -30313
instr 716: -32544
instr 717: -31334
instr 718: -31888
instr 719: -31923
instr 720: -32761
instr 721: -32501
instr 722: -32751
instr 723: -31417
instr 724: -31055
instr 725: -32384
instr 726: -31543
instr 727: -32641
instr 728: -30315
instr 729: -32203
instr 730: -32242
instr 731: -30719
instr 732: -32639
instr 733: -31847
instr 734: -32677
instr 735: -31934
instr 736: -31740
instr 737: -32620
instr 738: -32144
instr 739: -32757
instr 740: -32716
instr 741: -31860
instr 742: -31436
instr 743: -31484
instr 744: -31708
instr 745: -31796
instr 746: -32187
instr 747: -32160
instr 748: -32737
instr 749: -32098
instr 750: -30966
instr 751: -32475
instr 752: -32532
instr 753: -29467
instr 754: -32704
instr 755: -31858
instr 756: -30649
instr 757: -32758
instr 758: -32115
instr 759: -31468
instr 760: -32708
instr 761: -32369
instr 762: -32542
instr 763: -32082
instr 764: -31018
instr 765: -31548
instr 766: -31803
instr 767: -31142
instr 768: -32398
instr 769: -31490
instr 770: -32437
instr 771: -32115
instr 772: -32633
instr 773: -31716
instr 774: -32079
instr 775: -28272
instr 776: -30931
instr 777: -31560
instr 778: -31861
instr 779: -31882
instr 780: -32027
instr 781: -32063
instr 782: -30013
instr 783: -32109
instr 784: -32338
instr 785: -29705
instr 786: -29186
instr 787: -29983
instr 788: -32311
instr 789: -32107
instr 790: -32601
instr 791: -32243
instr 792: -32409
instr 793: -30619
instr 794: -31973
instr 795: -28867
instr 796: -32139
instr 797: -32106
instr 798: -31995
instr 799: -32684
instr 800: -31836
instr 801: -32614
instr 802: -31440
instr 803: -32050
instr 804: -30999
instr 805: -32406
instr 806: -32502
instr 807: -32750
instr 808: -30912
instr 809: -29781
instr 810: -30000
instr 811: -30850
instr 812: -31198
instr 813: -31763
instr 814: -32763
instr 815: -30513
instr 816: -31546
instr 817: -32672
instr 818: -31032
instr 819: -30815
instr 820: -32344
instr 821: -31012
instr 822: -32219
instr 823: -31386
instr 824: -31846
instr 825: -30151
instr 826: -31142
instr 827: -32453
instr 828: -32361
instr 829: -30462
instr 830: -31683
instr 831: -32455
instr 832: -32240
instr 833: -30871
instr 834: -31026
instr 835: -30051
instr 836: -31965
instr 837: -31524
instr 838: -32318
instr 839: -30198
instr 840: -31825
instr 841: -30375
instr 842: -30604
instr 843: -26837
instr 844: -32418
instr 845: -31481
instr 846: -31999
instr 847: -31553
instr 848: -29664
instr 849: -31282
instr 850: -30542
instr 851: -32610
instr 852: -32051
instr 853: -29319
instr 854: -32689
instr 855: -32666
instr 856: -31751
instr 857: -32532
instr 858: -32032
instr 859: -32556
instr 860: -32553
instr 861: -32687
instr 862: -32690
instr 863: -30758
instr 864: -31891
instr 865: -31332
instr 866: -32306
instr 867: -31401
instr 868: -29984
instr 869: -32681
instr 870: -31937
instr 871: -32154
instr 872: -32175
instr 873: -29411
instr 874: -32151
instr 875: -32431
instr 876: -31151
instr 877: -31489
instr 878: -32152
instr 879: -32698
instr 880: -32418
instr 881: -31950
instr 882: -31671
instr 883: -32434
instr 884: -32103
instr 885: -31824
instr 886: -32088
instr 887: -32560
instr 888: -32334
instr 889: -32623
instr 890: -32332
instr 891: -30756
instr 892: -32565
instr 893: -32615
instr 894: -32064
instr 895: -31569
instr 896: -32338
instr 897: -32521
instr 898: -32138
instr 899: -32245
instr 900: -31632
instr 901: -31779
instr 902: -26581
instr 903: -30746
instr 904: -32661
instr 905: -31841
instr 906: -31623
instr 907: -30335
instr 908: -30982
instr 909: -31151
instr 910: -31698
instr 911: -31976
instr 912: -32670
instr 913: -32706
instr 914: -31199
instr 915: -32425
instr 916: -31893
instr 917: -31960
instr 918: -28624
instr 919: -32423
instr 920: -32073
instr 921: -31835
instr 922: -30983
instr 923: -32574
instr 924: -32448
instr 925: -31940
instr 926: -32428
instr 927: -28932
instr 928: -32351
instr 929: -32346
instr 930: -30174
instr 931: -31458
instr 932: -31956
instr 933: -31326
instr 934: -32762
instr 935: -31749
instr 936: -32496
instr 937: -30964
instr 938: -32063
instr 939: -30837
instr 940: -32571
instr 941: -31567
instr 942: -31989
instr 943: -32136
instr 944: -31429
instr 945: -30825
instr 946: -31409
instr 947: -30631
instr 948: -32304
instr 949: -32184
instr 950: -32427
instr 951: -31950
instr 952: -31159
instr 953: -29037
instr 954: -31276
instr 955: -32371
instr 956: -30655
instr 957: -32728
instr 958: -30571
instr 959: -31307
instr 960: -32666
instr 961: -32394
instr 962: -29471
instr 963: -31584
instr 964: -31833
instr 965: -31286
instr 966: -29588
instr 967: -32696
instr 968: -31986
instr 969: -31614
instr 970: -31607
instr 971: -32225
instr 972: -28550
instr 973: -31433
instr 974: -32219
instr 975: -32230
instr 976: -32221
instr 977: -31097
instr 978: -32704
instr 979: -32289
instr 980: -31554
instr 981: -32608
instr 982: -32281
instr 983: -32726
instr 984: -32566
instr 985: -32508
instr 986: -32350
instr 987: -31294
instr 988: -31236
instr 989: -32319
instr 990: -32432
instr 991: -32680
instr 992: -32663
instr 993: -32585
instr 994: -30711
instr 995: -31715
instr 996: -31924
instr 997: -31411
instr 998: -31387
instr 999: -31825
instr 1000: -32069
instr 1001: -31696
instr 1002: -31668
instr 1003: -32690
