instr 0: 0
instr 1: 0
instr 2: 0
instr 3: 0
instr 4: -11
instr 5: -11
instr 6: 29
instr 7: -17
instr 8: -43
instr 9: 45
instr 10: -20
instr 11: 10
instr 12: -10
instr 13: -27
instr 14: 39
instr 15: -35
instr 16: 20
instr 17: 37
instr 18: -15
instr 19: 51
instr 20: 4
instr 21: 18
instr 22: 25
instr 23: 37
instr 24: 20
instr 25: -27
instr 26: -5
instr 27: 3
instr 28: 18
instr 29: -4
instr 30: -33
instr 31: 3
instr 32: -31
instr 33: -45
instr 34: 11
instr 35: 12
instr 36: -38
instr 37: 13
instr 38: -57
instr 39: 31
instr 40: 9
instr 41: -21
instr 42: -15
instr 43: -18
instr 44: -10
instr 45: -16
instr 46: -27
instr 47: 31
instr 48: -9
instr 49: -30
instr 50: -9
instr 51: -21
instr 52: -45
instr 53: 32
instr 54: 30
instr 55: 20
instr 56: 10
instr 57: -3
instr 58: 50
instr 59: -31
instr 60: -7
instr 61: 2
instr 62: 0
instr 63: -36
instr 64: 28
instr 65: 27
instr 66: 39
instr 67: -10
instr 68: 17
instr 69: 9
instr 70: 54
instr 71: 3
instr 72: -1
instr 73: 11
instr 74: 23
instr 75: 0
instr 76: -15
instr 77: -52
instr 78: -26
instr 79: -29
instr 80: 19
instr 81: 11
instr 82: -11
instr 83: -8
instr 84: -14
instr 85: 31
instr 86: -12
instr 87: 24
instr 88: -27
instr 89: -37
instr 90: -9
instr 91: -4
instr 92: -48
instr 93: 0
instr 94: 6
instr 95: -12
instr 96: -1
instr 97: 9
instr 98: 19
instr 99: -28
instr 100: -1
instr 101: -10
instr 102: 13
instr 103: 31
instr 104: -10
instr 105: 31
instr 106: 5
instr 107: 38
instr 108: -16
instr 109: -18
instr 110: -34
instr 111: 18
instr 112: -1
instr 113: -6
instr 114: -42
instr 115: -5
instr 116: -11
instr 117: -1
instr 118: 30
instr 119: -27
instr 120: -28
instr 121: 7
instr 122: -18
instr 123: 31
instr 124: 6
instr 125: -11
instr 126: -14
instr 127: 60
instr 128: -14
instr 129: -27
instr 130: -5
instr 131: -7
instr 132: 8
instr 133: 29
instr 134: -16
instr 135: 11
instr 136: 6
instr 137: 10
instr 138: -49
instr 139: -11
instr 140: -18
instr 141: -22
instr 142: 16
instr 143: 11
instr 144: -57
instr 145: 18
instr 146: -61
instr 147: 1
instr 148: -7
instr 149: 9
instr 150: -24
instr 151: 16
instr 152: 21
instr 153: 23
instr 154: 3
instr 155: -13
instr 156: 10
instr 157: -21
instr 158: 2
instr 159: -25
instr 160: 9
instr 161: -6
instr 162: -1
instr 163: 3
instr 164: 5
instr 165: 10
instr 166: -23
instr 167: -30
instr 168: -4
instr 169: 11
instr 170: 14
instr 171: 13
instr 172: 22
instr 173: 16
instr 174: 8
instr 175: -27
instr 176: -21
instr 177: 8
instr 178: -9
instr 179: 14
instr 180: 28
instr 181: 10
instr 182: -23
instr 183: 6
instr 184: 19
instr 185: -1
instr 186: -2
instr 187: -10
instr 188: -22
instr 189: -40
instr 190: 8
instr 191: -1
instr 192: 18
instr 193: 5
instr 194: 17
instr 195: 3
instr 196: 7
instr 197: -25
instr 198: -12
instr 199: 22
instr 200: 15
instr 201: -20
instr 202: 11
instr 203: -2
instr 204: -9
instr 205: -39
instr 206: -33
instr 207: 32
instr 208: -30
instr 209: 16
instr 210: 4
instr 211: -53
instr 212: -11
instr 213: 5
instr 214: 27
instr 215: 21
instr 216: -13
instr 217: -13
instr 218: 14
instr 219: 30
instr 220: -20
instr 221: -4
instr 222: -24
instr 223: 18
instr 224: -53
instr 225: -1
instr 226: 32
instr 227: 17
instr 228: 25
instr 229: 28
instr 230: -35
instr 231: 16
instr 232: 23
instr 233: -11
instr 234: -36
instr 235: 20
instr 236: -19
instr 237: -10
instr 238: -18
instr 239: 49
instr 240: 5
instr 241: 22
instr 242: -31
instr 243: -2
instr 244: 19
instr 245: -25
instr 246: 15
instr 247: -25
instr 248: -39
instr 249: 12
instr 250: -6
instr 251: -13
instr 252: -26
instr 253: 19
instr 254: -3
instr 255: -36
instr 256: -36
instr 257: -5
instr 258: 25
instr 259: 8
instr 260: -5
instr 261: -15
instr 262: 16
instr 263: -3
instr 264: 32
instr 265: -2
instr 266: 9
instr 267: 7
instr 268: -31
instr 269: -1
instr 270: -8
instr 271: 25
instr 272: 24
instr 273: -2
instr 274: 11
instr 275: 4
instr 276: 20
instr 277: -25
instr 278: -18
instr 279: 25
instr 280: 19
instr 281: -29
instr 282: 1
instr 283: -13
instr 284: 32
instr 285: 8
instr 286: -53
instr 287: -21
instr 288: 5
instr 289: 0
instr 290: -5
instr 291: 11
instr 292: 14
instr 293: -27
instr 294: -7
instr 295: -27
instr 296: 8
instr 297: 5
instr 298: -37
instr 299: -17
instr 300: -12
instr 301: -5
instr 302: 2
instr 303: 8
instr 304: -26
instr 305: 16
instr 306: -7
instr 307: -7
instr 308: -30
instr 309: 19
instr 310: -7
instr 311: -37
instr 312: 13
instr 313: 5
instr 314: -19
instr 315: -29
instr 316: 10
instr 317: -9
instr 318: 19
instr 319: -5
instr 320: 36
instr 321: 11
instr 322: -16
instr 323: -27
instr 324: -19
instr 325: -12
instr 326: 36
instr 327: 0
instr 328: -14
instr 329: -26
instr 330: 7
instr 331: 8
instr 332: 9
instr 333: 2
instr 334: 22
instr 335: 40
instr 336: -2
instr 337: -23
instr 338: 7
instr 339: 0
instr 340: -71
instr 341: 63
instr 342: 10
instr 343: -17
instr 344: 11
instr 345: -26
instr 346: -10
instr 347: 32
instr 348: 50
instr 349: 30
instr 350: -5
instr 351: -3
instr 352: -48
instr 353: -25
instr 354: -24
instr 355: 36
instr 356: 16
instr 357: -16
instr 358: 16
instr 359: 6
instr 360: -25
instr 361: 11
instr 362: -8
instr 363: -13
instr 364: 10
instr 365: 11
instr 366: 18
instr 367: -14
instr 368: -31
instr 369: -11
instr 370: -17
instr 371: -44
instr 372: 28
instr 373: -21
instr 374: 19
instr 375: 22
instr 376: 23
instr 377: -40
instr 378: 35
instr 379: -11
instr 380: -36
instr 381: -9
instr 382: 6
instr 383: -44
instr 384: -48
instr 385: -9
instr 386: 12
instr 387: 26
instr 388: -36
instr 389: 4
instr 390: -49
instr 391: -23
instr 392: -7
instr 393: -16
instr 394: -19
instr 395: -22
instr 396: 14
instr 397: 9
instr 398: 34
instr 399: -4
instr 400: 30
instr 401: -31
instr 402: 12
instr 403: -5
instr 404: -21
instr 405: 9
instr 406: 4
instr 407: -23
instr 408: -19
instr 409: 11
instr 410: 13
instr 411: -22
instr 412: -34
instr 413: -12
instr 414: 3
instr 415: 9
instr 416: -5
instr 417: 14
instr 418: 22
instr 419: 7
instr 420: 3
instr 421: 6
instr 422: 33
instr 423: 13
instr 424: 0
instr 425: 9
instr 426: 24
instr 427: 34
instr 428: -13
instr 429: 1
instr 430: 10
instr 431: 1
instr 432: 12
instr 433: 18
instr 434: -35
instr 435: -17
instr 436: 25
instr 437: 35
instr 438: 15
instr 439: -2
instr 440: -43
instr 441: -13
instr 442: -8
instr 443: -16
instr 444: -17
instr 445: -26
instr 446: -5
instr 447: 7
instr 448: -9
instr 449: -3
instr 450: -58
instr 451: -17
instr 452: -6
instr 453: -37
instr 454: -2
instr 455: -15
instr 456: 1
instr 457: 9
instr 458: 10
instr 459: -11
instr 460: 33
instr 461: 21
instr 462: -45
instr 463: -9
instr 464: -10
instr 465: -23
instr 466: -13
instr 467: 8
instr 468: 0
instr 469: 26
instr 470: -11
instr 471: -47
instr 472: 25
instr 473: -34
instr 474: 21
instr 475: -18
instr 476: -14
instr 477: -11
instr 478: 1
instr 479: 43
instr 480: -3
instr 481: 55
instr 482: -26
instr 483: -2
instr 484: -12
instr 485: 11
instr 486: 43
instr 487: -7
instr 488: -10
instr 489: 19
instr 490: -4
instr 491: 19
instr 492: -16
instr 493: 29
instr 494: 42
instr 495: -26
instr 496: 8
instr 497: -4
instr 498: 20
instr 499: 23
instr 500: 30
instr 501: -18
instr 502: 44
instr 503: -43
instr 504: 9
instr 505: 29
instr 506: -10
instr 507: -60
instr 508: -4
instr 509: 8
instr 510: -24
instr 511: -4
instr 512: 34
instr 513: 21
instr 514: -5
instr 515: 8
instr 516: 19
instr 517: -6
instr 518: 11
instr 519: -14
instr 520: 24
instr 521: 29
instr 522: -77
instr 523: -1
instr 524: 25
instr 525: 22
instr 526: -15
instr 527: 20
instr 528: 12
instr 529: -15
instr 530: -41
instr 531: 14
instr 532: -20
instr 533: 9
instr 534: 2
instr 535: -6
instr 536: -8
instr 537: 32
instr 538: -36
instr 539: -8
instr 540: -22
instr 541: -11
instr 542: 7
instr 543: -1
instr 544: -15
instr 545: 12
instr 546: -24
instr 547: -6
instr 548: 0
instr 549: -33
instr 550: 22
instr 551: -22
instr 552: 49
instr 553: 12
instr 554: -33
instr 555: 32
instr 556: -24
instr 557: 1
instr 558: 29
instr 559: -36
instr 560: 40
instr 561: -1
instr 562: -39
instr 563: 12
instr 564: -14
instr 565: -28
instr 566: -7
instr 567: -6
instr 568: -42
instr 569: -23
instr 570: -6
instr 571: 2
instr 572: 9
instr 573: 17
instr 574: 44
instr 575: 6
instr 576: -32
instr 577: -37
instr 578: 17
instr 579: -20
instr 580: -11
instr 581: -32
instr 582: 8
instr 583: 8
instr 584: -10
instr 585: -24
instr 586: -22
instr 587: 16
instr 588: -36
instr 589: -18
instr 590: -15
instr 591: 29
instr 592: 32
instr 593: -24
instr 594: 16
instr 595: 2
instr 596: 2
instr 597: 32
instr 598: -26
instr 599: 2
instr 600: -3
instr 601: 2
instr 602: -12
instr 603: -14
instr 604: 16
instr 605: -15
instr 606: 4
instr 607: 24
instr 608: 50
instr 609: 1
instr 610: 8
instr 611: 25
instr 612: -47
instr 613: 30
instr 614: 21
instr 615: 16
instr 616: -49
instr 617: 1
instr 618: 69
instr 619: 4
instr 620: -21
instr 621: 6
instr 622: 18
instr 623: 5
instr 624: -1
instr 625: 1
instr 626: 5
instr 627: 31
instr 628: 20
instr 629: -30
instr 630: -38
instr 631: 34
instr 632: -12
instr 633: 12
instr 634: 26
instr 635: -4
instr 636: 39
instr 637: 11
instr 638: 33
instr 639: 17
instr 640: -4
instr 641: -2
instr 642: -5
instr 643: 24
instr 644: -3
instr 645: -12
instr 646: -16
instr 647: -6
instr 648: 49
instr 649: 8
instr 650: -55
instr 651: -24
instr 652: -8
instr 653: 6
instr 654: 25
instr 655: 31
instr 656: 36
instr 657: -11
instr 658: 4
instr 659: 29
instr 660: -8
instr 661: -38
instr 662: -2
instr 663: -17
instr 664: -44
instr 665: -26
instr 666: 5
instr 667: -26
instr 668: 25
instr 669: -19
instr 670: -8
instr 671: -3
instr 672: -17
instr 673: 10
instr 674: -35
instr 675: 5
instr 676: 7
instr 677: 8
instr 678: -10
instr 679: -32
instr 680: 1
instr 681: 9
instr 682: 14
instr 683: -40
instr 684: 6
instr 685: 35
instr 686: -14
instr 687: 3
instr 688: 22
instr 689: -7
instr 690: 40
instr 691: -7
instr 692: -39
instr 693: 24
instr 694: -17
instr 695: -53
instr 696: -50
instr 697: -29
instr 698: 55
instr 699: -45
instr 700: 36
instr 701: 26
instr 702: -20
instr 703: -22
instr 704: -26
instr 705: -30
instr 706: 46
instr 707: -36
instr 708: -36
instr 709: -7
instr 710: -14
instr 711: -3
instr 712: 9
instr 713: 24
instr 714: -14
instr 715: -54
instr 716: -50
instr 717: -39
instr 718: 53
instr 719: 3
instr 720: 23
instr 721: 31
instr 722: -39
instr 723: 25
instr 724: 6
instr 725: 38
instr 726: 17
instr 727: 6
instr 728: 2
instr 729: 1
instr 730: 10
instr 731: 32
instr 732: 43
instr 733: 59
instr 734: -11
instr 735: 23
instr 736: 44
instr 737: 8
instr 738: -17
instr 739: -43
instr 740: -47
instr 741: -14
instr 742: -32
instr 743: -1
instr 744: -29
instr 745: 35
instr 746: 9
instr 747: 53
instr 748: 9
instr 749: -17
instr 750: 7
instr 751: 64
instr 752: 52
instr 753: 9
instr 754: -19
instr 755: 3
instr 756: 6
instr 757: 10
instr 758: -36
instr 759: -31
instr 760: -16
instr 761: -14
instr 762: 32
instr 763: -25
instr 764: 2
instr 765: 6
instr 766: 4
instr 767: 8
instr 768: 11
instr 769: 9
instr 770: -9
instr 771: -2
instr 772: 31
instr 773: 35
instr 774: -7
instr 775: 11
instr 776: 11
instr 777: -36
instr 778: 27
instr 779: 44
instr 780: 1
instr 781: 15
instr 782: -50
instr 783: -22
instr 784: -41
instr 785: -9
instr 786: 24
instr 787: -47
instr 788: -20
instr 789: -1
instr 790: -10
instr 791: -25
instr 792: -37
instr 793: -20
instr 794: 9
instr 795: -30
instr 796: 19
instr 797: 27
instr 798: -6
instr 799: -26
instr 800: 25
instr 801: -8
instr 802: -8
instr 803: 28
instr 804: -14
instr 805: -2
instr 806: -26
instr 807: -8
instr 808: 64
instr 809: -11
instr 810: 15
instr 811: 11
instr 812: 14
instr 813: -27
instr 814: 40
instr 815: 16
instr 816: 6
instr 817: -5
instr 818: -16
instr 819: -17
instr 820: 59
instr 821: 19
instr 822: -1
instr 823: 13
instr 824: -10
instr 825: -27
instr 826: -24
instr 827: 15
instr 828: 22
instr 829: 32
instr 830: 8
instr 831: -17
instr 832: -12
instr 833: -5
instr 834: -18
instr 835: 10
instr 836: -1
instr 837: -8
instr 838: 19
instr 839: 7
instr 840: 6
instr 841: -20
instr 842: -9
instr 843: 26
instr 844: -79
instr 845: -10
instr 846: 32
instr 847: 11
instr 848: -8
instr 849: -10
instr 850: 26
instr 851: -40
instr 852: -4
instr 853: 49
instr 854: -31
instr 855: 33
instr 856: -63
instr 857: 5
instr 858: -33
instr 859: 6
instr 860: 7
instr 861: -16
instr 862: 0
instr 863: 2
instr 864: 35
instr 865: -15
instr 866: -1
instr 867: -2
instr 868: 8
instr 869: -14
instr 870: -37
instr 871: -1
instr 872: 6
instr 873: -10
instr 874: -27
instr 875: -2
instr 876: 23
instr 877: 5
instr 878: -41
instr 879: 17
instr 880: 23
instr 881: -19
instr 882: 9
instr 883: 9
instr 884: -50
instr 885: -37
instr 886: 12
instr 887: 1
instr 888: 52
instr 889: -17
instr 890: -7
instr 891: -29
instr 892: -17
instr 893: 19
instr 894: 20
instr 895: -25
instr 896: 3
instr 897: -15
instr 898: -11
instr 899: 22
instr 900: 11
instr 901: 4
instr 902: -29
instr 903: -21
instr 904: 3
instr 905: 0
instr 906: -8
instr 907: -32
instr 908: -11
instr 909: -6
instr 910: 15
instr 911: 15
instr 912: 27
instr 913: 4
instr 914: -22
instr 915: -20
instr 916: -31
instr 917: -24
instr 918: -15
instr 919: 13
instr 920: 22
instr 921: -29
instr 922: -23
instr 923: 21
instr 924: -6
instr 925: 30
instr 926: -10
instr 927: 10
instr 928: 20
instr 929: 6
instr 930: 28
instr 931: 41
instr 932: 3
instr 933: 8
instr 934: 0
instr 935: -21
instr 936: 24
instr 937: -58
instr 938: -5
instr 939: -20
instr 940: -4
instr 941: -4
instr 942: -26
instr 943: -22
instr 944: -43
instr 945: 11
instr 946: -13
instr 947: -18
instr 948: -23
instr 949: -21
instr 950: 11
instr 951: -4
instr 952: -41
instr 953: -36
instr 954: -26
instr 955: -15
instr 956: 14
instr 957: 9
instr 958: 20
instr 959: -47
instr 960: -51
instr 961: 1
instr 962: -17
instr 963: -5
instr 964: -21
instr 965: -22
instr 966: -11
instr 967: 20
instr 968: 20
instr 969: -28
instr 970: 17
instr 971: 12
instr 972: 17
instr 973: 7
instr 974: -37
instr 975: 14
instr 976: -22
instr 977: 7
instr 978: -5
instr 979: -2
instr 980: -2
instr 981: -2
instr 982: 19
instr 983: -47
instr 984: 0
instr 985: -5
instr 986: -2
instr 987: -36
instr 988: -22
instr 989: 34
instr 990: 6
instr 991: 3
instr 992: -11
instr 993: -26
instr 994: 29
instr 995: 11
instr 996: -19
instr 997: 12
instr 998: 7
instr 999: 4
instr 1000: -52
instr 1001: -18
instr 1002: -6
instr 1003: -17
