instr 0: 0
instr 1: 0
instr 2: 0
instr 3: 0
instr 4: 30519
instr 5: 32728
instr 6: 29971
instr 7: 31358
instr 8: 31817
instr 9: 31471
instr 10: 30713
instr 11: 32436
instr 12: 32060
instr 13: 32329
instr 14: 32368
instr 15: 32296
instr 16: 31053
instr 17: 31383
instr 18: 31767
instr 19: 27739
instr 20: 30769
instr 21: 32750
instr 22: 32430
instr 23: 32421
instr 24: 32441
instr 25: 30554
instr 26: 28566
instr 27: 32611
instr 28: 32163
instr 29: 32428
instr 30: 31788
instr 31: 32362
instr 32: 32723
instr 33: 32472
instr 34: 32668
instr 35: 31964
instr 36: 32475
instr 37: 30643
instr 38: 32677
instr 39: 32328
instr 40: 30119
instr 41: 32119
instr 42: 31472
instr 43: 32141
instr 44: 31534
instr 45: 32094
instr 46: 31239
instr 47: 32688
instr 48: 32066
instr 49: 32567
instr 50: 32721
instr 51: 29722
instr 52: 32036
instr 53: 32695
instr 54: 32496
instr 55: 30469
instr 56: 32443
instr 57: 31144
instr 58: 30030
instr 59: 31141
instr 60: 32553
instr 61: 31532
instr 62: 32310
instr 63: 32300
instr 64: 30294
instr 65: 32455
instr 66: 32334
instr 67: 32523
instr 68: 32058
instr 69: 32388
instr 70: 31796
instr 71: 31950
instr 72: 30444
instr 73: 32138
instr 74: 32751
instr 75: 31077
instr 76: 32313
instr 77: 31642
instr 78: 32270
instr 79: 32179
instr 80: 32434
instr 81: 32234
instr 82: 32473
instr 83: 32581
instr 84: 32703
instr 85: 32749
instr 86: 30951
instr 87: 32256
instr 88: 32022
instr 89: 31650
instr 90: 32694
instr 91: 32622
instr 92: 32555
instr 93: 29289
instr 94: 30326
instr 95: 32648
instr 96: 32308
instr 97: 32265
instr 98: 29455
instr 99: 32484
instr 100: 31064
instr 101: 32251
instr 102: 32596
instr 103: 31704
instr 104: 32686
instr 105: 32638
instr 106: 32438
instr 107: 32186
instr 108: 31486
instr 109: 32189
instr 110: 32585
instr 111: 32067
instr 112: 30691
instr 113: 31598
instr 114: 29983
instr 115: 32060
instr 116: 30748
instr 117: 30705
instr 118: 30357
instr 119: 31283
instr 120: 31692
instr 121: 32016
instr 122: 30630
instr 123: 29731
instr 124: 32311
instr 125: 32476
instr 126: 32437
instr 127: 32168
instr 128: 32252
instr 129: 31318
instr 130: 32532
instr 131: 31402
instr 132: 32362
instr 133: 31235
instr 134: 31199
instr 135: 32586
instr 136: 31650
instr 137: 32382
instr 138: 32676
instr 139: 30996
instr 140: 31031
instr 141: 32115
instr 142: 30919
instr 143: 31592
instr 144: 32317
instr 145: 32655
instr 146: 31054
instr 147: 30198
instr 148: 31189
instr 149: 31562
instr 150: 32011
instr 151: 32097
instr 152: 31808
instr 153: 32276
instr 154: 32719
instr 155: 32392
instr 156: 32664
instr 157: 31493
instr 158: 32454
instr 159: 32370
instr 160: 31864
instr 161: 32490
instr 162: 31641
instr 163: 32494
instr 164: 31114
instr 165: 32534
instr 166: 32534
instr 167: 32409
instr 168: 31442
instr 169: 29681
instr 170: 30208
instr 171: 32264
instr 172: 31976
instr 173: 32661
instr 174: 32194
instr 175: 32645
instr 176: 32485
instr 177: 32710
instr 178: 22591
instr 179: 32353
instr 180: 32002
instr 181: 32361
instr 182: 32433
instr 183: 32692
instr 184: 31909
instr 185: 29814
instr 186: 32277
instr 187: 32130
instr 188: 30108
instr 189: 32477
instr 190: 32080
instr 191: 31914
instr 192: 31262
instr 193: 32445
instr 194: 30827
instr 195: 30346
instr 196: 31937
instr 197: 31151
instr 198: 32295
instr 199: 32411
instr 200: 32628
instr 201: 32565
instr 202: 32600
instr 203: 32538
instr 204: 32083
instr 205: 32600
instr 206: 32232
instr 207: 29186
instr 208: 30209
instr 209: 30846
instr 210: 32707
instr 211: 32616
instr 212: 32693
instr 213: 32533
instr 214: 31194
instr 215: 32454
instr 216: 31750
instr 217: 32304
instr 218: 32721
instr 219: 31143
instr 220: 32485
instr 221: 30893
instr 222: 29311
instr 223: 32394
instr 224: 27928
instr 225: 32623
instr 226: 31164
instr 227: 31077
instr 228: 31621
instr 229: 32551
instr 230: 31818
instr 231: 32363
instr 232: 31351
instr 233: 30153
instr 234: 32697
instr 235: 32001
instr 236: 31739
instr 237: 31754
instr 238: 32015
instr 239: 31597
instr 240: 31619
instr 241: 32023
instr 242: 32402
instr 243: 32252
instr 244: 32636
instr 245: 31793
instr 246: 32630
instr 247: 29249
instr 248: 32570
instr 249: 32453
instr 250: 32170
instr 251: 32448
instr 252: 28555
instr 253: 32496
instr 254: 32709
instr 255: 32713
instr 256: 31462
instr 257: 32726
instr 258: 28663
instr 259: 31756
instr 260: 31962
instr 261: 32411
instr 262: 30139
instr 263: 32700
instr 264: 32516
instr 265: 32073
instr 266: 29821
instr 267: 32551
instr 268: 31217
instr 269: 31270
instr 270: 31589
instr 271: 32064
instr 272: 31318
instr 273: 31681
instr 274: 32658
instr 275: 32353
instr 276: 31566
instr 277: 31507
instr 278: 32724
instr 279: 32071
instr 280: 32361
instr 281: 30325
instr 282: 32158
instr 283: 32641
instr 284: 32222
instr 285: 32164
instr 286: 31949
instr 287: 31899
instr 288: 32168
instr 289: 30803
instr 290: 30917
instr 291: 32640
instr 292: 32723
instr 293: 30115
instr 294: 31173
instr 295: 31626
instr 296: 32210
instr 297: 31811
instr 298: 30832
instr 299: 31687
instr 300: 28716
instr 301: 31909
instr 302: 32212
instr 303: 32059
instr 304: 32501
instr 305: 31828
instr 306: 31119
instr 307: 31328
instr 308: 31294
instr 309: 31430
instr 310: 31599
instr 311: 32745
instr 312: 28865
instr 313: 32136
instr 314: 31523
instr 315: 30919
instr 316: 32312
instr 317: 31049
instr 318: 32194
instr 319: 32263
instr 320: 32537
instr 321: 32569
instr 322: 32691
instr 323: 32523
instr 324: 31824
instr 325: 31311
instr 326: 31959
instr 327: 32073
instr 328: 28819
instr 329: 32405
instr 330: 31415
instr 331: 32253
instr 332: 30505
instr 333: 32315
instr 334: 31807
instr 335: 31804
instr 336: 32739
instr 337: 32751
instr 338: 32517
instr 339: 32254
instr 340: 32117
instr 341: 31239
instr 342: 31798
instr 343: 32657
instr 344: 29262
instr 345: 32178
instr 346: 32303
instr 347: 30299
instr 348: 31026
instr 349: 32253
instr 350: 32752
instr 351: 32459
instr 352: 31318
instr 353: 32223
instr 354: 32635
instr 355: 31379
instr 356: 32026
instr 357: 31800
instr 358: 31152
instr 359: 31547
instr 360: 32759
instr 361: 32035
instr 362: 32157
instr 363: 32386
instr 364: 31619
instr 365: 32635
instr 366: 32565
instr 367: 32335
instr 368: 32708
instr 369: 28992
instr 370: 31050
instr 371: 31776
instr 372: 32704
instr 373: 30783
instr 374: 32495
instr 375: 31880
instr 376: 32463
instr 377: 32566
instr 378: 30756
instr 379: 32545
instr 380: 32278
instr 381: 32505
instr 382: 32526
instr 383: 32550
instr 384: 32613
instr 385: 32628
instr 386: 32332
instr 387: 30621
instr 388: 31213
instr 389: 31198
instr 390: 31151
instr 391: 32336
instr 392: 28963
instr 393: 31955
instr 394: 30380
instr 395: 31666
instr 396: 32076
instr 397: 31864
instr 398: 32204
instr 399: 31932
instr 400: 32262
instr 401: 32216
instr 402: 30140
instr 403: 30921
instr 404: 32420
instr 405: 32213
instr 406: 28809
instr 407: 32749
instr 408: 32006
instr 409: 32737
instr 410: 32487
instr 411: 32271
instr 412: 31874
instr 413: 32603
instr 414: 30609
instr 415: 31571
instr 416: 30669
instr 417: 32038
instr 418: 31362
instr 419: 31353
instr 420: 32673
instr 421: 32315
instr 422: 31682
instr 423: 32719
instr 424: 31971
instr 425: 32462
instr 426: 32328
instr 427: 32562
instr 428: 32715
instr 429: 32464
instr 430: 32312
instr 431: 31970
instr 432: 32753
instr 433: 32752
instr 434: 32212
instr 435: 32374
instr 436: 31605
instr 437: 29272
instr 438: 32414
instr 439: 31161
instr 440: 31478
instr 441: 32530
instr 442: 31939
instr 443: 32662
instr 444: 32279
instr 445: 32462
instr 446: 30009
instr 447: 31359
instr 448: 30838
instr 449: 31032
instr 450: 32462
instr 451: 32367
instr 452: 30817
instr 453: 25557
instr 454: 30230
instr 455: 31514
instr 456: 32018
instr 457: 32023
instr 458: 31613
instr 459: 29738
instr 460: 28782
instr 461: 32755
instr 462: 26086
instr 463: 31878
instr 464: 31879
instr 465: 29744
instr 466: 30491
instr 467: 31641
instr 468: 32007
instr 469: 29133
instr 470: 32081
instr 471: 31502
instr 472: 32596
instr 473: 32494
instr 474: 32513
instr 475: 31964
instr 476: 31941
instr 477: 30931
instr 478: 31336
instr 479: 32754
instr 480: 31973
instr 481: 32748
instr 482: 32065
instr 483: 31222
instr 484: 32066
instr 485: 31884
instr 486: 32468
instr 487: 32263
instr 488: 31963
instr 489: 31582
instr 490: 32378
instr 491: 31611
instr 492: 32162
instr 493: 29282
instr 494: 31182
instr 495: 30629
instr 496: 32639
instr 497: 31725
instr 498: 31149
instr 499: 32756
instr 500: 32479
instr 501: 31296
instr 502: 32526
instr 503: 32141
instr 504: 32691
instr 505: 30260
instr 506: 31817
instr 507: 28048
instr 508: 32688
instr 509: 27774
instr 510: 31874
instr 511: 31480
instr 512: 31273
instr 513: 31903
instr 514: 31296
instr 515: 32375
instr 516: 32411
instr 517: 31618
instr 518: 31539
instr 519: 29337
instr 520: 32704
instr 521: 32113
instr 522: 32680
instr 523: 31296
instr 524: 32673
instr 525: 29478
instr 526: 32757
instr 527: 32540
instr 528: 30379
instr 529: 31969
instr 530: 30482
instr 531: 32180
instr 532: 32503
instr 533: 32450
instr 534: 32147
instr 535: 29153
instr 536: 32620
instr 537: 32411
instr 538: 26458
instr 539: 30577
instr 540: 31659
instr 541: 32528
instr 542: 32100
instr 543: 30181
instr 544: 32088
instr 545: 30688
instr 546: 32658
instr 547: 31739
instr 548: 32253
instr 549: 29567
instr 550: 29518
instr 551: 31641
instr 552: 32672
instr 553: 30381
instr 554: 32590
instr 555: 32393
instr 556: 30375
instr 557: 31065
instr 558: 32475
instr 559: 32633
instr 560: 32444
instr 561: 30972
instr 562: 32602
instr 563: 32354
instr 564: 30575
instr 565: 32496
instr 566: 32369
instr 567: 32692
instr 568: 32512
instr 569: 31653
instr 570: 32736
instr 571: 29058
instr 572: 31706
instr 573: 31975
instr 574: 32211
instr 575: 31677
instr 576: 32320
instr 577: 32073
instr 578: 30609
instr 579: 32622
instr 580: 31844
instr 581: 29858
instr 582: 32307
instr 583: 32042
instr 584: 31010
instr 585: 32676
instr 586: 30098
instr 587: 32001
instr 588: 30888
instr 589: 32734
instr 590: 30461
instr 591: 32277
instr 592: 32349
instr 593: 31943
instr 594: 31885
instr 595: 32757
instr 596: 31963
instr 597: 30819
instr 598: 29865
instr 599: 32614
instr 600: 31053
instr 601: 32323
instr 602: 32761
instr 603: 31756
instr 604: 32698
instr 605: 31018
instr 606: 32440
instr 607: 32660
instr 608: 30852
instr 609: 31551
instr 610: 32525
instr 611: 30517
instr 612: 31829
instr 613: 32763
instr 614: 31173
instr 615: 30937
instr 616: 31294
instr 617: 32374
instr 618: 32535
instr 619: 31984
instr 620: 32398
instr 621: 31296
instr 622: 32758
instr 623: 31779
instr 624: 28409
instr 625: 31819
instr 626: 30833
instr 627: 32736
instr 628: 31789
instr 629: 32648
instr 630: 31218
instr 631: 32339
instr 632: 30965
instr 633: 32091
instr 634: 31866
instr 635: 31791
instr 636: 32489
instr 637: 32546
instr 638: 29671
instr 639: 29140
instr 640: 31896
instr 641: 32645
instr 642: 32666
instr 643: 32182
instr 644: 32550
instr 645: 31995
instr 646: 32694
instr 647: 32296
instr 648: 32167
instr 649: 32572
instr 650: 32449
instr 651: 31600
instr 652: 32630
instr 653: 31579
instr 654: 31602
instr 655: 32051
instr 656: 32631
instr 657: 29299
instr 658: 31678
instr 659: 32710
instr 660: 31996
instr 661: 32010
instr 662: 32512
instr 663: 32713
instr 664: 30983
instr 665: 31707
instr 666: 32015
instr 667: 30571
instr 668: 30785
instr 669: 29686
instr 670: 32033
instr 671: 32750
instr 672: 31720
instr 673: 32388
instr 674: 32682
instr 675: 32455
instr 676: 31223
instr 677: 32457
instr 678: 32711
instr 679: 32527
instr 680: 32544
instr 681: 32565
instr 682: 32712
instr 683: 32584
instr 684: 31629
instr 685: 32640
instr 686: 32484
instr 687: 27276
instr 688: 32689
instr 689: 32377
instr 690: 31917
instr 691: 31711
instr 692: 32581
instr 693: 31780
instr 694: 32228
instr 695: 32522
instr 696: 31918
instr 697: 31662
instr 698: 31437
instr 699: 32556
instr 700: 32732
instr 701: 29744
instr 702: 31604
instr 703: 32191
instr 704: 32168
instr 705: 32623
instr 706: 30876
instr 707: 30345
instr 708: 30989
instr 709: 32428
instr 710: 32580
instr 711: 32686
instr 712: 32003
instr 713: 30519
instr 714: 29905
instr 715: 31753
instr 716: 31044
instr 717: 32123
instr 718: 30981
instr 719: 32761
instr 720: 29896
instr 721: 31587
instr 722: 32766
instr 723: 31494
instr 724: 32411
instr 725: 32227
instr 726: 29503
instr 727: 32512
instr 728: 32586
instr 729: 32483
instr 730: 30311
instr 731: 32591
instr 732: 32746
instr 733: 31921
instr 734: 31181
instr 735: 32448
instr 736: 31275
instr 737: 32145
instr 738: 32348
instr 739: 30770
instr 740: 28835
instr 741: 31611
instr 742: 32291
instr 743: 32509
instr 744: 32422
instr 745: 32546
instr 746: 30281
instr 747: 32557
instr 748: 32465
instr 749: 31660
instr 750: 32330
instr 751: 32636
instr 752: 31744
instr 753: 30720
instr 754: 32093
instr 755: 30937
instr 756: 30719
instr 757: 31295
instr 758: 28732
instr 759: 32515
instr 760: 31939
instr 761: 31196
instr 762: 32030
instr 763: 32642
instr 764: 31813
instr 765: 31000
instr 766: 32487
instr 767: 31667
instr 768: 32439
instr 769: 30838
instr 770: 31998
instr 771: 31882
instr 772: 31182
instr 773: 32563
instr 774: 29989
instr 775: 32083
instr 776: 31359
instr 777: 31235
instr 778: 31117
instr 779: 31815
instr 780: 30818
instr 781: 31787
instr 782: 32224
instr 783: 31888
instr 784: 28796
instr 785: 32181
instr 786: 32470
instr 787: 31406
instr 788: 29286
instr 789: 30719
instr 790: 32369
instr 791: 30859
instr 792: 30612
instr 793: 31747
instr 794: 32013
instr 795: 32152
instr 796: 32358
instr 797: 31217
instr 798: 29489
instr 799: 31765
instr 800: 31649
instr 801: 31757
instr 802: 32587
instr 803: 32303
instr 804: 32043
instr 805: 31024
instr 806: 31464
instr 807: 32633
instr 808: 30199
instr 809: 32491
instr 810: 31587
instr 811: 30270
instr 812: 32130
instr 813: 32765
instr 814: 32488
instr 815: 32678
instr 816: 32124
instr 817: 30265
instr 818: 32732
instr 819: 30283
instr 820: 31902
instr 821: 32747
instr 822: 32397
instr 823: 32402
instr 824: 31576
instr 825: 32523
instr 826: 32239
instr 827: 31722
instr 828: 32460
instr 829: 31799
instr 830: 32429
instr 831: 32545
instr 832: 31891
instr 833: 32003
instr 834: 32681
instr 835: 31882
instr 836: 32658
instr 837: 32395
instr 838: 32553
instr 839: 32501
instr 840: 28168
instr 841: 31616
instr 842: 31759
instr 843: 32228
instr 844: 32191
instr 845: 32553
instr 846: 31294
instr 847: 31751
instr 848: 32705
instr 849: 30563
instr 850: 32648
instr 851: 30095
instr 852: 30739
instr 853: 30193
instr 854: 32184
instr 855: 32110
instr 856: 31952
instr 857: 31666
instr 858: 32557
instr 859: 32658
instr 860: 29644
instr 861: 31799
instr 862: 31928
instr 863: 29944
instr 864: 32073
instr 865: 32291
instr 866: 32392
instr 867: 32434
instr 868: 31499
instr 869: 31383
instr 870: 31413
instr 871: 31256
instr 872: 32009
instr 873: 31774
instr 874: 30691
instr 875: 30571
instr 876: 31773
instr 877: 32187
instr 878: 32100
instr 879: 32391
instr 880: 32596
instr 881: 31451
instr 882: 32720
instr 883: 32220
instr 884: 31131
instr 885: 32424
instr 886: 32664
instr 887: 32596
instr 888: 32112
instr 889: 28394
instr 890: 32462
instr 891: 32463
instr 892: 32157
instr 893: 30992
instr 894: 31721
instr 895: 32736
instr 896: 31571
instr 897: 32257
instr 898: 28547
instr 899: 28970
instr 900: 32397
instr 901: 30091
instr 902: 32028
instr 903: 30811
instr 904: 32696
instr 905: 32078
instr 906: 31532
instr 907: 31945
instr 908: 32446
instr 909: 30412
instr 910: 32646
instr 911: 32665
instr 912: 30991
instr 913: 32342
instr 914: 32114
instr 915: 31622
instr 916: 32083
instr 917: 31759
instr 918: 30415
instr 919: 32582
instr 920: 32719
instr 921: 32356
instr 922: 31823
instr 923: 32499
instr 924: 32276
instr 925: 31338
instr 926: 31294
instr 927: 32506
instr 928: 30673
instr 929: 32413
instr 930: 31734
instr 931: 32767
instr 932: 31199
instr 933: 32436
instr 934: 28883
instr 935: 32260
instr 936: 31691
instr 937: 32728
instr 938: 31855
instr 939: 31734
instr 940: 32527
instr 941: 32364
instr 942: 32177
instr 943: 31632
instr 944: 31218
instr 945: 32742
instr 946: 32237
instr 947: 32524
instr 948: 31815
instr 949: 32097
instr 950: 31794
instr 951: 32530
instr 952: 32489
instr 953: 31910
instr 954: 30992
instr 955: 31382
instr 956: 31975
instr 957: 30572
instr 958: 32724
instr 959: 29016
instr 960: 32079
instr 961: 32327
instr 962: 31708
instr 963: 32658
instr 964: 31750
instr 965: 31991
instr 966: 32404
instr 967: 32323
instr 968: 31306
instr 969: 32321
instr 970: 32432
instr 971: 32442
instr 972: 32535
instr 973: 32758
instr 974: 32278
instr 975: 30461
instr 976: 32518
instr 977: 32136
instr 978: 31567
instr 979: 31130
instr 980: 32579
instr 981: 32691
instr 982: 32503
instr 983: 32661
instr 984: 29708
instr 985: 29914
instr 986: 31313
instr 987: 31760
instr 988: 30448
instr 989: 31308
instr 990: 32412
instr 991: 32472
instr 992: 31540
instr 993: 31818
instr 994: 32267
instr 995: 29232
instr 996: 31783
instr 997: 30642
instr 998: 31853
instr 999: 31717
instr 1000: 31957
instr 1001: 32739
instr 1002: 30968
instr 1003: 32050
