instr 0: 0
instr 1: 0
instr 2: 0
instr 3: 0
instr 4: 254
instr 5: 255
instr 6: 248
instr 7: 251
instr 8: 254
instr 9: 247
instr 10: 249
instr 11: 247
instr 12: 254
instr 13: 249
instr 14: 253
instr 15: 254
instr 16: 255
instr 17: 253
instr 18: 253
instr 19: 248
instr 20: 251
instr 21: 249
instr 22: 252
instr 23: 237
instr 24: 248
instr 25: 255
instr 26: 247
instr 27: 251
instr 28: 242
instr 29: 251
instr 30: 246
instr 31: 250
instr 32: 255
instr 33: 252
instr 34: 244
instr 35: 255
instr 36: 248
instr 37: 247
instr 38: 251
instr 39: 252
instr 40: 251
instr 41: 254
instr 42: 249
instr 43: 243
instr 44: 254
instr 45: 255
instr 46: 252
instr 47: 254
instr 48: 246
instr 49: 250
instr 50: 254
instr 51: 255
instr 52: 245
instr 53: 255
instr 54: 255
instr 55: 247
instr 56: 255
instr 57: 252
instr 58: 254
instr 59: 251
instr 60: 247
instr 61: 244
instr 62: 255
instr 63: 253
instr 64: 250
instr 65: 242
instr 66: 251
instr 67: 253
instr 68: 254
instr 69: 251
instr 70: 252
instr 71: 253
instr 72: 252
instr 73: 251
instr 74: 253
instr 75: 252
instr 76: 252
instr 77: 238
instr 78: 245
instr 79: 253
instr 80: 254
instr 81: 252
instr 82: 243
instr 83: 254
instr 84: 255
instr 85: 252
instr 86: 254
instr 87: 253
instr 88: 253
instr 89: 244
instr 90: 249
instr 91: 254
instr 92: 253
instr 93: 254
instr 94: 253
instr 95: 253
instr 96: 251
instr 97: 250
instr 98: 249
instr 99: 251
instr 100: 250
instr 101: 250
instr 102: 254
instr 103: 250
instr 104: 252
instr 105: 253
instr 106: 253
instr 107: 251
instr 108: 253
instr 109: 230
instr 110: 251
instr 111: 251
instr 112: 251
instr 113: 246
instr 114: 254
instr 115: 240
instr 116: 252
instr 117: 244
instr 118: 255
instr 119: 254
instr 120: 251
instr 121: 255
instr 122: 255
instr 123: 254
instr 124: 253
instr 125: 249
instr 126: 244
instr 127: 250
instr 128: 255
instr 129: 252
instr 130: 238
instr 131: 255
instr 132: 252
instr 133: 246
instr 134: 253
instr 135: 252
instr 136: 255
instr 137: 247
instr 138: 253
instr 139: 250
instr 140: 253
instr 141: 251
instr 142: 252
instr 143: 245
instr 144: 253
instr 145: 252
instr 146: 252
instr 147: 254
instr 148: 254
instr 149: 232
instr 150: 254
instr 151: 249
instr 152: 247
instr 153: 255
instr 154: 248
instr 155: 247
instr 156: 255
instr 157: 249
instr 158: 247
instr 159: 255
instr 160: 253
instr 161: 249
instr 162: 254
instr 163: 253
instr 164: 254
instr 165: 254
instr 166: 249
instr 167: 254
instr 168: 255
instr 169: 255
instr 170: 252
instr 171: 255
instr 172: 255
instr 173: 254
instr 174: 244
instr 175: 254
instr 176: 251
instr 177: 252
instr 178: 255
instr 179: 242
instr 180: 249
instr 181: 255
instr 182: 251
instr 183: 235
instr 184: 254
instr 185: 251
instr 186: 251
instr 187: 250
instr 188: 253
instr 189: 254
instr 190: 251
instr 191: 252
instr 192: 248
instr 193: 245
instr 194: 248
instr 195: 247
instr 196: 244
instr 197: 240
instr 198: 253
instr 199: 253
instr 200: 251
instr 201: 255
instr 202: 250
instr 203: 249
instr 204: 250
instr 205: 254
instr 206: 248
instr 207: 249
instr 208: 251
instr 209: 252
instr 210: 255
instr 211: 251
instr 212: 254
instr 213: 249
instr 214: 255
instr 215: 255
instr 216: 231
instr 217: 255
instr 218: 249
instr 219: 254
instr 220: 237
instr 221: 247
instr 222: 250
instr 223: 255
instr 224: 255
instr 225: 247
instr 226: 255
instr 227: 254
instr 228: 255
instr 229: 249
instr 230: 253
instr 231: 248
instr 232: 241
instr 233: 252
instr 234: 245
instr 235: 244
instr 236: 249
instr 237: 246
instr 238: 252
instr 239: 249
instr 240: 253
instr 241: 255
instr 242: 252
instr 243: 254
instr 244: 249
instr 245: 255
instr 246: 251
instr 247: 228
instr 248: 254
instr 249: 253
instr 250: 246
instr 251: 249
instr 252: 246
instr 253: 254
instr 254: 244
instr 255: 252
instr 256: 254
instr 257: 253
instr 258: 255
instr 259: 246
instr 260: 249
instr 261: 255
instr 262: 254
instr 263: 237
instr 264: 255
instr 265: 242
instr 266: 251
instr 267: 255
instr 268: 254
instr 269: 254
instr 270: 235
instr 271: 251
instr 272: 255
instr 273: 250
instr 274: 255
instr 275: 251
instr 276: 249
instr 277: 233
instr 278: 253
instr 279: 254
instr 280: 254
instr 281: 247
instr 282: 250
instr 283: 251
instr 284: 248
instr 285: 252
instr 286: 255
instr 287: 251
instr 288: 251
instr 289: 253
instr 290: 253
instr 291: 248
instr 292: 253
instr 293: 251
instr 294: 255
instr 295: 244
instr 296: 240
instr 297: 253
instr 298: 248
instr 299: 254
instr 300: 254
instr 301: 244
instr 302: 253
instr 303: 251
instr 304: 255
instr 305: 240
instr 306: 250
instr 307: 253
instr 308: 254
instr 309: 254
instr 310: 248
instr 311: 251
instr 312: 255
instr 313: 255
instr 314: 254
instr 315: 248
instr 316: 248
instr 317: 255
instr 318: 247
instr 319: 255
instr 320: 255
instr 321: 253
instr 322: 254
instr 323: 253
instr 324: 254
instr 325: 254
instr 326: 244
instr 327: 254
instr 328: 255
instr 329: 255
instr 330: 250
instr 331: 255
instr 332: 254
instr 333: 248
instr 334: 255
instr 335: 251
instr 336: 254
instr 337: 252
instr 338: 241
instr 339: 244
instr 340: 254
instr 341: 254
instr 342: 252
instr 343: 250
instr 344: 255
instr 345: 252
instr 346: 253
instr 347: 251
instr 348: 247
instr 349: 242
instr 350: 251
instr 351: 252
instr 352: 255
instr 353: 252
instr 354: 254
instr 355: 255
instr 356: 250
instr 357: 251
instr 358: 255
instr 359: 248
instr 360: 252
instr 361: 247
instr 362: 253
instr 363: 246
instr 364: 254
instr 365: 252
instr 366: 254
instr 367: 253
instr 368: 255
instr 369: 250
instr 370: 249
instr 371: 252
instr 372: 254
instr 373: 255
instr 374: 250
instr 375: 251
instr 376: 247
instr 377: 223
instr 378: 248
instr 379: 254
instr 380: 249
instr 381: 253
instr 382: 248
instr 383: 255
instr 384: 255
instr 385: 252
instr 386: 242
instr 387: 254
instr 388: 255
instr 389: 255
instr 390: 254
instr 391: 242
instr 392: 239
instr 393: 250
instr 394: 255
instr 395: 252
instr 396: 254
instr 397: 245
instr 398: 255
instr 399: 251
instr 400: 251
instr 401: 250
instr 402: 255
instr 403: 253
instr 404: 239
instr 405: 255
instr 406: 253
instr 407: 246
instr 408: 254
instr 409: 253
instr 410: 254
instr 411: 255
instr 412: 255
instr 413: 251
instr 414: 252
instr 415: 238
instr 416: 252
instr 417: 248
instr 418: 247
instr 419: 254
instr 420: 249
instr 421: 251
instr 422: 255
instr 423: 239
instr 424: 249
instr 425: 251
instr 426: 230
instr 427: 241
instr 428: 241
instr 429: 246
instr 430: 253
instr 431: 228
instr 432: 243
instr 433: 253
instr 434: 241
instr 435: 247
instr 436: 251
instr 437: 249
instr 438: 252
instr 439: 249
instr 440: 254
instr 441: 249
instr 442: 255
instr 443: 253
instr 444: 255
instr 445: 255
instr 446: 254
instr 447: 252
instr 448: 247
instr 449: 244
instr 450: 247
instr 451: 247
instr 452: 251
instr 453: 251
instr 454: 254
instr 455: 251
instr 456: 251
instr 457: 244
instr 458: 242
instr 459: 236
instr 460: 247
instr 461: 238
instr 462: 249
instr 463: 253
instr 464: 247
instr 465: 249
instr 466: 254
instr 467: 255
instr 468: 247
instr 469: 243
instr 470: 250
instr 471: 252
instr 472: 252
instr 473: 255
instr 474: 252
instr 475: 248
instr 476: 251
instr 477: 255
instr 478: 254
instr 479: 242
instr 480: 249
instr 481: 250
instr 482: 250
instr 483: 255
instr 484: 255
instr 485: 244
instr 486: 251
instr 487: 255
instr 488: 248
instr 489: 252
instr 490: 254
instr 491: 252
instr 492: 252
instr 493: 246
instr 494: 246
instr 495: 252
instr 496: 255
instr 497: 254
instr 498: 250
instr 499: 255
instr 500: 254
instr 501: 250
instr 502: 253
instr 503: 255
instr 504: 253
instr 505: 252
instr 506: 246
instr 507: 248
instr 508: 253
instr 509: 253
instr 510: 254
instr 511: 250
instr 512: 238
instr 513: 253
instr 514: 244
instr 515: 255
instr 516: 252
instr 517: 233
instr 518: 250
instr 519: 252
instr 520: 253
instr 521: 254
instr 522: 244
instr 523: 254
instr 524: 255
instr 525: 252
instr 526: 255
instr 527: 252
instr 528: 251
instr 529: 240
instr 530: 254
instr 531: 253
instr 532: 252
instr 533: 253
instr 534: 255
instr 535: 255
instr 536: 252
instr 537: 255
instr 538: 244
instr 539: 254
instr 540: 254
instr 541: 254
instr 542: 239
instr 543: 253
instr 544: 248
instr 545: 253
instr 546: 252
instr 547: 254
instr 548: 243
instr 549: 253
instr 550: 254
instr 551: 252
instr 552: 254
instr 553: 254
instr 554: 253
instr 555: 254
instr 556: 245
instr 557: 254
instr 558: 247
instr 559: 248
instr 560: 249
instr 561: 248
instr 562: 253
instr 563: 255
instr 564: 254
instr 565: 251
instr 566: 253
instr 567: 255
instr 568: 244
instr 569: 253
instr 570: 251
instr 571: 255
instr 572: 249
instr 573: 255
instr 574: 250
instr 575: 242
instr 576: 254
instr 577: 254
instr 578: 248
instr 579: 253
instr 580: 244
instr 581: 254
instr 582: 254
instr 583: 254
instr 584: 246
instr 585: 255
instr 586: 250
instr 587: 254
instr 588: 245
instr 589: 255
instr 590: 252
instr 591: 253
instr 592: 251
instr 593: 251
instr 594: 254
instr 595: 231
instr 596: 255
instr 597: 253
instr 598: 254
instr 599: 250
instr 600: 254
instr 601: 248
instr 602: 253
instr 603: 254
instr 604: 252
instr 605: 253
instr 606: 255
instr 607: 240
instr 608: 254
instr 609: 249
instr 610: 245
instr 611: 249
instr 612: 244
instr 613: 245
instr 614: 254
instr 615: 246
instr 616: 251
instr 617: 249
instr 618: 236
instr 619: 255
instr 620: 241
instr 621: 254
instr 622: 253
instr 623: 254
instr 624: 238
instr 625: 255
instr 626: 254
instr 627: 249
instr 628: 246
instr 629: 245
instr 630: 255
instr 631: 246
instr 632: 254
instr 633: 254
instr 634: 246
instr 635: 247
instr 636: 254
instr 637: 246
instr 638: 251
instr 639: 251
instr 640: 246
instr 641: 242
instr 642: 250
instr 643: 252
instr 644: 237
instr 645: 251
instr 646: 250
instr 647: 253
instr 648: 254
instr 649: 255
instr 650: 253
instr 651: 253
instr 652: 247
instr 653: 249
instr 654: 249
instr 655: 255
instr 656: 253
instr 657: 252
instr 658: 247
instr 659: 249
instr 660: 253
instr 661: 255
instr 662: 251
instr 663: 250
instr 664: 251
instr 665: 254
instr 666: 250
instr 667: 255
instr 668: 255
instr 669: 255
instr 670: 253
instr 671: 255
instr 672: 253
instr 673: 242
instr 674: 254
instr 675: 249
instr 676: 255
instr 677: 245
instr 678: 255
instr 679: 253
instr 680: 250
instr 681: 246
instr 682: 243
instr 683: 251
instr 684: 255
instr 685: 254
instr 686: 249
instr 687: 244
instr 688: 251
instr 689: 255
instr 690: 243
instr 691: 253
instr 692: 247
instr 693: 253
instr 694: 251
instr 695: 248
instr 696: 235
instr 697: 252
instr 698: 234
instr 699: 253
instr 700: 242
instr 701: 255
instr 702: 247
instr 703: 251
instr 704: 255
instr 705: 254
instr 706: 248
instr 707: 252
instr 708: 255
instr 709: 255
instr 710: 251
instr 711: 255
instr 712: 255
instr 713: 252
instr 714: 255
instr 715: 252
instr 716: 243
instr 717: 252
instr 718: 243
instr 719: 254
instr 720: 236
instr 721: 255
instr 722: 247
instr 723: 255
instr 724: 248
instr 725: 253
instr 726: 255
instr 727: 248
instr 728: 247
instr 729: 250
instr 730: 253
instr 731: 254
instr 732: 252
instr 733: 255
instr 734: 245
instr 735: 255
instr 736: 251
instr 737: 254
instr 738: 254
instr 739: 249
instr 740: 255
instr 741: 249
instr 742: 249
instr 743: 239
instr 744: 242
instr 745: 253
instr 746: 254
instr 747: 254
instr 748: 250
instr 749: 249
instr 750: 253
instr 751: 253
instr 752: 255
instr 753: 247
instr 754: 253
instr 755: 240
instr 756: 254
instr 757: 241
instr 758: 246
instr 759: 251
instr 760: 254
instr 761: 251
instr 762: 250
instr 763: 253
instr 764: 253
instr 765: 246
instr 766: 255
instr 767: 253
instr 768: 255
instr 769: 252
instr 770: 254
instr 771: 253
instr 772: 241
instr 773: 254
instr 774: 253
instr 775: 253
instr 776: 253
instr 777: 251
instr 778: 237
instr 779: 251
instr 780: 255
instr 781: 247
instr 782: 242
instr 783: 244
instr 784: 251
instr 785: 250
instr 786: 254
instr 787: 227
instr 788: 254
instr 789: 252
instr 790: 248
instr 791: 254
instr 792: 244
instr 793: 254
instr 794: 249
instr 795: 250
instr 796: 253
instr 797: 245
instr 798: 255
instr 799: 255
instr 800: 254
instr 801: 253
instr 802: 251
instr 803: 255
instr 804: 255
instr 805: 241
instr 806: 254
instr 807: 251
instr 808: 255
instr 809: 255
instr 810: 255
instr 811: 254
instr 812: 246
instr 813: 251
instr 814: 255
instr 815: 252
instr 816: 254
instr 817: 255
instr 818: 255
instr 819: 253
instr 820: 251
instr 821: 237
instr 822: 254
instr 823: 253
instr 824: 255
instr 825: 253
instr 826: 255
instr 827: 248
instr 828: 254
instr 829: 255
instr 830: 249
instr 831: 243
instr 832: 253
instr 833: 255
instr 834: 253
instr 835: 255
instr 836: 254
instr 837: 240
instr 838: 254
instr 839: 237
instr 840: 248
instr 841: 254
instr 842: 250
instr 843: 243
instr 844: 254
instr 845: 248
instr 846: 252
instr 847: 253
instr 848: 251
instr 849: 253
instr 850: 251
instr 851: 253
instr 852: 251
instr 853: 253
instr 854: 254
instr 855: 234
instr 856: 246
instr 857: 209
instr 858: 255
instr 859: 252
instr 860: 245
instr 861: 254
instr 862: 244
instr 863: 255
instr 864: 253
instr 865: 245
instr 866: 253
instr 867: 252
instr 868: 255
instr 869: 254
instr 870: 252
instr 871: 254
instr 872: 254
instr 873: 255
instr 874: 254
instr 875: 252
instr 876: 252
instr 877: 253
instr 878: 241
instr 879: 253
instr 880: 251
instr 881: 249
instr 882: 253
instr 883: 242
instr 884: 245
instr 885: 248
instr 886: 253
instr 887: 242
instr 888: 244
instr 889: 252
instr 890: 249
instr 891: 253
instr 892: 247
instr 893: 247
instr 894: 253
instr 895: 255
instr 896: 247
instr 897: 250
instr 898: 253
instr 899: 241
instr 900: 255
instr 901: 252
instr 902: 250
instr 903: 249
instr 904: 251
instr 905: 251
instr 906: 254
instr 907: 253
instr 908: 251
instr 909: 252
instr 910: 255
instr 911: 253
instr 912: 248
instr 913: 252
instr 914: 254
instr 915: 254
instr 916: 245
instr 917: 248
instr 918: 243
instr 919: 253
instr 920: 248
instr 921: 253
instr 922: 254
instr 923: 249
instr 924: 254
instr 925: 253
instr 926: 241
instr 927: 247
instr 928: 249
instr 929: 239
instr 930: 252
instr 931: 241
instr 932: 255
instr 933: 255
instr 934: 234
instr 935: 248
instr 936: 253
instr 937: 254
instr 938: 250
instr 939: 244
instr 940: 251
instr 941: 251
instr 942: 255
instr 943: 249
instr 944: 250
instr 945: 245
instr 946: 245
instr 947: 252
instr 948: 245
instr 949: 234
instr 950: 252
instr 951: 251
instr 952: 254
instr 953: 253
instr 954: 250
instr 955: 245
instr 956: 255
instr 957: 252
instr 958: 254
instr 959: 249
instr 960: 248
instr 961: 247
instr 962: 244
instr 963: 247
instr 964: 255
instr 965: 245
instr 966: 240
instr 967: 242
instr 968: 255
instr 969: 253
instr 970: 255
instr 971: 239
instr 972: 245
instr 973: 255
instr 974: 250
instr 975: 255
instr 976: 255
instr 977: 246
instr 978: 254
instr 979: 250
instr 980: 255
instr 981: 244
instr 982: 252
instr 983: 255
instr 984: 249
instr 985: 254
instr 986: 249
instr 987: 252
instr 988: 252
instr 989: 252
instr 990: 245
instr 991: 254
instr 992: 253
instr 993: 243
instr 994: 254
instr 995: 251
instr 996: 245
instr 997: 253
instr 998: 245
instr 999: 254
instr 1000: 249
instr 1001: 251
instr 1002: 253
instr 1003: 240
