instr 0: 0
instr 1: 0
instr 2: 0
instr 3: 0
instr 4: -12299
instr 5: 2317
instr 6: 3679
instr 7: -1769
instr 8: 6685
instr 9: -3124
instr 10: -7572
instr 11: 135
instr 12: 10845
instr 13: 1145
instr 14: -9665
instr 15: 5614
instr 16: -2771
instr 17: -2360
instr 18: -4220
instr 19: -895
instr 20: -3469
instr 21: 8393
instr 22: 3451
instr 23: -3626
instr 24: 3961
instr 25: -7222
instr 26: -15734
instr 27: -2563
instr 28: 7326
instr 29: -3808
instr 30: 11179
instr 31: -4287
instr 32: -7958
instr 33: 1561
instr 34: -4789
instr 35: 7795
instr 36: 2643
instr 37: 3787
instr 38: -4739
instr 39: 499
instr 40: -1515
instr 41: 4158
instr 42: -785
instr 43: -2418
instr 44: 4008
instr 45: -10184
instr 46: -4857
instr 47: -6152
instr 48: -6649
instr 49: -2458
instr 50: -11373
instr 51: 10875
instr 52: -429
instr 53: -13971
instr 54: -881
instr 55: 1652
instr 56: -1172
instr 57: -5317
instr 58: -12567
instr 59: 9419
instr 60: 7730
instr 61: -5200
instr 62: 1083
instr 63: 6248
instr 64: -12001
instr 65: -10329
instr 66: 4684
instr 67: 5359
instr 68: -4988
instr 69: -533
instr 70: 784
instr 71: 11377
instr 72: -6159
instr 73: -5199
instr 74: -1391
instr 75: 4300
instr 76: 1
instr 77: -12852
instr 78: -194
instr 79: 5085
instr 80: 4537
instr 81: 5199
instr 82: 7658
instr 83: 6038
instr 84: -2880
instr 85: -3951
instr 86: -18105
instr 87: 4087
instr 88: 6978
instr 89: -6404
instr 90: -5736
instr 91: -3436
instr 92: -577
instr 93: 64
instr 94: -16163
instr 95: -7611
instr 96: -447
instr 97: 148
instr 98: 3211
instr 99: 1673
instr 100: 5174
instr 101: -8385
instr 102: -6095
instr 103: -15743
instr 104: -3543
instr 105: -4950
instr 106: 2469
instr 107: 1574
instr 108: 5867
instr 109: -2239
instr 110: 2904
instr 111: 10990
instr 112: 3657
instr 113: -551
instr 114: 392
instr 115: 3516
instr 116: -3878
instr 117: -6869
instr 118: -3517
instr 119: 4768
instr 120: -3595
instr 121: 7987
instr 122: 1467
instr 123: -5569
instr 124: -2221
instr 125: -1870
instr 126: -3873
instr 127: 5227
instr 128: 1221
instr 129: -4870
instr 130: 376
instr 131: -1165
instr 132: 1267
instr 133: -2479
instr 134: -3899
instr 135: -3478
instr 136: -1469
instr 137: -8013
instr 138: -3421
instr 139: 404
instr 140: 2177
instr 141: -415
instr 142: 3442
instr 143: 1084
instr 144: 11570
instr 145: 1639
instr 146: -3296
instr 147: -8979
instr 148: 1960
instr 149: -5708
instr 150: 2144
instr 151: -4894
instr 152: -4126
instr 153: 9307
instr 154: -10589
instr 155: 4271
instr 156: 2385
instr 157: -1970
instr 158: 2170
instr 159: -2978
instr 160: -2905
instr 161: -7495
instr 162: 3515
instr 163: -3798
instr 164: 7829
instr 165: 1608
instr 166: 8295
instr 167: 5498
instr 168: 6087
instr 169: 7112
instr 170: 2600
instr 171: 7747
instr 172: -9571
instr 173: 5647
instr 174: 1466
instr 175: 6587
instr 176: 1795
instr 177: -4834
instr 178: -15907
instr 179: 3536
instr 180: 4120
instr 181: -6765
instr 182: -10343
instr 183: -4421
instr 184: -6677
instr 185: 3619
instr 186: -5441
instr 187: -2309
instr 188: -12417
instr 189: 3907
instr 190: 8507
instr 191: -3445
instr 192: -2886
instr 193: -882
instr 194: 7519
instr 195: -6370
instr 196: -2814
instr 197: 4346
instr 198: -5766
instr 199: 675
instr 200: 10495
instr 201: -9255
instr 202: -5878
instr 203: 4699
instr 204: 2511
instr 205: -4216
instr 206: -2854
instr 207: -6910
instr 208: -1067
instr 209: -4906
instr 210: 7098
instr 211: -13349
instr 212: -3604
instr 213: 6694
instr 214: 568
instr 215: -8754
instr 216: 1173
instr 217: 13775
instr 218: 232
instr 219: 9773
instr 220: -6244
instr 221: -6467
instr 222: 497
instr 223: 6100
instr 224: 8680
instr 225: 8218
instr 226: -6169
instr 227: -5218
instr 228: 9224
instr 229: 3241
instr 230: 9787
instr 231: 3596
instr 232: -2648
instr 233: 1208
instr 234: 302
instr 235: -280
instr 236: 4024
instr 237: -2183
instr 238: 1702
instr 239: 8428
instr 240: 7572
instr 241: -790
instr 242: -1089
instr 243: 10131
instr 244: -3441
instr 245: -3850
instr 246: -13071
instr 247: 2392
instr 248: 17790
instr 249: 473
instr 250: -43
instr 251: 45
instr 252: -13768
instr 253: 6599
instr 254: -2513
instr 255: 5685
instr 256: 6568
instr 257: -539
instr 258: -9351
instr 259: 6759
instr 260: -15507
instr 261: -4468
instr 262: -660
instr 263: 9779
instr 264: 2240
instr 265: -8693
instr 266: -9270
instr 267: -4862
instr 268: 2035
instr 269: -301
instr 270: -3136
instr 271: 1795
instr 272: -7163
instr 273: -2392
instr 274: 10858
instr 275: -8474
instr 276: -8330
instr 277: -6991
instr 278: 322
instr 279: -3069
instr 280: 12013
instr 281: 6890
instr 282: 3273
instr 283: 2837
instr 284: -5944
instr 285: -3927
instr 286: 8565
instr 287: 1084
instr 288: -11141
instr 289: -2841
instr 290: 8708
instr 291: 132
instr 292: 81
instr 293: 3322
instr 294: 5326
instr 295: -10191
instr 296: 8763
instr 297: -4227
instr 298: 1024
instr 299: -10463
instr 300: 2143
instr 301: -4862
instr 302: -2558
instr 303: 2388
instr 304: -7890
instr 305: 2473
instr 306: -8253
instr 307: 4831
instr 308: -593
instr 309: 3091
instr 310: -1101
instr 311: 4975
instr 312: 79
instr 313: -19612
instr 314: 8931
instr 315: -2503
instr 316: 7117
instr 317: 7372
instr 318: 8955
instr 319: -11527
instr 320: -4931
instr 321: -3785
instr 322: -7368
instr 323: -5037
instr 324: 6262
instr 325: 736
instr 326: 606
instr 327: -1853
instr 328: 1198
instr 329: -17
instr 330: 5137
instr 331: -3274
instr 332: -14551
instr 333: -1544
instr 334: -832
instr 335: -7489
instr 336: 6219
instr 337: -2885
instr 338: -13935
instr 339: -5240
instr 340: 3570
instr 341: 560
instr 342: -7389
instr 343: 9943
instr 344: -485
instr 345: -3207
instr 346: 2655
instr 347: 2232
instr 348: -1232
instr 349: 908
instr 350: 1746
instr 351: -2339
instr 352: -10653
instr 353: -3889
instr 354: -12888
instr 355: -2679
instr 356: -2266
instr 357: -4768
instr 358: -6039
instr 359: 8132
instr 360: 311
instr 361: 2199
instr 362: 5430
instr 363: 277
instr 364: 5683
instr 365: 6378
instr 366: 12960
instr 367: 1822
instr 368: 6789
instr 369: -6907
instr 370: -5637
instr 371: -800
instr 372: -3788
instr 373: -5220
instr 374: -8093
instr 375: -1877
instr 376: 4293
instr 377: -16474
instr 378: 8584
instr 379: 8105
instr 380: -5336
instr 381: 5065
instr 382: -6071
instr 383: 5066
instr 384: 8861
instr 385: 3723
instr 386: -11043
instr 387: 5870
instr 388: 8159
instr 389: 3994
instr 390: 4487
instr 391: 5293
instr 392: -11686
instr 393: 4684
instr 394: -4007
instr 395: -1792
instr 396: -11026
instr 397: -10355
instr 398: -4234
instr 399: 5516
instr 400: -1561
instr 401: 10317
instr 402: 1304
instr 403: 7135
instr 404: -2265
instr 405: -5407
instr 406: 8134
instr 407: 8014
instr 408: -3264
instr 409: 4212
instr 410: 227
instr 411: -12894
instr 412: 4084
instr 413: -3207
instr 414: -1449
instr 415: -3621
instr 416: -6131
instr 417: -179
instr 418: 10254
instr 419: -2432
instr 420: -7047
instr 421: 2224
instr 422: 4889
instr 423: -8761
instr 424: -3278
instr 425: -4020
instr 426: 5172
instr 427: -7820
instr 428: 10330
instr 429: 9055
instr 430: 6738
instr 431: 1824
instr 432: 10382
instr 433: 4295
instr 434: -6010
instr 435: -5249
instr 436: -886
instr 437: -14961
instr 438: 330
instr 439: -1550
instr 440: -10889
instr 441: -3670
instr 442: -1976
instr 443: 1130
instr 444: 4731
instr 445: 4822
instr 446: -2138
instr 447: 1314
instr 448: 9732
instr 449: 316
instr 450: -2481
instr 451: 2498
instr 452: -11891
instr 453: -14508
instr 454: 1872
instr 455: 10942
instr 456: -3104
instr 457: -5912
instr 458: -2429
instr 459: 2509
instr 460: 18
instr 461: -2878
instr 462: 807
instr 463: 5468
instr 464: 7944
instr 465: 4909
instr 466: -1951
instr 467: 6252
instr 468: -2115
instr 469: 8136
instr 470: 1197
instr 471: 3463
instr 472: 6933
instr 473: -183
instr 474: 171
instr 475: 1254
instr 476: 825
instr 477: 6532
instr 478: 2151
instr 479: 3944
instr 480: 990
instr 481: 4714
instr 482: 15023
instr 483: 1373
instr 484: 8727
instr 485: 14700
instr 486: -2311
instr 487: 3903
instr 488: -7117
instr 489: 8177
instr 490: -8189
instr 491: 1409
instr 492: -4916
instr 493: -3041
instr 494: 670
instr 495: -11
instr 496: -5347
instr 497: 8469
instr 498: 2742
instr 499: -846
instr 500: 4983
instr 501: 2151
instr 502: 2411
instr 503: 3036
instr 504: 3938
instr 505: 1044
instr 506: -1379
instr 507: -252
instr 508: -1179
instr 509: 3553
instr 510: -8692
instr 511: -541
instr 512: 5972
instr 513: 6254
instr 514: -1544
instr 515: -102
instr 516: 1498
instr 517: -7124
instr 518: 2199
instr 519: -2797
instr 520: -4087
instr 521: 4740
instr 522: 8614
instr 523: 832
instr 524: -10565
instr 525: -9631
instr 526: 7517
instr 527: -10827
instr 528: -2530
instr 529: 3693
instr 530: -9936
instr 531: 4197
instr 532: 2598
instr 533: 2114
instr 534: 10169
instr 535: -328
instr 536: -9234
instr 537: 1866
instr 538: -3166
instr 539: 3690
instr 540: -2851
instr 541: 4725
instr 542: -774
instr 543: -6709
instr 544: 1587
instr 545: 4903
instr 546: -6922
instr 547: 9166
instr 548: -855
instr 549: 1907
instr 550: -2804
instr 551: -1074
instr 552: 4973
instr 553: -7400
instr 554: 7285
instr 555: 2493
instr 556: 4476
instr 557: -1406
instr 558: 4793
instr 559: 282
instr 560: -6347
instr 561: 4561
instr 562: -4420
instr 563: -6640
instr 564: -499
instr 565: -11305
instr 566: 6892
instr 567: 40
instr 568: -4132
instr 569: 10461
instr 570: 1841
instr 571: 2762
instr 572: 377
instr 573: -476
instr 574: 141
instr 575: -1428
instr 576: -15239
instr 577: 2610
instr 578: -7314
instr 579: 588
instr 580: 6212
instr 581: -876
instr 582: 513
instr 583: -1168
instr 584: -4986
instr 585: -8603
instr 586: -755
instr 587: -650
instr 588: -2377
instr 589: -995
instr 590: 15243
instr 591: 3173
instr 592: -2872
instr 593: -12771
instr 594: 2244
instr 595: -10021
instr 596: 3923
instr 597: -4234
instr 598: 9571
instr 599: -249
instr 600: 1946
instr 601: 4896
instr 602: -381
instr 603: 1209
instr 604: -10399
instr 605: -5272
instr 606: -1461
instr 607: -3834
instr 608: -343
instr 609: -228
instr 610: -7564
instr 611: 5814
instr 612: 2307
instr 613: -2740
instr 614: -1732
instr 615: -4833
instr 616: 9401
instr 617: 2362
instr 618: 1208
instr 619: -9789
instr 620: -86
instr 621: -2514
instr 622: -2339
instr 623: -629
instr 624: -1610
instr 625: 5686
instr 626: -7908
instr 627: 4782
instr 628: 1154
instr 629: 9851
instr 630: -5804
instr 631: 5537
instr 632: -2462
instr 633: 4171
instr 634: 1030
instr 635: 4939
instr 636: -4114
instr 637: 7811
instr 638: 4331
instr 639: -2711
instr 640: -18764
instr 641: -1787
instr 642: -3099
instr 643: -4587
instr 644: 2580
instr 645: -7580
instr 646: -2178
instr 647: 62
instr 648: 6367
instr 649: -12403
instr 650: 10139
instr 651: -5802
instr 652: 1910
instr 653: -4035
instr 654: -4495
instr 655: -6106
instr 656: 7614
instr 657: -1562
instr 658: -16695
instr 659: -9432
instr 660: -2829
instr 661: 2739
instr 662: 3125
instr 663: -1773
instr 664: -8564
instr 665: -283
instr 666: -1491
instr 667: -6751
instr 668: -6900
instr 669: -3713
instr 670: 8613
instr 671: 1448
instr 672: 6909
instr 673: 4929
instr 674: -5534
instr 675: 5408
instr 676: 2364
instr 677: 550
instr 678: 3257
instr 679: -1659
instr 680: -5140
instr 681: -8028
instr 682: 3210
instr 683: 15614
instr 684: 8492
instr 685: 1144
instr 686: -6774
instr 687: -5946
instr 688: 6068
instr 689: -7890
instr 690: 2818
instr 691: -1379
instr 692: -6298
instr 693: -3098
instr 694: -2941
instr 695: -2010
instr 696: 1842
instr 697: 7968
instr 698: -3436
instr 699: -2211
instr 700: -9227
instr 701: 592
instr 702: 11028
instr 703: 4703
instr 704: -5655
instr 705: 2730
instr 706: 231
instr 707: 1680
instr 708: -6338
instr 709: -7495
instr 710: 5877
instr 711: 2238
instr 712: -6917
instr 713: -8457
instr 714: -1508
instr 715: -9178
instr 716: 5420
instr 717: 2728
instr 718: 8840
instr 719: -7033
instr 720: -1025
instr 721: 304
instr 722: 7100
instr 723: -3485
instr 724: 12867
instr 725: 13414
instr 726: -328
instr 727: 861
instr 728: 863
instr 729: -4582
instr 730: 10987
instr 731: -12524
instr 732: 2873
instr 733: 12328
instr 734: 5446
instr 735: -6570
instr 736: 1848
instr 737: -11908
instr 738: -2265
instr 739: 1347
instr 740: 3669
instr 741: 33
instr 742: -3995
instr 743: -2818
instr 744: 7819
instr 745: -3535
instr 746: -1216
instr 747: -1485
instr 748: 632
instr 749: 6232
instr 750: 6587
instr 751: -787
instr 752: -2680
instr 753: 518
instr 754: 8678
instr 755: 3955
instr 756: 221
instr 757: 9194
instr 758: -1763
instr 759: 5390
instr 760: 7040
instr 761: 2729
instr 762: 1959
instr 763: -5490
instr 764: 3946
instr 765: -8741
instr 766: 9035
instr 767: -2363
instr 768: 9356
instr 769: -5615
instr 770: 6365
instr 771: -1715
instr 772: -1739
instr 773: -8667
instr 774: -924
instr 775: 772
instr 776: 6833
instr 777: 3532
instr 778: -2357
instr 779: -9484
instr 780: -4250
instr 781: -3345
instr 782: -6059
instr 783: -1703
instr 784: 2716
instr 785: -4825
instr 786: 7815
instr 787: 5661
instr 788: -4103
instr 789: 1267
instr 790: -8295
instr 791: 739
instr 792: -4858
instr 793: 6282
instr 794: -9599
instr 795: -9410
instr 796: -3263
instr 797: -2137
instr 798: -6192
instr 799: -520
instr 800: 843
instr 801: -3940
instr 802: -2623
instr 803: -9632
instr 804: -5446
instr 805: 2335
instr 806: -10639
instr 807: -4895
instr 808: 18152
instr 809: -5753
instr 810: -122
instr 811: -5941
instr 812: 6151
instr 813: -5294
instr 814: 829
instr 815: 3694
instr 816: 7251
instr 817: -10397
instr 818: 6953
instr 819: 4154
instr 820: 5249
instr 821: 2593
instr 822: -5154
instr 823: 8151
instr 824: 3128
instr 825: 5076
instr 826: -1076
instr 827: 4085
instr 828: -2789
instr 829: -4077
instr 830: 3007
instr 831: -4947
instr 832: -840
instr 833: 1351
instr 834: 1917
instr 835: -1149
instr 836: -3068
instr 837: 583
instr 838: -3612
instr 839: 12263
instr 840: 3796
instr 841: -5436
instr 842: 11394
instr 843: -584
instr 844: -5931
instr 845: 12363
instr 846: -8490
instr 847: 5703
instr 848: 8161
instr 849: -8666
instr 850: -166
instr 851: 1273
instr 852: -5451
instr 853: 2174
instr 854: 140
instr 855: 6991
instr 856: -3022
instr 857: -7893
instr 858: 3290
instr 859: 3049
instr 860: 4170
instr 861: -673
instr 862: 7210
instr 863: -1495
instr 864: -4017
instr 865: 3758
instr 866: 2740
instr 867: 1293
instr 868: -11033
instr 869: -8659
instr 870: 16448
instr 871: 12907
instr 872: 2219
instr 873: -6468
instr 874: -167
instr 875: 1660
instr 876: 10591
instr 877: 4937
instr 878: -8742
instr 879: -297
instr 880: -12010
instr 881: 6451
instr 882: 4751
instr 883: 8420
instr 884: 2074
instr 885: -4381
instr 886: -6727
instr 887: 3264
instr 888: -4519
instr 889: 6275
instr 890: 4269
instr 891: -4973
instr 892: -3954
instr 893: -1009
instr 894: 1861
instr 895: 1252
instr 896: -2419
instr 897: -8971
instr 898: -3772
instr 899: -774
instr 900: 4234
instr 901: 1440
instr 902: 5361
instr 903: 3443
instr 904: 3596
instr 905: -7778
instr 906: 3485
instr 907: 7224
instr 908: -929
instr 909: 3663
instr 910: 2887
instr 911: -4567
instr 912: 8433
instr 913: -2855
instr 914: 2959
instr 915: 4627
instr 916: -1119
instr 917: -1204
instr 918: -4230
instr 919: 5460
instr 920: 84
instr 921: 6585
instr 922: -4373
instr 923: -6267
instr 924: 6175
instr 925: -192
instr 926: -544
instr 927: -6420
instr 928: -7165
instr 929: -3206
instr 930: -4748
instr 931: -2179
instr 932: 2524
instr 933: -2435
instr 934: -1721
instr 935: 13759
instr 936: -1227
instr 937: 5018
instr 938: -9598
instr 939: -1595
instr 940: -11
instr 941: 4018
instr 942: -242
instr 943: 9266
instr 944: -300
instr 945: 12664
instr 946: 13769
instr 947: -7666
instr 948: -11019
instr 949: -2474
instr 950: -6465
instr 951: -1183
instr 952: -1223
instr 953: 1448
instr 954: -1194
instr 955: 7511
instr 956: 1975
instr 957: -2403
instr 958: -10431
instr 959: -3226
instr 960: 3370
instr 961: -4116
instr 962: -7740
instr 963: -6956
instr 964: -7818
instr 965: -9334
instr 966: 2000
instr 967: 10239
instr 968: 567
instr 969: -1767
instr 970: -3167
instr 971: -7085
instr 972: 1237
instr 973: 942
instr 974: -6668
instr 975: 2646
instr 976: 12392
instr 977: -5526
instr 978: 339
instr 979: -2449
instr 980: 159
instr 981: 5346
instr 982: -3168
instr 983: 191
instr 984: -5382
instr 985: -1350
instr 986: -3468
instr 987: -3537
instr 988: -21794
instr 989: 2891
instr 990: -3241
instr 991: 4610
instr 992: 11563
instr 993: 621
instr 994: -1665
instr 995: 3136
instr 996: -13285
instr 997: 1760
instr 998: 8001
instr 999: 2744
instr 1000: 1118
instr 1001: -7553
instr 1002: -2630
instr 1003: -5761
